emerge_transfer -- sharing is a GENE, and TRANSFER is what pays for it
N=12. motif K=3 planted at 1 of 10 positions; train on 3, select on 3, report on 4.
max-pool readout (position never reaches the output). energy = params/(21*10):
  shared = taps, unshared = taps*10. objective = heldout_acc - 4.00*energy.
30 seeds x 200 epochs. GA: pop 24, 50 gens, flips offsets AND the sharing gene.

RAW 0 31 3 1 1 0.9062 0.9117 0.8545
RAW 1 31 3 1 0 0.9062 0.8983 0.8412
RAW 2 31 2 1 0 0.8021 0.9100 0.8719
RAW 3 31 2 1 0 0.8021 0.9100 0.8719
RAW 4 31 2 1 0 0.8021 0.9100 0.8719
RAW 5 31 3 1 0 0.5417 0.5567 0.4995
RAW 0 32 3 1 1 0.7604 0.7600 0.7029
RAW 1 32 5 1 0 0.7812 0.7083 0.6131
RAW 2 32 3 1 1 0.7500 0.6617 0.6045
RAW 3 32 3 1 0 0.8021 0.8083 0.7512
RAW 4 32 2 1 1 0.7604 0.7400 0.7019
RAW 5 32 5 1 0 0.6250 0.5000 0.4048
RAW 0 33 3 1 1 0.4896 0.5450 0.4879
RAW 1 33 4 1 0 0.6667 0.8817 0.8055
RAW 2 33 2 1 0 0.9062 0.9167 0.8786
RAW 3 33 2 1 0 0.9062 0.9167 0.8786
RAW 4 33 2 1 0 0.9062 0.9167 0.8786
RAW 5 33 4 1 0 0.5625 0.5350 0.4588
RAW 0 34 3 1 1 0.5729 0.4533 0.3962
RAW 1 34 6 1 0 0.5833 0.4983 0.3840
RAW 2 34 7 1 0 0.9167 0.8067 0.6733
RAW 3 34 6 1 0 0.9167 0.8200 0.7057
RAW 4 34 4 1 0 0.9062 0.8017 0.7255
RAW 5 34 6 1 0 0.7812 0.7050 0.5907
RAW 0 35 3 1 1 0.6146 0.5083 0.4512
RAW 1 35 3 1 1 0.6354 0.7183 0.6612
RAW 2 35 2 1 1 0.6042 0.6100 0.5719
RAW 3 35 3 1 0 0.5625 0.6233 0.5662
RAW 4 35 3 1 1 0.6354 0.7183 0.6612
RAW 5 35 3 1 0 0.5417 0.4900 0.4329
RAW 0 36 3 1 1 0.9062 0.8300 0.7729
RAW 1 36 3 1 0 0.8438 0.8200 0.7629
RAW 2 36 4 1 0 0.8229 0.7833 0.7071
RAW 3 36 3 1 0 0.8438 0.8200 0.7629
RAW 4 36 3 1 0 0.8438 0.8200 0.7629
RAW 5 36 3 1 0 0.5521 0.5517 0.4945
RAW 0 37 3 1 1 0.6667 0.6533 0.5962
RAW 1 37 4 1 1 0.7708 0.7783 0.7021
RAW 2 37 4 1 1 0.7604 0.7450 0.6688
RAW 3 37 3 1 1 0.6667 0.6533 0.5962
RAW 4 37 4 1 1 0.7604 0.7450 0.6688
RAW 5 37 4 1 0 0.7708 0.5000 0.4238
RAW 0 38 3 1 1 0.8333 0.6917 0.6345
RAW 1 38 3 1 1 0.8333 0.6917 0.6345
RAW 2 38 5 1 0 0.8125 0.7200 0.6248
RAW 3 38 3 1 1 0.8333 0.6917 0.6345
RAW 4 38 3 1 1 0.8333 0.6917 0.6345
RAW 5 38 3 1 0 0.5729 0.6383 0.5812
RAW 0 39 3 1 1 0.5521 0.6033 0.5462
RAW 1 39 4 1 0 0.5312 0.5467 0.4705
RAW 2 39 5 1 0 0.7708 0.8400 0.7448
RAW 3 39 2 1 0 0.8646 0.8517 0.8136
RAW 4 39 3 1 0 0.8438 0.8367 0.7795
RAW 5 39 4 1 0 0.5625 0.5633 0.4871
RAW 0 40 3 1 1 0.7188 0.6867 0.6295
RAW 1 40 2 1 1 0.5938 0.6800 0.6419
RAW 2 40 2 1 1 0.5938 0.6800 0.6419
RAW 3 40 3 1 1 0.7188 0.6867 0.6295
RAW 4 40 2 1 1 0.5938 0.6800 0.6419
RAW 5 40 2 1 0 0.5104 0.4950 0.4569
RAW 0 41 3 1 1 0.7396 0.6350 0.5779
RAW 1 41 3 1 1 0.7396 0.5517 0.4945
RAW 2 41 7 1 0 0.8125 0.5467 0.4133
RAW 3 41 6 1 0 0.7500 0.6833 0.5690
RAW 4 41 3 1 1 0.7396 0.5517 0.4945
RAW 5 41 3 1 0 0.6250 0.4967 0.4395
RAW 0 42 3 1 1 0.6562 0.6050 0.5479
RAW 1 42 0 1 0 0.5208 0.4967 0.4967
RAW 2 42 2 1 0 0.6354 0.6183 0.5802
RAW 3 42 1 1 1 0.4896 0.5000 0.4810
RAW 4 42 2 1 0 0.6250 0.6033 0.5652
RAW 5 42 0 1 0 0.5208 0.4967 0.4967
RAW 0 43 3 1 1 0.6667 0.6583 0.6012
RAW 1 43 2 1 1 0.5833 0.4700 0.4319
RAW 2 43 4 1 0 0.6875 0.5950 0.5188
RAW 3 43 3 1 1 0.6875 0.5950 0.5379
RAW 4 43 3 1 0 0.6875 0.6783 0.6212
RAW 5 43 2 1 0 0.5208 0.4917 0.4536
RAW 0 44 3 1 1 0.6562 0.5350 0.4779
RAW 1 44 3 1 0 0.6667 0.5867 0.5295
RAW 2 44 3 1 0 0.6354 0.6133 0.5562
RAW 3 44 3 1 0 0.6667 0.5867 0.5295
RAW 4 44 2 1 1 0.6354 0.5300 0.4919
RAW 5 44 3 1 0 0.5729 0.4867 0.4295
RAW 0 45 3 1 1 0.5625 0.4833 0.4262
RAW 1 45 2 1 0 0.5417 0.4633 0.4252
RAW 2 45 0 1 0 0.5312 0.4717 0.4717
RAW 3 45 1 0 1 0.6354 0.4800 0.3848
RAW 4 45 0 1 0 0.5312 0.4717 0.4717
RAW 5 45 2 1 1 0.5729 0.4850 0.4469
RAW 0 46 3 1 1 0.5312 0.4917 0.4345
RAW 1 46 2 1 1 0.7292 0.6250 0.5869
RAW 2 46 2 1 1 0.7292 0.6250 0.5869
RAW 3 46 2 1 1 0.7292 0.6250 0.5869
RAW 4 46 2 1 1 0.7292 0.6250 0.5869
RAW 5 46 2 1 0 0.5833 0.5433 0.5052
RAW 0 47 3 1 1 0.6979 0.6033 0.5462
RAW 1 47 2 1 1 0.5521 0.4917 0.4536
RAW 2 47 2 1 1 0.5521 0.4917 0.4536
RAW 3 47 3 1 0 0.6667 0.5900 0.5329
RAW 4 47 2 1 1 0.5521 0.4917 0.4536
RAW 5 47 2 1 0 0.6146 0.4367 0.3986
RAW 0 48 3 1 1 0.8125 0.7883 0.7312
RAW 1 48 4 1 0 0.8750 0.7667 0.6905
RAW 2 48 4 1 0 0.8750 0.7667 0.6905
RAW 3 48 3 1 1 0.8333 0.7817 0.7245
RAW 4 48 3 1 1 0.8333 0.7817 0.7245
RAW 5 48 4 1 0 0.5521 0.4567 0.3805
RAW 0 49 3 1 1 0.5312 0.5200 0.4629
RAW 1 49 3 1 1 0.5312 0.5200 0.4629
RAW 2 49 3 1 0 0.6562 0.6750 0.6179
RAW 3 49 2 1 1 0.5625 0.4967 0.4586
RAW 4 49 2 1 1 0.5625 0.4967 0.4586
RAW 5 49 3 1 0 0.5312 0.4833 0.4262
RAW 0 50 3 1 1 0.6458 0.5283 0.4712
RAW 1 50 4 1 0 0.7083 0.5417 0.4655
RAW 2 50 4 1 0 0.7188 0.5483 0.4721
RAW 3 50 3 1 1 0.7188 0.5483 0.4912
RAW 4 50 3 1 1 0.7188 0.5483 0.4912
RAW 5 50 4 1 0 0.5938 0.5217 0.4455
RAW 0 51 3 1 1 0.7812 0.7100 0.6529
RAW 1 51 4 1 1 0.8542 0.7817 0.7055
RAW 2 51 6 1 0 0.8750 0.7883 0.6740
RAW 3 51 4 1 1 0.8542 0.7817 0.7055
RAW 4 51 4 1 1 0.8542 0.7817 0.7055
RAW 5 51 4 1 0 0.7812 0.7650 0.6888
RAW 0 52 3 1 1 0.5104 0.4983 0.4412
RAW 1 52 2 1 1 0.5729 0.5333 0.4952
RAW 2 52 4 1 0 0.5104 0.4983 0.4221
RAW 3 52 2 1 1 0.5729 0.5333 0.4952
RAW 4 52 2 1 1 0.5729 0.5333 0.4952
RAW 5 52 2 1 0 0.5104 0.4983 0.4602
RAW 0 53 3 1 1 0.5208 0.4967 0.4395
RAW 1 53 4 1 0 0.5208 0.4967 0.4205
RAW 2 53 3 1 0 0.6979 0.6667 0.6095
RAW 3 53 4 1 0 0.7292 0.6517 0.5755
RAW 4 53 3 1 1 0.7396 0.6500 0.5929
RAW 5 53 4 1 0 0.6875 0.6167 0.5405
RAW 0 54 3 1 1 0.5417 0.6367 0.5795
RAW 1 54 3 1 1 0.6979 0.5650 0.5079
RAW 2 54 2 1 1 0.6458 0.6067 0.5686
RAW 3 54 3 1 1 0.6458 0.6200 0.5629
RAW 4 54 3 1 1 0.6979 0.5650 0.5079
RAW 5 54 3 1 0 0.6562 0.5133 0.4562
RAW 0 55 3 1 1 0.8438 0.7933 0.7362
RAW 1 55 4 1 0 0.8438 0.8383 0.7621
RAW 2 55 5 1 0 0.8438 0.8367 0.7414
RAW 3 55 4 1 0 0.8646 0.8417 0.7655
RAW 4 55 3 1 1 0.8438 0.7933 0.7362
RAW 5 55 4 1 0 0.5938 0.5900 0.5138
RAW 0 56 3 1 1 0.5625 0.5667 0.5095
RAW 1 56 3 1 1 0.5625 0.5467 0.4895
RAW 2 56 3 1 0 0.5521 0.4983 0.4412
RAW 3 56 2 1 1 0.5833 0.5083 0.4702
RAW 4 56 3 1 0 0.5312 0.6117 0.5545
RAW 5 56 3 1 0 0.5521 0.5033 0.4462
RAW 0 57 3 1 1 0.6042 0.5083 0.4512
RAW 1 57 0 0 0 0.6042 0.5083 0.5083
RAW 2 57 0 1 0 0.6042 0.5083 0.5083
RAW 3 57 0 1 0 0.6042 0.5083 0.5083
RAW 4 57 0 1 0 0.6042 0.5083 0.5083
RAW 5 57 0 1 0 0.6042 0.5083 0.5083
RAW 0 58 3 1 1 0.8542 0.7733 0.7162
RAW 1 58 3 1 1 0.8542 0.6600 0.6029
RAW 2 58 4 1 1 0.8542 0.7817 0.7055
RAW 3 58 4 1 0 0.8438 0.7817 0.7055
RAW 4 58 4 1 1 0.8542 0.7817 0.7055
RAW 5 58 3 1 0 0.6146 0.4550 0.3979
RAW 0 59 3 1 1 0.6562 0.4583 0.4012
RAW 1 59 2 1 0 0.6875 0.5250 0.4869
RAW 2 59 1 1 1 0.6458 0.4667 0.4476
RAW 3 59 2 1 0 0.6562 0.6317 0.5936
RAW 4 59 1 0 1 0.6458 0.4667 0.4095
RAW 5 59 2 1 0 0.6458 0.4667 0.4286
RAW 0 60 3 1 1 0.7292 0.6400 0.5829
RAW 1 60 5 1 0 0.7708 0.5750 0.4798
RAW 2 60 2 1 1 0.7396 0.6150 0.5769
RAW 3 60 3 1 1 0.7188 0.6000 0.5429
RAW 4 60 3 1 1 0.7708 0.5883 0.5312
RAW 5 60 5 1 0 0.6250 0.5650 0.4698
  producer                    taps  shared contig train acc   heldout  objective
  ideal conv (shared)          3.0    1.00   1.00     0.671     0.619     0.5620
  GA flip-only                 3.1    0.97   0.47     0.685     0.625     0.5671
  GA flip+slide                3.2    1.00   0.33     0.718     0.663     0.6015
  GA flip+rewire               2.8    0.97   0.50     0.724     0.671     0.6144
  GA flip+xover                2.5    0.97   0.67     0.720     0.664     0.6144
  GA-tap-matched random        3.1    1.00   0.03     0.599     0.531     0.4721

GATE (protocol item 9, before any operator work):
  PASS if 'ideal conv (shared)' has the highest objective -- the convolution is finally the
  optimum, and the search question becomes meaningful.
  The UNSHARED rows are the mechanism check: they should fit train and collapse on heldout.
  If they transfer too, the task does not demand sharing and this probe is not yet valid.
