emerge_rewire2 -- rewiring vs add/remove (paper 2, version 2)
inner: backprop, 50 epochs, curve every 5.   outer: GA, POP=24 ELITE=4, 150 gens x 30 seeds
fitness = final accuracy - 1.000*energy    PSLIDE=0.050 PGROW=0.100 PSHARE=0.050

PROTOCOL  sensitivity placement  fitness 0.5483..0.9150 (span 0.3667)  energy 0.025000..0.025000
PROTOCOL  sensitivity width      fitness 0.4250..0.8567 (span 0.4317)  energy 0.008333..0.100000
PROTOCOL  convergence   accuracy gained over the second half of the budget: -0.0047
PROTOCOL                -> CONVERGED: endpoint summarises the learner; trajectory fitness would add only noise

  arm             shared-frac  mean-w  max-w  coverage  energy   test
RAW 0 150 1 0.9167 9.5000 11.0000 1.0000 0.091667 0.9020
RAW 0 150 2 0.9167 4.5000 11.0000 1.0000 0.091667 0.8960
RAW 0 150 3 0.8333 4.4000 10.0000 1.0000 0.083333 0.8830
RAW 0 150 4 1.0000 8.5000 12.0000 1.0000 0.100000 0.9000
RAW 0 150 5 0.8333 8.0000 10.0000 1.0000 0.083333 0.8540
RAW 0 150 6 1.0000 4.2000 12.0000 1.0000 0.100000 0.8820
RAW 0 150 7 0.8333 6.5000 10.0000 1.0000 0.083333 0.9040
RAW 0 150 8 0.8333 3.0000 10.0000 1.0000 0.083333 0.9260
RAW 0 150 9 1.0000 11.7000 12.0000 1.0000 0.100000 0.9270
RAW 0 150 10 1.0000 5.2000 12.0000 1.0000 0.100000 0.9350
RAW 0 150 11 0.8333 8.2000 10.0000 1.0000 0.083333 0.9090
RAW 0 150 12 0.9167 10.8000 11.0000 1.0000 0.091667 0.8720
RAW 0 150 13 1.0000 9.2000 12.0000 1.0000 0.100000 0.9010
RAW 0 150 14 1.0000 9.2000 12.0000 1.0000 0.100000 0.8630
RAW 0 150 15 0.9167 8.6000 11.0000 1.0000 0.091667 0.8860
RAW 0 150 16 1.0000 8.6000 12.0000 1.0000 0.100000 0.9000
RAW 0 150 17 1.0000 2.2000 12.0000 1.0000 0.100000 0.8680
RAW 0 150 18 1.0000 2.4000 12.0000 1.0000 0.100000 0.8520
RAW 0 150 19 1.0000 2.4000 12.0000 1.0000 0.100000 0.8240
RAW 0 150 20 1.0000 5.9000 12.0000 1.0000 0.100000 0.9500
RAW 0 150 21 0.8333 6.7000 10.0000 1.0000 0.083333 0.9170
RAW 0 150 22 0.8333 4.8000 10.0000 1.0000 0.083333 0.8580
RAW 0 150 23 1.0000 10.6000 12.0000 1.0000 0.100000 0.8310
RAW 0 150 24 1.0000 2.7000 12.0000 1.0000 0.100000 0.8010
RAW 0 150 25 1.0000 9.9000 12.0000 1.0000 0.100000 0.9330
RAW 0 150 26 0.9167 8.6000 11.0000 1.0000 0.091667 0.9300
RAW 0 150 27 0.9167 5.2000 11.0000 1.0000 0.091667 0.9200
RAW 0 150 28 0.9167 10.6000 11.0000 1.0000 0.091667 0.9510
RAW 0 150 29 0.9167 8.7000 11.0000 1.0000 0.091667 0.8980
RAW 0 150 30 0.9167 8.0000 11.0000 1.0000 0.091667 0.9220
  0 no-rewire      0.951       6.64    11.19   0.933    0.1183   0.893
RAW 1 150 1 0.9167 4.4000 9.0000 1.0000 0.075000 0.9490
RAW 1 150 2 0.9167 3.8000 8.0000 1.0000 0.066667 0.9190
RAW 1 150 3 0.9167 2.7000 5.0000 1.0000 0.041667 0.9180
RAW 1 150 4 1.0000 4.1000 11.0000 1.0000 0.091667 0.9210
RAW 1 150 5 1.0000 3.4000 10.0000 1.0000 0.083333 0.9340
RAW 1 150 6 1.0000 7.1000 10.0000 1.0000 0.083333 0.9320
RAW 1 150 7 0.9167 8.0000 10.0000 1.0000 0.083333 0.9150
RAW 1 150 8 0.8333 4.2000 9.0000 1.0000 0.075000 0.9380
RAW 1 150 9 1.0000 4.5000 10.0000 1.0000 0.083333 0.9510
RAW 1 150 10 1.0000 3.5000 10.0000 1.0000 0.083333 0.9450
RAW 1 150 11 0.8333 3.6000 9.0000 1.0000 0.075000 0.8640
RAW 1 150 12 1.0000 4.4000 11.0000 1.0000 0.091667 0.8820
RAW 1 150 13 1.0000 3.7000 11.0000 1.0000 0.091667 0.8870
RAW 1 150 14 1.0000 5.3000 12.0000 1.0000 0.100000 0.8780
RAW 1 150 15 1.0000 2.8000 8.0000 1.0000 0.066667 0.9310
RAW 1 150 16 0.8333 3.0000 9.0000 1.0000 0.075000 0.9230
RAW 1 150 17 0.7500 1.9000 6.0000 1.0000 0.050000 0.8270
RAW 1 150 18 1.0000 2.9000 11.0000 1.0000 0.091667 0.8160
RAW 1 150 19 1.0000 2.2000 12.0000 1.0000 0.100000 0.8020
RAW 1 150 20 1.0000 8.4000 12.0000 1.0000 0.100000 0.9420
RAW 1 150 21 0.9167 4.2000 9.0000 1.0000 0.075000 0.9620
RAW 1 150 22 0.9167 2.7000 8.0000 1.0000 0.066667 0.9200
RAW 1 150 23 1.0000 3.5000 10.0000 1.0000 0.083333 0.8410
RAW 1 150 24 1.0000 3.6000 11.0000 1.0000 0.091667 0.8410
RAW 1 150 25 0.9167 8.7000 10.0000 1.0000 0.083333 0.9420
RAW 1 150 26 1.0000 6.3000 10.0000 1.0000 0.083333 0.9460
RAW 1 150 27 0.9167 3.5000 9.0000 1.0000 0.075000 0.9510
RAW 1 150 28 0.9167 9.2000 10.0000 1.0000 0.083333 0.9500
RAW 1 150 29 0.9167 3.4000 10.0000 1.0000 0.083333 0.9630
RAW 1 150 30 1.0000 5.1000 10.0000 1.0000 0.083333 0.9570
  1 slide-1        0.953       4.19    9.56   0.926    0.0917   0.912
RAW 2 150 1 0.9167 2.3000 3.0000 1.0000 0.025000 0.9030
RAW 2 150 2 0.9167 2.6000 4.0000 1.0000 0.033333 0.9340
RAW 2 150 3 1.0000 2.1000 4.0000 1.0000 0.033333 0.9200
RAW 2 150 4 1.0000 3.7000 9.0000 1.0000 0.075000 0.9210
RAW 2 150 5 1.0000 2.5000 5.0000 1.0000 0.041667 0.9420
RAW 2 150 6 0.9167 2.9000 7.0000 1.0000 0.058333 0.8890
RAW 2 150 7 0.8333 2.6000 4.0000 1.0000 0.033333 0.9180
RAW 2 150 8 0.9167 3.1000 9.0000 1.0000 0.075000 0.9300
RAW 2 150 9 1.0000 1.7000 3.0000 1.0000 0.025000 0.9150
RAW 2 150 10 1.0000 2.9000 4.0000 1.0000 0.033333 0.9250
RAW 2 150 11 0.9167 1.4000 2.0000 1.0000 0.016667 0.8910
RAW 2 150 12 1.0000 4.1000 11.0000 1.0000 0.091667 0.8750
RAW 2 150 13 0.9167 1.9000 5.0000 1.0000 0.041667 0.8730
RAW 2 150 14 1.0000 2.0000 4.0000 1.0000 0.033333 0.9180
RAW 2 150 15 1.0000 2.4000 4.0000 1.0000 0.033333 0.9110
RAW 2 150 16 1.0000 4.1000 10.0000 1.0000 0.083333 0.9450
RAW 2 150 17 0.5000 1.3000 2.0000 1.0000 0.016667 0.8370
RAW 2 150 18 0.5833 1.3000 2.0000 1.0000 0.016667 0.8880
RAW 2 150 19 1.0000 2.7000 12.0000 1.0000 0.100000 0.8260
RAW 2 150 20 1.0000 8.9000 12.0000 1.0000 0.100000 0.9440
RAW 2 150 21 1.0000 4.1000 8.0000 1.0000 0.066667 0.9620
RAW 2 150 22 1.0000 2.6000 5.0000 1.0000 0.041667 0.9100
RAW 2 150 23 0.8333 1.4000 2.0000 1.0000 0.016667 0.8370
RAW 2 150 24 1.0000 3.1000 11.0000 1.0000 0.091667 0.8350
RAW 2 150 25 1.0000 4.1000 8.0000 1.0000 0.066667 0.9730
RAW 2 150 26 1.0000 4.0000 9.0000 1.0000 0.075000 0.9410
RAW 2 150 27 0.9167 5.6000 7.0000 1.0000 0.058333 0.9510
RAW 2 150 28 0.9167 5.7000 10.0000 1.0000 0.083333 0.9580
RAW 2 150 29 0.9167 2.9000 4.0000 1.0000 0.033333 0.9410
RAW 2 150 30 1.0000 6.1000 10.0000 1.0000 0.083333 0.9580
  2 rewire-rand    0.953       3.04    6.38   0.907    0.0627   0.912

acceptance test: with default knobs this must reproduce emerge_rewire.c (version 1)
and the archived scratch_rewire_*.out per-seed data exactly.
