emerge_rewire2 -- rewiring vs add/remove (paper 2, version 2)
inner: backprop, 50 epochs, curve every 5.   outer: GA, POP=24 ELITE=4, 150 gens x 30 seeds
seed = minimal (w=1, coverage must be earned)
fitness = final accuracy - 1.000*energy    PSLIDE=0.050 PGROW=0.100 PSHARE=0.050

PROTOCOL  sensitivity placement  fitness 0.5483..0.9150 (span 0.3667)  energy 0.025000..0.025000
PROTOCOL  sensitivity width      fitness 0.4250..0.8567 (span 0.4317)  energy 0.008333..0.100000
PROTOCOL  convergence   accuracy gained over the second half of the budget: -0.0047
PROTOCOL                -> CONVERGED: endpoint summarises the learner; trajectory fitness would add only noise

  arm             shared-frac  mean-w  max-w  coverage  energy   test  diversity
RAW 0 150 1 0.9167 2.6000 11.0000 1.0000 0.091667 0.9070
RAW 0 150 2 0.9167 2.4000 11.0000 1.0000 0.091667 0.8900
RAW 0 150 3 0.6667 2.6000 8.0000 1.0000 0.066667 0.7760
RAW 0 150 4 1.0000 2.3000 12.0000 1.0000 0.100000 0.9080
RAW 0 150 5 0.4167 1.6000 5.0000 1.0000 0.041667 0.7070
RAW 0 150 6 0.0833 1.0000 1.0000 1.0000 0.008333 0.5320
RAW 0 150 7 0.2500 1.3000 3.0000 1.0000 0.025000 0.6860
RAW 0 150 8 0.8333 2.3000 10.0000 1.0000 0.083333 0.9240
RAW 0 150 9 1.0000 2.1000 12.0000 1.0000 0.100000 0.9330
RAW 0 150 10 0.5000 1.6000 6.0000 1.0000 0.050000 0.7200
RAW 0 150 11 0.2500 1.6000 3.0000 1.0000 0.025000 0.6220
RAW 0 150 12 0.0833 1.0000 1.0000 1.0000 0.008333 0.6990
RAW 0 150 13 0.1667 1.1000 2.0000 1.0000 0.016667 0.7220
RAW 0 150 14 0.2500 1.6000 3.0000 1.0000 0.025000 0.7670
RAW 0 150 15 0.9167 2.4000 11.0000 1.0000 0.091667 0.8850
RAW 0 150 16 0.8333 2.4000 10.0000 1.0000 0.083333 0.8780
RAW 0 150 17 0.1667 1.1000 2.0000 1.0000 0.016667 0.7280
RAW 0 150 18 0.2500 1.4000 3.0000 1.0000 0.025000 0.7030
RAW 0 150 19 0.2500 1.2000 3.0000 1.0000 0.025000 0.6560
RAW 0 150 20 0.4167 1.5000 5.0000 1.0000 0.041667 0.7080
RAW 0 150 21 0.8333 2.0000 10.0000 1.0000 0.083333 0.9220
RAW 0 150 22 0.6667 1.9000 8.0000 1.0000 0.066667 0.7990
RAW 0 150 23 0.1667 1.3000 2.0000 1.0000 0.016667 0.7490
RAW 0 150 24 0.1667 1.1000 2.0000 1.0000 0.016667 0.7340
RAW 0 150 25 0.9167 3.1000 11.0000 1.0000 0.091667 0.9340
RAW 0 150 26 1.0000 2.5000 12.0000 1.0000 0.100000 0.9400
RAW 0 150 27 0.9167 2.3000 11.0000 1.0000 0.091667 0.9250
RAW 0 150 28 0.5000 1.6000 6.0000 1.0000 0.050000 0.7080
RAW 0 150 29 0.4167 2.3000 5.0000 1.0000 0.041667 0.7230
RAW 0 150 30 0.9167 2.2000 11.0000 1.0000 0.091667 0.9160
  0 no-rewire      0.951       1.83    6.52   0.543    0.0594   0.790    0.0148
RAW 1 150 1 0.9167 2.4000 9.0000 1.0000 0.075000 0.9150
RAW 1 150 2 0.9167 2.7000 7.0000 1.0000 0.058333 0.9120
RAW 1 150 3 1.0000 2.2000 7.0000 1.0000 0.058333 0.9120
RAW 1 150 4 0.8333 2.1000 9.0000 1.0000 0.075000 0.8950
RAW 1 150 5 0.9167 2.8000 8.0000 1.0000 0.066667 0.9090
RAW 1 150 6 0.9167 2.4000 8.0000 1.0000 0.066667 0.9260
RAW 1 150 7 0.2500 1.2000 2.0000 1.0000 0.016667 0.6740
RAW 1 150 8 0.8333 2.4000 8.0000 1.0000 0.066667 0.9210
RAW 1 150 9 0.8333 2.0000 7.0000 1.0000 0.058333 0.8690
RAW 1 150 10 1.0000 2.6000 10.0000 1.0000 0.083333 0.9540
RAW 1 150 11 0.2500 1.0000 1.0000 1.0000 0.008333 0.6270
RAW 1 150 12 0.0833 1.0000 1.0000 1.0000 0.008333 0.6990
RAW 1 150 13 0.5833 1.4000 5.0000 1.0000 0.041667 0.7690
RAW 1 150 14 0.4167 1.3000 2.0000 1.0000 0.016667 0.7730
RAW 1 150 15 1.0000 2.0000 10.0000 1.0000 0.083333 0.9430
RAW 1 150 16 0.8333 2.3000 6.0000 1.0000 0.050000 0.9070
RAW 1 150 17 0.2500 1.1000 2.0000 1.0000 0.016667 0.7230
RAW 1 150 18 0.2500 1.0000 1.0000 1.0000 0.008333 0.7020
RAW 1 150 19 0.2500 1.0000 1.0000 1.0000 0.008333 0.6530
RAW 1 150 20 1.0000 2.5000 10.0000 1.0000 0.083333 0.9490
RAW 1 150 21 0.9167 2.9000 8.0000 1.0000 0.066667 0.9410
RAW 1 150 22 1.0000 2.9000 9.0000 1.0000 0.075000 0.8620
RAW 1 150 23 0.1667 1.0000 1.0000 1.0000 0.008333 0.7500
RAW 1 150 24 0.2500 1.0000 1.0000 1.0000 0.008333 0.7260
RAW 1 150 25 0.9167 2.1000 9.0000 1.0000 0.075000 0.9370
RAW 1 150 26 0.9167 2.1000 6.0000 1.0000 0.050000 0.9130
RAW 1 150 27 0.9167 2.5000 6.0000 1.0000 0.050000 0.9350
RAW 1 150 28 0.9167 2.3000 9.0000 1.0000 0.075000 0.9510
RAW 1 150 29 0.4167 1.2000 3.0000 1.0000 0.025000 0.7200
RAW 1 150 30 1.0000 2.8000 8.0000 1.0000 0.066667 0.9310
  1 slide-1        0.953       1.88    5.69   0.672    0.0525   0.843    0.0188
RAW 2 150 1 1.0000 1.6000 2.0000 1.0000 0.016667 0.9020
RAW 2 150 2 0.8333 1.4000 2.0000 1.0000 0.016667 0.8890
RAW 2 150 3 1.0000 1.5000 3.0000 1.0000 0.025000 0.9160
RAW 2 150 4 0.9167 1.5000 2.0000 1.0000 0.016667 0.8930
RAW 2 150 5 0.9167 1.9000 4.0000 1.0000 0.033333 0.9020
RAW 2 150 6 0.9167 2.1000 3.0000 1.0000 0.025000 0.8940
RAW 2 150 7 0.8333 2.0000 4.0000 1.0000 0.033333 0.9090
RAW 2 150 8 0.8333 1.4000 2.0000 1.0000 0.016667 0.8890
RAW 2 150 9 1.0000 2.1000 4.0000 1.0000 0.033333 0.9090
RAW 2 150 10 1.0000 2.2000 4.0000 1.0000 0.033333 0.9040
RAW 2 150 11 0.9167 1.4000 3.0000 1.0000 0.025000 0.9020
RAW 2 150 12 0.7500 1.0000 1.0000 1.0000 0.008333 0.8240
RAW 2 150 13 0.9167 2.0000 3.0000 1.0000 0.025000 0.8720
RAW 2 150 14 1.0000 1.8000 4.0000 1.0000 0.033333 0.9060
RAW 2 150 15 1.0000 2.1000 5.0000 1.0000 0.041667 0.9000
RAW 2 150 16 0.8333 1.6000 3.0000 1.0000 0.025000 0.8990
RAW 2 150 17 0.5000 1.4000 2.0000 1.0000 0.016667 0.8650
RAW 2 150 18 0.5833 1.6000 2.0000 1.0000 0.016667 0.8580
RAW 2 150 19 0.7500 1.4000 2.0000 1.0000 0.016667 0.8560
RAW 2 150 20 1.0000 2.3000 4.0000 1.0000 0.033333 0.9210
RAW 2 150 21 0.9167 2.6000 5.0000 1.0000 0.041667 0.9370
RAW 2 150 22 0.9167 1.6000 3.0000 1.0000 0.025000 0.9040
RAW 2 150 23 0.5833 1.0000 1.0000 1.0000 0.008333 0.8600
RAW 2 150 24 0.4167 1.4000 2.0000 1.0000 0.016667 0.8540
RAW 2 150 25 0.9167 1.4000 2.0000 1.0000 0.016667 0.8940
RAW 2 150 26 0.9167 1.5000 2.0000 1.0000 0.016667 0.9000
RAW 2 150 27 0.9167 1.8000 3.0000 1.0000 0.025000 0.9150
RAW 2 150 28 0.9167 1.8000 4.0000 1.0000 0.033333 0.9090
RAW 2 150 29 0.9167 1.5000 3.0000 1.0000 0.025000 0.9150
RAW 2 150 30 1.0000 1.6000 3.0000 1.0000 0.025000 0.8910
  2 rewire-rand    0.953       1.59    3.02   0.820    0.0300   0.893    0.0374
RAW 3 150 1 0.8333 1.2000 2.0000 1.0000 0.016667 0.8900
RAW 3 150 2 0.9167 2.0000 3.0000 1.0000 0.025000 0.9030
RAW 3 150 3 1.0000 2.5000 5.0000 1.0000 0.041667 0.9410
RAW 3 150 4 0.9167 1.4000 3.0000 1.0000 0.025000 0.8920
RAW 3 150 5 1.0000 1.9000 3.0000 1.0000 0.025000 0.8960
RAW 3 150 6 1.0000 2.0000 3.0000 1.0000 0.025000 0.8880
RAW 3 150 7 0.9167 1.5000 2.0000 1.0000 0.016667 0.9120
RAW 3 150 8 0.9167 1.7000 3.0000 1.0000 0.025000 0.9300
RAW 3 150 9 1.0000 1.7000 3.0000 1.0000 0.025000 0.9120
RAW 3 150 10 1.0000 2.0000 4.0000 1.0000 0.033333 0.9240
RAW 3 150 11 0.8333 1.9000 4.0000 1.0000 0.033333 0.9020
RAW 3 150 12 0.7500 1.0000 1.0000 1.0000 0.008333 0.8230
RAW 3 150 13 1.0000 2.4000 5.0000 1.0000 0.041667 0.8920
RAW 3 150 14 1.0000 1.7000 3.0000 1.0000 0.025000 0.9180
RAW 3 150 15 0.9167 1.9000 3.0000 1.0000 0.025000 0.8710
RAW 3 150 16 0.8333 1.5000 3.0000 1.0000 0.025000 0.8880
RAW 3 150 17 0.5833 1.3000 2.0000 1.0000 0.016667 0.8780
RAW 3 150 18 0.5833 1.5000 2.0000 1.0000 0.016667 0.8740
RAW 3 150 19 0.6667 1.4000 2.0000 1.0000 0.016667 0.8560
RAW 3 150 20 0.9167 1.6000 3.0000 1.0000 0.025000 0.9030
RAW 3 150 21 0.9167 1.9000 4.0000 1.0000 0.033333 0.9410
RAW 3 150 22 1.0000 2.2000 4.0000 1.0000 0.033333 0.9100
RAW 3 150 23 0.4167 1.2000 2.0000 1.0000 0.016667 0.8390
RAW 3 150 24 0.5000 1.0000 1.0000 1.0000 0.008333 0.8110
RAW 3 150 25 1.0000 1.5000 3.0000 1.0000 0.025000 0.9010
RAW 3 150 26 1.0000 2.9000 6.0000 1.0000 0.050000 0.9200
RAW 3 150 27 0.9167 1.6000 4.0000 1.0000 0.033333 0.9330
RAW 3 150 28 0.9167 1.8000 3.0000 1.0000 0.025000 0.9140
RAW 3 150 29 0.9167 1.7000 2.0000 1.0000 0.016667 0.8740
RAW 3 150 30 0.9167 2.1000 4.0000 1.0000 0.033333 0.9270
  3 xover-canon    0.956       1.65    3.21   0.813    0.0317   0.895    0.0411
RAW 4 150 1 1.0000 1.5000 2.0000 1.0000 0.016667 0.8990
RAW 4 150 2 0.8333 1.3000 2.0000 1.0000 0.016667 0.9080
RAW 4 150 3 1.0000 1.7000 3.0000 1.0000 0.025000 0.9240
RAW 4 150 4 0.9167 1.4000 2.0000 1.0000 0.016667 0.8560
RAW 4 150 5 1.0000 2.2000 3.0000 1.0000 0.025000 0.8790
RAW 4 150 6 0.9167 1.5000 3.0000 1.0000 0.025000 0.8910
RAW 4 150 7 1.0000 1.5000 3.0000 1.0000 0.025000 0.9260
RAW 4 150 8 0.9167 1.9000 3.0000 1.0000 0.025000 0.9160
RAW 4 150 9 1.0000 1.9000 4.0000 1.0000 0.033333 0.9020
RAW 4 150 10 1.0000 1.9000 3.0000 1.0000 0.025000 0.9020
RAW 4 150 11 0.9167 1.3000 2.0000 1.0000 0.016667 0.8790
RAW 4 150 12 0.8333 1.4000 2.0000 1.0000 0.016667 0.8030
RAW 4 150 13 1.0000 1.4000 2.0000 1.0000 0.016667 0.8840
RAW 4 150 14 1.0000 1.9000 3.0000 1.0000 0.025000 0.9060
RAW 4 150 15 0.7500 1.3000 2.0000 1.0000 0.016667 0.8680
RAW 4 150 16 0.8333 1.4000 2.0000 1.0000 0.016667 0.9020
RAW 4 150 17 0.5833 1.0000 1.0000 1.0000 0.008333 0.8640
RAW 4 150 18 0.5000 1.4000 2.0000 1.0000 0.016667 0.8790
RAW 4 150 19 0.5833 1.4000 2.0000 1.0000 0.016667 0.8380
RAW 4 150 20 1.0000 1.6000 3.0000 1.0000 0.025000 0.8690
RAW 4 150 21 0.9167 1.4000 2.0000 1.0000 0.016667 0.9230
RAW 4 150 22 1.0000 2.2000 4.0000 1.0000 0.033333 0.9130
RAW 4 150 23 0.5000 1.2000 2.0000 1.0000 0.016667 0.8610
RAW 4 150 24 0.5000 1.3000 2.0000 1.0000 0.016667 0.8570
RAW 4 150 25 1.0000 1.9000 3.0000 1.0000 0.025000 0.9150
RAW 4 150 26 0.9167 1.6000 3.0000 1.0000 0.025000 0.8830
RAW 4 150 27 0.9167 1.3000 2.0000 1.0000 0.016667 0.9140
RAW 4 150 28 0.9167 1.9000 3.0000 1.0000 0.025000 0.9250
RAW 4 150 29 0.9167 2.6000 5.0000 1.0000 0.041667 0.9430
RAW 4 150 30 0.9167 1.4000 2.0000 1.0000 0.016667 0.9150
  4 xover-raw      0.956       1.52    2.71   0.808    0.0270   0.891    0.0377
RAW 5 150 1 1.0000 2.2000 3.0000 1.0000 0.025000 0.9250
RAW 5 150 2 0.9167 1.6000 2.0000 1.0000 0.016667 0.8990
RAW 5 150 3 1.0000 1.9000 3.0000 1.0000 0.025000 0.9120
RAW 5 150 4 0.9167 1.5000 2.0000 1.0000 0.016667 0.8900
RAW 5 150 5 1.0000 2.1000 4.0000 1.0000 0.033333 0.9140
RAW 5 150 6 1.0000 2.2000 4.0000 1.0000 0.033333 0.9380
RAW 5 150 7 0.9167 1.6000 2.0000 1.0000 0.016667 0.9320
RAW 5 150 8 0.9167 2.1000 3.0000 1.0000 0.025000 0.9120
RAW 5 150 9 1.0000 1.9000 3.0000 1.0000 0.025000 0.9060
RAW 5 150 10 1.0000 2.0000 3.0000 1.0000 0.025000 0.9120
RAW 5 150 11 0.9167 1.5000 4.0000 1.0000 0.033333 0.8770
RAW 5 150 12 0.7500 1.0000 1.0000 1.0000 0.008333 0.8230
RAW 5 150 13 1.0000 1.8000 3.0000 1.0000 0.025000 0.9000
RAW 5 150 14 1.0000 2.2000 4.0000 1.0000 0.033333 0.9180
RAW 5 150 15 1.0000 1.9000 4.0000 1.0000 0.033333 0.8980
RAW 5 150 16 0.9167 2.9000 4.0000 1.0000 0.033333 0.9050
RAW 5 150 17 0.5833 1.4000 2.0000 1.0000 0.016667 0.8510
RAW 5 150 18 0.5833 1.3000 2.0000 1.0000 0.016667 0.8890
RAW 5 150 19 0.7500 1.3000 2.0000 1.0000 0.016667 0.8440
RAW 5 150 20 1.0000 1.8000 3.0000 1.0000 0.025000 0.9090
RAW 5 150 21 0.9167 1.5000 2.0000 1.0000 0.016667 0.9080
RAW 5 150 22 0.7500 1.3000 2.0000 1.0000 0.016667 0.8380
RAW 5 150 23 0.6667 1.2000 2.0000 1.0000 0.016667 0.8600
RAW 5 150 24 0.8333 1.5000 2.0000 1.0000 0.016667 0.8520
RAW 5 150 25 1.0000 2.5000 4.0000 1.0000 0.033333 0.9170
RAW 5 150 26 0.9167 1.6000 2.0000 1.0000 0.016667 0.8860
RAW 5 150 27 0.9167 2.0000 3.0000 1.0000 0.025000 0.9090
RAW 5 150 28 0.9167 2.0000 4.0000 1.0000 0.033333 0.9110
RAW 5 150 29 0.9167 1.6000 3.0000 1.0000 0.025000 0.9190
RAW 5 150 30 0.9167 1.8000 3.0000 1.0000 0.025000 0.9110
  5 xover-block    0.960       1.64    2.99   0.828    0.0294   0.896    0.0374

acceptance test: with default knobs this must reproduce emerge_rewire.c (version 1)
and the archived scratch_rewire_*.out per-seed data exactly.
