# emerge_compose data sweep (smbpann2 thread 2). columns: level s L seed test_acc
# F=1500ep/1536tr  G=1500ep/3072tr; 32 seeds, fair mean over restarts. Compare B in scratch_compose_budget_ladder.out
F 6 1 1 0.552000
F 6 1 2 0.532500
F 6 1 3 0.530667
F 6 1 4 0.527000
F 6 2 1 0.586500
F 6 2 2 0.617500
F 6 2 3 0.564500
F 6 2 4 0.554333
F 6 3 1 0.640167
F 6 3 2 0.681167
F 6 3 3 0.659833
F 6 3 4 0.666500
F 6 4 1 0.794500
F 6 4 2 0.777500
F 6 4 3 0.778333
F 6 4 4 0.749500
F 6 5 1 0.804333
F 6 5 2 0.773500
F 6 5 3 0.627500
F 6 5 4 0.764167
F 6 6 1 0.767833
F 6 6 2 0.875667
F 6 6 3 0.727333
F 6 6 4 0.774667
F 6 7 1 0.687333
F 6 7 2 0.608500
F 6 7 3 0.576833
F 6 7 4 0.786333
F 6 8 1 0.580333
F 6 8 2 0.582333
F 6 8 3 0.476000
F 6 8 4 0.518667
F 6 1 13 0.526667
F 6 1 14 0.517667
F 6 1 15 0.543333
F 6 1 16 0.561167
F 6 2 13 0.570167
F 6 2 14 0.578000
F 6 2 15 0.575000
F 6 2 16 0.596167
F 6 3 13 0.673333
F 6 3 14 0.661167
F 6 3 15 0.690667
F 6 3 16 0.622667
F 6 4 13 0.737500
F 6 4 14 0.709500
F 6 4 15 0.784167
F 6 4 16 0.674833
F 6 5 13 0.828667
F 6 5 14 0.746167
F 6 5 15 0.834500
F 6 5 16 0.791833
F 6 6 13 0.675000
F 6 6 14 0.867667
F 6 6 15 0.859167
F 6 6 16 0.872500
F 6 7 13 0.702833
F 6 7 14 0.686833
F 6 7 15 0.662000
F 6 7 16 0.587667
F 6 8 13 0.506000
F 6 8 14 0.518667
F 6 8 15 0.484000
F 6 8 16 0.594167
F 6 1 17 0.524500
F 6 1 18 0.524833
F 6 1 19 0.546167
F 6 1 20 0.563500
F 6 2 17 0.578333
F 6 2 18 0.602500
F 6 2 19 0.578500
F 6 2 20 0.575500
F 6 3 17 0.622500
F 6 3 18 0.665333
F 6 3 19 0.641333
F 6 3 20 0.671833
F 6 4 17 0.754833
F 6 4 18 0.768500
F 6 4 19 0.702833
F 6 4 20 0.666667
F 6 5 17 0.836500
F 6 5 18 0.831000
F 6 5 19 0.836333
F 6 5 20 0.807667
F 6 6 17 0.903333
F 6 6 18 0.862833
F 6 6 19 0.860500
F 6 6 20 0.843500
F 6 7 17 0.771500
F 6 7 18 0.668500
F 6 7 19 0.855333
F 6 7 20 0.673833
F 6 8 17 0.464667
F 6 8 18 0.493333
F 6 8 19 0.553167
F 6 8 20 0.502667
F 6 1 21 0.538000
F 6 1 22 0.561500
F 6 1 23 0.533667
F 6 1 24 0.533833
F 6 2 21 0.575167
F 6 2 22 0.588500
F 6 2 23 0.592500
F 6 2 24 0.566333
F 6 3 21 0.677333
F 6 3 22 0.675167
F 6 3 23 0.668000
F 6 3 24 0.661333
F 6 4 21 0.713500
F 6 4 22 0.735833
F 6 4 23 0.766500
F 6 4 24 0.684667
F 6 5 21 0.767333
F 6 5 22 0.814333
F 6 5 23 0.778000
F 6 5 24 0.741333
F 6 6 21 0.781833
F 6 6 22 0.587500
F 6 6 23 0.838500
F 6 6 24 0.768833
F 6 7 21 0.679167
F 6 7 22 0.683667
F 6 7 23 0.690833
F 6 7 24 0.664000
F 6 8 21 0.710833
F 6 8 22 0.518000
F 6 8 23 0.517333
F 6 8 24 0.565167
F 6 1 25 0.519833
F 6 1 26 0.520667
F 6 1 27 0.544000
F 6 1 28 0.527333
F 6 2 25 0.539167
F 6 2 26 0.559833
F 6 2 27 0.597000
F 6 2 28 0.564833
F 6 3 25 0.634500
F 6 3 26 0.679500
F 6 3 27 0.657000
F 6 3 28 0.671000
F 6 4 25 0.732667
F 6 4 26 0.754000
F 6 4 27 0.696667
F 6 4 28 0.729167
F 6 5 25 0.785000
F 6 5 26 0.791500
F 6 5 27 0.834000
F 6 5 28 0.818833
F 6 6 25 0.741500
F 6 6 26 0.683833
F 6 6 27 0.882333
F 6 6 28 0.797500
F 6 7 25 0.673500
F 6 7 26 0.702333
F 6 7 27 0.670833
F 6 7 28 0.664333
F 6 8 25 0.497667
F 6 8 26 0.671167
F 6 8 27 0.577167
F 6 8 28 0.499000
F 6 1 29 0.558167
F 6 1 30 0.539333
F 6 1 31 0.525000
F 6 1 32 0.534000
F 6 2 29 0.559833
F 6 2 30 0.598833
F 6 2 31 0.603667
F 6 2 32 0.551500
F 6 3 29 0.661833
F 6 3 30 0.609000
F 6 3 31 0.663167
F 6 3 32 0.678000
F 6 4 29 0.711167
F 6 4 30 0.732667
F 6 4 31 0.710333
F 6 4 32 0.757667
F 6 5 29 0.828833
F 6 5 30 0.766833
F 6 5 31 0.810667
F 6 5 32 0.752667
F 6 6 29 0.751333
F 6 6 30 0.780833
F 6 6 31 0.890000
F 6 6 32 0.828667
F 6 7 29 0.658500
F 6 7 30 0.645000
F 6 7 31 0.681333
F 6 7 32 0.504000
F 6 8 29 0.500667
F 6 8 30 0.602000
F 6 8 31 0.602667
F 6 8 32 0.504000
F 6 1 5 0.538667
F 6 1 6 0.533167
F 6 1 7 0.525333
F 6 1 8 0.524167
F 6 2 5 0.584000
F 6 2 6 0.565667
F 6 2 7 0.587000
F 6 2 8 0.601833
F 6 3 5 0.635167
F 6 3 6 0.612333
F 6 3 7 0.677167
F 6 3 8 0.670500
F 6 4 5 0.747667
F 6 4 6 0.794000
F 6 4 7 0.725000
F 6 4 8 0.741333
F 6 5 5 0.838167
F 6 5 6 0.805167
F 6 5 7 0.834000
F 6 5 8 0.836833
F 6 6 5 0.874667
F 6 6 6 0.792000
F 6 6 7 0.692333
F 6 6 8 0.827500
F 6 7 5 0.586833
F 6 7 6 0.675000
F 6 7 7 0.658500
F 6 7 8 0.686000
F 6 8 5 0.580000
F 6 8 6 0.578667
F 6 8 7 0.500667
F 6 8 8 0.491000
F 6 1 9 0.553333
F 6 1 10 0.504667
F 6 1 11 0.549000
F 6 1 12 0.562667
F 6 2 9 0.552167
F 6 2 10 0.557333
F 6 2 11 0.552167
F 6 2 12 0.584167
F 6 3 9 0.671000
F 6 3 10 0.660000
F 6 3 11 0.705333
F 6 3 12 0.652500
F 6 4 9 0.802333
F 6 4 10 0.791667
F 6 4 11 0.791167
F 6 4 12 0.702000
F 6 5 9 0.852500
F 6 5 10 0.839000
F 6 5 11 0.833500
F 6 5 12 0.816500
F 6 6 9 0.868333
F 6 6 10 0.822667
F 6 6 11 0.776000
F 6 6 12 0.875500
F 6 7 9 0.488000
F 6 7 10 0.749000
F 6 7 11 0.753833
F 6 7 12 0.751500
F 6 8 9 0.488000
F 6 8 10 0.504667
F 6 8 11 0.504000
F 6 8 12 0.582333
F 8 1 1 0.551000
F 8 1 2 0.535500
F 8 1 3 0.545500
F 8 1 4 0.502500
F 8 2 1 0.595167
F 8 2 2 0.599167
F 8 2 3 0.575667
F 8 2 4 0.529333
F 8 3 1 0.593000
F 8 3 2 0.676167
F 8 3 3 0.600333
F 8 3 4 0.646500
F 8 4 1 0.760833
F 8 4 2 0.753500
F 8 4 3 0.735500
F 8 4 4 0.745833
F 8 5 1 0.825000
F 8 5 2 0.735167
F 8 5 3 0.676833
F 8 5 4 0.837667
F 8 6 1 0.765500
F 8 6 2 0.575667
F 8 6 3 0.605333
F 8 6 4 0.654500
F 8 7 1 0.723000
F 8 7 2 0.717833
F 8 7 3 0.497333
F 8 7 4 0.764167
F 8 8 1 0.512000
F 8 8 2 0.499333
F 8 8 3 0.497333
F 8 8 4 0.585333
F 8 1 13 0.558667
F 8 1 14 0.556333
F 8 1 15 0.561167
F 8 1 16 0.535333
F 8 2 13 0.572833
F 8 2 14 0.582833
F 8 2 15 0.548167
F 8 2 16 0.594500
F 8 3 13 0.650833
F 8 3 14 0.632000
F 8 3 15 0.667833
F 8 3 16 0.645333
F 8 4 13 0.767000
F 8 4 14 0.760167
F 8 4 15 0.747167
F 8 4 16 0.715000
F 8 5 13 0.858833
F 8 5 14 0.842500
F 8 5 15 0.818333
F 8 5 16 0.855167
F 8 6 13 0.880667
F 8 6 14 0.765833
F 8 6 15 0.642667
F 8 6 16 0.714833
F 8 7 13 0.600833
F 8 7 14 0.677667
F 8 7 15 0.591167
F 8 7 16 0.840667
F 8 8 13 0.512000
F 8 8 14 0.498000
F 8 8 15 0.506000
F 8 8 16 0.697667
F 8 1 17 0.538000
F 8 1 18 0.530000
F 8 1 19 0.550167
F 8 1 20 0.535000
F 8 2 17 0.596167
F 8 2 18 0.609833
F 8 2 19 0.569333
F 8 2 20 0.571333
F 8 3 17 0.622667
F 8 3 18 0.668667
F 8 3 19 0.618667
F 8 3 20 0.675500
F 8 4 17 0.721500
F 8 4 18 0.742167
F 8 4 19 0.751167
F 8 4 20 0.737833
F 8 5 17 0.819833
F 8 5 18 0.817500
F 8 5 19 0.792667
F 8 5 20 0.835500
F 8 6 17 0.776833
F 8 6 18 0.733000
F 8 6 19 0.661000
F 8 6 20 0.796833
F 8 7 17 0.547333
F 8 7 18 0.662333
F 8 7 19 0.595500
F 8 7 20 0.565667
F 8 8 17 0.717000
F 8 8 18 0.512000
F 8 8 19 0.595333
F 8 8 20 0.492667
F 8 1 21 0.534667
F 8 1 22 0.516333
F 8 1 23 0.536833
F 8 1 24 0.550333
F 8 2 21 0.607000
F 8 2 22 0.566667
F 8 2 23 0.590167
F 8 2 24 0.586667
F 8 3 21 0.685833
F 8 3 22 0.640500
F 8 3 23 0.667833
F 8 3 24 0.611333
F 8 4 21 0.725500
F 8 4 22 0.732500
F 8 4 23 0.745000
F 8 4 24 0.672167
F 8 5 21 0.813000
F 8 5 22 0.697500
F 8 5 23 0.796833
F 8 5 24 0.784167
F 8 6 21 0.731000
F 8 6 22 0.741667
F 8 6 23 0.656167
F 8 6 24 0.842167
F 8 7 21 0.720500
F 8 7 22 0.811667
F 8 7 23 0.686500
F 8 7 24 0.677000
F 8 8 21 0.567000
F 8 8 22 0.472000
F 8 8 23 0.518000
F 8 8 24 0.610833
F 8 1 25 0.526667
F 8 1 26 0.570167
F 8 1 27 0.567000
F 8 1 28 0.549833
F 8 2 25 0.557333
F 8 2 26 0.570333
F 8 2 27 0.563667
F 8 2 28 0.551500
F 8 3 25 0.630500
F 8 3 26 0.651333
F 8 3 27 0.637833
F 8 3 28 0.649667
F 8 4 25 0.726333
F 8 4 26 0.743333
F 8 4 27 0.761333
F 8 4 28 0.746667
F 8 5 25 0.737833
F 8 5 26 0.845667
F 8 5 27 0.828667
F 8 5 28 0.839000
F 8 6 25 0.791833
F 8 6 26 0.705500
F 8 6 27 0.741500
F 8 6 28 0.768167
F 8 7 25 0.904167
F 8 7 26 0.815667
F 8 7 27 0.503333
F 8 7 28 0.741667
F 8 8 25 0.499333
F 8 8 26 0.494333
F 8 8 27 0.586833
F 8 8 28 0.685333
F 8 1 29 0.548333
F 8 1 30 0.539667
F 8 1 31 0.539833
F 8 1 32 0.548000
F 8 2 29 0.532000
F 8 2 30 0.588833
F 8 2 31 0.602333
F 8 2 32 0.570667
F 8 3 29 0.650167
F 8 3 30 0.643167
F 8 3 31 0.653667
F 8 3 32 0.673667
F 8 4 29 0.723500
F 8 4 30 0.762167
F 8 4 31 0.752667
F 8 4 32 0.729833
F 8 5 29 0.868167
F 8 5 30 0.750167
F 8 5 31 0.836167
F 8 5 32 0.837667
F 8 6 29 0.787500
F 8 6 30 0.738167
F 8 6 31 0.734500
F 8 6 32 0.831500
F 8 7 29 0.601000
F 8 7 30 0.673833
F 8 7 31 0.481333
F 8 7 32 0.566000
F 8 8 29 0.628667
F 8 8 30 0.491000
F 8 8 31 0.481333
F 8 8 32 0.604333
F 8 1 5 0.553000
F 8 1 6 0.522333
F 8 1 7 0.522500
F 8 1 8 0.529000
F 8 2 5 0.594500
F 8 2 6 0.562500
F 8 2 7 0.574833
F 8 2 8 0.574667
F 8 3 5 0.621833
F 8 3 6 0.637833
F 8 3 7 0.664667
F 8 3 8 0.641333
F 8 4 5 0.749667
F 8 4 6 0.726000
F 8 4 7 0.735333
F 8 4 8 0.726333
F 8 5 5 0.820167
F 8 5 6 0.834000
F 8 5 7 0.803500
F 8 5 8 0.857667
F 8 6 5 0.745833
F 8 6 6 0.806167
F 8 6 7 0.760667
F 8 6 8 0.795333
F 8 7 5 0.601500
F 8 7 6 0.576667
F 8 7 7 0.752833
F 8 7 8 0.605000
F 8 8 5 0.486000
F 8 8 6 0.496000
F 8 8 7 0.742833
F 8 8 8 0.597000
F 8 1 9 0.501333
F 8 1 10 0.555000
F 8 1 11 0.520000
F 8 1 12 0.539833
F 8 2 9 0.542500
F 8 2 10 0.556833
F 8 2 11 0.522667
F 8 2 12 0.565000
F 8 3 9 0.668667
F 8 3 10 0.615333
F 8 3 11 0.636000
F 8 3 12 0.616500
F 8 4 9 0.683000
F 8 4 10 0.735333
F 8 4 11 0.728500
F 8 4 12 0.751500
F 8 5 9 0.810167
F 8 5 10 0.807667
F 8 5 11 0.742333
F 8 5 12 0.815833
F 8 6 9 0.738500
F 8 6 10 0.677667
F 8 6 11 0.848333
F 8 6 12 0.664833
F 8 7 9 0.490000
F 8 7 10 0.842833
F 8 7 11 0.703833
F 8 7 12 0.634500
F 8 8 9 0.490000
F 8 8 10 0.518667
F 8 8 11 0.605833
F 8 8 12 0.497333
G 6 1 1 0.564667
G 6 1 2 0.536333
G 6 1 3 0.558167
G 6 1 4 0.517333
G 6 2 1 0.594833
G 6 2 2 0.620667
G 6 2 3 0.617833
G 6 2 4 0.554167
G 6 3 1 0.629167
G 6 3 2 0.687833
G 6 3 3 0.644500
G 6 3 4 0.653667
G 6 4 1 0.801000
G 6 4 2 0.769500
G 6 4 3 0.719333
G 6 4 4 0.750333
G 6 5 1 0.666833
G 6 5 2 0.820000
G 6 5 3 0.658167
G 6 5 4 0.672833
G 6 6 1 0.764000
G 6 6 2 0.876333
G 6 6 3 0.611500
G 6 6 4 0.746333
G 6 7 1 0.676833
G 6 7 2 0.702167
G 6 7 3 0.512667
G 6 7 4 0.771500
G 6 8 1 0.566000
G 6 8 2 0.491500
G 6 8 3 0.594833
G 6 8 4 0.584500
G 6 1 13 0.566000
G 6 1 14 0.527333
G 6 1 15 0.527167
G 6 1 16 0.530667
G 6 2 13 0.570333
G 6 2 14 0.567667
G 6 2 15 0.585000
G 6 2 16 0.593500
G 6 3 13 0.654333
G 6 3 14 0.675667
G 6 3 15 0.659833
G 6 3 16 0.630667
G 6 4 13 0.733333
G 6 4 14 0.675333
G 6 4 15 0.754500
G 6 4 16 0.646167
G 6 5 13 0.765833
G 6 5 14 0.704500
G 6 5 15 0.808833
G 6 5 16 0.787333
G 6 6 13 0.766000
G 6 6 14 0.844667
G 6 6 15 0.864333
G 6 6 16 0.889500
G 6 7 13 0.584167
G 6 7 14 0.655333
G 6 7 15 0.785333
G 6 7 16 0.695667
G 6 8 13 0.499333
G 6 8 14 0.607000
G 6 8 15 0.592333
G 6 8 16 0.618333
G 6 1 17 0.559833
G 6 1 18 0.530667
G 6 1 19 0.562833
G 6 1 20 0.550667
G 6 2 17 0.596167
G 6 2 18 0.629000
G 6 2 19 0.591667
G 6 2 20 0.564667
G 6 3 17 0.651833
G 6 3 18 0.682667
G 6 3 19 0.649500
G 6 3 20 0.642333
G 6 4 17 0.748833
G 6 4 18 0.813833
G 6 4 19 0.684000
G 6 4 20 0.652667
G 6 5 17 0.838167
G 6 5 18 0.747667
G 6 5 19 0.863667
G 6 5 20 0.809833
G 6 6 17 0.802333
G 6 6 18 0.795167
G 6 6 19 0.778667
G 6 6 20 0.769333
G 6 7 17 0.590833
G 6 7 18 0.594167
G 6 7 19 0.664833
G 6 7 20 0.677667
G 6 8 17 0.637167
G 6 8 18 0.494667
G 6 8 19 0.506000
G 6 8 20 0.496000
G 6 1 21 0.578500
G 6 1 22 0.539167
G 6 1 23 0.533167
G 6 1 24 0.555000
G 6 2 21 0.587333
G 6 2 22 0.571500
G 6 2 23 0.616167
G 6 2 24 0.551833
G 6 3 21 0.729667
G 6 3 22 0.647000
G 6 3 23 0.685667
G 6 3 24 0.670500
G 6 4 21 0.715833
G 6 4 22 0.728167
G 6 4 23 0.716833
G 6 4 24 0.707667
G 6 5 21 0.838500
G 6 5 22 0.797000
G 6 5 23 0.805333
G 6 5 24 0.569667
G 6 6 21 0.859833
G 6 6 22 0.726167
G 6 6 23 0.859167
G 6 6 24 0.778167
G 6 7 21 0.669333
G 6 7 22 0.767333
G 6 7 23 0.602167
G 6 7 24 0.670500
G 6 8 21 0.575000
G 6 8 22 0.496000
G 6 8 23 0.505333
G 6 8 24 0.590833
G 6 1 25 0.508333
G 6 1 26 0.540500
G 6 1 27 0.575500
G 6 1 28 0.530000
G 6 2 25 0.554500
G 6 2 26 0.570167
G 6 2 27 0.594500
G 6 2 28 0.572167
G 6 3 25 0.719167
G 6 3 26 0.684000
G 6 3 27 0.662167
G 6 3 28 0.659667
G 6 4 25 0.771833
G 6 4 26 0.770500
G 6 4 27 0.753833
G 6 4 28 0.716667
G 6 5 25 0.831000
G 6 5 26 0.833833
G 6 5 27 0.822667
G 6 5 28 0.699000
G 6 6 25 0.762500
G 6 6 26 0.783000
G 6 6 27 0.761000
G 6 6 28 0.763333
G 6 7 25 0.786667
G 6 7 26 0.775167
G 6 7 27 0.690500
G 6 7 28 0.856667
G 6 8 25 0.601167
G 6 8 26 0.683000
G 6 8 27 0.682500
G 6 8 28 0.573167
G 6 1 29 0.555833
G 6 1 30 0.526500
G 6 1 31 0.544333
G 6 1 32 0.548667
G 6 2 29 0.580167
G 6 2 30 0.580000
G 6 2 31 0.632500
G 6 2 32 0.556833
G 6 3 29 0.662000
G 6 3 30 0.611167
G 6 3 31 0.673667
G 6 3 32 0.666333
G 6 4 29 0.763167
G 6 4 30 0.631333
G 6 4 31 0.712500
G 6 4 32 0.683000
G 6 5 29 0.757000
G 6 5 30 0.754000
G 6 5 31 0.800000
G 6 5 32 0.806333
G 6 6 29 0.842333
G 6 6 30 0.791000
G 6 6 31 0.782667
G 6 6 32 0.759667
G 6 7 29 0.576500
G 6 7 30 0.667667
G 6 7 31 0.852833
G 6 7 32 0.577500
G 6 8 29 0.501333
G 6 8 30 0.576500
G 6 8 31 0.523333
G 6 8 32 0.509333
G 6 1 5 0.544167
G 6 1 6 0.496667
G 6 1 7 0.532000
G 6 1 8 0.492667
G 6 2 5 0.575167
G 6 2 6 0.548167
G 6 2 7 0.600000
G 6 2 8 0.571333
G 6 3 5 0.628667
G 6 3 6 0.623333
G 6 3 7 0.668500
G 6 3 8 0.637167
G 6 4 5 0.759667
G 6 4 6 0.733167
G 6 4 7 0.660333
G 6 4 8 0.665000
G 6 5 5 0.751500
G 6 5 6 0.811833
G 6 5 7 0.730167
G 6 5 8 0.724333
G 6 6 5 0.874333
G 6 6 6 0.918000
G 6 6 7 0.742500
G 6 6 8 0.875667
G 6 7 5 0.584500
G 6 7 6 0.546000
G 6 7 7 0.572667
G 6 7 8 0.575500
G 6 8 5 0.584667
G 6 8 6 0.585167
G 6 8 7 0.590333
G 6 8 8 0.492667
G 6 1 9 0.542000
G 6 1 10 0.568167
G 6 1 11 0.546000
G 6 1 12 0.559333
G 6 2 9 0.569500
G 6 2 10 0.576000
G 6 2 11 0.539500
G 6 2 12 0.579667
G 6 3 9 0.689167
G 6 3 10 0.642000
G 6 3 11 0.715667
G 6 3 12 0.657167
G 6 4 9 0.802667
G 6 4 10 0.693167
G 6 4 11 0.706000
G 6 4 12 0.676000
G 6 5 9 0.818333
G 6 5 10 0.762500
G 6 5 11 0.813333
G 6 5 12 0.840167
G 6 6 9 0.776167
G 6 6 10 0.790833
G 6 6 11 0.609500
G 6 6 12 0.869333
G 6 7 9 0.870333
G 6 7 10 0.840667
G 6 7 11 0.681333
G 6 7 12 0.695167
G 6 8 9 0.482667
G 6 8 10 0.550167
G 6 8 11 0.755500
G 6 8 12 0.522667
G 8 1 1 0.575000
G 8 1 2 0.540333
G 8 1 3 0.553000
G 8 1 4 0.506000
G 8 2 1 0.591167
G 8 2 2 0.620333
G 8 2 3 0.576000
G 8 2 4 0.577000
G 8 3 1 0.610333
G 8 3 2 0.697667
G 8 3 3 0.609667
G 8 3 4 0.639833
G 8 4 1 0.757167
G 8 4 2 0.758333
G 8 4 3 0.754667
G 8 4 4 0.727000
G 8 5 1 0.811833
G 8 5 2 0.846833
G 8 5 3 0.773333
G 8 5 4 0.841500
G 8 6 1 0.633333
G 8 6 2 0.688333
G 8 6 3 0.667000
G 8 6 4 0.790333
G 8 7 1 0.728667
G 8 7 2 0.774500
G 8 7 3 0.662667
G 8 7 4 0.570500
G 8 8 1 0.589500
G 8 8 2 0.620333
G 8 8 3 0.616333
G 8 8 4 0.530000
G 8 1 13 0.533333
G 8 1 14 0.534000
G 8 1 15 0.540000
G 8 1 16 0.516667
G 8 2 13 0.558833
G 8 2 14 0.585000
G 8 2 15 0.580000
G 8 2 16 0.575667
G 8 3 13 0.636833
G 8 3 14 0.637000
G 8 3 15 0.685333
G 8 3 16 0.637833
G 8 4 13 0.733500
G 8 4 14 0.739500
G 8 4 15 0.748500
G 8 4 16 0.692333
G 8 5 13 0.823333
G 8 5 14 0.862333
G 8 5 15 0.809667
G 8 5 16 0.844500
G 8 6 13 0.574500
G 8 6 14 0.664833
G 8 6 15 0.759000
G 8 6 16 0.805167
G 8 7 13 0.556833
G 8 7 14 0.614000
G 8 7 15 0.555500
G 8 7 16 0.796833
G 8 8 13 0.496667
G 8 8 14 0.498667
G 8 8 15 0.500667
G 8 8 16 0.528667
G 8 1 17 0.554667
G 8 1 18 0.526667
G 8 1 19 0.506000
G 8 1 20 0.520333
G 8 2 17 0.581833
G 8 2 18 0.593500
G 8 2 19 0.560833
G 8 2 20 0.547500
G 8 3 17 0.630667
G 8 3 18 0.666167
G 8 3 19 0.584167
G 8 3 20 0.680833
G 8 4 17 0.718667
G 8 4 18 0.699167
G 8 4 19 0.753833
G 8 4 20 0.721333
G 8 5 17 0.820667
G 8 5 18 0.823833
G 8 5 19 0.801833
G 8 5 20 0.807000
G 8 6 17 0.675000
G 8 6 18 0.854000
G 8 6 19 0.576667
G 8 6 20 0.732500
G 8 7 17 0.559833
G 8 7 18 0.687333
G 8 7 19 0.740333
G 8 7 20 0.475333
G 8 8 17 0.773500
G 8 8 18 0.518000
G 8 8 19 0.691833
G 8 8 20 0.475333
G 8 1 21 0.553833
G 8 1 22 0.538500
G 8 1 23 0.541167
G 8 1 24 0.532500
G 8 2 21 0.579500
G 8 2 22 0.567167
G 8 2 23 0.596000
G 8 2 24 0.575333
G 8 3 21 0.675500
G 8 3 22 0.643667
G 8 3 23 0.672333
G 8 3 24 0.598833
G 8 4 21 0.732667
G 8 4 22 0.740833
G 8 4 23 0.753833
G 8 4 24 0.679667
G 8 5 21 0.712000
G 8 5 22 0.797167
G 8 5 23 0.799000
G 8 5 24 0.824500
G 8 6 21 0.719500
G 8 6 22 0.649000
G 8 6 23 0.653167
G 8 6 24 0.703333
G 8 7 21 0.780667
G 8 7 22 0.614333
G 8 7 23 0.565000
G 8 7 24 0.616167
G 8 8 21 0.677000
G 8 8 22 0.515333
G 8 8 23 0.499333
G 8 8 24 0.617500
G 8 1 25 0.527333
G 8 1 26 0.522000
G 8 1 27 0.564000
G 8 1 28 0.535667
G 8 2 25 0.543333
G 8 2 26 0.559333
G 8 2 27 0.567833
G 8 2 28 0.560833
G 8 3 25 0.611500
G 8 3 26 0.655167
G 8 3 27 0.642333
G 8 3 28 0.606500
G 8 4 25 0.736333
G 8 4 26 0.734333
G 8 4 27 0.756167
G 8 4 28 0.754667
G 8 5 25 0.818333
G 8 5 26 0.752333
G 8 5 27 0.819333
G 8 5 28 0.829667
G 8 6 25 0.698833
G 8 6 26 0.684500
G 8 6 27 0.740500
G 8 6 28 0.686667
G 8 7 25 0.671167
G 8 7 26 0.714833
G 8 7 27 0.605333
G 8 7 28 0.640833
G 8 8 25 0.489333
G 8 8 26 0.617667
G 8 8 27 0.822000
G 8 8 28 0.509833
G 8 1 29 0.554833
G 8 1 30 0.526667
G 8 1 31 0.540167
G 8 1 32 0.531333
G 8 2 29 0.555667
G 8 2 30 0.568167
G 8 2 31 0.607500
G 8 2 32 0.552833
G 8 3 29 0.676833
G 8 3 30 0.615000
G 8 3 31 0.655333
G 8 3 32 0.665333
G 8 4 29 0.753833
G 8 4 30 0.739167
G 8 4 31 0.774833
G 8 4 32 0.725500
G 8 5 29 0.874167
G 8 5 30 0.734833
G 8 5 31 0.840500
G 8 5 32 0.814500
G 8 6 29 0.675000
G 8 6 30 0.717833
G 8 6 31 0.633000
G 8 6 32 0.676333
G 8 7 29 0.567833
G 8 7 30 0.592667
G 8 7 31 0.597667
G 8 7 32 0.788333
G 8 8 29 0.602167
G 8 8 30 0.500000
G 8 8 31 0.499333
G 8 8 32 0.484500
G 8 1 5 0.540167
G 8 1 6 0.520667
G 8 1 7 0.516667
G 8 1 8 0.530833
G 8 2 5 0.593000
G 8 2 6 0.561833
G 8 2 7 0.597667
G 8 2 8 0.579167
G 8 3 5 0.663333
G 8 3 6 0.660333
G 8 3 7 0.668667
G 8 3 8 0.654167
G 8 4 5 0.754333
G 8 4 6 0.740500
G 8 4 7 0.750667
G 8 4 8 0.759333
G 8 5 5 0.746333
G 8 5 6 0.839167
G 8 5 7 0.808500
G 8 5 8 0.871667
G 8 6 5 0.825500
G 8 6 6 0.816167
G 8 6 7 0.761000
G 8 6 8 0.746833
G 8 7 5 0.608333
G 8 7 6 0.650167
G 8 7 7 0.588167
G 8 7 8 0.578500
G 8 8 5 0.506667
G 8 8 6 0.595333
G 8 8 7 0.704167
G 8 8 8 0.487333
G 8 1 9 0.550000
G 8 1 10 0.556500
G 8 1 11 0.535000
G 8 1 12 0.525333
G 8 2 9 0.550833
G 8 2 10 0.566500
G 8 2 11 0.542667
G 8 2 12 0.560667
G 8 3 9 0.687833
G 8 3 10 0.647333
G 8 3 11 0.643000
G 8 3 12 0.609833
G 8 4 9 0.691167
G 8 4 10 0.745333
G 8 4 11 0.735833
G 8 4 12 0.733500
G 8 5 9 0.829167
G 8 5 10 0.822667
G 8 5 11 0.692500
G 8 5 12 0.825833
G 8 6 9 0.737500
G 8 6 10 0.566667
G 8 6 11 0.851500
G 8 6 12 0.746667
G 8 7 9 0.666000
G 8 7 10 0.833167
G 8 7 11 0.739500
G 8 7 12 0.651500
G 8 8 9 0.471333
G 8 8 10 0.579667
G 8 8 11 0.494000
G 8 8 12 0.705500
