TRANSLATE (the 3rd operator): does replicating a working detector beat learning each position?
N=16 K=3, 14 positions, 40 seeds x 3 restarts. translation-invariant motif task.
SHARED = one filter tiled at every position (a convolution), 3 filter weights.
INDEP  = a separate filter per position (locally connected), 42 filter weights.

fair stats: mean over restarts (no best-of), mean +/- std over seeds.
  train size | SHARED (weight-shared) | INDEP (per-position)  | gap
RAW 16 1 0.962667 0.747111
RAW 16 2 0.937333 0.637778
RAW 16 3 0.955333 0.671111
RAW 16 4 0.621556 0.523778
RAW 16 5 0.740000 0.525333
RAW 16 6 0.641556 0.520000
RAW 16 7 0.928889 0.647556
RAW 16 8 0.963778 0.712667
RAW 16 9 0.591778 0.477778
RAW 16 10 0.637778 0.509333
RAW 16 11 0.904444 0.594222
RAW 16 12 0.867333 0.531333
RAW 16 13 0.773778 0.525556
RAW 16 14 0.980889 0.538444
RAW 16 15 0.769556 0.537778
RAW 16 16 0.714667 0.546444
RAW 16 17 0.784667 0.572222
RAW 16 18 0.965778 0.591333
RAW 16 19 0.988667 0.688667
RAW 16 20 0.822444 0.587556
RAW 16 21 0.628444 0.549111
RAW 16 22 0.811111 0.572444
RAW 16 23 0.770222 0.568667
RAW 16 24 0.718222 0.560444
RAW 16 25 0.925111 0.583778
RAW 16 26 0.886667 0.566000
RAW 16 27 0.845333 0.546222
RAW 16 28 0.760000 0.590889
RAW 16 29 0.842000 0.552667
RAW 16 30 0.762222 0.556667
RAW 16 31 0.964000 0.683111
RAW 16 32 0.971556 0.717556
RAW 16 33 0.742889 0.527556
RAW 16 34 0.801778 0.514000
RAW 16 35 0.920667 0.602000
RAW 16 36 0.530667 0.519778
RAW 16 37 0.773778 0.512444
RAW 16 38 0.900667 0.588889
RAW 16 39 0.781111 0.578667
RAW 16 40 0.907333 0.652222
  16         | 0.820 +/- 0.122       | 0.581 +/- 0.065      | +0.239
RAW 32 1 0.928444 0.594889
RAW 32 2 0.876444 0.636000
RAW 32 3 0.844667 0.634444
RAW 32 4 0.756444 0.551111
RAW 32 5 0.766889 0.562667
RAW 32 6 0.777111 0.544889
RAW 32 7 0.982222 0.827556
RAW 32 8 0.781556 0.598667
RAW 32 9 0.818222 0.581333
RAW 32 10 0.858222 0.576889
RAW 32 11 0.873111 0.582000
RAW 32 12 0.803778 0.542667
RAW 32 13 0.660889 0.518444
RAW 32 14 0.839778 0.592222
RAW 32 15 0.799333 0.588000
RAW 32 16 0.939333 0.573556
RAW 32 17 0.714889 0.550889
RAW 32 18 0.571111 0.603778
RAW 32 19 0.915111 0.645111
RAW 32 20 0.927778 0.649333
RAW 32 21 0.960000 0.746222
RAW 32 22 0.823778 0.631333
RAW 32 23 0.786444 0.578444
RAW 32 24 0.988000 0.834222
RAW 32 25 0.920444 0.703111
RAW 32 26 0.867556 0.600889
RAW 32 27 0.807111 0.602889
RAW 32 28 0.744667 0.583778
RAW 32 29 0.697556 0.545111
RAW 32 30 0.730667 0.527778
RAW 32 31 0.820667 0.582667
RAW 32 32 0.847778 0.600667
RAW 32 33 0.938222 0.709111
RAW 32 34 0.832222 0.573111
RAW 32 35 0.791111 0.597556
RAW 32 36 0.987111 0.696889
RAW 32 37 0.966222 0.662667
RAW 32 38 0.809778 0.600222
RAW 32 39 0.854667 0.620889
RAW 32 40 0.925333 0.634889
  32         | 0.838 +/- 0.094       | 0.615 +/- 0.071      | +0.224
RAW 64 1 0.975556 0.823111
RAW 64 2 0.836667 0.647556
RAW 64 3 0.837778 0.652444
RAW 64 4 0.940222 0.668444
RAW 64 5 0.932889 0.660222
RAW 64 6 0.734000 0.583778
RAW 64 7 0.930667 0.745556
RAW 64 8 0.769778 0.599778
RAW 64 9 0.777778 0.630444
RAW 64 10 0.958222 0.746000
RAW 64 11 0.820889 0.632667
RAW 64 12 0.851111 0.629333
RAW 64 13 0.758889 0.590667
RAW 64 14 0.940222 0.710000
RAW 64 15 0.879333 0.676000
RAW 64 16 0.757111 0.599778
RAW 64 17 0.873333 0.695111
RAW 64 18 0.923556 0.741333
RAW 64 19 0.878444 0.639556
RAW 64 20 0.820667 0.648444
RAW 64 21 0.757111 0.572000
RAW 64 22 0.756222 0.592889
RAW 64 23 0.955778 0.765556
RAW 64 24 0.930000 0.732889
RAW 64 25 0.836444 0.628667
RAW 64 26 0.678000 0.583778
RAW 64 27 0.822444 0.638444
RAW 64 28 0.832222 0.673111
RAW 64 29 0.857556 0.636667
RAW 64 30 0.986667 0.836667
RAW 64 31 0.850667 0.594222
RAW 64 32 0.746889 0.591111
RAW 64 33 0.966222 0.795556
RAW 64 34 0.863556 0.604222
RAW 64 35 0.887111 0.729333
RAW 64 36 0.894667 0.627556
RAW 64 37 0.970222 0.773556
RAW 64 38 0.978000 0.859333
RAW 64 39 0.965333 0.642667
RAW 64 40 0.925111 0.667111
  64         | 0.866 +/- 0.082       | 0.672 +/- 0.076      | +0.195
RAW 128 1 0.953778 0.704889
RAW 128 2 0.795111 0.689333
RAW 128 3 0.768222 0.654444
RAW 128 4 0.963778 0.858889
RAW 128 5 0.830889 0.677778
RAW 128 6 0.693556 0.573333
RAW 128 7 0.909556 0.756222
RAW 128 8 0.836222 0.672444
RAW 128 9 0.928889 0.675333
RAW 128 10 0.809556 0.649111
RAW 128 11 0.846667 0.672222
RAW 128 12 0.807333 0.649333
RAW 128 13 0.878667 0.705111
RAW 128 14 0.890667 0.734667
RAW 128 15 0.783556 0.664667
RAW 128 16 0.983333 0.856222
RAW 128 17 0.850222 0.685556
RAW 128 18 0.940000 0.731111
RAW 128 19 0.794889 0.706444
RAW 128 20 0.891778 0.822222
RAW 128 21 0.934667 0.756000
RAW 128 22 0.710000 0.594889
RAW 128 23 0.870000 0.703778
RAW 128 24 0.871556 0.761556
RAW 128 25 0.925333 0.766667
RAW 128 26 0.713556 0.598889
RAW 128 27 0.980222 0.860889
RAW 128 28 0.826000 0.687778
RAW 128 29 0.934667 0.831333
RAW 128 30 0.812222 0.606667
RAW 128 31 0.874222 0.702889
RAW 128 32 0.967778 0.708222
RAW 128 33 0.964444 0.896667
RAW 128 34 0.840000 0.769111
RAW 128 35 0.925333 0.774889
RAW 128 36 0.969111 0.875333
RAW 128 37 0.752444 0.652444
RAW 128 38 0.883556 0.682889
RAW 128 39 0.793556 0.692667
RAW 128 40 0.983778 0.910889
  128        | 0.867 +/- 0.081       | 0.724 +/- 0.086      | +0.143

translation pays if SHARED matches/beats INDEP at 14x fewer weights, and the gap grows as data
shrinks -- one working module tiled across positions learns from all of them (data efficiency).
