emerge_transfer -- sharing is a GENE, and TRANSFER is what pays for it
N=12. motif K=3 planted at 1 of 10 positions; train on 3, select on 3, report on 4.
max-pool readout (position never reaches the output). energy = params/(21*10):
  shared = taps, unshared = taps*10. objective = heldout_acc - 6.00*energy.
120 seeds x 200 epochs. GA: pop 24, 50 gens, flips offsets AND the sharing gene.

RAW 0 121 3 1 1 0.8438 0.8150 0.7293
RAW 1 121 2 1 1 0.8542 0.8100 0.7529
RAW 2 121 2 1 1 0.8542 0.8100 0.7529
RAW 3 121 7 1 0 0.8958 0.6900 0.4900
RAW 4 121 2 1 1 0.8542 0.8100 0.7529
RAW 5 121 2 1 0 0.5938 0.5133 0.4562
RAW 0 122 3 1 1 0.7396 0.6683 0.5826
RAW 1 122 2 1 1 0.8021 0.6133 0.5562
RAW 2 122 2 1 1 0.8021 0.6133 0.5562
RAW 3 122 3 1 1 0.7708 0.6467 0.5610
RAW 4 122 2 1 1 0.8021 0.6133 0.5562
RAW 5 122 2 1 0 0.5521 0.4817 0.4245
RAW 0 123 3 1 1 0.6771 0.6133 0.5276
RAW 1 123 4 1 0 0.8958 0.7850 0.6707
RAW 2 123 4 1 0 0.5729 0.5267 0.4124
RAW 3 123 3 1 0 0.9062 0.7633 0.6776
RAW 4 123 4 1 0 0.8958 0.6500 0.5357
RAW 5 123 4 1 0 0.7188 0.5550 0.4407
RAW 0 124 3 1 1 0.5312 0.4967 0.4110
RAW 1 124 4 1 0 0.6979 0.5567 0.4424
RAW 2 124 6 1 0 0.6354 0.5283 0.3569
RAW 3 124 4 1 0 0.6667 0.5683 0.4540
RAW 4 124 5 1 0 0.6771 0.5433 0.4005
RAW 5 124 4 1 0 0.5208 0.5233 0.4090
RAW 0 125 3 1 1 0.6354 0.5433 0.4576
RAW 1 125 2 1 1 0.6250 0.5300 0.4729
RAW 2 125 0 0 0 0.5000 0.4700 0.4700
RAW 3 125 0 1 0 0.5000 0.4700 0.4700
RAW 4 125 1 0 1 0.5312 0.5217 0.4931
RAW 5 125 2 1 0 0.5521 0.4983 0.4412
RAW 0 126 3 1 1 0.8646 0.8150 0.7293
RAW 1 126 5 1 0 0.6354 0.5517 0.4088
RAW 2 126 2 1 0 0.5625 0.5233 0.4662
RAW 3 126 3 1 0 0.5521 0.4967 0.4110
RAW 4 126 3 1 1 0.8646 0.8150 0.7293
RAW 5 126 5 1 0 0.5729 0.5183 0.3755
RAW 0 127 3 1 1 0.7708 0.8217 0.7360
RAW 1 127 2 1 1 0.7500 0.8150 0.7579
RAW 2 127 3 1 0 0.7500 0.8133 0.7276
RAW 3 127 3 1 1 0.7708 0.8217 0.7360
RAW 4 127 2 1 1 0.7500 0.8150 0.7579
RAW 5 127 2 1 0 0.5312 0.4883 0.4312
RAW 0 128 3 1 1 0.8229 0.7467 0.6610
RAW 1 128 4 1 0 0.6042 0.4600 0.3457
RAW 2 128 3 1 0 0.6042 0.4833 0.3976
RAW 3 128 2 1 0 0.6042 0.4733 0.4162
RAW 4 128 3 1 0 0.6042 0.4633 0.3776
RAW 5 128 4 1 0 0.6042 0.5017 0.3874
RAW 0 129 3 1 1 0.6042 0.5867 0.5010
RAW 1 129 2 1 1 0.6875 0.5233 0.4662
RAW 2 129 0 1 0 0.5208 0.5283 0.5283
RAW 3 129 2 1 0 0.5312 0.5583 0.5012
RAW 4 129 1 1 1 0.5729 0.5417 0.5131
RAW 5 129 2 1 1 0.5729 0.5417 0.4845
RAW 0 130 3 1 1 0.5312 0.5617 0.4760
RAW 1 130 4 1 0 0.4792 0.6500 0.5357
RAW 2 130 2 1 0 0.5104 0.4833 0.4262
RAW 3 130 0 0 0 0.5104 0.4833 0.4833
RAW 4 130 2 1 0 0.5104 0.4833 0.4262
RAW 5 130 4 1 0 0.5833 0.4783 0.3640
RAW 0 131 3 1 1 0.6875 0.6017 0.5160
RAW 1 131 3 1 0 0.7500 0.6117 0.5260
RAW 2 131 3 1 1 0.6042 0.5867 0.5010
RAW 3 131 5 1 0 0.7708 0.5550 0.4121
RAW 4 131 4 1 0 0.6042 0.5033 0.3890
RAW 5 131 3 1 0 0.5833 0.4833 0.3976
RAW 0 132 3 1 1 0.5729 0.5033 0.4176
RAW 1 132 2 1 0 0.5833 0.4867 0.4295
RAW 2 132 0 1 0 0.5521 0.5000 0.5000
RAW 3 132 1 1 1 0.5938 0.5000 0.4714
RAW 4 132 1 1 1 0.5938 0.5000 0.4714
RAW 5 132 2 1 0 0.5625 0.5000 0.4429
RAW 0 133 3 1 1 0.7083 0.7483 0.6626
RAW 1 133 2 1 1 0.6458 0.5417 0.4845
RAW 2 133 6 1 0 0.5208 0.4983 0.3269
RAW 3 133 3 1 0 0.6146 0.4583 0.3726
RAW 4 133 7 1 0 0.6771 0.5233 0.3233
RAW 5 133 2 1 0 0.6042 0.5267 0.4695
RAW 0 134 3 1 1 0.5833 0.5000 0.4143
RAW 1 134 5 1 0 0.7396 0.6183 0.4755
RAW 2 134 4 1 0 0.7188 0.5100 0.3957
RAW 3 134 8 1 0 0.7500 0.5567 0.3281
RAW 4 134 3 1 1 0.7292 0.6133 0.5276
RAW 5 134 5 1 0 0.6250 0.5183 0.3755
RAW 0 135 3 1 1 0.5729 0.4833 0.3976
RAW 1 135 0 1 0 0.5417 0.4767 0.4767
RAW 2 135 2 1 1 0.6042 0.5300 0.4729
RAW 3 135 2 1 1 0.6042 0.5300 0.4729
RAW 4 135 0 1 0 0.5417 0.4767 0.4767
RAW 5 135 0 1 0 0.5417 0.4767 0.4767
RAW 0 136 3 1 1 0.6042 0.5183 0.4326
RAW 1 136 2 1 0 0.5625 0.4550 0.3979
RAW 2 136 0 1 0 0.6042 0.5183 0.5183
RAW 3 136 0 1 0 0.6042 0.5183 0.5183
RAW 4 136 0 1 0 0.6042 0.5183 0.5183
RAW 5 136 2 1 0 0.6667 0.4550 0.3979
RAW 0 137 3 1 1 0.6042 0.6567 0.5710
RAW 1 137 1 1 1 0.5208 0.5250 0.4964
RAW 2 137 3 1 0 0.6771 0.6883 0.6026
RAW 3 137 5 1 0 0.6875 0.5067 0.3638
RAW 4 137 6 1 0 0.7083 0.5350 0.3636
RAW 5 137 1 1 1 0.5208 0.5250 0.4964
RAW 0 138 3 1 1 0.7292 0.6650 0.5793
RAW 1 138 2 1 1 0.7188 0.7650 0.7079
RAW 2 138 2 1 1 0.7188 0.6817 0.6245
RAW 3 138 3 1 0 0.7188 0.6617 0.5760
RAW 4 138 2 1 1 0.7188 0.6817 0.6245
RAW 5 138 2 1 0 0.5729 0.4600 0.4029
RAW 0 139 3 1 1 0.6146 0.5100 0.4243
RAW 1 139 5 1 0 0.5625 0.5133 0.3705
RAW 2 139 1 1 1 0.6562 0.5067 0.4781
RAW 3 139 5 1 0 0.7396 0.6083 0.4655
RAW 4 139 1 1 1 0.6562 0.5067 0.4781
RAW 5 139 5 1 0 0.6146 0.5283 0.3855
RAW 0 140 3 1 1 0.8333 0.7483 0.6626
RAW 1 140 5 1 0 0.7917 0.7617 0.6188
RAW 2 140 4 1 0 0.8021 0.7717 0.6574
RAW 3 140 5 1 0 0.6562 0.5550 0.4121
RAW 4 140 4 1 1 0.8333 0.7400 0.6257
RAW 5 140 5 1 0 0.5521 0.5100 0.3671
RAW 0 141 3 1 1 0.5521 0.4967 0.4110
RAW 1 141 5 1 0 0.6042 0.5000 0.3571
RAW 2 141 5 1 0 0.5417 0.5000 0.3571
RAW 3 141 0 0 0 0.5104 0.5117 0.5117
RAW 4 141 4 1 0 0.5625 0.4900 0.3757
RAW 5 141 5 1 0 0.5521 0.5000 0.3571
RAW 0 142 3 1 1 0.6771 0.6483 0.5626
RAW 1 142 6 1 0 0.7917 0.7650 0.5936
RAW 2 142 5 1 0 0.7708 0.6750 0.5321
RAW 3 142 6 1 0 0.6458 0.5367 0.3652
RAW 4 142 5 1 0 0.7500 0.6950 0.5521
RAW 5 142 6 1 0 0.5938 0.5200 0.3486
RAW 0 143 3 1 1 0.7500 0.6967 0.6110
RAW 1 143 4 1 1 0.8333 0.7417 0.6274
RAW 2 143 4 1 0 0.7812 0.6117 0.4974
RAW 3 143 5 1 0 0.6250 0.5200 0.3771
RAW 4 143 5 1 0 0.8438 0.7433 0.6005
RAW 5 143 4 1 0 0.6458 0.5017 0.3874
RAW 0 144 3 1 1 0.7604 0.7217 0.6360
RAW 1 144 3 1 1 0.8542 0.6950 0.6093
RAW 2 144 3 1 1 0.8542 0.6950 0.6093
RAW 3 144 3 1 1 0.8542 0.6950 0.6093
RAW 4 144 2 1 0 0.7604 0.6850 0.6279
RAW 5 144 3 1 0 0.7083 0.5533 0.4676
RAW 0 145 3 1 1 0.5729 0.5967 0.5110
RAW 1 145 2 1 1 0.6771 0.5450 0.4879
RAW 2 145 2 1 1 0.6771 0.5450 0.4879
RAW 3 145 2 1 1 0.6771 0.5450 0.4879
RAW 4 145 2 1 1 0.6771 0.5450 0.4879
RAW 5 145 2 1 0 0.5729 0.4950 0.4379
RAW 0 146 3 1 1 0.8542 0.6883 0.6026
RAW 1 146 4 1 0 0.8542 0.8267 0.7124
RAW 2 146 3 1 0 0.8438 0.6900 0.6043
RAW 3 146 3 1 0 0.8438 0.8233 0.7376
RAW 4 146 2 1 1 0.8438 0.8217 0.7645
RAW 5 146 4 1 0 0.5938 0.4717 0.3574
RAW 0 147 3 1 1 0.6042 0.5800 0.4943
RAW 1 147 0 1 0 0.5938 0.5267 0.5267
RAW 2 147 0 1 0 0.5938 0.5267 0.5267
RAW 3 147 0 1 0 0.5938 0.5267 0.5267
RAW 4 147 0 1 0 0.5938 0.5267 0.5267
RAW 5 147 0 1 0 0.5938 0.5267 0.5267
RAW 0 148 3 1 1 0.6146 0.4750 0.3893
RAW 1 148 5 1 0 0.8438 0.7717 0.6288
RAW 2 148 6 1 0 0.6875 0.5833 0.4119
RAW 3 148 3 1 0 0.7083 0.5717 0.4860
RAW 4 148 5 1 0 0.6146 0.4933 0.3505
RAW 5 148 5 1 0 0.6979 0.4950 0.3521
RAW 0 149 3 1 1 0.6875 0.5733 0.4876
RAW 1 149 1 1 1 0.5104 0.4550 0.4264
RAW 2 149 5 1 0 0.5938 0.4583 0.3155
RAW 3 149 2 1 1 0.7083 0.5600 0.5029
RAW 4 149 1 1 1 0.5104 0.4550 0.4264
RAW 5 149 1 1 1 0.5521 0.5900 0.5614
RAW 0 150 3 1 1 0.7188 0.7383 0.6526
RAW 1 150 1 1 1 0.5833 0.4467 0.4181
RAW 2 150 2 1 0 0.6667 0.5500 0.4929
RAW 3 150 4 1 0 0.5833 0.4133 0.2990
RAW 4 150 3 1 0 0.5729 0.4467 0.3610
RAW 5 150 1 1 1 0.6042 0.5450 0.5164
RAW 0 151 3 1 1 0.8229 0.7617 0.6760
RAW 1 151 3 1 0 0.7708 0.5000 0.4143
RAW 2 151 2 1 1 0.8021 0.6833 0.6262
RAW 3 151 2 1 1 0.8021 0.6833 0.6262
RAW 4 151 3 1 0 0.6042 0.4733 0.3876
RAW 5 151 3 1 0 0.6250 0.5500 0.4643
RAW 0 152 3 1 1 0.6875 0.6100 0.5243
RAW 1 152 1 1 1 0.5833 0.5300 0.5014
RAW 2 152 1 1 1 0.5833 0.5300 0.5014
RAW 3 152 1 1 1 0.5833 0.5300 0.5014
RAW 4 152 2 1 1 0.6771 0.6417 0.5845
RAW 5 152 1 1 1 0.5208 0.4717 0.4431
RAW 0 153 3 1 1 0.5000 0.4900 0.4043
RAW 1 153 4 1 0 0.5417 0.6717 0.5574
RAW 2 153 1 1 1 0.5104 0.4667 0.4381
RAW 3 153 2 1 1 0.7812 0.7133 0.6562
RAW 4 153 2 1 1 0.7812 0.7133 0.6562
RAW 5 153 4 1 0 0.5729 0.4817 0.3674
RAW 0 154 3 1 1 0.7917 0.8033 0.7176
RAW 1 154 3 1 1 0.8021 0.7467 0.6610
RAW 2 154 3 1 1 0.8021 0.7467 0.6610
RAW 3 154 4 1 1 0.7708 0.8167 0.7024
RAW 4 154 6 1 0 0.8229 0.8167 0.6452
RAW 5 154 3 1 0 0.6562 0.6967 0.6110
RAW 0 155 3 1 1 0.7188 0.6100 0.5243
RAW 1 155 4 1 0 0.5833 0.5433 0.4290
RAW 2 155 6 1 0 0.8229 0.5100 0.3386
RAW 3 155 4 1 0 0.7812 0.5200 0.4057
RAW 4 155 4 1 0 0.7708 0.5250 0.4107
RAW 5 155 4 1 0 0.6354 0.5250 0.4107
RAW 0 156 3 1 1 0.7604 0.7050 0.6193
RAW 1 156 2 1 1 0.6562 0.5650 0.5079
RAW 2 156 3 1 0 0.5104 0.4883 0.4026
RAW 3 156 5 1 0 0.5312 0.4900 0.3471
RAW 4 156 3 1 1 0.6458 0.5867 0.5010
RAW 5 156 2 1 1 0.6250 0.5367 0.4795
RAW 0 157 3 1 1 0.6250 0.5583 0.4726
RAW 1 157 5 1 0 0.6875 0.5817 0.4388
RAW 2 157 5 1 0 0.7292 0.5500 0.4071
RAW 3 157 7 1 0 0.7083 0.5067 0.3067
RAW 4 157 4 1 0 0.6250 0.5067 0.3924
RAW 5 157 5 1 0 0.6458 0.5367 0.3938
RAW 0 158 3 1 1 0.6458 0.4967 0.4110
RAW 1 158 0 1 0 0.5729 0.5250 0.5250
RAW 2 158 0 1 0 0.5729 0.5250 0.5250
RAW 3 158 0 1 0 0.5729 0.5250 0.5250
RAW 4 158 0 0 0 0.5729 0.5250 0.5250
RAW 5 158 0 1 0 0.5729 0.5250 0.5250
RAW 0 159 3 1 1 0.6042 0.4867 0.4010
RAW 1 159 8 1 0 0.7188 0.6683 0.4398
RAW 2 159 3 1 0 0.7292 0.7233 0.6376
RAW 3 159 5 1 0 0.5833 0.4683 0.3255
RAW 4 159 4 1 0 0.6458 0.4983 0.3840
RAW 5 159 8 1 0 0.5938 0.5317 0.3031
RAW 0 160 3 1 1 0.5417 0.4933 0.4076
RAW 1 160 3 1 0 0.5833 0.5550 0.4693
RAW 2 160 2 1 1 0.5729 0.4883 0.4312
RAW 3 160 3 1 0 0.6458 0.4867 0.4010
RAW 4 160 3 1 1 0.6458 0.6250 0.5393
RAW 5 160 3 1 0 0.6667 0.4750 0.3893
RAW 0 161 3 1 1 0.8229 0.8417 0.7560
RAW 1 161 4 1 0 0.8750 0.8817 0.7674
RAW 2 161 9 1 0 0.8229 0.8950 0.6379
RAW 3 161 5 1 0 0.5417 0.5633 0.4205
RAW 4 161 2 1 1 0.8646 0.8817 0.8245
RAW 5 161 4 1 0 0.6979 0.7133 0.5990
RAW 0 162 3 1 1 0.5104 0.4950 0.4093
RAW 1 162 3 1 0 0.6875 0.4883 0.4026
RAW 2 162 2 1 0 0.5938 0.4933 0.4362
RAW 3 162 5 1 0 0.5417 0.4950 0.3521
RAW 4 162 3 1 1 0.5521 0.5667 0.4810
RAW 5 162 3 1 0 0.6354 0.5067 0.4210
RAW 0 163 3 1 1 0.6250 0.4733 0.3876
RAW 1 163 1 1 1 0.5312 0.4883 0.4598
RAW 2 163 0 1 0 0.5312 0.5017 0.5017
RAW 3 163 3 1 1 0.5417 0.5033 0.4176
RAW 4 163 3 1 0 0.6875 0.5667 0.4810
RAW 5 163 1 1 1 0.5625 0.5133 0.4848
RAW 0 164 3 1 1 0.6562 0.6083 0.5226
RAW 1 164 0 0 0 0.5625 0.4933 0.4933
RAW 2 164 1 1 1 0.5729 0.4933 0.4648
RAW 3 164 2 1 1 0.5938 0.6017 0.5445
RAW 4 164 2 1 1 0.5938 0.6017 0.5445
RAW 5 164 0 1 0 0.5625 0.4933 0.4933
RAW 0 165 3 1 1 0.6979 0.6433 0.5576
RAW 1 165 3 1 0 0.5625 0.4900 0.4043
RAW 2 165 2 1 1 0.7083 0.5717 0.5145
RAW 3 165 3 1 0 0.7188 0.5817 0.4960
RAW 4 165 2 1 1 0.7083 0.5717 0.5145
RAW 5 165 3 1 0 0.6250 0.4617 0.3760
RAW 0 166 3 1 1 0.5521 0.4917 0.4060
RAW 1 166 1 1 1 0.5208 0.5317 0.5031
RAW 2 166 1 1 1 0.5208 0.5317 0.5031
RAW 3 166 1 1 1 0.5208 0.5317 0.5031
RAW 4 166 1 1 1 0.5208 0.5317 0.5031
RAW 5 166 1 1 1 0.5312 0.5133 0.4848
RAW 0 167 3 1 1 0.7604 0.6550 0.5693
RAW 1 167 2 1 1 0.7708 0.6150 0.5579
RAW 2 167 2 1 1 0.7708 0.6150 0.5579
RAW 3 167 3 1 1 0.7604 0.6300 0.5443
RAW 4 167 2 1 1 0.5104 0.6967 0.6395
RAW 5 167 2 1 1 0.5104 0.6967 0.6395
RAW 0 168 3 1 1 0.7812 0.6717 0.5860
RAW 1 168 5 1 0 0.7083 0.4967 0.3538
RAW 2 168 2 1 1 0.7708 0.6517 0.5945
RAW 3 168 3 1 1 0.7708 0.6733 0.5876
RAW 4 168 6 1 0 0.8542 0.6167 0.4452
RAW 5 168 5 1 0 0.5833 0.6200 0.4771
RAW 0 169 3 1 1 0.8646 0.9117 0.8260
RAW 1 169 2 1 0 0.8542 0.9367 0.8795
RAW 2 169 2 1 0 0.8542 0.9367 0.8795
RAW 3 169 2 1 0 0.8542 0.9367 0.8795
RAW 4 169 2 1 0 0.8542 0.9367 0.8795
RAW 5 169 2 1 0 0.6667 0.6050 0.5479
RAW 0 170 3 1 1 0.6562 0.6367 0.5510
RAW 1 170 2 1 0 0.5833 0.4767 0.4195
RAW 2 170 3 1 0 0.5729 0.4767 0.3910
RAW 3 170 2 1 0 0.5833 0.4767 0.4195
RAW 4 170 3 1 1 0.6562 0.6367 0.5510
RAW 5 170 2 1 0 0.5521 0.4700 0.4129
RAW 0 171 3 1 1 0.6875 0.6050 0.5193
RAW 1 171 3 1 0 0.8958 0.6750 0.5893
RAW 2 171 6 1 0 0.6458 0.4767 0.3052
RAW 3 171 5 1 0 0.6250 0.7233 0.5805
RAW 4 171 4 1 0 0.8854 0.6217 0.5074
RAW 5 171 3 1 0 0.5729 0.4767 0.3910
RAW 0 172 3 1 1 0.7604 0.7100 0.6243
RAW 1 172 5 1 0 0.5208 0.5550 0.4121
RAW 2 172 5 1 0 0.9375 0.9100 0.7671
RAW 3 172 4 1 0 0.7500 0.8767 0.7624
RAW 4 172 3 1 0 0.9375 0.9133 0.8276
RAW 5 172 5 1 0 0.5938 0.5400 0.3971
RAW 0 173 3 1 1 0.6667 0.5667 0.4810
RAW 1 173 3 1 0 0.6250 0.6583 0.5726
RAW 2 173 1 1 1 0.6042 0.4933 0.4648
RAW 3 173 6 1 0 0.7188 0.6183 0.4469
RAW 4 173 0 1 0 0.5417 0.4483 0.4483
RAW 5 173 3 1 0 0.5417 0.4483 0.3626
RAW 0 174 3 1 1 0.5938 0.5367 0.4510
RAW 1 174 4 1 0 0.6042 0.4633 0.3490
RAW 2 174 4 1 0 0.6250 0.5150 0.4007
RAW 3 174 5 1 0 0.6458 0.6000 0.4571
RAW 4 174 2 1 0 0.5729 0.5617 0.5045
RAW 5 174 4 1 0 0.6042 0.5150 0.4007
RAW 0 175 3 1 1 0.5521 0.4917 0.4060
RAW 1 175 4 1 0 0.6354 0.4833 0.3690
RAW 2 175 2 1 0 0.5938 0.4800 0.4229
RAW 3 175 6 1 0 0.6146 0.5217 0.3502
RAW 4 175 3 1 0 0.5000 0.5083 0.4226
RAW 5 175 4 1 0 0.5104 0.4833 0.3690
RAW 0 176 3 1 1 0.5625 0.4950 0.4093
RAW 1 176 3 1 1 0.5625 0.4950 0.4093
RAW 2 176 0 1 0 0.5625 0.4950 0.4950
RAW 3 176 0 1 0 0.5625 0.4950 0.4950
RAW 4 176 0 1 0 0.5625 0.4950 0.4950
RAW 5 176 3 1 0 0.5521 0.4783 0.3926
RAW 0 177 3 1 1 0.5521 0.5733 0.4876
RAW 1 177 7 1 0 0.7708 0.6500 0.4500
RAW 2 177 6 1 0 0.6771 0.5200 0.3486
RAW 3 177 7 1 0 0.6458 0.5083 0.3083
RAW 4 177 4 1 0 0.5521 0.5583 0.4440
RAW 5 177 7 1 0 0.5521 0.4383 0.2383
RAW 0 178 3 1 1 0.6042 0.4950 0.4093
RAW 1 178 0 1 0 0.6042 0.4950 0.4950
RAW 2 178 0 1 0 0.6042 0.4950 0.4950
RAW 3 178 0 1 0 0.6042 0.4950 0.4950
RAW 4 178 0 1 0 0.6042 0.4950 0.4950
RAW 5 178 0 1 0 0.6042 0.4950 0.4950
RAW 0 179 3 1 1 0.4688 0.5217 0.4360
RAW 1 179 8 1 0 0.6771 0.5650 0.3364
RAW 2 179 7 1 0 0.7188 0.6100 0.4100
RAW 3 179 7 1 0 0.5417 0.5067 0.3067
RAW 4 179 5 1 0 0.7188 0.7500 0.6071
RAW 5 179 8 1 0 0.6979 0.6150 0.3864
RAW 0 180 3 1 1 0.7396 0.7617 0.6760
RAW 1 180 4 1 0 0.6458 0.5417 0.4274
RAW 2 180 3 1 0 0.6250 0.4967 0.4110
RAW 3 180 4 1 0 0.7604 0.6300 0.5157
RAW 4 180 3 1 1 0.7396 0.6800 0.5943
RAW 5 180 4 1 0 0.5729 0.5850 0.4707
RAW 0 181 3 1 1 0.5417 0.4900 0.4043
RAW 1 181 2 1 0 0.7292 0.6400 0.5829
RAW 2 181 4 1 0 0.7917 0.5517 0.4374
RAW 3 181 3 1 0 0.7917 0.5467 0.4610
RAW 4 181 2 1 0 0.7292 0.6400 0.5829
RAW 5 181 2 1 0 0.5312 0.4683 0.4112
RAW 0 182 3 1 1 0.6458 0.6517 0.5660
RAW 1 182 6 1 0 0.7917 0.6617 0.4902
RAW 2 182 5 1 0 0.8229 0.6733 0.5305
RAW 3 182 2 1 0 0.7188 0.5617 0.5045
RAW 4 182 5 1 1 0.7917 0.6650 0.5221
RAW 5 182 6 1 0 0.5417 0.4900 0.3186
RAW 0 183 3 1 1 0.5625 0.5183 0.4326
RAW 1 183 3 1 1 0.5625 0.5183 0.4326
RAW 2 183 4 1 0 0.6250 0.5533 0.4390
RAW 3 183 0 1 0 0.5625 0.5183 0.5183
RAW 4 183 3 1 1 0.5625 0.5167 0.4310
RAW 5 183 3 1 0 0.6146 0.4933 0.4076
RAW 0 184 3 1 1 0.7396 0.6183 0.5326
RAW 1 184 1 1 1 0.5312 0.5067 0.4781
RAW 2 184 3 1 0 0.6042 0.5117 0.4260
RAW 3 184 5 1 0 0.5208 0.4683 0.3255
RAW 4 184 1 1 1 0.5312 0.5067 0.4781
RAW 5 184 1 1 1 0.5417 0.4950 0.4664
RAW 0 185 3 1 1 0.6979 0.7417 0.6560
RAW 1 185 7 1 0 0.8333 0.6617 0.4617
RAW 2 185 3 1 0 0.7292 0.5883 0.5026
RAW 3 185 5 1 0 0.7500 0.5417 0.3988
RAW 4 185 2 1 1 0.7604 0.8183 0.7612
RAW 5 185 7 1 0 0.7500 0.4800 0.2800
RAW 0 186 3 1 1 0.6042 0.4483 0.3626
RAW 1 186 3 1 1 0.6458 0.5333 0.4476
RAW 2 186 3 1 1 0.6458 0.5333 0.4476
RAW 3 186 3 1 1 0.6458 0.5333 0.4476
RAW 4 186 6 1 0 0.6667 0.5500 0.3786
RAW 5 186 3 1 1 0.6042 0.4483 0.3626
RAW 0 187 3 1 1 0.5625 0.4867 0.4010
RAW 1 187 2 1 0 0.7500 0.5450 0.4879
RAW 2 187 2 1 0 0.7500 0.5450 0.4879
RAW 3 187 3 1 0 0.6979 0.6317 0.5460
RAW 4 187 2 1 0 0.7500 0.5450 0.4879
RAW 5 187 2 1 0 0.5729 0.4933 0.4362
RAW 0 188 3 1 1 0.8646 0.8750 0.7893
RAW 1 188 2 1 1 0.8646 0.8750 0.8179
RAW 2 188 3 1 0 0.8646 0.7733 0.6876
RAW 3 188 3 1 1 0.8750 0.7783 0.6926
RAW 4 188 2 1 1 0.8646 0.8750 0.8179
RAW 5 188 2 1 0 0.6042 0.5183 0.4612
RAW 0 189 3 1 1 0.7812 0.7967 0.7110
RAW 1 189 2 1 1 0.5729 0.5650 0.5079
RAW 2 189 4 1 0 0.5417 0.3600 0.2457
RAW 3 189 5 1 0 0.6146 0.5617 0.4188
RAW 4 189 3 1 0 0.7396 0.7067 0.6210
RAW 5 189 2 1 0 0.5729 0.4433 0.3862
RAW 0 190 3 1 1 0.5833 0.6167 0.5310
RAW 1 190 5 1 0 0.9062 0.7267 0.5838
RAW 2 190 6 1 0 0.7604 0.6717 0.5002
RAW 3 190 5 1 0 0.7708 0.8050 0.6621
RAW 4 190 6 1 0 0.9167 0.8317 0.6602
RAW 5 190 5 1 0 0.6354 0.4717 0.3288
RAW 0 191 3 1 1 0.5521 0.4983 0.4126
RAW 1 191 4 1 0 0.6458 0.6267 0.5124
RAW 2 191 6 1 0 0.6771 0.5500 0.3786
RAW 3 191 3 1 0 0.5833 0.5367 0.4510
RAW 4 191 2 1 1 0.6146 0.5467 0.4895
RAW 5 191 4 1 0 0.6354 0.4867 0.3724
RAW 0 192 3 1 1 0.6458 0.6750 0.5893
RAW 1 192 4 1 0 0.5000 0.4667 0.3524
RAW 2 192 4 1 0 0.5000 0.4683 0.3540
RAW 3 192 7 1 0 0.8646 0.6333 0.4333
RAW 4 192 2 1 0 0.9062 0.7883 0.7312
RAW 5 192 4 1 0 0.5417 0.4700 0.3557
RAW 0 193 3 1 1 0.5729 0.5233 0.4376
RAW 1 193 3 1 0 0.8438 0.8300 0.7443
RAW 2 193 6 1 0 0.5833 0.4983 0.3269
RAW 3 193 5 1 0 0.5729 0.5200 0.3771
RAW 4 193 3 1 0 0.8438 0.8300 0.7443
RAW 5 193 3 1 0 0.5729 0.5233 0.4376
RAW 0 194 3 1 1 0.5833 0.5100 0.4243
RAW 1 194 5 1 0 0.6042 0.6083 0.4655
RAW 2 194 5 1 0 0.5625 0.4933 0.3505
RAW 3 194 7 1 0 0.7708 0.7217 0.5217
RAW 4 194 8 1 0 0.8750 0.7050 0.4764
RAW 5 194 5 1 0 0.5833 0.4983 0.3555
RAW 0 195 3 1 1 0.5833 0.5200 0.4343
RAW 1 195 2 1 1 0.4896 0.4183 0.3612
RAW 2 195 0 1 0 0.5104 0.5000 0.5000
RAW 3 195 1 1 1 0.5104 0.5000 0.4714
RAW 4 195 2 1 1 0.6042 0.5367 0.4795
RAW 5 195 2 1 0 0.5625 0.4150 0.3579
RAW 0 196 3 1 1 0.7188 0.5933 0.5076
RAW 1 196 6 1 0 0.5104 0.4900 0.3186
RAW 2 196 5 1 0 0.5938 0.5733 0.4305
RAW 3 196 5 1 0 0.8021 0.7217 0.5788
RAW 4 196 4 1 0 0.7292 0.7433 0.6290
RAW 5 196 6 1 0 0.6354 0.5650 0.3936
RAW 0 197 3 1 1 0.5521 0.4933 0.4076
RAW 1 197 0 1 0 0.5521 0.4933 0.4933
RAW 2 197 0 1 0 0.5521 0.4933 0.4933
RAW 3 197 0 1 0 0.5521 0.4933 0.4933
RAW 4 197 0 1 0 0.5521 0.4933 0.4933
RAW 5 197 0 1 0 0.5521 0.4933 0.4933
RAW 0 198 3 1 1 0.5938 0.4833 0.3976
RAW 1 198 1 1 1 0.5938 0.5300 0.5014
RAW 2 198 1 1 1 0.5938 0.5300 0.5014
RAW 3 198 0 1 0 0.5625 0.4750 0.4750
RAW 4 198 1 1 1 0.5938 0.5300 0.5014
RAW 5 198 1 1 1 0.5625 0.4900 0.4614
RAW 0 199 3 1 1 0.6458 0.5233 0.4376
RAW 1 199 1 1 1 0.5938 0.4950 0.4664
RAW 2 199 1 1 1 0.5938 0.4950 0.4664
RAW 3 199 1 1 1 0.5938 0.4950 0.4664
RAW 4 199 1 1 1 0.5938 0.4950 0.4664
RAW 5 199 1 1 1 0.5625 0.5017 0.4731
RAW 0 200 3 1 1 0.7188 0.7833 0.6976
RAW 1 200 4 1 0 0.5521 0.4783 0.3640
RAW 2 200 3 1 0 0.6458 0.7050 0.6193
RAW 3 200 7 1 0 0.8333 0.7450 0.5450
RAW 4 200 3 1 0 0.8125 0.7400 0.6543
RAW 5 200 4 1 0 0.6042 0.5417 0.4274
RAW 0 201 3 1 1 0.5625 0.4850 0.3993
RAW 1 201 0 1 0 0.5625 0.4850 0.4850
RAW 2 201 0 1 0 0.5625 0.4850 0.4850
RAW 3 201 0 1 0 0.5625 0.4850 0.4850
RAW 4 201 0 1 0 0.5625 0.4850 0.4850
RAW 5 201 0 1 0 0.5625 0.4850 0.4850
RAW 0 202 3 1 1 0.7188 0.7117 0.6260
RAW 1 202 5 1 0 0.7083 0.7100 0.5671
RAW 2 202 7 1 0 0.6979 0.6533 0.4533
RAW 3 202 7 1 0 0.7292 0.4883 0.2883
RAW 4 202 2 1 1 0.6562 0.5733 0.5162
RAW 5 202 5 1 0 0.6562 0.5250 0.3821
RAW 0 203 3 1 1 0.6875 0.6867 0.6010
RAW 1 203 2 1 0 0.8021 0.7683 0.7112
RAW 2 203 2 1 0 0.8021 0.7683 0.7112
RAW 3 203 2 1 0 0.8021 0.7683 0.7112
RAW 4 203 2 1 0 0.8021 0.7683 0.7112
RAW 5 203 2 1 0 0.5208 0.4950 0.4379
RAW 0 204 3 1 1 0.8750 0.8700 0.7843
RAW 1 204 5 1 0 0.8646 0.8817 0.7388
RAW 2 204 4 1 0 0.8750 0.8700 0.7557
RAW 3 204 7 1 0 0.8958 0.5683 0.3683
RAW 4 204 3 1 0 0.8646 0.8783 0.7926
RAW 5 204 5 1 0 0.6875 0.4867 0.3438
RAW 0 205 3 1 1 0.7500 0.7550 0.6693
RAW 1 205 3 1 0 0.8021 0.7550 0.6693
RAW 2 205 3 1 0 0.6354 0.5067 0.4210
RAW 3 205 4 1 0 0.7292 0.4517 0.3374
RAW 4 205 2 1 0 0.7917 0.6700 0.6129
RAW 5 205 3 1 0 0.6146 0.4650 0.3793
RAW 0 206 3 1 1 0.8333 0.7367 0.6510
RAW 1 206 2 1 0 0.8229 0.7250 0.6679
RAW 2 206 2 1 0 0.8229 0.7250 0.6679
RAW 3 206 4 1 0 0.8958 0.8017 0.6874
RAW 4 206 3 1 0 0.7708 0.8100 0.7243
RAW 5 206 2 1 1 0.5625 0.5017 0.4445
RAW 0 207 3 1 1 0.6354 0.5117 0.4260
RAW 1 207 1 1 1 0.5417 0.5400 0.5114
RAW 2 207 1 1 1 0.5417 0.5400 0.5114
RAW 3 207 1 1 1 0.5417 0.5400 0.5114
RAW 4 207 1 1 1 0.5417 0.5300 0.5014
RAW 5 207 1 1 1 0.6667 0.4933 0.4648
RAW 0 208 3 1 1 0.5208 0.4933 0.4076
RAW 1 208 0 1 0 0.5208 0.4933 0.4933
RAW 2 208 0 1 0 0.5208 0.4933 0.4933
RAW 3 208 0 1 0 0.5208 0.4933 0.4933
RAW 4 208 2 1 0 0.4896 0.5150 0.4579
RAW 5 208 0 1 0 0.5208 0.4933 0.4933
RAW 0 209 3 1 1 0.7188 0.6083 0.5226
RAW 1 209 4 1 0 0.7188 0.5933 0.4790
RAW 2 209 4 1 0 0.5729 0.4867 0.3724
RAW 3 209 3 1 0 0.8333 0.6117 0.5260
RAW 4 209 5 1 0 0.6354 0.5167 0.3738
RAW 5 209 4 1 0 0.5729 0.4617 0.3474
RAW 0 210 3 1 1 0.7396 0.7967 0.7110
RAW 1 210 4 1 0 0.7812 0.6600 0.5457
RAW 2 210 2 1 0 0.8125 0.8417 0.7845
RAW 3 210 2 1 0 0.8125 0.8417 0.7845
RAW 4 210 2 1 0 0.8125 0.8417 0.7845
RAW 5 210 4 1 1 0.7396 0.7950 0.6807
RAW 0 211 3 1 1 0.8021 0.6817 0.5960
RAW 1 211 4 1 0 0.8229 0.6683 0.5540
RAW 2 211 3 1 0 0.6875 0.7667 0.6810
RAW 3 211 6 1 0 0.8750 0.7167 0.5452
RAW 4 211 4 1 0 0.8021 0.7967 0.6824
RAW 5 211 4 1 0 0.5521 0.5683 0.4540
RAW 0 212 3 1 1 0.5208 0.4983 0.4126
RAW 1 212 2 1 1 0.6146 0.4950 0.4379
RAW 2 212 2 1 1 0.6146 0.4950 0.4379
RAW 3 212 2 1 1 0.6146 0.4950 0.4379
RAW 4 212 2 1 1 0.6354 0.6017 0.5445
RAW 5 212 2 1 0 0.5104 0.5050 0.4479
RAW 0 213 3 1 1 0.5521 0.5183 0.4326
RAW 1 213 0 1 0 0.5521 0.5183 0.5183
RAW 2 213 0 1 0 0.5521 0.5183 0.5183
RAW 3 213 0 1 0 0.5521 0.5183 0.5183
RAW 4 213 0 1 0 0.5521 0.5183 0.5183
RAW 5 213 0 1 0 0.5521 0.5183 0.5183
RAW 0 214 3 1 1 0.6146 0.6400 0.5543
RAW 1 214 4 1 0 0.5625 0.6317 0.5174
RAW 2 214 7 1 0 0.7604 0.6283 0.4283
RAW 3 214 4 1 0 0.6458 0.5567 0.4424
RAW 4 214 5 1 0 0.5312 0.5133 0.3705
RAW 5 214 4 1 0 0.7188 0.6517 0.5374
RAW 0 215 3 1 1 0.5521 0.5150 0.4293
RAW 1 215 1 1 1 0.5625 0.5400 0.5114
RAW 2 215 1 1 1 0.5625 0.5400 0.5114
RAW 3 215 1 1 1 0.5625 0.5400 0.5114
RAW 4 215 1 1 1 0.5625 0.5400 0.5114
RAW 5 215 1 1 1 0.6146 0.5983 0.5698
RAW 0 216 3 1 1 0.8542 0.8000 0.7143
RAW 1 216 6 1 0 0.8021 0.7683 0.5969
RAW 2 216 3 1 1 0.8542 0.8000 0.7143
RAW 3 216 2 1 0 0.6771 0.6750 0.6179
RAW 4 216 4 1 0 0.8542 0.8000 0.6857
RAW 5 216 6 1 0 0.6250 0.5100 0.3386
RAW 0 217 3 1 1 0.7604 0.7483 0.6626
RAW 1 217 5 1 0 0.7812 0.5883 0.4455
RAW 2 217 4 1 0 0.7188 0.6717 0.5574
RAW 3 217 4 1 0 0.7500 0.6650 0.5507
RAW 4 217 5 1 0 0.7812 0.5883 0.4455
RAW 5 217 5 1 0 0.6562 0.4883 0.3455
RAW 0 218 3 1 1 0.5104 0.4900 0.4043
RAW 1 218 2 1 1 0.6354 0.5267 0.4695
RAW 2 218 2 1 1 0.6354 0.5333 0.4762
RAW 3 218 2 1 1 0.5833 0.4833 0.4262
RAW 4 218 2 1 1 0.6354 0.5333 0.4762
RAW 5 218 2 1 0 0.5208 0.5617 0.5045
RAW 0 219 3 1 1 0.4792 0.5283 0.4426
RAW 1 219 2 1 1 0.8125 0.8283 0.7712
RAW 2 219 2 1 1 0.8125 0.8283 0.7712
RAW 3 219 4 1 0 0.8438 0.7083 0.5940
RAW 4 219 2 1 1 0.8125 0.8283 0.7712
RAW 5 219 2 1 0 0.7604 0.5017 0.4445
RAW 0 220 3 1 1 0.6354 0.6267 0.5410
RAW 1 220 7 1 0 0.6562 0.4967 0.2967
RAW 2 220 3 1 1 0.7604 0.7250 0.6393
RAW 3 220 3 1 1 0.7604 0.7250 0.6393
RAW 4 220 2 1 1 0.5729 0.5850 0.5279
RAW 5 220 7 1 0 0.5938 0.5700 0.3700
RAW 0 221 3 1 1 0.6146 0.6017 0.5160
RAW 1 221 0 1 0 0.5625 0.5433 0.5433
RAW 2 221 0 1 0 0.5625 0.5433 0.5433
RAW 3 221 0 0 0 0.5625 0.5433 0.5433
RAW 4 221 0 1 0 0.5625 0.5433 0.5433
RAW 5 221 0 1 0 0.5625 0.5433 0.5433
RAW 0 222 3 1 1 0.8542 0.8500 0.7643
RAW 1 222 3 1 0 0.8542 0.7717 0.6860
RAW 2 222 5 1 0 0.8958 0.7683 0.6255
RAW 3 222 3 1 0 0.8854 0.7617 0.6760
RAW 4 222 3 1 0 0.8646 0.7783 0.6926
RAW 5 222 3 1 0 0.8125 0.6583 0.5726
RAW 0 223 3 1 1 0.7396 0.7967 0.7110
RAW 1 223 2 1 0 0.7083 0.6750 0.6179
RAW 2 223 3 1 1 0.7396 0.7167 0.6310
RAW 3 223 2 1 0 0.8125 0.6150 0.5579
RAW 4 223 2 1 0 0.7083 0.6750 0.6179
RAW 5 223 2 1 0 0.6771 0.4883 0.4312
RAW 0 224 3 1 1 0.5833 0.4883 0.4026
RAW 1 224 2 1 0 0.6458 0.5517 0.4945
RAW 2 224 3 1 0 0.5729 0.5283 0.4426
RAW 3 224 2 1 0 0.6458 0.5517 0.4945
RAW 4 224 2 1 0 0.6458 0.5517 0.4945
RAW 5 224 2 1 0 0.5312 0.4700 0.4129
RAW 0 225 3 1 1 0.5625 0.4850 0.3993
RAW 1 225 4 1 0 0.6354 0.5533 0.4390
RAW 2 225 4 1 0 0.7500 0.5200 0.4057
RAW 3 225 3 1 0 0.5312 0.4933 0.4076
RAW 4 225 5 1 0 0.6250 0.4983 0.3555
RAW 5 225 4 1 0 0.5938 0.4983 0.3840
RAW 0 226 3 1 1 0.5104 0.4750 0.3893
RAW 1 226 8 1 0 0.7500 0.6200 0.3914
RAW 2 226 4 1 0 0.7708 0.7383 0.6240
RAW 3 226 4 1 0 0.8021 0.7800 0.6657
RAW 4 226 2 1 0 0.7396 0.7067 0.6495
RAW 5 226 8 1 0 0.6771 0.6067 0.3781
RAW 0 227 3 1 1 0.7396 0.8233 0.7376
RAW 1 227 3 1 1 0.8438 0.8433 0.7576
RAW 2 227 4 1 0 0.8125 0.7083 0.5940
RAW 3 227 4 1 0 0.8229 0.8550 0.7407
RAW 4 227 3 1 1 0.7396 0.8233 0.7376
RAW 5 227 3 1 0 0.6146 0.5150 0.4293
RAW 0 228 3 1 1 0.7292 0.5633 0.4776
RAW 1 228 4 1 0 0.6667 0.5083 0.3940
RAW 2 228 3 1 1 0.7188 0.7150 0.6293
RAW 3 228 4 1 1 0.7708 0.6483 0.5340
RAW 4 228 3 1 1 0.7188 0.7150 0.6293
RAW 5 228 4 1 0 0.6042 0.5583 0.4440
RAW 0 229 3 1 1 0.8646 0.9033 0.8176
RAW 1 229 2 1 0 0.8646 0.8217 0.7645
RAW 2 229 2 1 0 0.8646 0.9050 0.8479
RAW 3 229 2 1 0 0.8646 0.9050 0.8479
RAW 4 229 2 1 0 0.8646 0.8217 0.7645
RAW 5 229 2 1 0 0.6667 0.4167 0.3595
RAW 0 230 3 1 1 0.6146 0.5617 0.4760
RAW 1 230 2 1 1 0.6042 0.5267 0.4695
RAW 2 230 6 1 0 0.7396 0.5750 0.4036
RAW 3 230 4 1 1 0.6979 0.5650 0.4507
RAW 4 230 5 1 0 0.8021 0.5750 0.4321
RAW 5 230 2 1 0 0.6042 0.5083 0.4512
RAW 0 231 3 1 1 0.5833 0.5317 0.4460
RAW 1 231 2 1 0 0.5521 0.5500 0.4929
RAW 2 231 5 1 0 0.5417 0.4450 0.3021
RAW 3 231 4 1 0 0.6667 0.4817 0.3674
RAW 4 231 4 1 0 0.7396 0.6100 0.4957
RAW 5 231 2 1 0 0.5000 0.5017 0.4445
RAW 0 232 3 1 1 0.5833 0.4933 0.4076
RAW 1 232 0 1 0 0.5625 0.4883 0.4883
RAW 2 232 0 1 0 0.5625 0.4883 0.4883
RAW 3 232 0 1 0 0.5625 0.4883 0.4883
RAW 4 232 0 1 0 0.5625 0.4883 0.4883
RAW 5 232 0 1 0 0.5625 0.4883 0.4883
RAW 0 233 3 1 1 0.5938 0.4583 0.3726
RAW 1 233 1 1 1 0.5938 0.4583 0.4298
RAW 2 233 1 1 1 0.5938 0.4583 0.4298
RAW 3 233 1 1 1 0.5938 0.4583 0.4298
RAW 4 233 1 0 1 0.5938 0.4583 0.4298
RAW 5 233 1 1 1 0.5938 0.4583 0.4298
RAW 0 234 3 1 1 0.5521 0.5083 0.4226
RAW 1 234 4 1 0 0.7500 0.7817 0.6674
RAW 2 234 4 1 0 0.5938 0.4783 0.3640
RAW 3 234 3 1 0 0.6458 0.4967 0.4110
RAW 4 234 4 1 0 0.7500 0.6483 0.5340
RAW 5 234 4 1 0 0.6042 0.3833 0.2690
RAW 0 235 3 1 1 0.5938 0.5233 0.4376
RAW 1 235 6 1 0 0.8125 0.6700 0.4986
RAW 2 235 2 1 1 0.8229 0.6683 0.6112
RAW 3 235 5 1 0 0.6875 0.4650 0.3221
RAW 4 235 2 1 1 0.8229 0.6683 0.6112
RAW 5 235 6 1 0 0.5417 0.5167 0.3452
RAW 0 236 3 1 1 0.5833 0.5100 0.4243
RAW 1 236 0 1 0 0.5417 0.5233 0.5233
RAW 2 236 0 1 0 0.5417 0.5233 0.5233
RAW 3 236 0 1 0 0.5417 0.5233 0.5233
RAW 4 236 0 1 0 0.5417 0.5233 0.5233
RAW 5 236 0 1 0 0.5417 0.5233 0.5233
RAW 0 237 3 1 1 0.6979 0.7117 0.6260
RAW 1 237 4 1 0 0.6042 0.4533 0.3390
RAW 2 237 3 1 0 0.5312 0.5433 0.4576
RAW 3 237 7 1 0 0.7083 0.5117 0.3117
RAW 4 237 4 1 0 0.6042 0.4417 0.3274
RAW 5 237 4 1 0 0.6979 0.5167 0.4024
RAW 0 238 3 1 1 0.4271 0.5033 0.4176
RAW 1 238 3 1 0 0.7917 0.4367 0.3510
RAW 2 238 7 1 0 0.8125 0.8350 0.6350
RAW 3 238 6 1 0 0.6771 0.5283 0.3569
RAW 4 238 4 1 0 0.8229 0.8267 0.7124
RAW 5 238 3 1 0 0.6458 0.4717 0.3860
RAW 0 239 3 1 1 0.8646 0.7883 0.7026
RAW 1 239 3 1 1 0.8646 0.7883 0.7026
RAW 2 239 6 1 0 0.7812 0.5133 0.3419
RAW 3 239 3 1 1 0.8646 0.7883 0.7026
RAW 4 239 3 1 1 0.8646 0.7883 0.7026
RAW 5 239 3 1 0 0.5938 0.5133 0.4276
RAW 0 240 3 1 1 0.8646 0.8733 0.7876
RAW 1 240 2 1 0 0.7812 0.7483 0.6912
RAW 2 240 4 1 1 0.8229 0.7783 0.6640
RAW 3 240 5 1 0 0.8646 0.8683 0.7255
RAW 4 240 2 1 0 0.7812 0.7483 0.6912
RAW 5 240 2 1 0 0.5625 0.5300 0.4729
  producer                    taps  shared contig train acc   heldout  objective
  ideal conv (shared)          3.0    1.00   1.00     0.661     0.617     0.5311
  GA flip-only                 3.0    0.99   0.31     0.677     0.603     0.5165
  GA flip+slide                3.0    0.99   0.28     0.671     0.593     0.5088
  GA flip+rewire               3.2    0.97   0.24     0.682     0.592     0.5000
  GA flip+xover                2.7    0.97   0.39     0.693     0.626     0.5498
  GA-tap-matched random        3.0    1.00   0.15     0.598     0.516     0.4295

GATE (protocol item 9, before any operator work):
  PASS if 'ideal conv (shared)' has the highest objective -- the convolution is finally the
  optimum, and the search question becomes meaningful.
  The UNSHARED rows are the mechanism check: they should fit train and collapse on heldout.
  If they transfer too, the task does not demand sharing and this probe is not yet valid.
