DISCOVERY: does the search decide the decomposition from the composite label + a
channel-energy budget ALONE (no per-operation labels)?  N=16 K=3 P=14, NTR=64 AMP=3.0,
40 seeds x 3 restarts, target 0.85, 800 epochs/arm. fair mean (never best-of), paired seeds.

  task    | test acc at C=1..4                | energy-selected C*
  1   op  | 0.972 0.991 0.996 0.998   | C*=1
  2   op  | 0.711 0.812 0.875 0.899   | C*=3
RAW 2 1 0.766000 0.907333 0.647778 1
RAW 2 2 0.730889 0.689778 0.535778 2
RAW 2 3 0.707333 0.727111 0.648000 2
RAW 2 4 0.750667 0.785111 0.542444 0
RAW 2 5 0.899778 0.917556 0.683333 2
RAW 2 6 0.904222 0.975556 0.647333 1
RAW 2 7 0.676000 0.748444 0.627778 0
RAW 2 8 0.740667 0.999778 0.700222 2
RAW 2 9 0.913556 1.000000 0.658889 2
RAW 2 10 0.916444 1.000000 0.652444 2
RAW 2 11 0.857333 0.770444 0.657556 2
RAW 2 12 0.918000 1.000000 0.666889 2
RAW 2 13 0.812889 1.000000 0.663778 2
RAW 2 14 0.712667 0.851111 0.665778 1
RAW 2 15 0.706000 0.763556 0.658444 1
RAW 2 16 0.983111 0.998667 0.634444 1
RAW 2 17 0.904222 0.862889 0.645778 3
RAW 2 18 0.773333 0.800222 0.652444 1
RAW 2 19 0.779333 0.799111 0.651778 2
RAW 2 20 0.756222 0.765778 0.620222 2
RAW 2 21 0.858444 0.740000 0.676667 2
RAW 2 22 0.696889 0.846444 0.676444 1
RAW 2 23 0.727778 0.778889 0.612667 2
RAW 2 24 0.708000 0.973333 0.599778 2
RAW 2 25 0.807556 1.000000 0.670889 3
RAW 2 26 0.832667 0.917556 0.666889 3
RAW 2 27 0.810000 0.982222 0.627778 1
RAW 2 28 0.679778 0.746222 0.644000 2
RAW 2 29 0.707333 0.956444 0.649333 0
RAW 2 30 0.998222 0.827778 0.765778 1
RAW 2 31 0.799556 0.822444 0.734889 2
RAW 2 32 0.763556 0.804222 0.650889 1
RAW 2 33 1.000000 0.990222 0.666889 3
RAW 2 34 0.830889 0.907556 0.587778 2
RAW 2 35 0.777111 0.805333 0.646222 2
RAW 2 36 0.956000 0.910667 0.627778 1
RAW 2 37 0.917556 0.920222 0.648889 2
RAW 2 38 0.754000 1.000000 0.663111 1
RAW 2 39 0.812000 0.774222 0.635556 2
RAW 2 40 0.827111 0.897333 0.704222 2

two-op decomposition (C=2), 120 runs:
  discovered (2 shared channels, composite label only)  test = 0.812
  aux-label CURRICULUM (supervised upper bound)         test = 0.874
  unshared from-scratch (starvation floor)              test = 0.650
  channel specialization: 66/120 runs split the two motifs (55%); mean best-align = 0.78

EMERGENCE if: C* = 1 for one op and 2 for two ops (parts discovered), AND the two
channels specialize to the two motifs -- all from the composite label, no per-op supervision.
NULL (also reportable) if C* does not track op count or the channels fail to specialize.
