emerge_rewire2 -- rewiring vs add/remove (paper 2, version 2)
inner: backprop, 50 epochs, curve every 5.   outer: GA, POP=24 ELITE=4, 0 gens x 40 seeds
seed = minimal (w=1, coverage must be earned)
fitness = final accuracy - 1.000*energy    PSLIDE=0.150 PGROW=0.100 PSHARE=0.050
(GENS=0: NO-EVOLUTION CONTROL -- any arm difference here is not selection)

PROTOCOL  sensitivity placement  fitness 0.4983..0.9350 (span 0.4367)  energy 0.025000..0.025000
PROTOCOL  sensitivity width      fitness 0.4250..0.8567 (span 0.4317)  energy 0.008333..0.100000
PROTOCOL  convergence   accuracy gained over the second half of the budget: -0.0006
PROTOCOL                -> CONVERGED: endpoint summarises the learner; trajectory fitness would add only noise
TGT 1 ideal 0.765000
TGT 1 wide  0.760000
TGT 2 ideal 0.821667
TGT 2 wide  0.853333
TGT 3 ideal 0.741667
TGT 3 wide  0.700000
TGT 4 ideal 0.875000
TGT 4 wide  0.880000
TGT 5 ideal 0.848333
TGT 5 wide  0.813333
TGT 6 ideal 0.765000
TGT 6 wide  0.736667
TGT 7 ideal 0.815000
TGT 7 wide  0.796667
TGT 8 ideal 0.711667
TGT 8 wide  0.690000
TGT 9 ideal 0.915000
TGT 9 wide  0.886667
TGT 10 ideal 0.635000
TGT 10 wide  0.626667
TGT 11 ideal 0.735000
TGT 11 wide  0.656667
TGT 12 ideal 0.871667
TGT 12 wide  0.870000
TGT 13 ideal 0.875000
TGT 13 wide  0.886667
TGT 14 ideal 0.761667
TGT 14 wide  0.766667
TGT 15 ideal 0.805000
TGT 15 wide  0.773333
TGT 16 ideal 0.791667
TGT 16 wide  0.733333
TGT 17 ideal 0.895000
TGT 17 wide  0.866667
TGT 18 ideal 0.918333
TGT 18 wide  0.906667
TGT 19 ideal 0.911667
TGT 19 wide  0.883333
TGT 20 ideal 0.761667
TGT 20 wide  0.730000
TGT 21 ideal 0.708333
TGT 21 wide  0.760000
TGT 22 ideal 0.858333
TGT 22 wide  0.833333
TGT 23 ideal 0.841667
TGT 23 wide  0.850000
TGT 24 ideal 0.911667
TGT 24 wide  0.903333
TGT 25 ideal 0.881667
TGT 25 wide  0.856667
TGT 26 ideal 0.721667
TGT 26 wide  0.726667
TGT 27 ideal 0.901667
TGT 27 wide  0.920000
TGT 28 ideal 0.935000
TGT 28 wide  0.886667
TGT 29 ideal 0.881667
TGT 29 wide  0.866667
TGT 30 ideal 0.775000
TGT 30 wide  0.760000
TGT 31 ideal 0.865000
TGT 31 wide  0.863333
TGT 32 ideal 0.815000
TGT 32 wide  0.820000
TGT 33 ideal 0.708333
TGT 33 wide  0.726667
TGT 34 ideal 0.685000
TGT 34 wide  0.666667
TGT 35 ideal 0.915000
TGT 35 wide  0.880000
TGT 36 ideal 0.845000
TGT 36 wide  0.826667
TGT 37 ideal 0.875000
TGT 37 wide  0.856667
TGT 38 ideal 0.671667
TGT 38 wide  0.740000
TGT 39 ideal 0.798333
TGT 39 wide  0.706667
TGT 40 ideal 0.888333
TGT 40 wide  0.876667
PROTOCOL  target        ideal convolution (w=K=3, tiled): fitness 0.8176   w=K+1 variant: 0.8036
PROTOCOL                -> compare against the arms below; if the search beats the ideal,
PROTOCOL                   the objective does not have the convolution as its optimum.

  arm             shared-frac  mean-w  max-w  coverage  energy   test  diversity
RAW 0 0 1 0.0833 1.0000 1.0000 0.0000 0.083333 0.5600
RAW 0 0 2 0.0833 1.0000 1.0000 0.0000 0.083333 0.5160
RAW 0 0 3 0.0833 1.0000 1.0000 0.0000 0.083333 0.5500
RAW 0 0 4 0.0833 1.0000 1.0000 0.0000 0.083333 0.5400
RAW 0 0 5 0.0833 1.0000 1.0000 0.0000 0.083333 0.5580
RAW 0 0 6 0.0833 1.0000 1.0000 0.0000 0.083333 0.5350
RAW 0 0 7 0.0833 1.0000 1.0000 0.0000 0.083333 0.5980
RAW 0 0 8 0.0833 1.0000 1.0000 0.0000 0.083333 0.5880
RAW 0 0 9 0.0833 1.0000 1.0000 0.0000 0.083333 0.5020
RAW 0 0 10 0.0833 1.0000 1.0000 0.0000 0.083333 0.5300
RAW 0 0 11 0.0833 1.0000 1.0000 0.0000 0.083333 0.5370
RAW 0 0 12 0.0833 1.0000 1.0000 0.0000 0.083333 0.6980
RAW 0 0 13 0.0833 1.0000 1.0000 0.0000 0.083333 0.7010
RAW 0 0 14 0.0833 1.0000 1.0000 0.0000 0.083333 0.7170
RAW 0 0 15 0.0833 1.0000 1.0000 0.0000 0.083333 0.5740
RAW 0 0 16 0.0833 1.0000 1.0000 0.0000 0.083333 0.5750
RAW 0 0 17 0.0833 1.0000 1.0000 0.0000 0.083333 0.7020
RAW 0 0 18 0.0833 1.0000 1.0000 0.0000 0.083333 0.6940
RAW 0 0 19 0.0833 1.0000 1.0000 0.0000 0.083333 0.6400
RAW 0 0 20 0.0833 1.0000 1.0000 0.0000 0.083333 0.6030
RAW 0 0 21 0.0833 1.0000 1.0000 0.0000 0.083333 0.5470
RAW 0 0 22 0.0833 1.0000 1.0000 0.0000 0.083333 0.5160
RAW 0 0 23 0.0833 1.0000 1.0000 0.0000 0.083333 0.6280
RAW 0 0 24 0.0833 1.0000 1.0000 0.0000 0.083333 0.6070
RAW 0 0 25 0.0833 1.0000 1.0000 0.0000 0.083333 0.5640
RAW 0 0 26 0.0833 1.0000 1.0000 0.0000 0.083333 0.5490
RAW 0 0 27 0.0833 1.0000 1.0000 0.0000 0.083333 0.5610
RAW 0 0 28 0.0833 1.0000 1.0000 0.0000 0.083333 0.4980
RAW 0 0 29 0.0833 1.0000 1.0000 0.0000 0.083333 0.5290
RAW 0 0 30 0.0833 1.0000 1.0000 0.0000 0.083333 0.5330
RAW 0 0 31 0.0833 1.0000 1.0000 0.0000 0.083333 0.5280
RAW 0 0 32 0.0833 1.0000 1.0000 0.0000 0.083333 0.4780
RAW 0 0 33 0.0833 1.0000 1.0000 0.0000 0.083333 0.5360
RAW 0 0 34 0.0833 1.0000 1.0000 0.0000 0.083333 0.5240
RAW 0 0 35 0.0833 1.0000 1.0000 0.0000 0.083333 0.5630
RAW 0 0 36 0.0833 1.0000 1.0000 0.0000 0.083333 0.5110
RAW 0 0 37 0.0833 1.0000 1.0000 0.0000 0.083333 0.5920
RAW 0 0 38 0.0833 1.0000 1.0000 0.0000 0.083333 0.5770
RAW 0 0 39 0.0833 1.0000 1.0000 0.0000 0.083333 0.5000
RAW 0 0 40 0.0833 1.0000 1.0000 0.0000 0.083333 0.5260
  0 no-rewire      0.000       1.00    1.00   0.083    0.0833   0.570    0.0000
RAW 1 0 1 0.0833 1.0000 1.0000 0.0000 0.083333 0.5600
RAW 1 0 2 0.0833 1.0000 1.0000 0.0000 0.083333 0.5160
RAW 1 0 3 0.0833 1.0000 1.0000 0.0000 0.083333 0.5500
RAW 1 0 4 0.0833 1.0000 1.0000 0.0000 0.083333 0.5400
RAW 1 0 5 0.0833 1.0000 1.0000 0.0000 0.083333 0.5580
RAW 1 0 6 0.0833 1.0000 1.0000 0.0000 0.083333 0.5350
RAW 1 0 7 0.0833 1.0000 1.0000 0.0000 0.083333 0.5980
RAW 1 0 8 0.0833 1.0000 1.0000 0.0000 0.083333 0.5880
RAW 1 0 9 0.0833 1.0000 1.0000 0.0000 0.083333 0.5020
RAW 1 0 10 0.0833 1.0000 1.0000 0.0000 0.083333 0.5300
RAW 1 0 11 0.0833 1.0000 1.0000 0.0000 0.083333 0.5370
RAW 1 0 12 0.0833 1.0000 1.0000 0.0000 0.083333 0.6980
RAW 1 0 13 0.0833 1.0000 1.0000 0.0000 0.083333 0.7010
RAW 1 0 14 0.0833 1.0000 1.0000 0.0000 0.083333 0.7170
RAW 1 0 15 0.0833 1.0000 1.0000 0.0000 0.083333 0.5740
RAW 1 0 16 0.0833 1.0000 1.0000 0.0000 0.083333 0.5750
RAW 1 0 17 0.0833 1.0000 1.0000 0.0000 0.083333 0.7020
RAW 1 0 18 0.0833 1.0000 1.0000 0.0000 0.083333 0.6940
RAW 1 0 19 0.0833 1.0000 1.0000 0.0000 0.083333 0.6400
RAW 1 0 20 0.0833 1.0000 1.0000 0.0000 0.083333 0.6030
RAW 1 0 21 0.0833 1.0000 1.0000 0.0000 0.083333 0.5470
RAW 1 0 22 0.0833 1.0000 1.0000 0.0000 0.083333 0.5160
RAW 1 0 23 0.0833 1.0000 1.0000 0.0000 0.083333 0.6280
RAW 1 0 24 0.0833 1.0000 1.0000 0.0000 0.083333 0.6070
RAW 1 0 25 0.0833 1.0000 1.0000 0.0000 0.083333 0.5640
RAW 1 0 26 0.0833 1.0000 1.0000 0.0000 0.083333 0.5490
RAW 1 0 27 0.0833 1.0000 1.0000 0.0000 0.083333 0.5610
RAW 1 0 28 0.0833 1.0000 1.0000 0.0000 0.083333 0.4980
RAW 1 0 29 0.0833 1.0000 1.0000 0.0000 0.083333 0.5290
RAW 1 0 30 0.0833 1.0000 1.0000 0.0000 0.083333 0.5330
RAW 1 0 31 0.0833 1.0000 1.0000 0.0000 0.083333 0.5280
RAW 1 0 32 0.0833 1.0000 1.0000 0.0000 0.083333 0.4780
RAW 1 0 33 0.0833 1.0000 1.0000 0.0000 0.083333 0.5360
RAW 1 0 34 0.0833 1.0000 1.0000 0.0000 0.083333 0.5240
RAW 1 0 35 0.0833 1.0000 1.0000 0.0000 0.083333 0.5630
RAW 1 0 36 0.0833 1.0000 1.0000 0.0000 0.083333 0.5110
RAW 1 0 37 0.0833 1.0000 1.0000 0.0000 0.083333 0.5920
RAW 1 0 38 0.0833 1.0000 1.0000 0.0000 0.083333 0.5770
RAW 1 0 39 0.0833 1.0000 1.0000 0.0000 0.083333 0.5000
RAW 1 0 40 0.0833 1.0000 1.0000 0.0000 0.083333 0.5260
  1 slide-1        0.000       1.00    1.00   0.083    0.0833   0.570    0.0000
RAW 2 0 1 0.0833 1.0000 1.0000 0.0000 0.083333 0.5600
RAW 2 0 2 0.0833 1.0000 1.0000 0.0000 0.083333 0.5160
RAW 2 0 3 0.0833 1.0000 1.0000 0.0000 0.083333 0.5500
RAW 2 0 4 0.0833 1.0000 1.0000 0.0000 0.083333 0.5400
RAW 2 0 5 0.0833 1.0000 1.0000 0.0000 0.083333 0.5580
RAW 2 0 6 0.0833 1.0000 1.0000 0.0000 0.083333 0.5350
RAW 2 0 7 0.0833 1.0000 1.0000 0.0000 0.083333 0.5980
RAW 2 0 8 0.0833 1.0000 1.0000 0.0000 0.083333 0.5880
RAW 2 0 9 0.0833 1.0000 1.0000 0.0000 0.083333 0.5020
RAW 2 0 10 0.0833 1.0000 1.0000 0.0000 0.083333 0.5300
RAW 2 0 11 0.0833 1.0000 1.0000 0.0000 0.083333 0.5370
RAW 2 0 12 0.0833 1.0000 1.0000 0.0000 0.083333 0.6980
RAW 2 0 13 0.0833 1.0000 1.0000 0.0000 0.083333 0.7010
RAW 2 0 14 0.0833 1.0000 1.0000 0.0000 0.083333 0.7170
RAW 2 0 15 0.0833 1.0000 1.0000 0.0000 0.083333 0.5740
RAW 2 0 16 0.0833 1.0000 1.0000 0.0000 0.083333 0.5750
RAW 2 0 17 0.0833 1.0000 1.0000 0.0000 0.083333 0.7020
RAW 2 0 18 0.0833 1.0000 1.0000 0.0000 0.083333 0.6940
RAW 2 0 19 0.0833 1.0000 1.0000 0.0000 0.083333 0.6400
RAW 2 0 20 0.0833 1.0000 1.0000 0.0000 0.083333 0.6030
RAW 2 0 21 0.0833 1.0000 1.0000 0.0000 0.083333 0.5470
RAW 2 0 22 0.0833 1.0000 1.0000 0.0000 0.083333 0.5160
RAW 2 0 23 0.0833 1.0000 1.0000 0.0000 0.083333 0.6280
RAW 2 0 24 0.0833 1.0000 1.0000 0.0000 0.083333 0.6070
RAW 2 0 25 0.0833 1.0000 1.0000 0.0000 0.083333 0.5640
RAW 2 0 26 0.0833 1.0000 1.0000 0.0000 0.083333 0.5490
RAW 2 0 27 0.0833 1.0000 1.0000 0.0000 0.083333 0.5610
RAW 2 0 28 0.0833 1.0000 1.0000 0.0000 0.083333 0.4980
RAW 2 0 29 0.0833 1.0000 1.0000 0.0000 0.083333 0.5290
RAW 2 0 30 0.0833 1.0000 1.0000 0.0000 0.083333 0.5330
RAW 2 0 31 0.0833 1.0000 1.0000 0.0000 0.083333 0.5280
RAW 2 0 32 0.0833 1.0000 1.0000 0.0000 0.083333 0.4780
RAW 2 0 33 0.0833 1.0000 1.0000 0.0000 0.083333 0.5360
RAW 2 0 34 0.0833 1.0000 1.0000 0.0000 0.083333 0.5240
RAW 2 0 35 0.0833 1.0000 1.0000 0.0000 0.083333 0.5630
RAW 2 0 36 0.0833 1.0000 1.0000 0.0000 0.083333 0.5110
RAW 2 0 37 0.0833 1.0000 1.0000 0.0000 0.083333 0.5920
RAW 2 0 38 0.0833 1.0000 1.0000 0.0000 0.083333 0.5770
RAW 2 0 39 0.0833 1.0000 1.0000 0.0000 0.083333 0.5000
RAW 2 0 40 0.0833 1.0000 1.0000 0.0000 0.083333 0.5260
  2 rewire-rand    0.000       1.00    1.00   0.083    0.0833   0.570    0.0000
RAW 3 0 1 0.0833 1.0000 1.0000 0.0000 0.083333 0.5600
RAW 3 0 2 0.0833 1.0000 1.0000 0.0000 0.083333 0.5160
RAW 3 0 3 0.0833 1.0000 1.0000 0.0000 0.083333 0.5500
RAW 3 0 4 0.0833 1.0000 1.0000 0.0000 0.083333 0.5400
RAW 3 0 5 0.0833 1.0000 1.0000 0.0000 0.083333 0.5580
RAW 3 0 6 0.0833 1.0000 1.0000 0.0000 0.083333 0.5350
RAW 3 0 7 0.0833 1.0000 1.0000 0.0000 0.083333 0.5980
RAW 3 0 8 0.0833 1.0000 1.0000 0.0000 0.083333 0.5880
RAW 3 0 9 0.0833 1.0000 1.0000 0.0000 0.083333 0.5020
RAW 3 0 10 0.0833 1.0000 1.0000 0.0000 0.083333 0.5300
RAW 3 0 11 0.0833 1.0000 1.0000 0.0000 0.083333 0.5370
RAW 3 0 12 0.0833 1.0000 1.0000 0.0000 0.083333 0.6980
RAW 3 0 13 0.0833 1.0000 1.0000 0.0000 0.083333 0.7010
RAW 3 0 14 0.0833 1.0000 1.0000 0.0000 0.083333 0.7170
RAW 3 0 15 0.0833 1.0000 1.0000 0.0000 0.083333 0.5740
RAW 3 0 16 0.0833 1.0000 1.0000 0.0000 0.083333 0.5750
RAW 3 0 17 0.0833 1.0000 1.0000 0.0000 0.083333 0.7020
RAW 3 0 18 0.0833 1.0000 1.0000 0.0000 0.083333 0.6940
RAW 3 0 19 0.0833 1.0000 1.0000 0.0000 0.083333 0.6400
RAW 3 0 20 0.0833 1.0000 1.0000 0.0000 0.083333 0.6030
RAW 3 0 21 0.0833 1.0000 1.0000 0.0000 0.083333 0.5470
RAW 3 0 22 0.0833 1.0000 1.0000 0.0000 0.083333 0.5160
RAW 3 0 23 0.0833 1.0000 1.0000 0.0000 0.083333 0.6280
RAW 3 0 24 0.0833 1.0000 1.0000 0.0000 0.083333 0.6070
RAW 3 0 25 0.0833 1.0000 1.0000 0.0000 0.083333 0.5640
RAW 3 0 26 0.0833 1.0000 1.0000 0.0000 0.083333 0.5490
RAW 3 0 27 0.0833 1.0000 1.0000 0.0000 0.083333 0.5610
RAW 3 0 28 0.0833 1.0000 1.0000 0.0000 0.083333 0.4980
RAW 3 0 29 0.0833 1.0000 1.0000 0.0000 0.083333 0.5290
RAW 3 0 30 0.0833 1.0000 1.0000 0.0000 0.083333 0.5330
RAW 3 0 31 0.0833 1.0000 1.0000 0.0000 0.083333 0.5280
RAW 3 0 32 0.0833 1.0000 1.0000 0.0000 0.083333 0.4780
RAW 3 0 33 0.0833 1.0000 1.0000 0.0000 0.083333 0.5360
RAW 3 0 34 0.0833 1.0000 1.0000 0.0000 0.083333 0.5240
RAW 3 0 35 0.0833 1.0000 1.0000 0.0000 0.083333 0.5630
RAW 3 0 36 0.0833 1.0000 1.0000 0.0000 0.083333 0.5110
RAW 3 0 37 0.0833 1.0000 1.0000 0.0000 0.083333 0.5920
RAW 3 0 38 0.0833 1.0000 1.0000 0.0000 0.083333 0.5770
RAW 3 0 39 0.0833 1.0000 1.0000 0.0000 0.083333 0.5000
RAW 3 0 40 0.0833 1.0000 1.0000 0.0000 0.083333 0.5260
  3 xover-canon    0.000       1.00    1.00   0.083    0.0833   0.570    0.0000
RAW 4 0 1 0.0833 1.0000 1.0000 0.0000 0.083333 0.5600
RAW 4 0 2 0.0833 1.0000 1.0000 0.0000 0.083333 0.5160
RAW 4 0 3 0.0833 1.0000 1.0000 0.0000 0.083333 0.5500
RAW 4 0 4 0.0833 1.0000 1.0000 0.0000 0.083333 0.5400
RAW 4 0 5 0.0833 1.0000 1.0000 0.0000 0.083333 0.5580
RAW 4 0 6 0.0833 1.0000 1.0000 0.0000 0.083333 0.5350
RAW 4 0 7 0.0833 1.0000 1.0000 0.0000 0.083333 0.5980
RAW 4 0 8 0.0833 1.0000 1.0000 0.0000 0.083333 0.5880
RAW 4 0 9 0.0833 1.0000 1.0000 0.0000 0.083333 0.5020
RAW 4 0 10 0.0833 1.0000 1.0000 0.0000 0.083333 0.5300
RAW 4 0 11 0.0833 1.0000 1.0000 0.0000 0.083333 0.5370
RAW 4 0 12 0.0833 1.0000 1.0000 0.0000 0.083333 0.6980
RAW 4 0 13 0.0833 1.0000 1.0000 0.0000 0.083333 0.7010
RAW 4 0 14 0.0833 1.0000 1.0000 0.0000 0.083333 0.7170
RAW 4 0 15 0.0833 1.0000 1.0000 0.0000 0.083333 0.5740
RAW 4 0 16 0.0833 1.0000 1.0000 0.0000 0.083333 0.5750
RAW 4 0 17 0.0833 1.0000 1.0000 0.0000 0.083333 0.7020
RAW 4 0 18 0.0833 1.0000 1.0000 0.0000 0.083333 0.6940
RAW 4 0 19 0.0833 1.0000 1.0000 0.0000 0.083333 0.6400
RAW 4 0 20 0.0833 1.0000 1.0000 0.0000 0.083333 0.6030
RAW 4 0 21 0.0833 1.0000 1.0000 0.0000 0.083333 0.5470
RAW 4 0 22 0.0833 1.0000 1.0000 0.0000 0.083333 0.5160
RAW 4 0 23 0.0833 1.0000 1.0000 0.0000 0.083333 0.6280
RAW 4 0 24 0.0833 1.0000 1.0000 0.0000 0.083333 0.6070
RAW 4 0 25 0.0833 1.0000 1.0000 0.0000 0.083333 0.5640
RAW 4 0 26 0.0833 1.0000 1.0000 0.0000 0.083333 0.5490
RAW 4 0 27 0.0833 1.0000 1.0000 0.0000 0.083333 0.5610
RAW 4 0 28 0.0833 1.0000 1.0000 0.0000 0.083333 0.4980
RAW 4 0 29 0.0833 1.0000 1.0000 0.0000 0.083333 0.5290
RAW 4 0 30 0.0833 1.0000 1.0000 0.0000 0.083333 0.5330
RAW 4 0 31 0.0833 1.0000 1.0000 0.0000 0.083333 0.5280
RAW 4 0 32 0.0833 1.0000 1.0000 0.0000 0.083333 0.4780
RAW 4 0 33 0.0833 1.0000 1.0000 0.0000 0.083333 0.5360
RAW 4 0 34 0.0833 1.0000 1.0000 0.0000 0.083333 0.5240
RAW 4 0 35 0.0833 1.0000 1.0000 0.0000 0.083333 0.5630
RAW 4 0 36 0.0833 1.0000 1.0000 0.0000 0.083333 0.5110
RAW 4 0 37 0.0833 1.0000 1.0000 0.0000 0.083333 0.5920
RAW 4 0 38 0.0833 1.0000 1.0000 0.0000 0.083333 0.5770
RAW 4 0 39 0.0833 1.0000 1.0000 0.0000 0.083333 0.5000
RAW 4 0 40 0.0833 1.0000 1.0000 0.0000 0.083333 0.5260
  4 xover-raw      0.000       1.00    1.00   0.083    0.0833   0.570    0.0000
RAW 5 0 1 0.0833 1.0000 1.0000 0.0000 0.083333 0.5600
RAW 5 0 2 0.0833 1.0000 1.0000 0.0000 0.083333 0.5160
RAW 5 0 3 0.0833 1.0000 1.0000 0.0000 0.083333 0.5500
RAW 5 0 4 0.0833 1.0000 1.0000 0.0000 0.083333 0.5400
RAW 5 0 5 0.0833 1.0000 1.0000 0.0000 0.083333 0.5580
RAW 5 0 6 0.0833 1.0000 1.0000 0.0000 0.083333 0.5350
RAW 5 0 7 0.0833 1.0000 1.0000 0.0000 0.083333 0.5980
RAW 5 0 8 0.0833 1.0000 1.0000 0.0000 0.083333 0.5880
RAW 5 0 9 0.0833 1.0000 1.0000 0.0000 0.083333 0.5020
RAW 5 0 10 0.0833 1.0000 1.0000 0.0000 0.083333 0.5300
RAW 5 0 11 0.0833 1.0000 1.0000 0.0000 0.083333 0.5370
RAW 5 0 12 0.0833 1.0000 1.0000 0.0000 0.083333 0.6980
RAW 5 0 13 0.0833 1.0000 1.0000 0.0000 0.083333 0.7010
RAW 5 0 14 0.0833 1.0000 1.0000 0.0000 0.083333 0.7170
RAW 5 0 15 0.0833 1.0000 1.0000 0.0000 0.083333 0.5740
RAW 5 0 16 0.0833 1.0000 1.0000 0.0000 0.083333 0.5750
RAW 5 0 17 0.0833 1.0000 1.0000 0.0000 0.083333 0.7020
RAW 5 0 18 0.0833 1.0000 1.0000 0.0000 0.083333 0.6940
RAW 5 0 19 0.0833 1.0000 1.0000 0.0000 0.083333 0.6400
RAW 5 0 20 0.0833 1.0000 1.0000 0.0000 0.083333 0.6030
RAW 5 0 21 0.0833 1.0000 1.0000 0.0000 0.083333 0.5470
RAW 5 0 22 0.0833 1.0000 1.0000 0.0000 0.083333 0.5160
RAW 5 0 23 0.0833 1.0000 1.0000 0.0000 0.083333 0.6280
RAW 5 0 24 0.0833 1.0000 1.0000 0.0000 0.083333 0.6070
RAW 5 0 25 0.0833 1.0000 1.0000 0.0000 0.083333 0.5640
RAW 5 0 26 0.0833 1.0000 1.0000 0.0000 0.083333 0.5490
RAW 5 0 27 0.0833 1.0000 1.0000 0.0000 0.083333 0.5610
RAW 5 0 28 0.0833 1.0000 1.0000 0.0000 0.083333 0.4980
RAW 5 0 29 0.0833 1.0000 1.0000 0.0000 0.083333 0.5290
RAW 5 0 30 0.0833 1.0000 1.0000 0.0000 0.083333 0.5330
RAW 5 0 31 0.0833 1.0000 1.0000 0.0000 0.083333 0.5280
RAW 5 0 32 0.0833 1.0000 1.0000 0.0000 0.083333 0.4780
RAW 5 0 33 0.0833 1.0000 1.0000 0.0000 0.083333 0.5360
RAW 5 0 34 0.0833 1.0000 1.0000 0.0000 0.083333 0.5240
RAW 5 0 35 0.0833 1.0000 1.0000 0.0000 0.083333 0.5630
RAW 5 0 36 0.0833 1.0000 1.0000 0.0000 0.083333 0.5110
RAW 5 0 37 0.0833 1.0000 1.0000 0.0000 0.083333 0.5920
RAW 5 0 38 0.0833 1.0000 1.0000 0.0000 0.083333 0.5770
RAW 5 0 39 0.0833 1.0000 1.0000 0.0000 0.083333 0.5000
RAW 5 0 40 0.0833 1.0000 1.0000 0.0000 0.083333 0.5260
  5 xover-block    0.000       1.00    1.00   0.083    0.0833   0.570    0.0000

acceptance test: with default knobs this must reproduce emerge_rewire.c (version 1)
and the archived scratch_rewire_*.out per-seed data exactly.
