emerge_transfer -- sharing is a GENE, and TRANSFER is what pays for it
N=12. motif K=3 planted at 1 of 10 positions; train on 3, select on 3, report on 4.
max-pool readout (position never reaches the output). energy = params/(21*10):
  shared = taps, unshared = taps*10. objective = heldout_acc - 6.00*energy.
40 seeds x 200 epochs. GA: pop 24, 50 gens, flips offsets AND the sharing gene.

RAW 0 161 3 1 1 0.8229 0.8417 0.7560
RAW 1 161 3 1 1 0.8229 0.8417 0.7560
RAW 2 161 3 1 1 0.8229 0.8417 0.7560
RAW 3 161 3 1 1 0.8229 0.8550 0.7693
RAW 4 161 3 1 1 0.8229 0.8417 0.7560
RAW 5 161 3 1 0 0.6458 0.4483 0.3626
RAW 0 162 3 1 1 0.5104 0.4950 0.4093
RAW 1 162 3 1 1 0.6146 0.5900 0.5043
RAW 2 162 2 1 1 0.6042 0.5517 0.4945
RAW 3 162 2 1 1 0.6562 0.5183 0.4612
RAW 4 162 2 1 1 0.6042 0.5517 0.4945
RAW 5 162 3 1 0 0.5208 0.4950 0.4093
RAW 0 163 3 1 1 0.6250 0.4733 0.3876
RAW 1 163 2 1 0 0.6771 0.5133 0.4562
RAW 2 163 2 1 0 0.6458 0.5333 0.4762
RAW 3 163 4 1 0 0.5833 0.5267 0.4124
RAW 4 163 0 0 0 0.5312 0.5017 0.5017
RAW 5 163 2 1 0 0.5312 0.4783 0.4212
RAW 0 164 3 1 1 0.6562 0.6083 0.5226
RAW 1 164 2 1 0 0.5625 0.4933 0.4362
RAW 2 164 0 1 0 0.5625 0.4933 0.4933
RAW 3 164 0 1 0 0.5625 0.4933 0.4933
RAW 4 164 0 1 0 0.5625 0.4933 0.4933
RAW 5 164 2 1 1 0.5625 0.5400 0.4829
RAW 0 165 3 1 1 0.6979 0.6433 0.5576
RAW 1 165 2 1 1 0.5833 0.5083 0.4512
RAW 2 165 2 1 1 0.5833 0.5083 0.4512
RAW 3 165 2 1 1 0.5833 0.5083 0.4512
RAW 4 165 2 1 1 0.5833 0.5083 0.4512
RAW 5 165 2 1 0 0.5938 0.4667 0.4095
RAW 0 166 3 1 1 0.5521 0.4917 0.4060
RAW 1 166 0 1 0 0.5312 0.5133 0.5133
RAW 2 166 2 1 0 0.5938 0.4917 0.4345
RAW 3 166 1 1 1 0.6667 0.6017 0.5731
RAW 4 166 1 1 1 0.5208 0.5317 0.5031
RAW 5 166 0 1 0 0.5312 0.5133 0.5133
RAW 0 167 3 1 1 0.7604 0.6550 0.5693
RAW 1 167 2 1 1 0.7708 0.6150 0.5579
RAW 2 167 4 1 0 0.6562 0.5317 0.4174
RAW 3 167 2 1 1 0.7708 0.6150 0.5579
RAW 4 167 3 1 1 0.7604 0.6550 0.5693
RAW 5 167 2 1 0 0.5312 0.4950 0.4379
RAW 0 168 3 1 1 0.7812 0.6717 0.5860
RAW 1 168 2 1 1 0.7708 0.6517 0.5945
RAW 2 168 2 1 1 0.6354 0.6733 0.6162
RAW 3 168 3 1 1 0.7812 0.6717 0.5860
RAW 4 168 3 1 1 0.7812 0.6717 0.5860
RAW 5 168 2 1 0 0.5521 0.5167 0.4595
RAW 0 169 3 1 1 0.8646 0.9117 0.8260
RAW 1 169 2 1 0 0.8542 0.9367 0.8795
RAW 2 169 2 1 0 0.8542 0.9367 0.8795
RAW 3 169 2 1 0 0.8542 0.9367 0.8795
RAW 4 169 2 1 0 0.8542 0.9367 0.8795
RAW 5 169 2 1 0 0.5417 0.5533 0.4962
RAW 0 170 3 1 1 0.6562 0.6367 0.5510
RAW 1 170 0 1 0 0.5521 0.4700 0.4700
RAW 2 170 0 1 0 0.5521 0.4700 0.4700
RAW 3 170 0 1 0 0.5521 0.4700 0.4700
RAW 4 170 0 1 0 0.5521 0.4700 0.4700
RAW 5 170 0 1 0 0.5521 0.4700 0.4700
RAW 0 171 3 1 1 0.6875 0.6050 0.5193
RAW 1 171 2 1 1 0.6979 0.5467 0.4895
RAW 2 171 5 1 0 0.8438 0.8183 0.6755
RAW 3 171 2 1 1 0.6979 0.5467 0.4895
RAW 4 171 3 1 1 0.6979 0.5333 0.4476
RAW 5 171 2 1 0 0.5521 0.4767 0.4195
RAW 0 172 3 1 1 0.7604 0.7100 0.6243
RAW 1 172 5 1 0 0.5729 0.5167 0.3738
RAW 2 172 4 1 0 0.9375 0.9133 0.7990
RAW 3 172 5 1 0 0.9062 0.9000 0.7571
RAW 4 172 4 1 0 0.7812 0.8933 0.7790
RAW 5 172 5 1 0 0.6042 0.5250 0.3821
RAW 0 173 3 1 1 0.6667 0.5667 0.4810
RAW 1 173 1 1 1 0.6250 0.5150 0.4864
RAW 2 173 2 1 0 0.6562 0.5183 0.4612
RAW 3 173 2 1 0 0.6562 0.5183 0.4612
RAW 4 173 3 1 0 0.6875 0.7000 0.6143
RAW 5 173 1 1 1 0.5521 0.4800 0.4514
RAW 0 174 3 1 1 0.5938 0.5367 0.4510
RAW 1 174 3 1 0 0.5938 0.5983 0.5126
RAW 2 174 1 1 1 0.5833 0.5100 0.4814
RAW 3 174 1 1 1 0.5833 0.5100 0.4814
RAW 4 174 2 1 0 0.6562 0.6233 0.5662
RAW 5 174 3 1 0 0.5729 0.4683 0.3826
RAW 0 175 3 1 1 0.5521 0.4917 0.4060
RAW 1 175 2 1 0 0.5938 0.4817 0.4245
RAW 2 175 2 1 0 0.5938 0.4817 0.4245
RAW 3 175 3 1 0 0.5417 0.4767 0.3910
RAW 4 175 0 1 0 0.5000 0.5083 0.5083
RAW 5 175 2 1 0 0.5104 0.4617 0.4045
RAW 0 176 3 1 1 0.5625 0.4950 0.4093
RAW 1 176 0 1 0 0.5625 0.4950 0.4950
RAW 2 176 0 0 0 0.5625 0.4950 0.4950
RAW 3 176 0 1 0 0.5625 0.4950 0.4950
RAW 4 176 0 1 0 0.5625 0.4950 0.4950
RAW 5 176 0 1 0 0.5625 0.4950 0.4950
RAW 0 177 3 1 1 0.5521 0.5733 0.4876
RAW 1 177 2 1 1 0.7083 0.7050 0.6479
RAW 2 177 3 1 1 0.5521 0.5733 0.4876
RAW 3 177 2 1 1 0.7083 0.7050 0.6479
RAW 4 177 4 1 0 0.6667 0.6200 0.5057
RAW 5 177 2 1 0 0.5104 0.5000 0.4429
RAW 0 178 3 1 1 0.6042 0.4950 0.4093
RAW 1 178 0 1 0 0.6042 0.4950 0.4950
RAW 2 178 0 1 0 0.6042 0.4950 0.4950
RAW 3 178 0 1 0 0.6042 0.4950 0.4950
RAW 4 178 0 1 0 0.6042 0.4950 0.4950
RAW 5 178 0 1 0 0.6042 0.4950 0.4950
RAW 0 179 3 1 1 0.4688 0.5217 0.4360
RAW 1 179 4 1 0 0.5833 0.6333 0.5190
RAW 2 179 6 1 0 0.8021 0.7467 0.5752
RAW 3 179 3 1 0 0.5938 0.6067 0.5210
RAW 4 179 5 1 0 0.7292 0.8150 0.6721
RAW 5 179 4 1 0 0.6042 0.5150 0.4007
RAW 0 180 3 1 1 0.7396 0.7617 0.6760
RAW 1 180 3 1 1 0.7396 0.7617 0.6760
RAW 2 180 3 1 1 0.7396 0.6800 0.5943
RAW 3 180 4 1 0 0.7812 0.6750 0.5607
RAW 4 180 3 1 1 0.7396 0.7617 0.6760
RAW 5 180 3 1 0 0.6771 0.5767 0.4910
RAW 0 181 3 1 1 0.5417 0.4900 0.4043
RAW 1 181 3 1 0 0.7292 0.6417 0.5560
RAW 2 181 2 1 0 0.7292 0.6400 0.5829
RAW 3 181 2 1 0 0.7292 0.6433 0.5862
RAW 4 181 3 1 0 0.7708 0.7233 0.6376
RAW 5 181 3 1 0 0.5104 0.4667 0.3810
RAW 0 182 3 1 1 0.6458 0.6517 0.5660
RAW 1 182 4 1 1 0.6979 0.6650 0.5507
RAW 2 182 4 1 1 0.6979 0.6650 0.5507
RAW 3 182 5 1 1 0.7812 0.6867 0.5438
RAW 4 182 4 1 1 0.6979 0.6650 0.5507
RAW 5 182 4 1 0 0.6979 0.4767 0.3624
RAW 0 183 3 1 1 0.5625 0.5183 0.4326
RAW 1 183 0 1 0 0.5625 0.5183 0.5183
RAW 2 183 0 1 0 0.5625 0.5183 0.5183
RAW 3 183 0 1 0 0.5625 0.5183 0.5183
RAW 4 183 0 1 0 0.5625 0.5183 0.5183
RAW 5 183 0 1 0 0.5625 0.5183 0.5183
RAW 0 184 3 1 1 0.7396 0.6183 0.5326
RAW 1 184 2 1 1 0.5729 0.4867 0.4295
RAW 2 184 2 1 0 0.5417 0.4733 0.4162
RAW 3 184 0 1 0 0.5312 0.5050 0.5050
RAW 4 184 3 1 0 0.5729 0.4783 0.3926
RAW 5 184 2 1 0 0.5312 0.5050 0.4479
RAW 0 185 3 1 1 0.6979 0.7417 0.6560
RAW 1 185 3 1 1 0.7500 0.8067 0.7210
RAW 2 185 3 1 1 0.7500 0.8067 0.7210
RAW 3 185 4 1 0 0.9062 0.7583 0.6440
RAW 4 185 4 1 0 0.7292 0.8000 0.6857
RAW 5 185 3 1 0 0.5625 0.4967 0.4110
RAW 0 186 3 1 1 0.6042 0.4483 0.3626
RAW 1 186 0 1 0 0.6042 0.4483 0.4483
RAW 2 186 0 1 0 0.6042 0.4483 0.4483
RAW 3 186 2 1 1 0.6042 0.5350 0.4779
RAW 4 186 0 0 0 0.6042 0.4483 0.4483
RAW 5 186 0 1 0 0.6042 0.4483 0.4483
RAW 0 187 3 1 1 0.5625 0.4867 0.4010
RAW 1 187 3 1 1 0.7500 0.6267 0.5410
RAW 2 187 4 1 1 0.7292 0.6283 0.5140
RAW 3 187 2 1 1 0.6875 0.4850 0.4279
RAW 4 187 3 1 1 0.7083 0.6300 0.5443
RAW 5 187 3 1 0 0.5833 0.4917 0.4060
RAW 0 188 3 1 1 0.8646 0.8750 0.7893
RAW 1 188 3 1 0 0.8646 0.8717 0.7860
RAW 2 188 3 1 1 0.8750 0.7783 0.6926
RAW 3 188 3 1 0 0.8646 0.8717 0.7860
RAW 4 188 3 1 0 0.8646 0.8717 0.7860
RAW 5 188 3 1 0 0.5938 0.5167 0.4310
RAW 0 189 3 1 1 0.7812 0.7967 0.7110
RAW 1 189 3 1 1 0.7812 0.7250 0.6393
RAW 2 189 3 1 1 0.7812 0.7967 0.7110
RAW 3 189 3 1 1 0.7812 0.7250 0.6393
RAW 4 189 3 1 1 0.7812 0.7250 0.6393
RAW 5 189 3 1 0 0.4896 0.4200 0.3343
RAW 0 190 3 1 1 0.5833 0.6167 0.5310
RAW 1 190 3 1 0 0.7812 0.8200 0.7343
RAW 2 190 3 1 0 0.8958 0.8300 0.7443
RAW 3 190 4 1 0 0.8854 0.8333 0.7190
RAW 4 190 3 1 0 0.8958 0.8300 0.7443
RAW 5 190 3 1 0 0.6354 0.4717 0.3860
RAW 0 191 3 1 1 0.5521 0.4983 0.4126
RAW 1 191 2 1 1 0.5521 0.4983 0.4412
RAW 2 191 2 1 1 0.5521 0.4983 0.4412
RAW 3 191 1 1 1 0.5729 0.5650 0.5364
RAW 4 191 3 1 0 0.6771 0.6267 0.5410
RAW 5 191 2 1 0 0.5521 0.4983 0.4412
RAW 0 192 3 1 1 0.6458 0.6750 0.5893
RAW 1 192 5 1 0 0.6458 0.6100 0.4671
RAW 2 192 5 1 0 0.6979 0.5200 0.3771
RAW 3 192 3 1 0 0.5729 0.4550 0.3693
RAW 4 192 4 1 0 0.9167 0.7967 0.6824
RAW 5 192 5 1 0 0.6146 0.5150 0.3721
RAW 0 193 3 1 1 0.5729 0.5233 0.4376
RAW 1 193 5 1 0 0.6354 0.6783 0.5355
RAW 2 193 4 1 0 0.5729 0.5233 0.4090
RAW 3 193 2 1 1 0.7500 0.7500 0.6929
RAW 4 193 4 1 0 0.5729 0.5233 0.4090
RAW 5 193 5 1 0 0.6250 0.5350 0.3921
RAW 0 194 3 1 1 0.5833 0.5100 0.4243
RAW 1 194 4 1 1 0.9167 0.8900 0.7757
RAW 2 194 4 1 1 0.9167 0.8900 0.7757
RAW 3 194 4 1 1 0.9167 0.8900 0.7757
RAW 4 194 4 1 1 0.9167 0.8900 0.7757
RAW 5 194 4 1 0 0.5833 0.5100 0.3957
RAW 0 195 3 1 1 0.5833 0.5200 0.4343
RAW 1 195 0 1 0 0.5104 0.5000 0.5000
RAW 2 195 0 1 0 0.5104 0.5000 0.5000
RAW 3 195 0 1 0 0.5104 0.5000 0.5000
RAW 4 195 0 1 0 0.5104 0.5000 0.5000
RAW 5 195 0 1 0 0.5104 0.5000 0.5000
RAW 0 196 3 1 1 0.7188 0.5933 0.5076
RAW 1 196 2 1 1 0.7396 0.5783 0.5212
RAW 2 196 2 1 1 0.7396 0.5783 0.5212
RAW 3 196 2 1 1 0.7396 0.5783 0.5212
RAW 4 196 2 1 1 0.7396 0.5783 0.5212
RAW 5 196 2 1 0 0.5938 0.4967 0.4395
RAW 0 197 3 1 1 0.5521 0.4933 0.4076
RAW 1 197 0 1 0 0.5521 0.4933 0.4933
RAW 2 197 0 1 0 0.5521 0.4933 0.4933
RAW 3 197 0 1 0 0.5521 0.4933 0.4933
RAW 4 197 0 1 0 0.5521 0.4933 0.4933
RAW 5 197 0 1 0 0.5521 0.4933 0.4933
RAW 0 198 3 1 1 0.5938 0.4833 0.3976
RAW 1 198 0 1 0 0.5625 0.4750 0.4750
RAW 2 198 0 1 0 0.5625 0.4750 0.4750
RAW 3 198 0 0 0 0.5625 0.4750 0.4750
RAW 4 198 0 1 0 0.5625 0.4750 0.4750
RAW 5 198 0 1 0 0.5625 0.4750 0.4750
RAW 0 199 3 1 1 0.6458 0.5233 0.4376
RAW 1 199 0 1 0 0.5729 0.4967 0.4967
RAW 2 199 1 1 1 0.6562 0.5217 0.4931
RAW 3 199 0 1 0 0.5729 0.4967 0.4967
RAW 4 199 1 1 1 0.6146 0.5300 0.5014
RAW 5 199 0 1 0 0.5729 0.4967 0.4967
RAW 0 200 3 1 1 0.7188 0.7833 0.6976
RAW 1 200 6 1 0 0.7812 0.8083 0.6369
RAW 2 200 5 1 0 0.7083 0.5050 0.3621
RAW 3 200 3 1 0 0.7604 0.7533 0.6676
RAW 4 200 3 1 0 0.7500 0.6817 0.5960
RAW 5 200 6 1 0 0.7917 0.8100 0.6386
  producer                    taps  shared contig train acc   heldout  objective
  ideal conv (shared)          3.0    1.00   1.00     0.647     0.601     0.5151
  GA flip-only                 2.2    1.00   0.42     0.665     0.613     0.5501
  GA flip+slide                2.3    0.97   0.40     0.676     0.609     0.5431
  GA flip+rewire               2.0    0.97   0.42     0.683     0.616     0.5582
  GA flip+xover                2.2    0.95   0.35     0.680     0.635     0.5726
  GA-tap-matched random        2.2    1.00   0.05     0.576     0.503     0.4399

GATE (protocol item 9, before any operator work):
  PASS if 'ideal conv (shared)' has the highest objective -- the convolution is finally the
  optimum, and the search question becomes meaningful.
  The UNSHARED rows are the mechanism check: they should fit train and collapse on heldout.
  If they transfer too, the task does not demand sharing and this probe is not yet valid.
