emerge_rewire2 -- rewiring vs add/remove (paper 2, version 2)
inner: backprop, 50 epochs, curve every 5.   outer: GA, POP=24 ELITE=4, 150 gens x 30 seeds
seed = minimal (w=1, coverage must be earned)
fitness = final accuracy - 4.000*energy    PSLIDE=0.150 PGROW=0.100 PSHARE=0.050

PROTOCOL  sensitivity placement  fitness 0.4733..0.8400 (span 0.3667)  energy 0.025000..0.025000
PROTOCOL  sensitivity width      fitness 0.3000..0.6867 (span 0.3867)  energy 0.008333..0.100000
PROTOCOL  convergence   accuracy gained over the second half of the budget: -0.0047
PROTOCOL                -> CONVERGED: endpoint summarises the learner; trajectory fitness would add only noise

  arm             shared-frac  mean-w  max-w  coverage  energy   test  diversity
RAW 0 150 1 0.4167 1.7000 5.0000 1.0000 0.041667 0.7320
RAW 0 150 2 0.7500 2.5000 9.0000 1.0000 0.075000 0.8110
RAW 0 150 3 0.1667 1.3000 2.0000 1.0000 0.016667 0.5860
RAW 0 150 4 0.1667 1.2000 2.0000 1.0000 0.016667 0.6360
RAW 0 150 5 0.1667 1.1000 2.0000 1.0000 0.016667 0.5650
RAW 0 150 6 0.0833 1.0000 1.0000 1.0000 0.008333 0.5320
RAW 0 150 7 0.1667 1.1000 2.0000 1.0000 0.016667 0.6660
RAW 0 150 8 0.1667 1.8000 2.0000 1.0000 0.016667 0.6290
RAW 0 150 9 0.4167 1.8000 5.0000 1.0000 0.041667 0.7050
RAW 0 150 10 0.0833 1.0000 1.0000 1.0000 0.008333 0.5280
RAW 0 150 11 0.2500 1.5000 3.0000 1.0000 0.025000 0.6170
RAW 0 150 12 0.0833 1.0000 1.0000 1.0000 0.008333 0.6990
RAW 0 150 13 0.1667 1.1000 2.0000 1.0000 0.016667 0.7210
RAW 0 150 14 0.1667 1.3000 2.0000 1.0000 0.016667 0.7600
RAW 0 150 15 0.2500 1.4000 3.0000 1.0000 0.025000 0.6270
RAW 0 150 16 0.0833 1.0000 1.0000 1.0000 0.008333 0.5790
RAW 0 150 17 0.0833 1.0000 1.0000 1.0000 0.008333 0.6980
RAW 0 150 18 0.0833 1.0000 1.0000 1.0000 0.008333 0.6930
RAW 0 150 19 0.0833 1.0000 1.0000 1.0000 0.008333 0.6410
RAW 0 150 20 0.0833 1.0000 1.0000 1.0000 0.008333 0.6030
RAW 0 150 21 0.2500 1.4000 3.0000 1.0000 0.025000 0.6510
RAW 0 150 22 0.2500 1.7000 3.0000 1.0000 0.025000 0.6070
RAW 0 150 23 0.1667 1.3000 2.0000 1.0000 0.016667 0.7490
RAW 0 150 24 0.1667 1.1000 2.0000 1.0000 0.016667 0.7340
RAW 0 150 25 0.2500 1.2000 3.0000 1.0000 0.025000 0.6780
RAW 0 150 26 0.4167 1.7000 5.0000 1.0000 0.041667 0.7050
RAW 0 150 27 0.2500 1.8000 3.0000 1.0000 0.025000 0.6770
RAW 0 150 28 0.0833 1.0000 1.0000 1.0000 0.008333 0.4980
RAW 0 150 29 0.4167 1.4000 5.0000 1.0000 0.041667 0.7270
RAW 0 150 30 0.3333 1.3000 4.0000 1.0000 0.033333 0.6760
  0 no-rewire      0.951       1.34    2.78   0.232    0.0274   0.658    0.0126
RAW 1 150 1 0.8333 1.8000 3.0000 1.0000 0.025000 0.9010
RAW 1 150 2 0.7500 1.5000 2.0000 1.0000 0.016667 0.8160
RAW 1 150 3 0.8333 1.6000 3.0000 1.0000 0.025000 0.8970
RAW 1 150 4 0.5833 1.5000 2.0000 1.0000 0.016667 0.7700
RAW 1 150 5 0.8333 1.4000 2.0000 1.0000 0.016667 0.8400
RAW 1 150 6 0.3333 1.0000 1.0000 1.0000 0.008333 0.6820
RAW 1 150 7 0.2500 1.0000 1.0000 1.0000 0.008333 0.6800
RAW 1 150 8 0.8333 1.7000 3.0000 1.0000 0.025000 0.8700
RAW 1 150 9 0.8333 1.8000 3.0000 1.0000 0.025000 0.8640
RAW 1 150 10 0.5000 1.0000 1.0000 1.0000 0.008333 0.7300
RAW 1 150 11 0.2500 1.0000 1.0000 1.0000 0.008333 0.6270
RAW 1 150 12 0.0833 1.0000 1.0000 1.0000 0.008333 0.6990
RAW 1 150 13 0.5833 1.0000 1.0000 1.0000 0.008333 0.8170
RAW 1 150 14 0.2500 1.0000 1.0000 1.0000 0.008333 0.7630
RAW 1 150 15 0.2500 1.0000 1.0000 1.0000 0.008333 0.6350
RAW 1 150 16 0.1667 1.0000 1.0000 1.0000 0.008333 0.6140
RAW 1 150 17 0.1667 1.0000 1.0000 1.0000 0.008333 0.7420
RAW 1 150 18 0.2500 1.0000 1.0000 1.0000 0.008333 0.7000
RAW 1 150 19 0.2500 1.0000 1.0000 1.0000 0.008333 0.6540
RAW 1 150 20 0.8333 1.6000 3.0000 1.0000 0.025000 0.8970
RAW 1 150 21 0.8333 1.6000 3.0000 1.0000 0.025000 0.9090
RAW 1 150 22 0.7500 1.5000 3.0000 1.0000 0.025000 0.8460
RAW 1 150 23 0.1667 1.0000 1.0000 1.0000 0.008333 0.7500
RAW 1 150 24 0.2500 1.0000 1.0000 1.0000 0.008333 0.7290
RAW 1 150 25 0.8333 1.5000 2.0000 1.0000 0.016667 0.8940
RAW 1 150 26 0.9167 1.9000 4.0000 1.0000 0.033333 0.8980
RAW 1 150 27 0.8333 1.5000 2.0000 1.0000 0.016667 0.9010
RAW 1 150 28 0.8333 1.6000 2.0000 1.0000 0.016667 0.8920
RAW 1 150 29 0.4167 1.0000 1.0000 1.0000 0.008333 0.7120
RAW 1 150 30 0.9167 1.8000 4.0000 1.0000 0.033333 0.9230
  1 slide-1        0.944       1.30    2.23   0.519    0.0235   0.788    0.0241
RAW 2 150 1 0.8333 1.5000 2.0000 1.0000 0.016667 0.8930
RAW 2 150 2 0.9167 1.5000 2.0000 1.0000 0.016667 0.9130
RAW 2 150 3 0.9167 1.5000 2.0000 1.0000 0.016667 0.9040
RAW 2 150 4 0.8333 1.0000 1.0000 1.0000 0.008333 0.8540
RAW 2 150 5 0.7500 1.0000 1.0000 1.0000 0.008333 0.8010
RAW 2 150 6 0.7500 1.0000 1.0000 1.0000 0.008333 0.8380
RAW 2 150 7 0.9167 1.5000 2.0000 1.0000 0.016667 0.9140
RAW 2 150 8 0.9167 1.5000 2.0000 1.0000 0.016667 0.9030
RAW 2 150 9 0.9167 1.3000 2.0000 1.0000 0.016667 0.8930
RAW 2 150 10 0.8333 1.0000 1.0000 1.0000 0.008333 0.8650
RAW 2 150 11 0.8333 1.0000 1.0000 1.0000 0.008333 0.9000
RAW 2 150 12 0.7500 1.0000 1.0000 1.0000 0.008333 0.8200
RAW 2 150 13 0.8333 1.0000 1.0000 1.0000 0.008333 0.8600
RAW 2 150 14 1.0000 1.7000 2.0000 1.0000 0.016667 0.9000
RAW 2 150 15 0.8333 1.0000 1.0000 1.0000 0.008333 0.8830
RAW 2 150 16 0.8333 1.3000 2.0000 1.0000 0.016667 0.8950
RAW 2 150 17 0.5833 1.0000 1.0000 1.0000 0.008333 0.8640
RAW 2 150 18 0.4167 1.0000 1.0000 1.0000 0.008333 0.8790
RAW 2 150 19 0.6667 1.0000 1.0000 1.0000 0.008333 0.8450
RAW 2 150 20 0.8333 1.4000 2.0000 1.0000 0.016667 0.8940
RAW 2 150 21 1.0000 1.6000 2.0000 1.0000 0.016667 0.9350
RAW 2 150 22 0.7500 1.2000 2.0000 1.0000 0.016667 0.8370
RAW 2 150 23 0.5833 1.0000 1.0000 1.0000 0.008333 0.8530
RAW 2 150 24 0.5000 1.0000 1.0000 1.0000 0.008333 0.8120
RAW 2 150 25 0.8333 1.0000 1.0000 1.0000 0.008333 0.8720
RAW 2 150 26 0.9167 1.5000 2.0000 1.0000 0.016667 0.9060
RAW 2 150 27 0.8333 1.2000 2.0000 1.0000 0.016667 0.9190
RAW 2 150 28 0.9167 1.2000 2.0000 1.0000 0.016667 0.9190
RAW 2 150 29 0.9167 1.4000 2.0000 1.0000 0.016667 0.9260
RAW 2 150 30 0.9167 1.5000 2.0000 1.0000 0.016667 0.9100
  2 rewire-rand    0.944       1.22    1.94   0.753    0.0209   0.880    0.0601
RAW 3 150 1 0.7500 1.0000 1.0000 1.0000 0.008333 0.8740
RAW 3 150 2 0.9167 1.5000 2.0000 1.0000 0.016667 0.8890
RAW 3 150 3 0.9167 1.6000 3.0000 1.0000 0.025000 0.9040
RAW 3 150 4 0.9167 1.4000 2.0000 1.0000 0.016667 0.8610
RAW 3 150 5 0.7500 1.0000 1.0000 1.0000 0.008333 0.8010
RAW 3 150 6 0.7500 1.0000 1.0000 1.0000 0.008333 0.8370
RAW 3 150 7 0.7500 1.0000 1.0000 1.0000 0.008333 0.8640
RAW 3 150 8 0.8333 1.4000 2.0000 1.0000 0.016667 0.8890
RAW 3 150 9 0.9167 1.3000 2.0000 1.0000 0.016667 0.8970
RAW 3 150 10 1.0000 1.5000 2.0000 1.0000 0.016667 0.8850
RAW 3 150 11 0.9167 1.3000 2.0000 1.0000 0.016667 0.9060
RAW 3 150 12 0.6667 1.0000 1.0000 1.0000 0.008333 0.8090
RAW 3 150 13 0.7500 1.0000 1.0000 1.0000 0.008333 0.8120
RAW 3 150 14 0.7500 1.0000 1.0000 1.0000 0.008333 0.8300
RAW 3 150 15 0.7500 1.0000 1.0000 1.0000 0.008333 0.8610
RAW 3 150 16 0.8333 1.0000 1.0000 1.0000 0.008333 0.8870
RAW 3 150 17 0.5833 1.0000 1.0000 1.0000 0.008333 0.8640
RAW 3 150 18 0.5000 1.0000 1.0000 1.0000 0.008333 0.8790
RAW 3 150 19 0.7500 1.0000 1.0000 1.0000 0.008333 0.8210
RAW 3 150 20 0.8333 1.3000 2.0000 1.0000 0.016667 0.8900
RAW 3 150 21 0.8333 1.0000 1.0000 1.0000 0.008333 0.9100
RAW 3 150 22 0.7500 1.0000 1.0000 1.0000 0.008333 0.8440
RAW 3 150 23 0.5833 1.0000 1.0000 1.0000 0.008333 0.8670
RAW 3 150 24 0.5000 1.0000 1.0000 1.0000 0.008333 0.8120
RAW 3 150 25 0.8333 1.0000 1.0000 1.0000 0.008333 0.8750
RAW 3 150 26 0.8333 1.0000 1.0000 1.0000 0.008333 0.8730
RAW 3 150 27 0.9167 1.5000 2.0000 1.0000 0.016667 0.9330
RAW 3 150 28 0.9167 1.2000 2.0000 1.0000 0.016667 0.9190
RAW 3 150 29 0.8333 1.0000 1.0000 1.0000 0.008333 0.8940
RAW 3 150 30 0.9167 1.5000 2.0000 1.0000 0.016667 0.9250
  3 xover-canon    0.971       1.17    1.80   0.731    0.0174   0.870    0.0506
RAW 4 150 1 0.7500 1.0000 1.0000 1.0000 0.008333 0.8740
RAW 4 150 2 0.8333 1.2000 2.0000 1.0000 0.016667 0.9090
RAW 4 150 3 0.8333 1.0000 1.0000 1.0000 0.008333 0.8860
RAW 4 150 4 1.0000 1.4000 2.0000 1.0000 0.016667 0.8770
RAW 4 150 5 0.8333 1.0000 1.0000 1.0000 0.008333 0.8170
RAW 4 150 6 0.7500 1.0000 1.0000 1.0000 0.008333 0.8400
RAW 4 150 7 0.9167 1.3000 2.0000 1.0000 0.016667 0.9270
RAW 4 150 8 0.8333 1.6000 2.0000 1.0000 0.016667 0.9020
RAW 4 150 9 0.9167 1.3000 2.0000 1.0000 0.016667 0.8930
RAW 4 150 10 0.8333 1.0000 1.0000 1.0000 0.008333 0.8640
RAW 4 150 11 0.8333 1.4000 2.0000 1.0000 0.016667 0.8830
RAW 4 150 12 0.8333 1.0000 1.0000 1.0000 0.008333 0.8190
RAW 4 150 13 0.8333 1.0000 1.0000 1.0000 0.008333 0.8610
RAW 4 150 14 0.8333 1.0000 1.0000 1.0000 0.008333 0.8650
RAW 4 150 15 0.8333 1.0000 1.0000 1.0000 0.008333 0.8820
RAW 4 150 16 0.8333 1.0000 1.0000 1.0000 0.008333 0.8870
RAW 4 150 17 0.5833 1.0000 1.0000 1.0000 0.008333 0.8630
RAW 4 150 18 0.4167 1.0000 1.0000 1.0000 0.008333 0.8790
RAW 4 150 19 0.6667 1.0000 1.0000 1.0000 0.008333 0.8420
RAW 4 150 20 0.9167 1.3000 2.0000 1.0000 0.016667 0.8860
RAW 4 150 21 0.8333 1.0000 1.0000 1.0000 0.008333 0.9100
RAW 4 150 22 0.7500 1.2000 2.0000 1.0000 0.016667 0.8420
RAW 4 150 23 0.5833 1.0000 1.0000 1.0000 0.008333 0.8670
RAW 4 150 24 0.5000 1.0000 1.0000 1.0000 0.008333 0.8110
RAW 4 150 25 0.8333 1.0000 1.0000 1.0000 0.008333 0.8720
RAW 4 150 26 0.9167 1.3000 2.0000 1.0000 0.016667 0.9130
RAW 4 150 27 0.9167 1.6000 2.0000 1.0000 0.016667 0.9140
RAW 4 150 28 0.7500 1.0000 1.0000 1.0000 0.008333 0.8830
RAW 4 150 29 0.8333 1.0000 1.0000 1.0000 0.008333 0.8930
RAW 4 150 30 0.9167 1.5000 2.0000 1.0000 0.016667 0.8870
  4 xover-raw      0.971       1.16    1.78   0.742    0.0172   0.875    0.0524
RAW 5 150 1 0.7500 1.0000 1.0000 1.0000 0.008333 0.8740
RAW 5 150 2 0.8333 1.4000 2.0000 1.0000 0.016667 0.8950
RAW 5 150 3 0.9167 1.4000 2.0000 1.0000 0.016667 0.9030
RAW 5 150 4 0.8333 1.0000 1.0000 1.0000 0.008333 0.8530
RAW 5 150 5 1.0000 1.6000 2.0000 1.0000 0.016667 0.8600
RAW 5 150 6 0.7500 1.0000 1.0000 1.0000 0.008333 0.8370
RAW 5 150 7 0.7500 1.0000 1.0000 1.0000 0.008333 0.8640
RAW 5 150 8 0.9167 1.6000 2.0000 1.0000 0.016667 0.9020
RAW 5 150 9 1.0000 1.3000 2.0000 1.0000 0.016667 0.9170
RAW 5 150 10 0.9167 1.4000 2.0000 1.0000 0.016667 0.8800
RAW 5 150 11 0.8333 1.4000 2.0000 1.0000 0.016667 0.8980
RAW 5 150 12 0.7500 1.0000 1.0000 1.0000 0.008333 0.8230
RAW 5 150 13 0.8333 1.0000 1.0000 1.0000 0.008333 0.8600
RAW 5 150 14 1.0000 1.3000 2.0000 1.0000 0.016667 0.9080
RAW 5 150 15 0.7500 1.0000 1.0000 1.0000 0.008333 0.8600
RAW 5 150 16 0.8333 1.0000 1.0000 1.0000 0.008333 0.8870
RAW 5 150 17 0.5833 1.0000 1.0000 1.0000 0.008333 0.8640
RAW 5 150 18 0.4167 1.0000 1.0000 1.0000 0.008333 0.8760
RAW 5 150 19 0.6667 1.0000 1.0000 1.0000 0.008333 0.8240
RAW 5 150 20 0.8333 1.3000 2.0000 1.0000 0.016667 0.8880
RAW 5 150 21 0.9167 1.4000 2.0000 1.0000 0.016667 0.9110
RAW 5 150 22 0.7500 1.0000 1.0000 1.0000 0.008333 0.8470
RAW 5 150 23 0.5833 1.0000 1.0000 1.0000 0.008333 0.8670
RAW 5 150 24 0.5000 1.0000 1.0000 1.0000 0.008333 0.8120
RAW 5 150 25 1.0000 1.4000 2.0000 1.0000 0.016667 0.8840
RAW 5 150 26 0.8333 1.0000 1.0000 1.0000 0.008333 0.8730
RAW 5 150 27 0.8333 1.0000 1.0000 1.0000 0.008333 0.9140
RAW 5 150 28 0.7500 1.0000 1.0000 1.0000 0.008333 0.8800
RAW 5 150 29 0.8333 1.0000 1.0000 1.0000 0.008333 0.8940
RAW 5 150 30 0.8333 1.3000 2.0000 1.0000 0.016667 0.9240
  5 xover-block    0.961       1.18    1.81   0.737    0.0183   0.876    0.0533

acceptance test: with default knobs this must reproduce emerge_rewire.c (version 1)
and the archived scratch_rewire_*.out per-seed data exactly.
