SCALE: does 'reuse beats re-search' GROW with problem size? (32 train examples, 250 seeds x 4 restarts)
translation-invariant motif task. DEVELOPMENTAL = one tiled block (K=3 weights, N-invariant).
SEARCH-FROM-SCRATCH = one filter per position (K*P weights, grows with N).

fair statistics: MEAN over restarts (no best-of selection), reported as mean +/- std over seeds.
  input N | positions | develop (shared) mean+/-sd | scratch (indep) mean+/-sd | gap   | scratch weights
RAW 16 1 1.000000 0.914500
RAW 16 2 0.991875 0.847125
RAW 16 3 0.997500 0.867500
RAW 16 4 0.706750 0.639125
RAW 16 5 0.896750 0.614750
RAW 16 6 0.923000 0.677750
RAW 16 7 0.994625 0.740250
RAW 16 8 1.000000 0.802125
RAW 16 9 0.918875 0.568625
RAW 16 10 0.954000 0.624000
RAW 16 11 0.995000 0.696750
RAW 16 12 0.959250 0.680375
RAW 16 13 0.871250 0.671250
RAW 16 14 1.000000 0.791375
RAW 16 15 0.905250 0.661125
RAW 16 16 0.918000 0.629500
RAW 16 17 0.922500 0.652125
RAW 16 18 1.000000 0.732000
RAW 16 19 1.000000 0.930625
RAW 16 20 0.969000 0.656375
RAW 16 21 0.961500 0.670000
RAW 16 22 0.950875 0.640875
RAW 16 23 0.999250 0.758625
RAW 16 24 0.864000 0.645500
RAW 16 25 0.976250 0.664500
RAW 16 26 0.984000 0.687125
RAW 16 27 0.980250 0.736500
RAW 16 28 0.985625 0.685250
RAW 16 29 0.960625 0.678750
RAW 16 30 0.929875 0.659000
RAW 16 31 0.997500 0.823500
RAW 16 32 1.000000 0.870125
RAW 16 33 0.876500 0.585625
RAW 16 34 0.981375 0.614500
RAW 16 35 0.871875 0.654000
RAW 16 36 0.970875 0.621750
RAW 16 37 0.932625 0.642500
RAW 16 38 0.993375 0.699625
RAW 16 39 0.865500 0.652125
RAW 16 40 1.000000 0.843250
RAW 16 41 0.894875 0.659875
RAW 16 42 1.000000 0.887000
RAW 16 43 0.999375 0.860500
RAW 16 44 1.000000 0.844500
RAW 16 45 0.942250 0.703375
RAW 16 46 0.963750 0.681250
RAW 16 47 0.977500 0.745625
RAW 16 48 0.884500 0.677125
RAW 16 49 0.875500 0.635125
RAW 16 50 0.764875 0.622875
RAW 16 51 0.901875 0.665875
RAW 16 52 1.000000 0.828000
RAW 16 53 0.929375 0.633000
RAW 16 54 0.898250 0.609750
RAW 16 55 0.999500 0.849375
RAW 16 56 0.973250 0.638000
RAW 16 57 0.837125 0.596125
RAW 16 58 0.920875 0.716500
RAW 16 59 0.999500 0.830500
RAW 16 60 0.999375 0.920375
RAW 16 61 0.976000 0.689000
RAW 16 62 0.868250 0.613375
RAW 16 63 0.918750 0.645250
RAW 16 64 1.000000 0.841250
RAW 16 65 0.972750 0.651125
RAW 16 66 0.975625 0.652625
RAW 16 67 0.949000 0.604625
RAW 16 68 0.942875 0.656625
RAW 16 69 0.999625 0.746625
RAW 16 70 0.953000 0.684500
RAW 16 71 0.840625 0.642000
RAW 16 72 0.940750 0.631250
RAW 16 73 0.923500 0.630125
RAW 16 74 0.936250 0.669625
RAW 16 75 0.940375 0.695625
RAW 16 76 1.000000 0.855000
RAW 16 77 0.991500 0.654250
RAW 16 78 0.968500 0.739750
RAW 16 79 0.881000 0.642625
RAW 16 80 0.986750 0.626250
RAW 16 81 0.951250 0.698625
RAW 16 82 0.923500 0.708000
RAW 16 83 0.981250 0.743000
RAW 16 84 0.910875 0.667625
RAW 16 85 0.863250 0.644500
RAW 16 86 0.935750 0.664500
RAW 16 87 0.926625 0.617250
RAW 16 88 0.990625 0.654750
RAW 16 89 0.951375 0.615625
RAW 16 90 0.887125 0.692250
RAW 16 91 0.999500 0.848000
RAW 16 92 0.992375 0.818500
RAW 16 93 0.951500 0.623875
RAW 16 94 0.829750 0.666000
RAW 16 95 0.999625 0.849250
RAW 16 96 0.893500 0.619000
RAW 16 97 0.983000 0.816250
RAW 16 98 1.000000 0.844000
RAW 16 99 0.851875 0.612375
RAW 16 100 0.995125 0.823750
RAW 16 101 0.853500 0.584000
RAW 16 102 0.924500 0.619375
RAW 16 103 0.921750 0.621875
RAW 16 104 1.000000 0.903875
RAW 16 105 0.993250 0.784125
RAW 16 106 0.925500 0.646125
RAW 16 107 0.963500 0.672500
RAW 16 108 0.836250 0.659250
RAW 16 109 0.985875 0.670500
RAW 16 110 0.976000 0.670125
RAW 16 111 0.991500 0.670125
RAW 16 112 0.889750 0.656750
RAW 16 113 0.992500 0.572125
RAW 16 114 0.842625 0.631375
RAW 16 115 0.881125 0.643875
RAW 16 116 0.953000 0.662500
RAW 16 117 0.963125 0.697625
RAW 16 118 0.963750 0.651125
RAW 16 119 0.991875 0.799000
RAW 16 120 0.955750 0.634000
RAW 16 121 0.874500 0.660500
RAW 16 122 0.973750 0.618625
RAW 16 123 0.998250 0.694875
RAW 16 124 0.921625 0.643125
RAW 16 125 0.902750 0.661750
RAW 16 126 0.838000 0.710375
RAW 16 127 0.994875 0.781500
RAW 16 128 0.955125 0.661000
RAW 16 129 0.976250 0.786750
RAW 16 130 0.926125 0.628500
RAW 16 131 0.926750 0.619500
RAW 16 132 0.922125 0.568250
RAW 16 133 0.992875 0.826500
RAW 16 134 0.855500 0.609500
RAW 16 135 0.958250 0.722500
RAW 16 136 0.979750 0.667625
RAW 16 137 0.999875 0.661750
RAW 16 138 0.892750 0.616750
RAW 16 139 0.971750 0.640125
RAW 16 140 0.998250 0.648750
RAW 16 141 0.841375 0.633375
RAW 16 142 1.000000 0.852875
RAW 16 143 0.977625 0.651875
RAW 16 144 0.911625 0.680000
RAW 16 145 0.847000 0.661125
RAW 16 146 0.837250 0.651375
RAW 16 147 0.882750 0.603000
RAW 16 148 0.852125 0.700250
RAW 16 149 1.000000 0.948500
RAW 16 150 0.984250 0.616500
RAW 16 151 0.953125 0.637500
RAW 16 152 0.948375 0.673750
RAW 16 153 0.931250 0.605500
RAW 16 154 1.000000 0.684875
RAW 16 155 0.997875 0.733750
RAW 16 156 0.943250 0.665500
RAW 16 157 0.964250 0.667625
RAW 16 158 0.928000 0.693375
RAW 16 159 0.938500 0.602500
RAW 16 160 0.839500 0.617750
RAW 16 161 0.894625 0.683750
RAW 16 162 0.743000 0.614875
RAW 16 163 0.932500 0.623250
RAW 16 164 0.964875 0.650750
RAW 16 165 0.974875 0.641000
RAW 16 166 0.971750 0.585500
RAW 16 167 0.946500 0.587750
RAW 16 168 0.968875 0.598000
RAW 16 169 0.964250 0.613500
RAW 16 170 0.995250 0.834625
RAW 16 171 0.847000 0.646000
RAW 16 172 0.953750 0.733125
RAW 16 173 0.888250 0.695875
RAW 16 174 0.897875 0.599750
RAW 16 175 0.999625 0.877000
RAW 16 176 0.867875 0.620625
RAW 16 177 0.946625 0.635750
RAW 16 178 0.943500 0.689250
RAW 16 179 0.997750 0.722875
RAW 16 180 0.977000 0.771750
RAW 16 181 1.000000 0.866250
RAW 16 182 0.905000 0.651625
RAW 16 183 0.995500 0.606375
RAW 16 184 0.949375 0.589625
RAW 16 185 0.998500 0.756375
RAW 16 186 0.993625 0.648500
RAW 16 187 0.999625 0.896500
RAW 16 188 0.967000 0.628000
RAW 16 189 0.971625 0.638125
RAW 16 190 0.997500 0.688625
RAW 16 191 0.985250 0.791500
RAW 16 192 0.945750 0.645250
RAW 16 193 0.849500 0.764500
RAW 16 194 1.000000 0.917750
RAW 16 195 0.936250 0.626250
RAW 16 196 0.999375 0.808500
RAW 16 197 0.911750 0.619125
RAW 16 198 0.852500 0.567500
RAW 16 199 0.867750 0.602250
RAW 16 200 0.945250 0.634625
RAW 16 201 1.000000 0.794625
RAW 16 202 0.831875 0.688875
RAW 16 203 0.999875 0.769500
RAW 16 204 0.947875 0.710250
RAW 16 205 1.000000 0.946625
RAW 16 206 0.863375 0.678500
RAW 16 207 0.970625 0.605750
RAW 16 208 0.990500 0.676500
RAW 16 209 0.941250 0.619625
RAW 16 210 0.941500 0.584000
RAW 16 211 0.887250 0.615750
RAW 16 212 1.000000 0.765000
RAW 16 213 0.976000 0.692000
RAW 16 214 0.986500 0.773750
RAW 16 215 0.925750 0.690750
RAW 16 216 0.712125 0.688875
RAW 16 217 0.953000 0.664125
RAW 16 218 0.933250 0.631625
RAW 16 219 0.939375 0.709125
RAW 16 220 0.857500 0.551125
RAW 16 221 0.991875 0.618250
RAW 16 222 0.999750 0.814625
RAW 16 223 0.903500 0.626125
RAW 16 224 0.940750 0.639625
RAW 16 225 0.951000 0.666750
RAW 16 226 1.000000 0.908250
RAW 16 227 0.739125 0.561250
RAW 16 228 0.822375 0.712750
RAW 16 229 0.926750 0.674125
RAW 16 230 0.975625 0.694750
RAW 16 231 0.992500 0.725750
RAW 16 232 1.000000 0.885875
RAW 16 233 1.000000 0.762375
RAW 16 234 0.901750 0.618375
RAW 16 235 0.996250 0.644000
RAW 16 236 0.982500 0.815125
RAW 16 237 0.858250 0.577375
RAW 16 238 0.990500 0.745875
RAW 16 239 0.904250 0.582625
RAW 16 240 0.997250 0.654625
RAW 16 241 0.993250 0.728500
RAW 16 242 0.932000 0.648750
RAW 16 243 0.851875 0.615125
RAW 16 244 0.911500 0.689000
RAW 16 245 0.964000 0.636250
RAW 16 246 0.938625 0.681625
RAW 16 247 0.972375 0.626500
RAW 16 248 1.000000 0.823000
RAW 16 249 0.871125 0.619500
RAW 16 250 0.941000 0.610125
  16      | 14        | 0.942 +/- 0.058            | 0.692 +/- 0.088           | +0.250 | 42
RAW 32 1 0.973875 0.553750
RAW 32 2 0.888125 0.566625
RAW 32 3 0.967500 0.614750
RAW 32 4 0.924375 0.557125
RAW 32 5 0.937250 0.557500
RAW 32 6 0.895625 0.526250
RAW 32 7 1.000000 0.772750
RAW 32 8 0.922750 0.585875
RAW 32 9 0.945250 0.605625
RAW 32 10 0.986750 0.554500
RAW 32 11 0.971250 0.601750
RAW 32 12 0.992500 0.582750
RAW 32 13 0.941375 0.551000
RAW 32 14 0.975375 0.625625
RAW 32 15 0.990000 0.556125
RAW 32 16 0.998625 0.612750
RAW 32 17 0.877750 0.516625
RAW 32 18 0.877625 0.608125
RAW 32 19 0.995875 0.639125
RAW 32 20 0.998250 0.624125
RAW 32 21 0.996875 0.673500
RAW 32 22 0.980625 0.529125
RAW 32 23 0.930750 0.540000
RAW 32 24 1.000000 0.810250
RAW 32 25 1.000000 0.769375
RAW 32 26 0.868875 0.620750
RAW 32 27 0.916500 0.521500
RAW 32 28 0.971375 0.532625
RAW 32 29 0.921750 0.533125
RAW 32 30 0.850250 0.547125
RAW 32 31 0.970500 0.603125
RAW 32 32 0.940000 0.589375
RAW 32 33 1.000000 0.669750
RAW 32 34 0.859500 0.573500
RAW 32 35 0.929125 0.567875
RAW 32 36 1.000000 0.736000
RAW 32 37 1.000000 0.683000
RAW 32 38 0.923250 0.538500
RAW 32 39 0.990500 0.553875
RAW 32 40 0.968875 0.669250
RAW 32 41 0.589625 0.575500
RAW 32 42 0.998250 0.678625
RAW 32 43 0.865750 0.668250
RAW 32 44 0.997250 0.634000
RAW 32 45 0.902375 0.551250
RAW 32 46 0.863625 0.540125
RAW 32 47 0.998000 0.592375
RAW 32 48 0.955125 0.573250
RAW 32 49 0.974500 0.575625
RAW 32 50 0.911000 0.587625
RAW 32 51 0.991000 0.589125
RAW 32 52 0.736500 0.604625
RAW 32 53 0.999750 0.775625
RAW 32 54 0.922500 0.575125
RAW 32 55 0.947250 0.547500
RAW 32 56 0.921625 0.596375
RAW 32 57 0.996500 0.607000
RAW 32 58 0.999625 0.753125
RAW 32 59 0.922125 0.549375
RAW 32 60 0.996250 0.600625
RAW 32 61 0.961125 0.574000
RAW 32 62 0.861375 0.585500
RAW 32 63 0.973125 0.563250
RAW 32 64 0.922750 0.566750
RAW 32 65 0.916125 0.571125
RAW 32 66 0.998750 0.668625
RAW 32 67 0.870500 0.638250
RAW 32 68 0.977625 0.562375
RAW 32 69 0.998250 0.733375
RAW 32 70 1.000000 0.712625
RAW 32 71 0.950500 0.555000
RAW 32 72 0.991500 0.609250
RAW 32 73 0.891500 0.537750
RAW 32 74 0.864375 0.512750
RAW 32 75 0.815375 0.585250
RAW 32 76 0.732625 0.569000
RAW 32 77 0.857875 0.591875
RAW 32 78 0.992250 0.570375
RAW 32 79 1.000000 0.702250
RAW 32 80 1.000000 0.700000
RAW 32 81 0.997000 0.610625
RAW 32 82 0.949000 0.609375
RAW 32 83 0.962000 0.572375
RAW 32 84 0.996000 0.725625
RAW 32 85 0.994125 0.722500
RAW 32 86 0.846750 0.641125
RAW 32 87 0.979875 0.563625
RAW 32 88 1.000000 0.682750
RAW 32 89 0.871500 0.639375
RAW 32 90 0.907000 0.537500
RAW 32 91 0.959250 0.579375
RAW 32 92 0.982250 0.573875
RAW 32 93 1.000000 0.596000
RAW 32 94 0.933125 0.531875
RAW 32 95 0.975500 0.577625
RAW 32 96 0.998625 0.811875
RAW 32 97 1.000000 0.789625
RAW 32 98 0.913250 0.591750
RAW 32 99 0.881875 0.566250
RAW 32 100 0.966750 0.578250
RAW 32 101 0.861500 0.549250
RAW 32 102 0.934250 0.559125
RAW 32 103 0.996375 0.576500
RAW 32 104 1.000000 0.693625
RAW 32 105 0.998750 0.643625
RAW 32 106 0.997000 0.623000
RAW 32 107 0.884000 0.519625
RAW 32 108 1.000000 0.747250
RAW 32 109 0.933875 0.569375
RAW 32 110 0.942375 0.565500
RAW 32 111 1.000000 0.756000
RAW 32 112 0.979375 0.575375
RAW 32 113 0.911375 0.533875
RAW 32 114 0.972875 0.559000
RAW 32 115 0.838500 0.530500
RAW 32 116 0.994125 0.720500
RAW 32 117 0.838000 0.567250
RAW 32 118 0.870875 0.578125
RAW 32 119 1.000000 0.825750
RAW 32 120 0.999625 0.670500
RAW 32 121 0.934500 0.529625
RAW 32 122 1.000000 0.546875
RAW 32 123 0.916750 0.544000
RAW 32 124 0.933750 0.535750
RAW 32 125 1.000000 0.758875
RAW 32 126 0.968125 0.549500
RAW 32 127 1.000000 0.707750
RAW 32 128 0.629000 0.552375
RAW 32 129 1.000000 0.758750
RAW 32 130 0.995250 0.695125
RAW 32 131 0.959125 0.581125
RAW 32 132 0.903875 0.520125
RAW 32 133 0.995500 0.625375
RAW 32 134 0.995875 0.618875
RAW 32 135 1.000000 0.829875
RAW 32 136 0.848500 0.539625
RAW 32 137 0.992500 0.679625
RAW 32 138 0.745375 0.640000
RAW 32 139 0.975000 0.585625
RAW 32 140 0.937750 0.554375
RAW 32 141 0.893875 0.584625
RAW 32 142 1.000000 0.751500
RAW 32 143 0.962000 0.571250
RAW 32 144 0.916125 0.568250
RAW 32 145 0.919750 0.570625
RAW 32 146 0.979625 0.580750
RAW 32 147 0.974000 0.611625
RAW 32 148 0.905500 0.606250
RAW 32 149 0.966000 0.569250
RAW 32 150 0.955375 0.539000
RAW 32 151 0.998000 0.591250
RAW 32 152 0.820500 0.528250
RAW 32 153 0.866375 0.611125
RAW 32 154 0.878750 0.551000
RAW 32 155 0.941375 0.585375
RAW 32 156 0.996500 0.669625
RAW 32 157 0.936375 0.557500
RAW 32 158 0.977125 0.539750
RAW 32 159 0.909500 0.618625
RAW 32 160 0.997625 0.599875
RAW 32 161 0.952250 0.649250
RAW 32 162 0.999500 0.596250
RAW 32 163 0.976625 0.578000
RAW 32 164 0.907375 0.520875
RAW 32 165 0.843500 0.555875
RAW 32 166 0.990750 0.725250
RAW 32 167 0.997375 0.690750
RAW 32 168 0.870125 0.614125
RAW 32 169 1.000000 0.726625
RAW 32 170 0.977750 0.604125
RAW 32 171 0.891125 0.535625
RAW 32 172 0.998000 0.605000
RAW 32 173 0.911750 0.542750
RAW 32 174 0.958875 0.568000
RAW 32 175 0.973375 0.601250
RAW 32 176 0.995250 0.682875
RAW 32 177 0.992875 0.638000
RAW 32 178 0.849500 0.555250
RAW 32 179 0.987750 0.702875
RAW 32 180 0.999250 0.665375
RAW 32 181 0.920000 0.576625
RAW 32 182 0.924875 0.521750
RAW 32 183 0.957750 0.579625
RAW 32 184 0.993375 0.583750
RAW 32 185 0.981000 0.569875
RAW 32 186 0.993750 0.576125
RAW 32 187 0.969750 0.626500
RAW 32 188 0.855875 0.566500
RAW 32 189 0.983375 0.560500
RAW 32 190 0.900375 0.588000
RAW 32 191 0.947250 0.525125
RAW 32 192 0.889750 0.526250
RAW 32 193 0.889125 0.557250
RAW 32 194 0.950750 0.545375
RAW 32 195 0.970750 0.589875
RAW 32 196 0.960125 0.560375
RAW 32 197 0.861250 0.577875
RAW 32 198 0.965125 0.635250
RAW 32 199 0.998750 0.606500
RAW 32 200 0.990750 0.530875
RAW 32 201 0.958750 0.626125
RAW 32 202 0.948250 0.562125
RAW 32 203 0.923375 0.567875
RAW 32 204 0.830500 0.522375
RAW 32 205 0.963500 0.607875
RAW 32 206 0.976125 0.591750
RAW 32 207 0.977375 0.589125
RAW 32 208 1.000000 0.791375
RAW 32 209 0.942375 0.559250
RAW 32 210 0.839500 0.581500
RAW 32 211 0.989375 0.628000
RAW 32 212 0.968000 0.546625
RAW 32 213 0.888750 0.520500
RAW 32 214 1.000000 0.762375
RAW 32 215 0.941250 0.544125
RAW 32 216 0.870000 0.666500
RAW 32 217 0.989250 0.575750
RAW 32 218 0.910750 0.520875
RAW 32 219 0.903000 0.542375
RAW 32 220 0.957125 0.540500
RAW 32 221 1.000000 0.833375
RAW 32 222 0.965000 0.570375
RAW 32 223 0.920375 0.567500
RAW 32 224 0.981625 0.558625
RAW 32 225 0.892250 0.564750
RAW 32 226 0.756875 0.589375
RAW 32 227 0.963375 0.545625
RAW 32 228 0.834750 0.600125
RAW 32 229 0.876125 0.599500
RAW 32 230 0.999250 0.605500
RAW 32 231 0.986875 0.657250
RAW 32 232 0.912625 0.579250
RAW 32 233 0.951125 0.609375
RAW 32 234 0.912875 0.506125
RAW 32 235 0.859000 0.534375
RAW 32 236 0.974125 0.566625
RAW 32 237 0.995500 0.616250
RAW 32 238 1.000000 0.810125
RAW 32 239 0.897625 0.620500
RAW 32 240 0.876250 0.554000
RAW 32 241 1.000000 0.792250
RAW 32 242 0.881250 0.525750
RAW 32 243 0.984875 0.568000
RAW 32 244 0.944250 0.557750
RAW 32 245 0.944750 0.577500
RAW 32 246 0.925625 0.598375
RAW 32 247 0.975375 0.578875
RAW 32 248 0.993375 0.638875
RAW 32 249 0.990625 0.590375
RAW 32 250 0.991375 0.663625
  32      | 30        | 0.943 +/- 0.063            | 0.605 +/- 0.071           | +0.338 | 90
RAW 48 1 0.906875 0.550375
RAW 48 2 0.986500 0.539625
RAW 48 3 0.620875 0.528125
RAW 48 4 0.836250 0.514250
RAW 48 5 0.738750 0.542375
RAW 48 6 0.922625 0.530875
RAW 48 7 0.960000 0.527375
RAW 48 8 0.985500 0.563250
RAW 48 9 1.000000 0.612750
RAW 48 10 0.981500 0.559375
RAW 48 11 0.851750 0.510750
RAW 48 12 0.929500 0.532750
RAW 48 13 1.000000 0.545125
RAW 48 14 1.000000 0.659750
RAW 48 15 0.897625 0.545750
RAW 48 16 0.924250 0.550875
RAW 48 17 0.995500 0.518500
RAW 48 18 0.995375 0.578625
RAW 48 19 0.984875 0.592750
RAW 48 20 0.916625 0.541250
RAW 48 21 0.966000 0.550625
RAW 48 22 0.973750 0.556500
RAW 48 23 0.969625 0.513750
RAW 48 24 1.000000 0.642500
RAW 48 25 0.981000 0.537375
RAW 48 26 0.842000 0.514375
RAW 48 27 0.926000 0.511875
RAW 48 28 0.869750 0.498250
RAW 48 29 0.997375 0.564375
RAW 48 30 0.998750 0.598750
RAW 48 31 0.997500 0.662500
RAW 48 32 0.992500 0.535875
RAW 48 33 0.997500 0.516625
RAW 48 34 0.999875 0.669750
RAW 48 35 0.989250 0.607625
RAW 48 36 0.912500 0.531000
RAW 48 37 0.990875 0.571250
RAW 48 38 0.964875 0.586250
RAW 48 39 0.917625 0.502875
RAW 48 40 0.908625 0.527375
RAW 48 41 0.891000 0.538375
RAW 48 42 0.995250 0.553000
RAW 48 43 0.747375 0.515500
RAW 48 44 0.854625 0.555875
RAW 48 45 0.927875 0.556875
RAW 48 46 0.918500 0.538500
RAW 48 47 0.960125 0.548500
RAW 48 48 0.964375 0.540250
RAW 48 49 0.947250 0.543375
RAW 48 50 0.928625 0.515250
RAW 48 51 1.000000 0.664875
RAW 48 52 0.986500 0.531250
RAW 48 53 0.935125 0.576250
RAW 48 54 0.874000 0.616250
RAW 48 55 0.924000 0.505125
RAW 48 56 1.000000 0.624500
RAW 48 57 1.000000 0.643125
RAW 48 58 0.998000 0.559500
RAW 48 59 0.934625 0.523250
RAW 48 60 0.975000 0.546500
RAW 48 61 0.964125 0.571625
RAW 48 62 0.999750 0.675625
RAW 48 63 0.846625 0.566125
RAW 48 64 0.744625 0.557375
RAW 48 65 0.981000 0.556375
RAW 48 66 0.997500 0.583750
RAW 48 67 0.914750 0.542625
RAW 48 68 0.991875 0.528375
RAW 48 69 1.000000 0.749250
RAW 48 70 0.997250 0.570250
RAW 48 71 1.000000 0.583625
RAW 48 72 0.999875 0.627875
RAW 48 73 0.988750 0.581875
RAW 48 74 0.998500 0.557125
RAW 48 75 0.848750 0.554750
RAW 48 76 0.965125 0.547750
RAW 48 77 0.996500 0.563500
RAW 48 78 1.000000 0.624375
RAW 48 79 1.000000 0.647375
RAW 48 80 0.998875 0.565875
RAW 48 81 0.968250 0.520125
RAW 48 82 0.999000 0.552000
RAW 48 83 1.000000 0.658000
RAW 48 84 0.947500 0.550500
RAW 48 85 0.982250 0.557750
RAW 48 86 0.999875 0.593250
RAW 48 87 0.996750 0.579000
RAW 48 88 0.946625 0.561000
RAW 48 89 0.995375 0.685750
RAW 48 90 0.984250 0.546750
RAW 48 91 0.978375 0.573625
RAW 48 92 0.976500 0.574250
RAW 48 93 1.000000 0.612000
RAW 48 94 0.925625 0.536625
RAW 48 95 0.862875 0.519375
RAW 48 96 0.901750 0.547500
RAW 48 97 0.995375 0.581875
RAW 48 98 0.988750 0.535375
RAW 48 99 1.000000 0.596500
RAW 48 100 0.964500 0.545375
RAW 48 101 1.000000 0.761500
RAW 48 102 0.976250 0.550875
RAW 48 103 0.887375 0.521750
RAW 48 104 0.992125 0.547750
RAW 48 105 0.982375 0.556875
RAW 48 106 0.928375 0.548000
RAW 48 107 0.982000 0.599875
RAW 48 108 0.950000 0.571250
RAW 48 109 1.000000 0.657125
RAW 48 110 1.000000 0.748250
RAW 48 111 0.855250 0.546000
RAW 48 112 0.992875 0.561500
RAW 48 113 0.997125 0.555000
RAW 48 114 0.905875 0.539375
RAW 48 115 0.986375 0.525500
RAW 48 116 0.904500 0.525125
RAW 48 117 0.972875 0.545000
RAW 48 118 0.913125 0.524500
RAW 48 119 0.962750 0.560250
RAW 48 120 0.939250 0.545125
RAW 48 121 0.984125 0.560250
RAW 48 122 0.998500 0.546375
RAW 48 123 1.000000 0.770375
RAW 48 124 0.777500 0.497375
RAW 48 125 0.854625 0.539375
RAW 48 126 0.970750 0.579000
RAW 48 127 0.978000 0.553750
RAW 48 128 1.000000 0.616375
RAW 48 129 0.992875 0.563000
RAW 48 130 0.845750 0.509125
RAW 48 131 0.884125 0.499750
RAW 48 132 0.981625 0.544375
RAW 48 133 0.923250 0.530500
RAW 48 134 0.852875 0.522250
RAW 48 135 0.995125 0.648875
RAW 48 136 0.922875 0.528375
RAW 48 137 0.996000 0.590875
RAW 48 138 0.855750 0.542625
RAW 48 139 0.979875 0.553125
RAW 48 140 0.777750 0.511500
RAW 48 141 1.000000 0.611625
RAW 48 142 0.892625 0.522375
RAW 48 143 0.999375 0.545500
RAW 48 144 0.954000 0.583250
RAW 48 145 0.607375 0.575750
RAW 48 146 0.921375 0.532250
RAW 48 147 1.000000 0.595875
RAW 48 148 0.904250 0.521125
RAW 48 149 1.000000 0.576250
RAW 48 150 0.978875 0.551625
RAW 48 151 0.926750 0.552125
RAW 48 152 0.996500 0.636500
RAW 48 153 1.000000 0.651000
RAW 48 154 0.953625 0.521875
RAW 48 155 0.898250 0.518625
RAW 48 156 0.956625 0.541000
RAW 48 157 0.990750 0.551500
RAW 48 158 0.856250 0.519125
RAW 48 159 0.980625 0.558250
RAW 48 160 0.949625 0.533125
RAW 48 161 0.913500 0.532750
RAW 48 162 0.992625 0.701375
RAW 48 163 0.855250 0.516625
RAW 48 164 0.919250 0.518500
RAW 48 165 0.971000 0.560875
RAW 48 166 0.991500 0.564875
RAW 48 167 0.959750 0.526625
RAW 48 168 0.956875 0.554750
RAW 48 169 0.993750 0.622625
RAW 48 170 0.861625 0.535375
RAW 48 171 1.000000 0.581125
RAW 48 172 1.000000 0.784250
RAW 48 173 0.968500 0.533375
RAW 48 174 0.973750 0.546750
RAW 48 175 1.000000 0.704500
RAW 48 176 0.872375 0.551125
RAW 48 177 0.996000 0.610125
RAW 48 178 0.915250 0.526250
RAW 48 179 0.848500 0.498750
RAW 48 180 0.955875 0.575000
RAW 48 181 0.978250 0.579250
RAW 48 182 0.997500 0.548250
RAW 48 183 0.878375 0.534250
RAW 48 184 1.000000 0.648250
RAW 48 185 0.957375 0.548875
RAW 48 186 0.906875 0.518250
RAW 48 187 0.982750 0.575125
RAW 48 188 1.000000 0.648000
RAW 48 189 0.919750 0.569375
RAW 48 190 0.912750 0.529125
RAW 48 191 0.959250 0.549000
RAW 48 192 0.998000 0.553125
RAW 48 193 0.924500 0.559000
RAW 48 194 0.933625 0.541625
RAW 48 195 0.872875 0.545000
RAW 48 196 0.999250 0.546250
RAW 48 197 0.980625 0.550625
RAW 48 198 0.989250 0.568000
RAW 48 199 0.746125 0.565750
RAW 48 200 0.994000 0.625750
RAW 48 201 0.999750 0.627000
RAW 48 202 0.926375 0.537000
RAW 48 203 0.896375 0.567875
RAW 48 204 0.903500 0.528375
RAW 48 205 1.000000 0.676000
RAW 48 206 1.000000 0.613375
RAW 48 207 0.995375 0.582500
RAW 48 208 0.999625 0.578625
RAW 48 209 0.907750 0.531250
RAW 48 210 0.975375 0.543750
RAW 48 211 0.907625 0.544750
RAW 48 212 0.992500 0.506250
RAW 48 213 0.915875 0.518000
RAW 48 214 0.993375 0.647375
RAW 48 215 0.967125 0.530375
RAW 48 216 0.999750 0.651125
RAW 48 217 0.899875 0.509750
RAW 48 218 0.844500 0.563375
RAW 48 219 0.998125 0.541625
RAW 48 220 0.746125 0.537500
RAW 48 221 0.994500 0.549250
RAW 48 222 0.972250 0.547375
RAW 48 223 1.000000 0.613875
RAW 48 224 0.965000 0.543500
RAW 48 225 0.962250 0.569500
RAW 48 226 1.000000 0.635875
RAW 48 227 0.909875 0.532125
RAW 48 228 0.993000 0.556375
RAW 48 229 0.972750 0.561000
RAW 48 230 0.999500 0.625500
RAW 48 231 1.000000 0.691500
RAW 48 232 0.873750 0.550000
RAW 48 233 0.915875 0.519250
RAW 48 234 0.967750 0.521000
RAW 48 235 0.834500 0.537375
RAW 48 236 0.890000 0.530000
RAW 48 237 1.000000 0.630250
RAW 48 238 0.526625 0.563000
RAW 48 239 0.982750 0.543625
RAW 48 240 0.813375 0.499625
RAW 48 241 0.997750 0.542375
RAW 48 242 1.000000 0.650875
RAW 48 243 1.000000 0.607125
RAW 48 244 0.999125 0.551875
RAW 48 245 0.899750 0.511625
RAW 48 246 1.000000 0.610000
RAW 48 247 1.000000 0.669125
RAW 48 248 1.000000 0.672375
RAW 48 249 0.937625 0.519125
RAW 48 250 0.981375 0.558000
  48      | 46        | 0.947 +/- 0.071            | 0.568 +/- 0.052           | +0.379 | 138
RAW 64 1 1.000000 0.601625
RAW 64 2 0.739375 0.553625
RAW 64 3 0.830125 0.541625
RAW 64 4 0.998000 0.538750
RAW 64 5 0.973375 0.540875
RAW 64 6 0.885625 0.533750
RAW 64 7 0.999000 0.547875
RAW 64 8 0.931250 0.520375
RAW 64 9 0.892500 0.547875
RAW 64 10 0.995375 0.635625
RAW 64 11 0.826875 0.531000
RAW 64 12 0.971500 0.524750
RAW 64 13 0.940375 0.501375
RAW 64 14 0.998250 0.556000
RAW 64 15 0.998750 0.532375
RAW 64 16 0.928750 0.513125
RAW 64 17 0.964000 0.554000
RAW 64 18 0.998250 0.573250
RAW 64 19 0.997250 0.513250
RAW 64 20 0.983375 0.520375
RAW 64 21 0.916625 0.506500
RAW 64 22 0.926625 0.517125
RAW 64 23 1.000000 0.595000
RAW 64 24 0.994500 0.574750
RAW 64 25 0.958750 0.537750
RAW 64 26 0.864750 0.498750
RAW 64 27 0.936250 0.533500
RAW 64 28 0.975125 0.504000
RAW 64 29 0.994750 0.544375
RAW 64 30 1.000000 0.632625
RAW 64 31 0.924250 0.529250
RAW 64 32 0.938000 0.535750
RAW 64 33 0.997125 0.610000
RAW 64 34 0.971500 0.539000
RAW 64 35 0.993250 0.554500
RAW 64 36 0.995750 0.504250
RAW 64 37 1.000000 0.671500
RAW 64 38 1.000000 0.603375
RAW 64 39 0.873125 0.527625
RAW 64 40 0.990500 0.535000
RAW 64 41 0.616125 0.523750
RAW 64 42 0.938375 0.518000
RAW 64 43 0.964625 0.519000
RAW 64 44 1.000000 0.685625
RAW 64 45 0.993000 0.571875
RAW 64 46 0.995000 0.602125
RAW 64 47 0.893125 0.532375
RAW 64 48 0.863500 0.504625
RAW 64 49 1.000000 0.600375
RAW 64 50 0.966500 0.535625
RAW 64 51 0.954250 0.562500
RAW 64 52 0.984375 0.506375
RAW 64 53 0.993625 0.532000
RAW 64 54 0.901125 0.533875
RAW 64 55 0.981125 0.566500
RAW 64 56 0.724875 0.539125
RAW 64 57 0.945875 0.550000
RAW 64 58 0.893375 0.551625
RAW 64 59 0.959625 0.542625
RAW 64 60 0.931000 0.519375
RAW 64 61 0.893500 0.510125
RAW 64 62 0.985125 0.550750
RAW 64 63 0.921750 0.516125
RAW 64 64 1.000000 0.620875
RAW 64 65 1.000000 0.614125
RAW 64 66 0.980875 0.542125
RAW 64 67 0.978000 0.521375
RAW 64 68 0.893000 0.530250
RAW 64 69 0.996250 0.553500
RAW 64 70 0.994625 0.518125
RAW 64 71 0.992750 0.530375
RAW 64 72 0.996375 0.589875
RAW 64 73 0.935625 0.519500
RAW 64 74 0.936000 0.507250
RAW 64 75 0.998125 0.613125
RAW 64 76 0.867125 0.543250
RAW 64 77 0.914500 0.524375
RAW 64 78 0.976875 0.521250
RAW 64 79 0.994500 0.518250
RAW 64 80 0.970125 0.543250
RAW 64 81 0.711500 0.512625
RAW 64 82 0.958000 0.524375
RAW 64 83 0.991000 0.526875
RAW 64 84 0.983250 0.548500
RAW 64 85 0.999750 0.617125
RAW 64 86 1.000000 0.644000
RAW 64 87 0.998250 0.629375
RAW 64 88 0.964375 0.539000
RAW 64 89 0.953250 0.509625
RAW 64 90 0.990000 0.506750
RAW 64 91 1.000000 0.590125
RAW 64 92 0.932750 0.542375
RAW 64 93 0.981875 0.540750
RAW 64 94 0.859250 0.531250
RAW 64 95 1.000000 0.676000
RAW 64 96 0.968750 0.528750
RAW 64 97 0.999750 0.594125
RAW 64 98 0.916375 0.496875
RAW 64 99 0.906875 0.517000
RAW 64 100 0.870375 0.506500
RAW 64 101 0.955375 0.525875
RAW 64 102 0.624750 0.549875
RAW 64 103 1.000000 0.606375
RAW 64 104 0.981250 0.534625
RAW 64 105 1.000000 0.681000
RAW 64 106 0.941125 0.508750
RAW 64 107 1.000000 0.624625
RAW 64 108 0.957625 0.508125
RAW 64 109 0.822625 0.532625
RAW 64 110 0.995500 0.585625
RAW 64 111 0.934625 0.515875
RAW 64 112 0.887750 0.509125
RAW 64 113 0.924750 0.525500
RAW 64 114 0.940875 0.529250
RAW 64 115 0.989750 0.526625
RAW 64 116 1.000000 0.627125
RAW 64 117 0.735875 0.534250
RAW 64 118 0.969250 0.527250
RAW 64 119 0.974125 0.550000
RAW 64 120 0.978500 0.548375
RAW 64 121 0.997375 0.554375
RAW 64 122 0.923500 0.529875
RAW 64 123 0.997250 0.579750
RAW 64 124 1.000000 0.564125
RAW 64 125 0.986375 0.515125
RAW 64 126 0.984875 0.544125
RAW 64 127 0.915750 0.503750
RAW 64 128 0.899000 0.512750
RAW 64 129 0.987375 0.532250
RAW 64 130 0.963875 0.549375
RAW 64 131 0.899750 0.516375
RAW 64 132 0.973750 0.548625
RAW 64 133 0.999750 0.623625
RAW 64 134 0.998875 0.531250
RAW 64 135 0.998875 0.577375
RAW 64 136 0.874000 0.540625
RAW 64 137 0.956625 0.526375
RAW 64 138 0.812875 0.496500
RAW 64 139 0.997000 0.597500
RAW 64 140 0.973250 0.536875
RAW 64 141 0.867125 0.546125
RAW 64 142 0.950000 0.515375
RAW 64 143 0.882125 0.524750
RAW 64 144 0.868750 0.534375
RAW 64 145 0.999250 0.547125
RAW 64 146 0.991625 0.536000
RAW 64 147 0.999500 0.637875
RAW 64 148 0.995375 0.542750
RAW 64 149 0.999000 0.557250
RAW 64 150 0.994250 0.530375
RAW 64 151 0.999875 0.688500
RAW 64 152 0.992625 0.537250
RAW 64 153 0.996250 0.528750
RAW 64 154 0.922500 0.525125
RAW 64 155 0.989500 0.544000
RAW 64 156 0.975250 0.544375
RAW 64 157 0.895625 0.505000
RAW 64 158 0.872750 0.549875
RAW 64 159 0.862250 0.512125
RAW 64 160 0.936625 0.510625
RAW 64 161 0.881625 0.517125
RAW 64 162 0.938000 0.494125
RAW 64 163 0.849750 0.535875
RAW 64 164 0.997875 0.555250
RAW 64 165 1.000000 0.635625
RAW 64 166 0.910875 0.536625
RAW 64 167 1.000000 0.633500
RAW 64 168 0.997750 0.660625
RAW 64 169 0.995750 0.544375
RAW 64 170 0.993750 0.531375
RAW 64 171 0.912750 0.523625
RAW 64 172 0.999750 0.637875
RAW 64 173 0.994000 0.554250
RAW 64 174 0.861500 0.542875
RAW 64 175 0.995000 0.546750
RAW 64 176 0.973000 0.535375
RAW 64 177 0.970250 0.545125
RAW 64 178 0.991750 0.525875
RAW 64 179 0.943625 0.530500
RAW 64 180 0.996750 0.523250
RAW 64 181 0.897375 0.520125
RAW 64 182 1.000000 0.700500
RAW 64 183 0.941875 0.507625
RAW 64 184 0.955375 0.524375
RAW 64 185 0.725250 0.509250
RAW 64 186 0.869000 0.524500
RAW 64 187 0.976500 0.540500
RAW 64 188 0.927875 0.505500
RAW 64 189 0.859625 0.502375
RAW 64 190 0.997375 0.561750
RAW 64 191 0.994500 0.527125
RAW 64 192 0.860500 0.497125
RAW 64 193 0.931625 0.536125
RAW 64 194 0.897250 0.522500
RAW 64 195 0.927625 0.514250
RAW 64 196 0.946125 0.526375
RAW 64 197 0.965500 0.540750
RAW 64 198 0.983250 0.511625
RAW 64 199 0.999750 0.621375
RAW 64 200 1.000000 0.661250
RAW 64 201 0.939750 0.512375
RAW 64 202 0.971500 0.527375
RAW 64 203 0.982000 0.555500
RAW 64 204 0.886875 0.510625
RAW 64 205 0.912000 0.492125
RAW 64 206 0.974625 0.537125
RAW 64 207 0.906375 0.501625
RAW 64 208 0.996500 0.546250
RAW 64 209 0.816000 0.504125
RAW 64 210 0.971875 0.511125
RAW 64 211 0.992000 0.552125
RAW 64 212 0.844625 0.500625
RAW 64 213 0.750500 0.527250
RAW 64 214 0.741250 0.549750
RAW 64 215 0.951000 0.569125
RAW 64 216 0.995500 0.582750
RAW 64 217 0.947875 0.533625
RAW 64 218 1.000000 0.587125
RAW 64 219 0.964250 0.513125
RAW 64 220 0.982250 0.516125
RAW 64 221 0.983500 0.547375
RAW 64 222 0.998625 0.591250
RAW 64 223 1.000000 0.677375
RAW 64 224 0.995500 0.580500
RAW 64 225 0.969500 0.549875
RAW 64 226 0.995750 0.541000
RAW 64 227 0.995500 0.533125
RAW 64 228 0.933750 0.529750
RAW 64 229 0.866000 0.522750
RAW 64 230 0.980000 0.561125
RAW 64 231 0.995250 0.490875
RAW 64 232 0.995750 0.543625
RAW 64 233 0.982500 0.549750
RAW 64 234 0.971500 0.553625
RAW 64 235 0.999750 0.586375
RAW 64 236 0.982875 0.529000
RAW 64 237 0.972500 0.533500
RAW 64 238 0.986000 0.503250
RAW 64 239 1.000000 0.707000
RAW 64 240 0.996375 0.546625
RAW 64 241 0.995500 0.632125
RAW 64 242 0.981875 0.521875
RAW 64 243 0.980000 0.545125
RAW 64 244 0.901375 0.521625
RAW 64 245 0.995000 0.601500
RAW 64 246 0.506000 0.526875
RAW 64 247 0.998750 0.612500
RAW 64 248 0.983125 0.553125
RAW 64 249 0.998250 0.570625
RAW 64 250 0.910875 0.511125
  64      | 62        | 0.947 +/- 0.072            | 0.548 +/- 0.043           | +0.399 | 186
RAW 96 1 0.999375 0.569375
RAW 96 2 0.749125 0.518125
RAW 96 3 0.845500 0.511750
RAW 96 4 0.837125 0.519250
RAW 96 5 0.869250 0.538250
RAW 96 6 0.980125 0.536875
RAW 96 7 0.861875 0.525125
RAW 96 8 0.986125 0.536625
RAW 96 9 0.968750 0.522000
RAW 96 10 0.998750 0.559875
RAW 96 11 0.998375 0.563250
RAW 96 12 0.997000 0.518500
RAW 96 13 0.919000 0.535750
RAW 96 14 0.999875 0.619375
RAW 96 15 0.933125 0.509625
RAW 96 16 0.999000 0.534125
RAW 96 17 0.998375 0.544125
RAW 96 18 0.857625 0.513750
RAW 96 19 1.000000 0.524625
RAW 96 20 0.972500 0.537000
RAW 96 21 0.961000 0.535875
RAW 96 22 0.998250 0.544625
RAW 96 23 0.991625 0.529000
RAW 96 24 0.923125 0.505750
RAW 96 25 0.912250 0.489875
RAW 96 26 1.000000 0.541375
RAW 96 27 0.966250 0.531875
RAW 96 28 0.879875 0.498250
RAW 96 29 0.964125 0.519250
RAW 96 30 0.934000 0.510875
RAW 96 31 0.999500 0.590375
RAW 96 32 0.986250 0.521000
RAW 96 33 0.990000 0.523875
RAW 96 34 0.828500 0.524000
RAW 96 35 0.999125 0.525000
RAW 96 36 0.912250 0.503125
RAW 96 37 0.998250 0.537625
RAW 96 38 0.999625 0.552500
RAW 96 39 0.997500 0.548500
RAW 96 40 0.989500 0.514125
RAW 96 41 1.000000 0.557375
RAW 96 42 0.994000 0.537250
RAW 96 43 0.988625 0.517875
RAW 96 44 0.845625 0.524500
RAW 96 45 0.994625 0.529125
RAW 96 46 0.950625 0.500500
RAW 96 47 0.923500 0.508500
RAW 96 48 0.780000 0.478625
RAW 96 49 0.908875 0.505875
RAW 96 50 0.744375 0.525375
RAW 96 51 1.000000 0.589875
RAW 96 52 1.000000 0.556250
RAW 96 53 0.998000 0.590000
RAW 96 54 0.967750 0.520125
RAW 96 55 0.920625 0.515250
RAW 96 56 0.859625 0.499125
RAW 96 57 0.932875 0.503250
RAW 96 58 0.897625 0.504000
RAW 96 59 0.866500 0.530375
RAW 96 60 0.986500 0.513500
RAW 96 61 0.998875 0.591750
RAW 96 62 0.981000 0.530625
RAW 96 63 0.999000 0.592625
RAW 96 64 0.968625 0.528750
RAW 96 65 0.865000 0.528250
RAW 96 66 0.842625 0.522375
RAW 96 67 0.998875 0.505500
RAW 96 68 1.000000 0.510625
RAW 96 69 0.995500 0.512500
RAW 96 70 0.941125 0.497625
RAW 96 71 0.970750 0.517375
RAW 96 72 0.987875 0.531000
RAW 96 73 0.959750 0.529750
RAW 96 74 0.921625 0.533125
RAW 96 75 0.990375 0.519625
RAW 96 76 0.984000 0.510500
RAW 96 77 0.904000 0.527250
RAW 96 78 0.998750 0.512500
RAW 96 79 0.969250 0.513000
RAW 96 80 0.945000 0.492750
RAW 96 81 0.996125 0.525750
RAW 96 82 0.996500 0.535750
RAW 96 83 0.994750 0.516000
RAW 96 84 0.963000 0.521375
RAW 96 85 0.869500 0.506000
RAW 96 86 0.995750 0.578375
RAW 96 87 1.000000 0.578375
RAW 96 88 0.865375 0.540750
RAW 96 89 0.964875 0.515250
RAW 96 90 0.928375 0.503625
RAW 96 91 1.000000 0.574625
RAW 96 92 0.949500 0.501250
RAW 96 93 0.887625 0.490250
RAW 96 94 0.989125 0.525750
RAW 96 95 0.999250 0.538500
RAW 96 96 0.998875 0.573375
RAW 96 97 0.811375 0.491750
RAW 96 98 0.995375 0.512625
RAW 96 99 0.998500 0.522000
RAW 96 100 0.926625 0.507875
RAW 96 101 0.844375 0.496625
RAW 96 102 0.973125 0.508250
RAW 96 103 1.000000 0.619500
RAW 96 104 0.996250 0.530750
RAW 96 105 0.959750 0.535375
RAW 96 106 0.998625 0.535750
RAW 96 107 0.924375 0.513750
RAW 96 108 0.876000 0.504875
RAW 96 109 0.875000 0.541625
RAW 96 110 0.893125 0.509125
RAW 96 111 0.930875 0.531500
RAW 96 112 0.924250 0.509875
RAW 96 113 0.878625 0.513750
RAW 96 114 0.981250 0.519875
RAW 96 115 0.930125 0.523625
RAW 96 116 0.961500 0.512625
RAW 96 117 0.920750 0.502250
RAW 96 118 1.000000 0.572625
RAW 96 119 1.000000 0.510375
RAW 96 120 0.970625 0.524875
RAW 96 121 0.876000 0.510625
RAW 96 122 0.999625 0.592750
RAW 96 123 0.733250 0.527125
RAW 96 124 0.977625 0.519375
RAW 96 125 0.993625 0.517750
RAW 96 126 0.934500 0.512625
RAW 96 127 0.998250 0.508125
RAW 96 128 0.997500 0.531875
RAW 96 129 0.998000 0.546375
RAW 96 130 0.977500 0.529750
RAW 96 131 0.997500 0.508500
RAW 96 132 0.997000 0.558625
RAW 96 133 0.878000 0.492625
RAW 96 134 0.923500 0.522750
RAW 96 135 0.949625 0.531250
RAW 96 136 0.912500 0.506375
RAW 96 137 0.959250 0.519125
RAW 96 138 0.884375 0.504125
RAW 96 139 0.976625 0.519375
RAW 96 140 0.998625 0.523500
RAW 96 141 0.734125 0.509000
RAW 96 142 0.856750 0.498500
RAW 96 143 0.853500 0.529750
RAW 96 144 0.991500 0.539375
RAW 96 145 0.985250 0.531125
RAW 96 146 0.992125 0.512375
RAW 96 147 0.933625 0.499375
RAW 96 148 1.000000 0.632625
RAW 96 149 0.628250 0.517125
RAW 96 150 0.996500 0.507875
RAW 96 151 0.940625 0.502500
RAW 96 152 0.936375 0.518125
RAW 96 153 1.000000 0.655625
RAW 96 154 0.965125 0.514875
RAW 96 155 0.992500 0.531375
RAW 96 156 0.995500 0.527625
RAW 96 157 0.999750 0.608250
RAW 96 158 1.000000 0.647875
RAW 96 159 0.859875 0.522375
RAW 96 160 0.995500 0.527000
RAW 96 161 0.875250 0.535000
RAW 96 162 0.998500 0.552750
RAW 96 163 0.931625 0.502250
RAW 96 164 0.956750 0.509125
RAW 96 165 0.987250 0.517000
RAW 96 166 0.908500 0.520375
RAW 96 167 0.964500 0.512250
RAW 96 168 0.978750 0.525375
RAW 96 169 0.957875 0.514250
RAW 96 170 0.913000 0.520375
RAW 96 171 0.867875 0.529500
RAW 96 172 0.997375 0.551625
RAW 96 173 0.895250 0.524375
RAW 96 174 0.861750 0.506250
RAW 96 175 0.995625 0.524000
RAW 96 176 1.000000 0.545875
RAW 96 177 0.986125 0.520000
RAW 96 178 0.924500 0.501500
RAW 96 179 0.847750 0.518250
RAW 96 180 0.877125 0.506500
RAW 96 181 0.974375 0.522125
RAW 96 182 0.916500 0.515500
RAW 96 183 0.986250 0.572625
RAW 96 184 1.000000 0.552875
RAW 96 185 0.893625 0.508250
RAW 96 186 0.969500 0.520250
RAW 96 187 0.940125 0.523875
RAW 96 188 0.999875 0.576750
RAW 96 189 0.999875 0.538875
RAW 96 190 0.752750 0.543375
RAW 96 191 0.973125 0.535625
RAW 96 192 0.877875 0.504250
RAW 96 193 0.996750 0.586750
RAW 96 194 0.876625 0.520125
RAW 96 195 0.911500 0.509375
RAW 96 196 0.995000 0.537500
RAW 96 197 0.984875 0.528625
RAW 96 198 1.000000 0.605000
RAW 96 199 0.955000 0.502750
RAW 96 200 0.991625 0.540375
RAW 96 201 0.969750 0.526625
RAW 96 202 1.000000 0.575750
RAW 96 203 0.753250 0.545500
RAW 96 204 0.994375 0.573875
RAW 96 205 1.000000 0.564625
RAW 96 206 0.997750 0.532875
RAW 96 207 0.967750 0.507250
RAW 96 208 0.925500 0.505625
RAW 96 209 0.909000 0.504000
RAW 96 210 0.715625 0.510750
RAW 96 211 0.926250 0.500875
RAW 96 212 1.000000 0.559000
RAW 96 213 0.984000 0.514125
RAW 96 214 0.917625 0.503250
RAW 96 215 1.000000 0.564750
RAW 96 216 0.998500 0.578000
RAW 96 217 0.940625 0.525250
RAW 96 218 0.918125 0.505625
RAW 96 219 0.982875 0.498500
RAW 96 220 1.000000 0.558000
RAW 96 221 0.872375 0.493250
RAW 96 222 0.966250 0.495500
RAW 96 223 0.983750 0.518500
RAW 96 224 0.826375 0.503250
RAW 96 225 0.997125 0.565375
RAW 96 226 0.756125 0.517625
RAW 96 227 0.970500 0.496125
RAW 96 228 0.998250 0.587375
RAW 96 229 0.998375 0.551500
RAW 96 230 0.989875 0.514000
RAW 96 231 0.938125 0.508125
RAW 96 232 0.975750 0.515500
RAW 96 233 0.984000 0.510000
RAW 96 234 1.000000 0.538750
RAW 96 235 0.999750 0.586375
RAW 96 236 0.979000 0.507500
RAW 96 237 0.886875 0.512500
RAW 96 238 0.986500 0.529875
RAW 96 239 0.611375 0.534125
RAW 96 240 0.989125 0.527250
RAW 96 241 0.911250 0.518125
RAW 96 242 0.976375 0.517000
RAW 96 243 0.977750 0.508250
RAW 96 244 0.915375 0.512875
RAW 96 245 0.747125 0.528000
RAW 96 246 0.969000 0.510500
RAW 96 247 0.937000 0.491375
RAW 96 248 0.995000 0.501375
RAW 96 249 0.854500 0.521000
RAW 96 250 0.994875 0.528500
  96      | 94        | 0.944 +/- 0.070            | 0.529 +/- 0.028           | +0.415 | 282
RAW 128 1 0.875000 0.529625
RAW 128 2 0.841000 0.509875
RAW 128 3 0.928750 0.520000
RAW 128 4 1.000000 0.564250
RAW 128 5 0.946875 0.500500
RAW 128 6 0.854750 0.506875
RAW 128 7 0.850500 0.528000
RAW 128 8 0.892750 0.514750
RAW 128 9 0.998750 0.533250
RAW 128 10 0.872250 0.509000
RAW 128 11 0.990875 0.519250
RAW 128 12 0.922500 0.505000
RAW 128 13 0.998875 0.527250
RAW 128 14 0.925000 0.519000
RAW 128 15 0.925375 0.518125
RAW 128 16 1.000000 0.566125
RAW 128 17 0.984500 0.539625
RAW 128 18 0.983500 0.518125
RAW 128 19 0.920250 0.511500
RAW 128 20 0.999125 0.539250
RAW 128 21 0.997750 0.534875
RAW 128 22 0.906500 0.502500
RAW 128 23 0.993625 0.521125
RAW 128 24 0.873500 0.516875
RAW 128 25 0.752750 0.551125
RAW 128 26 0.871125 0.485875
RAW 128 27 1.000000 0.553500
RAW 128 28 0.964000 0.523875
RAW 128 29 0.996125 0.531875
RAW 128 30 0.990500 0.523000
RAW 128 31 0.970125 0.519125
RAW 128 32 0.754000 0.523250
RAW 128 33 1.000000 0.603000
RAW 128 34 0.977125 0.516000
RAW 128 35 0.735500 0.529250
RAW 128 36 1.000000 0.577250
RAW 128 37 0.889250 0.512750
RAW 128 38 0.983750 0.506750
RAW 128 39 0.923125 0.518250
RAW 128 40 1.000000 0.602125
RAW 128 41 1.000000 0.549500
RAW 128 42 0.991750 0.514625
RAW 128 43 0.866875 0.494875
RAW 128 44 0.948750 0.502250
RAW 128 45 0.966625 0.517750
RAW 128 46 0.941125 0.522500
RAW 128 47 0.732625 0.513500
RAW 128 48 0.999500 0.521875
RAW 128 49 0.839000 0.483750
RAW 128 50 0.918250 0.509500
RAW 128 51 0.875375 0.523000
RAW 128 52 0.882875 0.500625
RAW 128 53 0.970000 0.521250
RAW 128 54 0.998750 0.529000
RAW 128 55 0.969500 0.512000
RAW 128 56 1.000000 0.527375
RAW 128 57 1.000000 0.544500
RAW 128 58 0.991625 0.517625
RAW 128 59 0.979875 0.502875
RAW 128 60 0.885375 0.515375
RAW 128 61 0.965125 0.524500
RAW 128 62 0.968500 0.502250
RAW 128 63 0.876875 0.524750
RAW 128 64 1.000000 0.541125
RAW 128 65 0.999750 0.559875
RAW 128 66 0.973250 0.511875
RAW 128 67 0.982375 0.532625
RAW 128 68 0.953125 0.516875
RAW 128 69 0.987625 0.496875
RAW 128 70 0.994500 0.506625
RAW 128 71 0.966250 0.517500
RAW 128 72 0.903875 0.494875
RAW 128 73 0.978250 0.508250
RAW 128 74 0.999125 0.524875
RAW 128 75 0.982375 0.529500
RAW 128 76 0.999000 0.516125
RAW 128 77 0.999750 0.552625
RAW 128 78 0.860750 0.491125
RAW 128 79 0.996250 0.526750
RAW 128 80 0.996125 0.525375
RAW 128 81 0.916875 0.492750
RAW 128 82 0.986500 0.500250
RAW 128 83 0.759750 0.514750
RAW 128 84 0.929000 0.508375
RAW 128 85 0.997875 0.557250
RAW 128 86 0.976875 0.499625
RAW 128 87 0.997500 0.540375
RAW 128 88 0.886500 0.485000
RAW 128 89 0.996625 0.567875
RAW 128 90 0.829625 0.509250
RAW 128 91 0.835500 0.524375
RAW 128 92 0.995125 0.519375
RAW 128 93 0.926500 0.501000
RAW 128 94 0.873375 0.516750
RAW 128 95 0.970625 0.496625
RAW 128 96 0.731625 0.510250
RAW 128 97 0.969750 0.512000
RAW 128 98 0.999125 0.591500
RAW 128 99 0.889500 0.516875
RAW 128 100 0.998250 0.551375
RAW 128 101 1.000000 0.541250
RAW 128 102 1.000000 0.527500
RAW 128 103 0.925250 0.510500
RAW 128 104 1.000000 0.571625
RAW 128 105 1.000000 0.572750
RAW 128 106 0.994750 0.522500
RAW 128 107 0.994750 0.527000
RAW 128 108 1.000000 0.517500
RAW 128 109 0.874875 0.519375
RAW 128 110 0.871625 0.497000
RAW 128 111 0.863625 0.527250
RAW 128 112 0.998250 0.545625
RAW 128 113 0.959750 0.538500
RAW 128 114 0.895125 0.506500
RAW 128 115 0.914750 0.502750
RAW 128 116 0.914500 0.512000
RAW 128 117 0.920625 0.504625
RAW 128 118 0.975500 0.521500
RAW 128 119 0.972625 0.497375
RAW 128 120 0.896500 0.503250
RAW 128 121 0.982125 0.517875
RAW 128 122 0.999375 0.574500
RAW 128 123 0.871750 0.538000
RAW 128 124 0.992875 0.524375
RAW 128 125 0.996500 0.523000
RAW 128 126 0.934625 0.505250
RAW 128 127 0.924750 0.498625
RAW 128 128 0.891125 0.497125
RAW 128 129 0.931500 0.507250
RAW 128 130 0.952750 0.501875
RAW 128 131 0.999250 0.513375
RAW 128 132 0.981750 0.512625
RAW 128 133 0.998250 0.522750
RAW 128 134 1.000000 0.573500
RAW 128 135 0.974250 0.515500
RAW 128 136 0.925875 0.499500
RAW 128 137 0.921125 0.518125
RAW 128 138 0.999750 0.556375
RAW 128 139 0.951625 0.521875
RAW 128 140 0.885500 0.521250
RAW 128 141 0.935875 0.518125
RAW 128 142 0.990000 0.526000
RAW 128 143 0.975000 0.519875
RAW 128 144 0.999875 0.535875
RAW 128 145 0.972875 0.535750
RAW 128 146 0.915875 0.513000
RAW 128 147 0.900125 0.507625
RAW 128 148 0.992125 0.538000
RAW 128 149 0.935500 0.519625
RAW 128 150 0.883375 0.520000
RAW 128 151 0.999500 0.536875
RAW 128 152 0.909250 0.522000
RAW 128 153 1.000000 0.533250
RAW 128 154 0.956250 0.494750
RAW 128 155 0.905750 0.510750
RAW 128 156 0.923250 0.498250
RAW 128 157 0.925750 0.508500
RAW 128 158 0.994250 0.513375
RAW 128 159 0.928375 0.515625
RAW 128 160 1.000000 0.541625
RAW 128 161 0.871375 0.547500
RAW 128 162 1.000000 0.592375
RAW 128 163 0.976000 0.508375
RAW 128 164 0.923000 0.509375
RAW 128 165 0.980000 0.520125
RAW 128 166 0.997125 0.524375
RAW 128 167 0.885500 0.519750
RAW 128 168 0.999625 0.555875
RAW 128 169 0.870875 0.529125
RAW 128 170 0.876750 0.502750
RAW 128 171 0.975500 0.512875
RAW 128 172 0.683625 0.513875
RAW 128 173 0.999750 0.529750
RAW 128 174 1.000000 0.635250
RAW 128 175 1.000000 0.553500
RAW 128 176 0.860375 0.504375
RAW 128 177 0.973125 0.508875
RAW 128 178 0.976000 0.520875
RAW 128 179 0.856500 0.523125
RAW 128 180 0.855125 0.527500
RAW 128 181 0.977500 0.523500
RAW 128 182 0.999625 0.555000
RAW 128 183 0.875000 0.521500
RAW 128 184 0.954500 0.507000
RAW 128 185 1.000000 0.572875
RAW 128 186 0.999500 0.536375
RAW 128 187 0.994125 0.553250
RAW 128 188 0.929125 0.518875
RAW 128 189 0.997250 0.550375
RAW 128 190 0.851875 0.512500
RAW 128 191 0.988125 0.516375
RAW 128 192 0.986875 0.540750
RAW 128 193 0.921125 0.528500
RAW 128 194 0.985500 0.501000
RAW 128 195 1.000000 0.535875
RAW 128 196 0.899750 0.503875
RAW 128 197 0.985750 0.507625
RAW 128 198 0.976000 0.533875
RAW 128 199 0.949375 0.511500
RAW 128 200 0.871875 0.505750
RAW 128 201 0.999000 0.550625
RAW 128 202 0.977375 0.526750
RAW 128 203 0.968250 0.528625
RAW 128 204 0.992000 0.515125
RAW 128 205 0.999750 0.542875
RAW 128 206 0.998000 0.546250
RAW 128 207 0.925375 0.524625
RAW 128 208 0.913750 0.511625
RAW 128 209 0.996250 0.521500
RAW 128 210 0.984750 0.511375
RAW 128 211 0.936000 0.512125
RAW 128 212 0.741750 0.512375
RAW 128 213 1.000000 0.548500
RAW 128 214 0.998750 0.557375
RAW 128 215 0.935875 0.500375
RAW 128 216 1.000000 0.577250
RAW 128 217 0.924250 0.509125
RAW 128 218 0.972500 0.515375
RAW 128 219 0.963875 0.513250
RAW 128 220 0.922875 0.514250
RAW 128 221 1.000000 0.525625
RAW 128 222 0.976500 0.526375
RAW 128 223 0.988625 0.507375
RAW 128 224 0.979375 0.505750
RAW 128 225 1.000000 0.572000
RAW 128 226 0.944375 0.501875
RAW 128 227 0.998750 0.552875
RAW 128 228 0.985750 0.522375
RAW 128 229 0.984750 0.528375
RAW 128 230 0.912500 0.512750
RAW 128 231 0.999250 0.553125
RAW 128 232 0.981375 0.512250
RAW 128 233 1.000000 0.546000
RAW 128 234 0.999125 0.556250
RAW 128 235 0.997750 0.515750
RAW 128 236 0.898125 0.518500
RAW 128 237 0.947875 0.506250
RAW 128 238 0.959625 0.520500
RAW 128 239 0.995000 0.527250
RAW 128 240 0.957500 0.506750
RAW 128 241 0.999000 0.517000
RAW 128 242 1.000000 0.548250
RAW 128 243 0.982500 0.519125
RAW 128 244 0.999500 0.538750
RAW 128 245 0.994125 0.508250
RAW 128 246 0.996625 0.518500
RAW 128 247 0.851750 0.502875
RAW 128 248 0.740875 0.515250
RAW 128 249 0.997750 0.516625
RAW 128 250 0.995000 0.543500
  128     | 126       | 0.948 +/- 0.063            | 0.524 +/- 0.022           | +0.424 | 378

reuse-beats-re-search STRENGTHENS with scale if 'develop' stays flat while 'scratch' falls and
the gap widens -- one tiled block is size-independent; independent detectors starve harder as N grows.
