RAW 12 1 2 1.0000 1.0000 0.8970 2 1.0000 1.0000 0.8970 260 10
RAW 12 2 2 1.0000 0.5000 0.8620 2 1.0000 1.0000 0.9260 216 64
RAW 12 3 2 1.0000 1.0000 0.8960 1 1.0000 1.0000 0.8870 222 11
RAW 12 4 2 1.0000 1.0000 0.8930 1 1.0000 1.0000 0.8520 272 2
RAW 12 5 2 1.0000 1.0000 0.8980 2 1.0000 0.5000 0.8530 202 1
RAW 12 6 3 1.0000 0.6667 0.9110 3 1.0000 1.0000 0.9570 246 21
RAW 12 7 2 1.0000 1.0000 0.9030 2 1.0000 1.0000 0.9030 246 18
RAW 12 8 1 1.0000 1.0000 0.8960 1 1.0000 1.0000 0.8960 251 17
RAW 12 9 2 1.0000 1.0000 0.9010 2 1.0000 1.0000 0.9010 189 5
RAW 12 10 2 1.0000 1.0000 0.9040 2 1.0000 1.0000 0.9180 197 42
RAW 12 11 2 1.0000 1.0000 0.8840 2 0.2857 0.5000 0.8930 256 29
RAW 12 12 8 0.4000 0.1250 0.8040 5 0.2941 0.2000 0.8640 -1 1890
RAW 12 13 5 0.6250 0.2000 0.8560 3 0.3000 0.3333 0.8500 224 18
RAW 12 14 4 0.3333 0.0000 0.8570 5 0.3571 0.0000 0.8810 491 1646
RAW 12 15 1 1.0000 1.0000 0.8810 1 1.0000 1.0000 0.8810 250 3
RAW 12 16 2 1.0000 0.5000 0.9000 2 1.0000 1.0000 0.8860 316 127
RAW 12 17 7 0.3684 0.0000 0.8810 21 1.0000 0.1429 0.8610 1651 -1
RAW 12 18 7 0.3684 0.0000 0.8410 11 0.6875 0.0909 0.8000 1412 -1
RAW 12 19 5 0.2632 0.2000 0.8150 15 0.7143 0.1333 0.8450 -1 -1
RAW 12 20 3 0.6000 0.3333 0.8910 3 0.7500 0.6667 0.9210 202 1
RAW 12 21 1 1.0000 1.0000 0.9100 1 1.0000 1.0000 0.9020 253 2
RAW 12 22 3 0.6000 0.6667 0.9110 3 0.6000 0.6667 0.9110 224 43
RAW 12 23 12 0.6316 0.0833 0.8370 9 0.4500 0.1111 0.8260 2349 -1
RAW 12 24 7 0.3333 0.0000 0.8380 8 0.3810 0.1250 0.8480 -1 -1
RAW 12 25 2 0.6667 0.5000 0.9120 2 0.6667 1.0000 0.9180 208 19
RAW 16 1 3 0.7500 0.6667 0.8900 2 0.4000 0.5000 0.8770 331 43
RAW 16 2 2 1.0000 1.0000 0.8970 2 1.0000 1.0000 0.8970 335 55
RAW 16 3 2 1.0000 1.0000 0.8830 2 0.6667 0.5000 0.9030 334 51
RAW 16 4 3 0.7500 0.3333 0.8880 2 1.0000 1.0000 0.8950 280 40
RAW 16 5 2 1.0000 1.0000 0.8980 2 1.0000 1.0000 0.8980 283 62
RAW 16 6 2 0.6667 1.0000 0.9040 2 0.3333 0.5000 0.8810 324 50
RAW 16 7 3 1.0000 0.6667 0.8880 2 1.0000 1.0000 0.8800 571 113
RAW 16 8 2 1.0000 0.5000 0.9170 2 0.4000 0.5000 0.8870 270 3
RAW 16 9 5 0.8333 0.4000 0.9000 4 0.6667 0.5000 0.9140 439 605
RAW 16 10 2 0.6667 0.5000 0.8880 2 0.6667 0.5000 0.8980 276 33
RAW 16 11 2 0.6667 1.0000 0.9130 3 1.0000 0.3333 0.9000 303 34
RAW 16 12 8 0.3077 0.1250 0.8990 3 0.1765 0.3333 0.8690 1998 830
RAW 16 13 10 0.3571 0.1000 0.8650 5 0.2381 0.0000 0.8420 1384 1073
RAW 16 14 17 0.6071 0.1176 0.8740 14 0.6364 0.1429 0.8350 -1 -1
RAW 16 15 2 1.0000 1.0000 0.8960 2 0.6667 0.5000 0.9110 280 27
RAW 16 16 3 0.7500 0.6667 0.8940 4 0.4444 0.0000 0.9050 295 123
RAW 16 17 13 0.4815 0.0000 0.8540 17 0.5862 0.1176 0.8610 -1 -1
RAW 16 18 5 0.3125 0.0000 0.8810 5 0.3125 0.0000 0.8710 1505 127
RAW 16 19 9 0.3214 0.0000 0.8540 17 0.5862 0.1176 0.8620 -1 -1
RAW 16 20 3 0.7500 0.6667 0.9260 5 0.4167 0.2000 0.9030 480 250
RAW 16 21 1 1.0000 1.0000 0.8770 1 1.0000 1.0000 0.8770 252 15
RAW 16 22 2 0.6667 0.5000 0.8940 2 1.0000 1.0000 0.8970 328 22
RAW 16 23 8 0.3077 0.0000 0.8150 18 0.6207 0.0556 0.8490 -1 -1
RAW 16 24 11 0.4400 0.0909 0.8090 4 0.1481 0.0000 0.8500 -1 -1
RAW 16 25 2 0.6667 1.0000 0.8960 2 0.6667 0.5000 0.9110 370 90
RAW 20 1 4 0.8000 0.7500 0.9400 7 0.3043 0.1429 0.8600 693 -1
RAW 20 2 2 1.0000 1.0000 0.9080 2 1.0000 1.0000 0.9170 359 6
RAW 20 3 1 1.0000 1.0000 0.8770 1 1.0000 1.0000 0.8770 655 67
RAW 20 4 3 0.7500 0.6667 0.8560 3 0.2500 0.3333 0.8740 642 249
RAW 20 5 2 1.0000 1.0000 0.8920 2 0.6667 1.0000 0.8800 404 53
RAW 20 6 3 1.0000 1.0000 0.9300 3 0.5000 0.3333 0.9010 422 122
RAW 20 7 2 1.0000 1.0000 0.9110 6 0.5455 0.3333 0.9240 762 282
RAW 20 8 3 0.7500 0.6667 0.9000 2 0.4000 0.5000 0.8870 622 50
RAW 20 9 3 1.0000 0.6667 0.9130 3 0.2727 0.6667 0.8860 533 33
RAW 20 10 3 0.5000 0.3333 0.8920 3 0.4286 0.3333 0.8830 620 8
RAW 20 11 3 0.7500 0.6667 0.8920 2 0.5000 0.5000 0.8990 596 26
RAW 20 12 17 0.4722 0.0000 0.8290 25 0.6757 0.0800 0.8650 -1 -1
RAW 20 13 11 0.5500 0.0909 0.8390 6 0.2609 0.1667 0.7970 -1 594
RAW 20 14 11 0.3438 0.0000 0.8770 10 0.2778 0.0000 0.8430 -1 -1
RAW 20 15 2 0.4000 0.5000 0.8640 1 1.0000 1.0000 0.8240 536 12
RAW 20 16 2 0.6667 0.5000 0.8730 2 0.6667 0.5000 0.8730 686 209
RAW 20 17 15 0.4286 0.0000 0.8380 29 0.7838 0.1034 0.8360 -1 -1
RAW 20 18 11 0.3333 0.0000 0.8740 3 0.0857 0.0000 0.8400 -1 586
RAW 20 19 13 0.3514 0.0000 0.8110 24 0.6667 0.0833 0.8320 -1 -1
RAW 20 20 3 0.5000 0.6667 0.8830 5 0.2778 0.2000 0.8930 634 1766
RAW 20 21 3 0.7500 0.6667 0.9040 4 0.3333 0.2500 0.9100 550 1507
RAW 20 22 4 1.0000 0.5000 0.9270 5 0.4545 0.4000 0.9070 490 127
RAW 20 23 18 0.4865 0.1667 0.8110 8 0.2353 0.0000 0.7690 -1 -1
RAW 20 24 17 0.4722 0.0000 0.7540 2 0.0625 0.0000 0.7970 -1 -1
RAW 20 25 3 0.7500 0.6667 0.8880 3 0.2727 0.6667 0.9110 533 1266
RAW 24 1 2 1.0000 1.0000 0.8740 2 1.0000 1.0000 0.8590 1030 76
RAW 24 2 3 1.0000 0.6667 0.9040 2 0.5000 0.5000 0.8540 821 61
RAW 24 3 7 0.3889 0.2857 0.9190 9 0.3913 0.1111 0.8860 1524 2193
RAW 24 4 7 0.3333 0.2857 0.8640 6 0.2308 0.1667 0.8600 2987 222
RAW 24 5 4 0.8000 0.7500 0.9020 4 0.1818 0.5000 0.8790 559 726
RAW 24 6 4 0.8000 0.5000 0.9100 5 0.2941 0.2000 0.8890 1403 601
RAW 24 7 12 0.3529 0.0833 0.9000 10 0.2857 0.3000 0.8950 -1 -1
RAW 24 8 3 0.2727 0.3333 0.8380 2 1.0000 1.0000 0.8640 671 139
RAW 24 9 4 0.4000 0.0000 0.9060 4 0.6667 0.5000 0.9250 800 86
RAW 24 10 2 0.6667 0.5000 0.8830 3 0.6000 0.6667 0.9280 617 177
RAW 24 11 15 0.4545 0.1333 0.9030 5 0.2632 0.2000 0.8980 -1 744
RAW 24 12 24 0.5455 0.0833 0.8300 16 0.3636 0.0000 0.8380 -1 -1
RAW 24 13 20 0.4545 0.1000 0.8940 23 0.5227 0.0870 0.8440 -1 -1
RAW 24 14 28 0.6364 0.0357 0.8410 40 0.8889 0.0750 0.8500 -1 -1
RAW 24 15 3 0.5000 0.6667 0.8800 7 0.3889 0.1429 0.9130 1159 542
RAW 24 16 5 0.5556 0.4000 0.8990 3 0.3333 0.3333 0.8580 1277 1564
RAW 24 17 16 0.3636 0.0625 0.8390 4 0.1250 0.0000 0.8640 -1 -1
RAW 24 18 20 0.4444 0.0500 0.7940 2 0.0488 0.0000 0.8610 -1 -1
RAW 24 19 24 0.5455 0.0833 0.7970 21 0.4773 0.0476 0.8000 -1 -1
RAW 24 20 4 0.6667 0.5000 0.9140 6 0.1935 0.1667 0.8840 798 691
RAW 24 21 6 0.5455 0.3333 0.8880 16 0.4103 0.1250 0.9080 1844 -1
RAW 24 22 4 0.6667 0.5000 0.9070 3 0.1579 0.3333 0.8840 858 460
RAW 24 23 19 0.4318 0.1053 0.7850 16 0.3721 0.0000 0.7550 -1 -1
RAW 24 24 20 0.4545 0.0500 0.7070 2 0.0476 0.0000 0.8000 -1 -1
RAW 24 25 9 0.6429 0.2222 0.9050 8 0.3333 0.1250 0.8800 -1 -1
RAW 28 1 12 0.3636 0.2500 0.9090 9 0.2727 0.1111 0.8340 -1 1369
RAW 28 2 10 0.4545 0.0000 0.9050 14 0.3889 0.1429 0.9070 -1 -1
RAW 28 3 15 0.5000 0.1333 0.8850 10 0.2857 0.2000 0.8740 -1 -1
RAW 28 4 2 1.0000 1.0000 0.8820 3 0.6000 0.3333 0.8810 1079 190
RAW 28 5 9 0.5294 0.2222 0.9010 11 0.3056 0.1818 0.9080 1979 -1
RAW 28 6 2 1.0000 1.0000 0.8810 2 0.6667 0.5000 0.8830 860 20
RAW 28 7 4 0.5714 0.2500 0.8990 7 0.3182 0.1429 0.8880 1216 115
RAW 28 8 3 0.3000 0.0000 0.8770 3 0.2308 0.3333 0.8610 1292 373
RAW 28 9 6 0.5455 0.3333 0.8790 4 0.3636 0.2500 0.8690 2001 75
RAW 28 10 3 0.7500 0.6667 0.8850 4 0.2353 0.0000 0.8660 1101 173
RAW 28 11 20 0.4545 0.1000 0.9080 11 0.2683 0.0909 0.8930 -1 -1
RAW 28 12 22 0.4583 0.0000 0.8050 12 0.2500 0.1667 0.8250 -1 -1
RAW 28 13 30 0.5660 0.0333 0.8470 21 0.4038 0.1429 0.8360 -1 -1
RAW 28 14 29 0.5472 0.0690 0.8240 37 0.6981 0.0541 0.8340 -1 -1
RAW 28 15 4 0.2667 0.5000 0.8710 2 1.0000 0.5000 0.8570 2002 581
RAW 28 16 5 0.8333 0.4000 0.8850 6 0.2069 0.0000 0.9100 1141 2495
RAW 28 17 27 0.5192 0.0370 0.7870 5 0.1042 0.0000 0.8790 -1 3150
RAW 28 18 20 0.4000 0.0500 0.7830 4 0.0769 0.0000 0.8020 -1 -1
RAW 28 19 30 0.5769 0.0333 0.7930 29 0.5577 0.0345 0.7890 -1 -1
RAW 28 20 13 0.4062 0.0769 0.8840 10 0.3333 0.2000 0.8980 -1 1566
RAW 28 21 6 0.7500 0.5000 0.8830 8 0.3810 0.1250 0.9060 1362 51
RAW 28 22 4 1.0000 0.5000 0.9240 5 0.2381 0.0000 0.9140 1091 227
RAW 28 23 27 0.5094 0.1111 0.7130 8 0.1739 0.0000 0.7220 -1 -1
RAW 28 24 25 0.5102 0.0800 0.7110 11 0.2500 0.0000 0.6490 -1 -1
RAW 28 25 5 0.5556 0.4000 0.8990 6 0.2857 0.3333 0.9120 1835 148
RAW 12 26 2 1.0000 1.0000 0.8970 2 1.0000 1.0000 0.8720 237 1
RAW 12 27 1 1.0000 1.0000 0.9160 1 1.0000 1.0000 0.9160 204 10
RAW 12 28 2 1.0000 1.0000 0.9240 2 1.0000 1.0000 0.9240 190 30
RAW 12 29 2 1.0000 1.0000 0.9220 3 0.4286 0.6667 0.8930 334 86
RAW 12 30 1 1.0000 1.0000 0.9030 1 1.0000 1.0000 0.9030 273 7
RAW 12 31 5 0.3571 0.4000 0.8730 9 0.5000 0.1111 0.8540 718 -1
RAW 12 32 1 1.0000 1.0000 0.8930 1 1.0000 1.0000 0.8930 279 15
RAW 12 33 9 0.4500 0.0000 0.8890 11 0.6111 0.1818 0.8380 2404 -1
RAW 12 34 3 0.2500 0.6667 0.8880 3 0.2143 0.0000 0.8810 591 607
RAW 12 35 3 0.2500 0.6667 0.8560 3 0.2500 0.0000 0.8020 881 98
RAW 12 36 2 1.0000 1.0000 0.9060 2 1.0000 1.0000 0.9060 238 23
RAW 12 37 14 0.7368 0.0000 0.8390 5 0.2778 0.2000 0.8200 -1 551
RAW 12 38 2 0.1818 0.0000 0.8960 6 0.5455 0.3333 0.8960 781 195
RAW 12 39 2 1.0000 1.0000 0.9210 2 1.0000 1.0000 0.9210 222 6
RAW 12 40 3 1.0000 0.6667 0.9140 2 0.5000 0.5000 0.8970 197 4
RAW 12 41 3 0.2727 0.0000 0.8780 4 0.3636 0.2500 0.8520 691 504
RAW 12 42 3 0.2500 0.0000 0.8980 2 0.1667 0.0000 0.8700 840 158
RAW 12 43 4 0.3636 0.2500 0.8770 3 0.5000 0.3333 0.8520 350 469
RAW 12 44 2 1.0000 0.5000 0.9050 2 1.0000 1.0000 0.8900 155 8
RAW 12 45 3 0.2500 0.0000 0.9030 6 0.6667 0.1667 0.8640 432 379
RAW 12 46 2 1.0000 1.0000 0.8780 2 0.6667 1.0000 0.9200 181 23
RAW 12 47 5 0.3846 0.0000 0.8320 3 0.2143 0.0000 0.8630 1987 858
RAW 12 48 3 0.2143 0.3333 0.8910 6 0.6000 0.3333 0.9010 415 147
RAW 12 49 1 1.0000 1.0000 0.8910 1 1.0000 1.0000 0.8910 216 3
RAW 12 50 1 1.0000 1.0000 0.8820 1 1.0000 1.0000 0.8820 232 7
RAW 16 26 2 0.6667 0.5000 0.8880 3 0.6000 0.6667 0.9140 259 115
RAW 16 27 2 1.0000 0.5000 0.9000 2 1.0000 1.0000 0.9150 325 52
RAW 16 28 3 1.0000 1.0000 0.9040 4 1.0000 0.7500 0.9130 537 446
RAW 16 29 2 1.0000 1.0000 0.9170 2 0.4000 0.5000 0.8780 281 3
RAW 16 30 2 0.5000 0.5000 0.8870 2 1.0000 0.5000 0.8610 346 38
RAW 16 31 3 0.3333 0.6667 0.9000 6 0.3333 0.3333 0.8810 1926 344
RAW 16 32 1 1.0000 1.0000 0.8730 1 1.0000 1.0000 0.8730 518 3
RAW 16 33 11 0.3929 0.1818 0.8510 22 0.7586 0.0455 0.8500 -1 -1
RAW 16 34 12 0.4286 0.0833 0.8510 12 0.4286 0.0000 0.8470 -1 -1
RAW 16 35 8 0.2963 0.0000 0.9010 5 0.2500 0.0000 0.8840 2011 1109
RAW 16 36 1 1.0000 1.0000 0.8590 2 1.0000 0.5000 0.8870 228 27
RAW 16 37 12 0.4286 0.0833 0.8050 4 0.2667 0.0000 0.7150 -1 -1
RAW 16 38 16 0.5517 0.0625 0.8280 25 0.8621 0.1200 0.8120 -1 -1
RAW 16 39 2 0.6667 0.5000 0.8880 2 0.6667 1.0000 0.8990 306 4
RAW 16 40 6 1.0000 0.5000 0.9000 8 0.6667 0.3750 0.9300 391 2747
RAW 16 41 6 0.2727 0.1667 0.8960 3 0.2000 0.0000 0.9010 3279 268
RAW 16 42 8 0.4000 0.0000 0.8660 2 0.1333 0.0000 0.8960 1666 49
RAW 16 43 3 0.2000 0.3333 0.8780 3 0.2500 0.3333 0.8460 575 269
RAW 16 44 2 0.6667 1.0000 0.8980 2 0.5000 0.5000 0.8940 335 28
RAW 16 45 2 1.0000 0.5000 0.8590 2 1.0000 0.5000 0.8590 401 28
RAW 16 46 2 0.6667 1.0000 0.9100 2 0.5000 0.5000 0.9220 274 71
RAW 16 47 11 0.4074 0.1818 0.7470 15 0.5357 0.0667 0.7920 -1 -1
RAW 16 48 3 1.0000 0.3333 0.8810 4 0.3636 0.5000 0.8800 929 793
RAW 16 49 3 0.5000 0.6667 0.8880 7 0.5000 0.1429 0.8850 705 417
RAW 16 50 3 1.0000 0.3333 0.8820 3 0.3333 0.3333 0.8430 608 16
RAW 20 26 3 1.0000 0.6667 0.8660 4 0.3333 0.2500 0.8920 427 132
RAW 20 27 3 1.0000 0.6667 0.9020 4 0.3077 0.2500 0.9030 503 11
RAW 20 28 3 1.0000 0.6667 0.8940 4 0.2857 0.5000 0.8970 616 26
RAW 20 29 3 0.7500 0.3333 0.8780 2 0.2500 0.5000 0.8530 559 6
RAW 20 30 2 1.0000 1.0000 0.9030 3 0.6000 0.6667 0.9080 519 43
RAW 20 31 7 0.3684 0.2857 0.8890 9 0.2812 0.2222 0.8750 2250 -1
RAW 20 32 2 1.0000 1.0000 0.8920 2 1.0000 1.0000 0.8920 573 6
RAW 20 33 16 0.4444 0.0625 0.8510 21 0.5833 0.0000 0.8320 -1 -1
RAW 20 34 21 0.6000 0.0476 0.8290 21 0.6364 0.0952 0.8320 -1 -1
RAW 20 35 21 0.6176 0.0952 0.8590 6 0.2857 0.1667 0.8590 -1 224
RAW 20 36 3 1.0000 1.0000 0.9300 2 0.5000 0.5000 0.8900 670 95
RAW 20 37 15 0.4054 0.0000 0.8650 8 0.2963 0.1250 0.8430 -1 -1
RAW 20 38 20 0.5556 0.0500 0.8100 23 0.6216 0.0435 0.8490 -1 -1
RAW 20 39 3 1.0000 0.3333 0.8880 4 0.3636 0.0000 0.8850 462 189
RAW 20 40 4 0.5000 0.7500 0.9060 4 0.3077 0.5000 0.9160 582 59
RAW 20 41 22 0.6111 0.0455 0.8530 9 0.2647 0.0000 0.8230 -1 -1
RAW 20 42 19 0.5429 0.1053 0.8430 16 0.4706 0.0625 0.8300 -1 -1
RAW 20 43 13 0.3714 0.0769 0.8970 10 0.3333 0.0000 0.8020 -1 -1
RAW 20 44 4 0.6667 0.2500 0.9030 2 0.6667 1.0000 0.9260 720 302
RAW 20 45 9 0.5625 0.2222 0.8800 9 0.3750 0.2222 0.8350 2196 -1
RAW 20 46 3 0.2727 0.0000 0.8790 3 0.5000 0.3333 0.9050 840 46
RAW 20 47 14 0.3784 0.0000 0.8030 13 0.3611 0.0000 0.7800 -1 -1
RAW 20 48 4 0.4444 0.2500 0.8720 7 0.5833 0.4286 0.8770 1164 1706
RAW 20 49 10 0.5556 0.2000 0.9240 9 0.3214 0.2222 0.9220 -1 -1
RAW 20 50 3 0.3750 0.3333 0.9000 2 0.1333 0.0000 0.8760 559 371
RAW 24 26 1 1.0000 1.0000 0.8960 1 1.0000 1.0000 0.8960 498 8
RAW 24 27 9 0.5294 0.3333 0.9070 6 0.3529 0.1667 0.9030 1296 1037
RAW 24 28 6 0.4000 0.1667 0.8880 5 0.1724 0.2000 0.8640 1470 1579
RAW 24 29 3 0.4286 0.3333 0.8840 4 0.5714 0.2500 0.9060 1332 1000
RAW 24 30 5 0.7143 0.6000 0.9070 7 0.2800 0.4286 0.8990 2757 425
RAW 24 31 12 0.6000 0.0833 0.8800 4 0.2000 0.2500 0.8450 -1 545
RAW 24 32 4 0.4444 0.5000 0.9020 3 0.6000 0.6667 0.8500 754 836
RAW 24 33 26 0.6341 0.1154 0.8430 41 0.9111 0.0732 0.8460 -1 -1
RAW 24 34 16 0.3721 0.1250 0.8580 9 0.3600 0.1111 0.8420 -1 -1
RAW 24 35 19 0.4419 0.0000 0.8530 33 0.7500 0.0606 0.8380 -1 -1
RAW 24 36 2 1.0000 0.5000 0.8980 4 0.3077 0.2500 0.8760 859 1714
RAW 24 37 21 0.4667 0.0000 0.8210 5 0.1515 0.2000 0.7720 -1 -1
RAW 24 38 12 0.2857 0.0000 0.7350 6 0.1463 0.0000 0.6850 -1 -1
RAW 24 39 4 0.8000 0.5000 0.9090 7 0.4667 0.0000 0.9090 1055 246
RAW 24 40 4 0.6667 0.7500 0.9230 5 0.5556 0.4000 0.9150 894 70
RAW 24 41 19 0.4318 0.1053 0.8610 39 0.8667 0.0513 0.8550 -1 -1
RAW 24 42 24 0.5333 0.1250 0.7900 6 0.2000 0.0000 0.7410 -1 -1
RAW 24 43 27 0.6750 0.0370 0.8760 42 0.9333 0.0714 0.8840 -1 -1
RAW 24 44 2 0.5000 0.5000 0.8800 2 0.3333 0.5000 0.8620 1071 127
RAW 24 45 3 0.6000 0.3333 0.8860 5 0.6250 0.2000 0.8890 668 211
RAW 24 46 3 0.5000 0.3333 0.8980 5 0.2632 0.4000 0.9120 880 104
RAW 24 47 21 0.4884 0.0000 0.8280 30 0.6977 0.0667 0.8240 -1 -1
RAW 24 48 8 0.3200 0.0000 0.9070 4 0.2500 0.0000 0.8630 -1 1544
RAW 24 49 11 0.5000 0.0909 0.8860 7 0.3500 0.2857 0.8890 3035 -1
RAW 24 50 3 0.3000 0.3333 0.8940 3 0.1875 0.3333 0.8960 1097 98
RAW 28 26 5 0.3846 0.4000 0.8970 10 0.3448 0.1000 0.8780 887 1476
RAW 28 27 3 0.6000 0.0000 0.8730 2 1.0000 0.5000 0.8460 670 58
RAW 28 28 4 0.3636 0.2500 0.8740 4 0.3636 0.2500 0.8410 1429 1163
RAW 28 29 7 0.5000 0.2857 0.9210 9 0.3103 0.1111 0.8950 1892 -1
RAW 28 30 12 0.4286 0.1667 0.9250 9 0.2727 0.1111 0.8990 -1 -1
RAW 28 31 16 0.3137 0.1875 0.8900 23 0.4894 0.0435 0.8910 -1 -1
RAW 28 32 8 0.8000 0.3750 0.9030 3 0.1250 0.6667 0.8900 2624 1801
RAW 28 33 22 0.4231 0.0455 0.7920 28 0.5490 0.0357 0.7810 -1 -1
RAW 28 34 30 0.5660 0.0667 0.8000 29 0.5577 0.0690 0.8130 -1 -1
RAW 28 35 23 0.4600 0.0870 0.8470 44 0.8302 0.0455 0.8130 -1 -1
RAW 28 36 4 0.5714 0.2500 0.8850 4 0.2000 0.0000 0.8800 981 291
RAW 28 37 28 0.5283 0.0714 0.8180 51 0.9623 0.0588 0.8000 -1 -1
RAW 28 38 19 0.3725 0.0526 0.7500 18 0.3396 0.0000 0.7780 -1 -1
RAW 28 39 6 0.4000 0.5000 0.9310 8 0.3636 0.0000 0.9060 2483 229
RAW 28 40 11 0.5238 0.0909 0.9280 13 0.3514 0.1538 0.9010 -1 -1
RAW 28 41 32 0.6038 0.0312 0.8270 5 0.1111 0.0000 0.7860 -1 -1
RAW 28 42 27 0.5192 0.0370 0.7940 23 0.4694 0.0435 0.7910 -1 -1
RAW 28 43 23 0.4423 0.0870 0.8950 8 0.1739 0.0000 0.8780 -1 -1
RAW 28 44 17 0.3696 0.0588 0.8980 21 0.4884 0.1429 0.9300 -1 -1
RAW 28 45 10 0.4000 0.2000 0.8920 6 0.2000 0.0000 0.8350 -1 2784
RAW 28 46 10 0.4762 0.1000 0.8910 6 0.1875 0.0000 0.8670 -1 1089
RAW 28 47 24 0.4615 0.0833 0.8200 22 0.4681 0.0909 0.8300 -1 -1
RAW 28 48 23 0.4510 0.0000 0.8950 29 0.5800 0.0690 0.8630 -1 -1
RAW 28 49 15 0.3571 0.0667 0.8720 7 0.2121 0.1429 0.8500 -1 -1
RAW 28 50 13 0.4194 0.1538 0.9050 8 0.2222 0.0000 0.8320 -1 -1
RAW 12 51 5 0.6250 0.2000 0.8930 5 0.3846 0.0000 0.8540 322 2819
RAW 12 52 4 0.3636 0.2500 0.8910 3 0.2308 0.3333 0.9020 439 415
RAW 12 53 2 1.0000 1.0000 0.9370 2 1.0000 0.5000 0.9330 185 18
RAW 12 54 2 0.1818 0.5000 0.8700 3 0.2727 0.0000 0.7760 239 43
RAW 12 55 2 1.0000 1.0000 0.9000 2 1.0000 1.0000 0.9000 328 10
RAW 12 56 2 1.0000 1.0000 0.8850 2 1.0000 1.0000 0.8850 191 24
RAW 12 57 1 1.0000 1.0000 0.9200 1 1.0000 1.0000 0.9200 252 2
RAW 12 58 4 0.3636 0.5000 0.9180 3 0.2727 0.6667 0.9100 809 546
RAW 12 59 2 0.6667 0.5000 0.8910 2 1.0000 1.0000 0.8860 212 9
RAW 12 60 7 0.3500 0.0000 0.8630 3 0.1875 0.3333 0.8590 1118 1821
RAW 12 61 1 1.0000 1.0000 0.8830 1 1.0000 1.0000 0.8830 198 6
RAW 12 62 8 0.4000 0.1250 0.8670 6 0.3333 0.1667 0.8030 -1 -1
RAW 12 63 5 0.2500 0.0000 0.8370 3 0.2000 0.0000 0.8220 -1 -1
RAW 12 64 1 1.0000 1.0000 0.8680 1 1.0000 1.0000 0.8680 252 19
RAW 12 65 2 0.6667 1.0000 0.9180 2 0.5000 0.5000 0.9060 221 12
RAW 12 66 5 0.3571 0.0000 0.7520 5 0.2632 0.0000 0.8020 -1 -1
RAW 12 67 1 1.0000 1.0000 0.8910 1 1.0000 1.0000 0.8910 500 169
RAW 12 68 2 1.0000 1.0000 0.9350 1 1.0000 1.0000 0.8960 245 16
RAW 12 69 1 1.0000 1.0000 0.8990 1 1.0000 1.0000 0.8990 235 48
RAW 12 70 3 1.0000 0.3333 0.9000 2 0.6667 0.5000 0.8920 296 124
RAW 12 71 4 0.3636 0.5000 0.8560 4 0.6667 0.5000 0.8660 255 18
RAW 12 72 10 0.5263 0.2000 0.8990 9 0.7500 0.2222 0.9120 -1 1599
RAW 12 73 2 1.0000 1.0000 0.9340 2 1.0000 1.0000 0.9340 396 286
RAW 12 74 2 1.0000 0.5000 0.8730 3 0.5000 0.3333 0.8950 246 33
RAW 12 75 1 1.0000 1.0000 0.8810 1 1.0000 1.0000 0.8810 285 2
RAW 16 51 3 0.6000 0.3333 0.8640 2 0.6667 0.0000 0.8490 345 5
RAW 16 52 3 0.2000 0.0000 0.8830 4 0.2667 0.2500 0.8360 1679 3
RAW 16 53 3 0.7500 0.6667 0.9040 4 0.6667 0.2500 0.8660 398 110
RAW 16 54 13 0.4483 0.1538 0.9040 2 0.1333 0.0000 0.8830 1957 193
RAW 16 55 4 0.6667 0.7500 0.9230 2 0.6667 1.0000 0.8990 328 4
RAW 16 56 2 1.0000 1.0000 0.9020 2 0.5000 0.5000 0.8780 369 98
RAW 16 57 3 0.4286 0.3333 0.8930 2 0.3333 0.5000 0.8900 496 76
RAW 16 58 11 0.4231 0.2727 0.8870 18 0.6923 0.1667 0.8600 -1 -1
RAW 16 59 4 0.6667 0.7500 0.9140 4 0.3077 0.5000 0.8980 597 161
RAW 16 60 3 0.1071 0.0000 0.8500 3 0.1071 0.0000 0.8410 1738 -1
RAW 16 61 4 0.8000 0.5000 0.9240 3 0.3000 0.6667 0.8960 253 178
RAW 16 62 11 0.4400 0.1818 0.7270 5 0.2273 0.2000 0.8090 -1 -1
RAW 16 63 11 0.4231 0.0000 0.7850 2 0.1333 0.0000 0.7540 -1 -1
RAW 16 64 2 1.0000 1.0000 0.9180 3 0.5000 0.6667 0.9110 420 42
RAW 16 65 2 1.0000 1.0000 0.9040 4 0.3636 0.0000 0.8920 369 312
RAW 16 66 8 0.2963 0.1250 0.8130 14 0.4828 0.1429 0.7960 -1 -1
RAW 16 67 7 0.3684 0.2857 0.8830 6 0.2609 0.0000 0.8380 -1 1113
RAW 16 68 2 1.0000 1.0000 0.9000 3 1.0000 1.0000 0.8950 327 29
RAW 16 69 2 1.0000 1.0000 0.9170 2 0.4000 0.5000 0.9120 300 39
RAW 16 70 3 0.5000 0.3333 0.8610 1 1.0000 1.0000 0.8690 472 23
RAW 16 71 1 1.0000 1.0000 0.8510 1 1.0000 1.0000 0.8510 563 23
RAW 16 72 17 0.5862 0.0588 0.8700 6 0.3333 0.3333 0.8520 -1 569
RAW 16 73 2 1.0000 0.5000 0.9040 2 1.0000 0.5000 0.9040 360 16
RAW 16 74 2 0.4000 0.5000 0.8730 5 0.4167 0.2000 0.8700 518 996
RAW 16 75 2 1.0000 1.0000 0.8980 4 0.4444 0.2500 0.8870 428 106
RAW 20 51 19 0.5135 0.0526 0.8900 9 0.3000 0.1111 0.8290 -1 -1
RAW 20 52 15 0.4286 0.1333 0.8880 4 0.1481 0.0000 0.9180 -1 3131
RAW 20 53 3 0.7500 0.6667 0.9190 2 1.0000 0.5000 0.8640 466 48
RAW 20 54 14 0.4000 0.0000 0.8240 10 0.3125 0.0000 0.8420 -1 -1
RAW 20 55 2 0.5000 0.5000 0.8890 4 0.3636 0.2500 0.8980 622 160
RAW 20 56 3 1.0000 1.0000 0.8750 5 0.4167 0.2000 0.8940 549 1036
RAW 20 57 5 0.5556 0.2000 0.9070 4 0.1739 0.5000 0.8910 1693 8
RAW 20 58 21 0.5676 0.0000 0.8650 24 0.6667 0.1250 0.8720 -1 -1
RAW 20 59 3 1.0000 1.0000 0.9070 2 0.6667 0.5000 0.8750 696 158
RAW 20 60 12 0.3333 0.0833 0.7550 3 0.0968 0.0000 0.8130 -1 -1
RAW 20 61 3 0.4286 0.3333 0.9170 4 0.5714 0.5000 0.8940 759 77
RAW 20 62 8 0.2286 0.0000 0.7840 5 0.1562 0.0000 0.7780 -1 -1
RAW 20 63 18 0.5806 0.0556 0.7440 2 0.0571 0.0000 0.8100 -1 -1
RAW 20 64 4 0.6667 0.5000 0.9190 7 0.2917 0.1429 0.9120 1091 -1
RAW 20 65 4 1.0000 0.5000 0.9230 2 1.0000 1.0000 0.9050 773 143
RAW 20 66 12 0.3333 0.0000 0.7770 11 0.3143 0.0909 0.7400 -1 -1
RAW 20 67 6 0.3158 0.1667 0.8910 5 0.4545 0.4000 0.8710 3585 2774
RAW 20 68 2 1.0000 1.0000 0.9060 2 0.4000 0.5000 0.8550 406 24
RAW 20 69 5 1.0000 0.6000 0.9100 4 0.3333 0.0000 0.8210 1046 207
RAW 20 70 7 0.4375 0.2857 0.8900 4 0.1600 0.0000 0.8640 -1 1285
RAW 20 71 14 0.4375 0.0714 0.8940 15 0.5000 0.1333 0.8550 -1 -1
RAW 20 72 4 0.8000 0.5000 0.8710 2 0.1818 0.0000 0.8480 423 41
RAW 20 73 4 0.3077 0.0000 0.9030 4 0.5000 0.2500 0.9110 885 205
RAW 20 74 3 0.6000 0.3333 0.8790 7 0.4667 0.1429 0.8900 726 832
RAW 20 75 2 1.0000 1.0000 0.8990 3 0.5000 0.6667 0.8980 595 9
RAW 24 51 25 0.5682 0.0400 0.8720 7 0.2414 0.1429 0.8800 -1 -1
RAW 24 52 20 0.4651 0.1000 0.8700 7 0.1892 0.0000 0.8560 -1 -1
RAW 24 53 2 0.5000 0.5000 0.8810 3 0.5000 0.3333 0.8800 656 81
RAW 24 54 20 0.4545 0.0000 0.8190 24 0.5333 0.0833 0.7690 -1 -1
RAW 24 55 2 0.4000 0.0000 0.8660 4 0.5000 0.2500 0.8970 647 25
RAW 24 56 6 0.3750 0.1667 0.9140 3 0.2727 0.6667 0.8700 736 259
RAW 24 57 2 0.4000 0.5000 0.8800 3 0.6000 0.3333 0.9160 635 121
RAW 24 58 28 0.6222 0.0714 0.8810 40 0.9091 0.0750 0.8600 -1 -1
RAW 24 59 4 1.0000 0.5000 0.9080 6 0.2308 0.1667 0.8840 1601 271
RAW 24 60 23 0.5111 0.0435 0.7660 2 0.0465 0.0000 0.8210 -1 -1
RAW 24 61 4 0.3077 0.0000 0.8960 4 0.5000 0.2500 0.8910 779 15
RAW 24 62 22 0.4889 0.0455 0.7530 2 0.0526 0.0000 0.7710 -1 -1
RAW 24 63 23 0.5227 0.0870 0.7210 8 0.1951 0.0000 0.7250 -1 -1
RAW 24 64 4 0.5000 0.5000 0.8890 4 0.2667 0.5000 0.9250 561 175
RAW 24 65 3 0.5000 0.3333 0.9120 2 0.1538 0.5000 0.8820 1013 129
RAW 24 66 19 0.4222 0.0526 0.7140 12 0.2857 0.0000 0.6560 -1 -1
RAW 24 67 16 0.3636 0.0625 0.8830 17 0.4359 0.0588 0.8480 -1 -1
RAW 24 68 4 0.5714 0.2500 0.9010 4 0.2500 0.0000 0.9000 861 329
RAW 24 69 5 0.6250 0.4000 0.9150 7 0.3333 0.1429 0.9170 1434 1909
RAW 24 70 5 0.5000 0.2000 0.8900 7 0.4667 0.1429 0.8780 1207 -1
RAW 24 71 7 0.2800 0.1429 0.9300 4 0.1538 0.0000 0.8630 1115 1882
RAW 24 72 14 0.4828 0.0714 0.8810 5 0.2273 0.2000 0.8580 -1 3156
RAW 24 73 2 0.6667 0.5000 0.9090 1 1.0000 1.0000 0.8760 1310 173
RAW 24 74 14 0.3333 0.0714 0.8990 6 0.1875 0.0000 0.8680 -1 899
RAW 24 75 3 0.7500 0.3333 0.8650 2 0.2000 0.5000 0.8680 462 1
RAW 28 51 7 0.4118 0.1429 0.8700 5 0.2381 0.2000 0.7880 1475 386
RAW 28 52 28 0.5385 0.0714 0.8200 32 0.6275 0.0625 0.8140 -1 -1
RAW 28 53 6 0.5000 0.3333 0.9260 5 0.3846 0.2000 0.8970 1407 23
RAW 28 54 36 0.7059 0.0278 0.8290 32 0.6667 0.0625 0.8230 -1 -1
RAW 28 55 3 0.5000 0.3333 0.8770 4 0.1818 0.2500 0.8840 1197 411
RAW 28 56 4 0.6667 0.5000 0.9120 4 0.2667 0.5000 0.8650 1189 302
RAW 28 57 3 0.6000 0.6667 0.8920 3 0.4286 0.3333 0.9030 960 2
RAW 28 58 30 0.6000 0.0667 0.8600 51 0.9623 0.0588 0.8560 -1 -1
RAW 28 59 6 0.5455 0.1667 0.8570 2 0.1250 0.0000 0.6730 1349 410
RAW 28 60 24 0.4528 0.0000 0.7030 9 0.2432 0.0000 0.7080 -1 -1
RAW 28 61 16 0.4000 0.1250 0.9150 8 0.1951 0.0000 0.8540 -1 -1
RAW 28 62 23 0.4600 0.0435 0.7370 36 0.6923 0.0556 0.7400 -1 -1
RAW 28 63 27 0.5094 0.0370 0.6520 3 0.0769 0.0000 0.7460 -1 -1
RAW 28 64 4 0.8000 0.5000 0.9130 6 0.3000 0.1667 0.8840 1195 986
RAW 28 65 9 0.6000 0.3333 0.8970 7 0.2917 0.0000 0.8980 2093 -1
RAW 28 66 25 0.4717 0.0400 0.6320 2 0.0455 0.0000 0.7780 -1 -1
RAW 28 67 24 0.5217 0.0417 0.8320 12 0.2353 0.1667 0.8470 -1 -1
RAW 28 68 5 0.6250 0.6000 0.9200 6 0.2727 0.3333 0.8770 712 1829
RAW 28 69 3 0.7500 0.6667 0.8920 7 0.3182 0.0000 0.8940 1163 -1
RAW 28 70 17 0.3400 0.0588 0.8640 8 0.1860 0.0000 0.7960 -1 -1
RAW 28 71 15 0.3261 0.2000 0.8990 13 0.3939 0.0769 0.9020 -1 -1
RAW 28 72 17 0.3542 0.0588 0.8880 6 0.1622 0.1667 0.8800 -1 269
RAW 28 73 8 0.4211 0.0000 0.9120 4 0.1667 0.2500 0.8580 -1 1265
RAW 28 74 6 0.5000 0.1667 0.8940 9 0.3214 0.2222 0.9070 2222 669
RAW 28 75 5 0.6250 0.4000 0.9080 5 0.2500 0.0000 0.8900 1501 54
RAW 12 76 2 1.0000 1.0000 0.9060 2 0.5000 0.5000 0.8850 168 59
RAW 12 77 2 1.0000 1.0000 0.9250 2 1.0000 1.0000 0.9110 188 1
RAW 12 78 2 1.0000 1.0000 0.8800 3 0.3333 0.3333 0.8580 245 5
RAW 12 79 3 1.0000 0.6667 0.8930 2 1.0000 1.0000 0.9070 184 19
RAW 12 80 2 1.0000 1.0000 0.8750 2 1.0000 1.0000 0.8750 185 24
RAW 12 81 3 0.7500 0.6667 0.9260 2 0.6667 1.0000 0.9030 224 36
RAW 12 82 4 0.3636 0.5000 0.8940 4 0.2667 0.2500 0.9010 270 231
RAW 12 83 2 1.0000 1.0000 0.9230 2 1.0000 1.0000 0.8860 198 37
RAW 12 84 1 1.0000 1.0000 0.8760 1 1.0000 1.0000 0.8760 280 4
RAW 12 85 2 0.6667 0.5000 0.8660 2 0.6667 0.5000 0.8660 227 5
RAW 12 86 2 1.0000 1.0000 0.8790 2 1.0000 1.0000 0.8790 202 12
RAW 12 87 3 0.4286 0.3333 0.8730 3 0.4286 0.0000 0.8700 257 33
RAW 12 88 6 0.4286 0.0000 0.8970 3 0.2500 0.0000 0.8820 279 250
RAW 12 89 3 0.2727 0.6667 0.9110 4 0.4444 0.2500 0.8410 377 19
RAW 12 90 3 0.5000 0.3333 0.9120 3 0.3750 0.3333 0.8940 332 2
RAW 12 91 2 0.1818 0.0000 0.8750 2 0.1818 0.5000 0.8700 474 47
RAW 12 92 2 1.0000 1.0000 0.9170 2 1.0000 1.0000 0.9170 258 57
RAW 12 93 2 1.0000 1.0000 0.9230 2 1.0000 1.0000 0.9230 213 84
RAW 12 94 4 0.2105 0.5000 0.8820 5 0.2632 0.4000 0.8750 1724 2507
RAW 12 95 3 1.0000 1.0000 0.9040 3 1.0000 1.0000 0.9040 229 10
RAW 12 96 3 0.7500 0.3333 0.9020 2 1.0000 1.0000 0.9020 489 631
RAW 12 97 6 0.4286 0.1667 0.8650 4 0.2857 0.2500 0.8560 2074 2
RAW 12 98 2 0.6667 0.5000 0.8660 3 0.7500 0.6667 0.8940 344 2
RAW 12 99 7 0.5833 0.2857 0.8760 11 0.6471 0.1818 0.8590 1789 -1
RAW 12 100 3 0.2500 0.6667 0.8760 5 0.3333 0.0000 0.8770 886 458
RAW 16 76 4 1.0000 0.5000 0.9070 2 0.2500 0.5000 0.8890 936 119
RAW 16 77 4 1.0000 0.7500 0.9240 6 0.5000 0.1667 0.9240 720 468
RAW 16 78 2 1.0000 0.5000 0.8850 2 1.0000 1.0000 0.8740 344 12
RAW 16 79 2 0.6667 0.5000 0.8880 3 0.5000 0.3333 0.8600 330 24
RAW 16 80 2 0.6667 0.5000 0.9050 3 0.7500 0.6667 0.9010 296 22
RAW 16 81 1 1.0000 1.0000 0.8920 1 1.0000 1.0000 0.8920 273 8
RAW 16 82 3 0.6000 0.3333 0.8580 2 0.6667 0.5000 0.8550 474 97
RAW 16 83 4 0.5000 0.5000 0.8790 3 0.3333 0.3333 0.9040 371 42
RAW 16 84 3 1.0000 0.6667 0.9190 2 0.6667 0.5000 0.8630 297 17
RAW 16 85 6 0.7500 0.1667 0.8920 6 0.4615 0.1667 0.8860 607 176
RAW 16 86 2 0.6667 1.0000 0.9210 2 0.6667 1.0000 0.9210 342 56
RAW 16 87 8 0.2963 0.0000 0.9140 6 0.2857 0.1667 0.7020 3334 1211
RAW 16 88 6 0.4615 0.1667 0.8920 3 0.2143 0.0000 0.8790 741 225
RAW 16 89 4 0.2500 0.2500 0.8340 5 0.2941 0.2000 0.8320 2013 3379
RAW 16 90 5 0.3571 0.2000 0.8540 4 0.2857 0.2500 0.8390 519 25
RAW 16 91 18 0.6207 0.1111 0.8770 13 0.5200 0.0000 0.8360 -1 -1
RAW 16 92 2 1.0000 1.0000 0.8960 5 0.7143 0.2000 0.8990 376 102
RAW 16 93 2 1.0000 1.0000 0.8850 2 1.0000 1.0000 0.8850 490 121
RAW 16 94 15 0.5357 0.1333 0.8200 12 0.4800 0.2500 0.8280 -1 -1
RAW 16 95 2 1.0000 1.0000 0.9090 2 1.0000 1.0000 0.9090 406 12
RAW 16 96 3 0.5000 0.3333 0.8600 3 1.0000 0.3333 0.8690 439 301
RAW 16 97 13 0.4815 0.0769 0.8190 11 0.4783 0.0909 0.7970 -1 -1
RAW 16 98 10 0.3571 0.2000 0.8760 12 0.5000 0.0833 0.8880 -1 -1
RAW 16 99 4 0.5000 0.5000 0.8840 8 0.4211 0.0000 0.8620 472 1278
RAW 16 100 3 0.1875 0.3333 0.8850 6 0.2727 0.3333 0.8720 1362 2206
RAW 20 76 2 1.0000 1.0000 0.8720 2 0.6667 0.5000 0.8650 394 44
RAW 20 77 3 1.0000 1.0000 0.9150 3 0.6000 0.3333 0.8970 493 331
RAW 20 78 3 0.4286 0.3333 0.8780 4 0.2857 0.2500 0.7710 1880 487
RAW 20 79 5 0.4167 0.2000 0.8920 6 0.3529 0.1667 0.8780 2345 1612
RAW 20 80 2 0.6667 1.0000 0.8990 2 0.5000 0.5000 0.9140 715 11
RAW 20 81 3 1.0000 0.3333 0.9180 4 0.3333 0.2500 0.9060 620 298
RAW 20 82 11 0.3667 0.2727 0.8760 8 0.3810 0.1250 0.8360 3089 -1
RAW 20 83 4 0.8000 0.2500 0.9130 3 0.3750 0.3333 0.9000 634 198
RAW 20 84 4 0.2857 0.5000 0.8840 3 0.2500 0.3333 0.8670 919 259
RAW 20 85 6 0.3158 0.1667 0.8760 4 0.3077 0.2500 0.8770 895 34
RAW 20 86 2 0.6667 1.0000 0.9010 2 0.6667 0.5000 0.8730 449 2
RAW 20 87 5 0.2500 0.2000 0.8770 5 0.2174 0.0000 0.8390 2158 675
RAW 20 88 16 0.4706 0.0625 0.8690 11 0.4231 0.0909 0.8540 -1 -1
RAW 20 89 4 0.2105 0.2500 0.8640 3 0.1579 0.6667 0.8520 1526 575
RAW 20 90 18 0.5455 0.0556 0.8910 6 0.2727 0.0000 0.8390 -1 2848
RAW 20 91 19 0.5588 0.0526 0.8160 30 0.8108 0.0667 0.8490 -1 -1
RAW 20 92 15 0.4412 0.0667 0.9160 7 0.3684 0.2857 0.8930 -1 -1
RAW 20 93 2 1.0000 1.0000 0.8830 2 0.6667 0.5000 0.8990 729 296
RAW 20 94 17 0.4722 0.0000 0.7920 28 0.7778 0.1071 0.7870 -1 -1
RAW 20 95 2 1.0000 1.0000 0.8930 2 0.5000 0.5000 0.8470 569 6
RAW 20 96 4 0.6667 0.5000 0.9010 9 0.3000 0.2222 0.8810 1357 -1
RAW 20 97 19 0.5429 0.1053 0.8040 31 0.8611 0.0645 0.8240 -1 -1
RAW 20 98 3 0.6000 0.6667 0.9100 7 0.2917 0.1429 0.8890 1628 -1
RAW 20 99 25 0.7143 0.1200 0.8890 18 0.5294 0.0556 0.8660 -1 -1
RAW 20 100 14 0.3889 0.0714 0.8670 9 0.3462 0.1111 0.8510 -1 -1
RAW 24 76 4 0.6667 0.2500 0.9100 4 0.2500 0.0000 0.8750 837 47
RAW 24 77 4 0.8000 0.5000 0.9230 5 0.3333 0.4000 0.9300 1094 932
RAW 24 78 4 0.4444 0.5000 0.8910 4 0.2500 0.2500 0.8650 861 610
RAW 24 79 7 0.3500 0.1429 0.8740 11 0.4231 0.0909 0.8670 3131 278
RAW 24 80 4 0.3636 0.2500 0.8250 4 0.5000 0.2500 0.8630 789 74
RAW 24 81 3 0.5000 0.6667 0.8950 4 0.2667 0.2500 0.8870 956 121
RAW 24 82 19 0.4318 0.0000 0.8670 27 0.6000 0.0370 0.8520 -1 -1
RAW 24 83 6 0.4286 0.3333 0.9220 7 0.4667 0.2857 0.9210 1909 1979
RAW 24 84 8 0.5000 0.2500 0.9080 3 0.1429 0.3333 0.8900 971 964
RAW 24 85 22 0.4889 0.0455 0.9030 16 0.3721 0.1250 0.8910 -1 -1
RAW 24 86 5 0.8333 0.4000 0.9030 5 0.2941 0.0000 0.8880 774 145
RAW 24 87 12 0.3077 0.1667 0.9010 8 0.3333 0.1250 0.8490 -1 2377
RAW 24 88 20 0.4878 0.1000 0.8740 12 0.3243 0.0000 0.8760 -1 -1
RAW 24 89 12 0.3243 0.0000 0.8740 9 0.3333 0.1111 0.8590 -1 -1
RAW 24 90 8 0.3333 0.1250 0.8760 6 0.3750 0.1667 0.8490 3527 111
RAW 24 91 22 0.5238 0.0000 0.8540 7 0.1707 0.1429 0.8010 -1 -1
RAW 24 92 9 0.3750 0.2222 0.9110 11 0.3333 0.0909 0.8770 -1 -1
RAW 24 93 4 0.3636 0.5000 0.8810 4 0.3636 0.5000 0.9000 741 397
RAW 24 94 22 0.5238 0.0909 0.8260 43 0.9556 0.0698 0.8290 -1 -1
RAW 24 95 3 0.5000 0.3333 0.8740 3 0.2500 0.3333 0.8670 584 165
RAW 24 96 5 0.4167 0.4000 0.8700 5 0.2273 0.0000 0.8030 1715 335
RAW 24 97 26 0.6047 0.0769 0.7500 44 0.9778 0.0682 0.7540 -1 -1
RAW 24 98 13 0.3714 0.0769 0.8540 10 0.2632 0.2000 0.8460 -1 -1
RAW 24 99 29 0.6591 0.0345 0.8420 13 0.3250 0.0000 0.7680 -1 -1
RAW 24 100 10 0.3125 0.2000 0.8240 4 0.1600 0.0000 0.7920 -1 906
RAW 28 76 5 0.4545 0.2000 0.9020 8 0.2857 0.1250 0.8720 1308 3088
RAW 28 77 4 0.5000 0.2500 0.8920 3 0.2000 0.3333 0.8850 980 3
RAW 28 78 3 0.5000 0.3333 0.8970 3 0.6000 0.3333 0.8720 876 2
RAW 28 79 10 0.4762 0.1000 0.8900 7 0.3043 0.1429 0.8370 -1 2462
RAW 28 80 4 0.5714 0.5000 0.8680 5 0.2083 0.0000 0.8690 764 1365
RAW 28 81 7 0.6364 0.0000 0.9080 6 0.2857 0.1667 0.8960 2730 1198
RAW 28 82 30 0.5769 0.0667 0.8560 23 0.4340 0.1304 0.8270 -1 -1
RAW 28 83 7 0.4118 0.2857 0.8920 7 0.2800 0.1429 0.8640 1479 1254
RAW 28 84 5 0.6250 0.4000 0.9220 6 0.2500 0.1667 0.9110 1053 203
RAW 28 85 7 0.2917 0.2857 0.9150 1 1.0000 1.0000 0.8750 1470 303
RAW 28 86 3 0.6000 0.3333 0.8810 5 0.3333 0.0000 0.8730 1503 171
RAW 28 87 17 0.3469 0.0588 0.8610 5 0.1667 0.0000 0.8460 -1 1199
RAW 28 88 33 0.6600 0.0303 0.8360 38 0.7170 0.0526 0.8580 -1 -1
RAW 28 89 13 0.3095 0.1538 0.8950 15 0.3659 0.0000 0.8680 -1 -1
RAW 28 90 14 0.3684 0.0714 0.8980 8 0.2105 0.0000 0.8590 -1 -1
RAW 28 91 32 0.6038 0.0312 0.8130 15 0.2885 0.1333 0.8370 -1 -1
RAW 28 92 7 0.5000 0.2857 0.8630 3 0.3000 0.6667 0.8630 1857 234
RAW 28 93 8 0.6154 0.2500 0.8760 4 0.1379 0.2500 0.8710 1734 1175
RAW 28 94 26 0.4906 0.0385 0.8440 51 0.9623 0.0588 0.8350 -1 -1
RAW 28 95 3 1.0000 1.0000 0.8150 6 0.2143 0.1667 0.9200 1790 1488
RAW 28 96 25 0.4808 0.0800 0.8680 32 0.6038 0.0625 0.8700 -1 -1
RAW 28 97 28 0.6087 0.0714 0.7870 11 0.2619 0.0909 0.7620 -1 -1
RAW 28 98 7 0.3333 0.1429 0.8720 5 0.3125 0.2000 0.8500 3118 262
RAW 28 99 21 0.4118 0.0476 0.8690 48 0.9057 0.0625 0.8830 -1 -1
RAW 28 100 25 0.4808 0.0800 0.8500 24 0.4528 0.1250 0.8360 -1 -1
RAW 12 101 3 0.7500 0.3333 0.8950 3 0.3750 0.3333 0.8750 375 156
RAW 12 102 5 0.4545 0.4000 0.9010 7 0.7000 0.1429 0.9090 250 536
RAW 12 103 2 0.5000 0.5000 0.8950 2 1.0000 1.0000 0.8770 184 12
RAW 12 104 7 0.5833 0.1429 0.8820 3 0.2500 0.0000 0.8740 969 116
RAW 12 105 3 0.7500 0.3333 0.8340 5 0.4167 0.2000 0.8690 430 854
RAW 12 106 4 0.2500 0.0000 0.8700 2 0.1818 0.0000 0.8590 685 120
RAW 12 107 2 0.5000 0.5000 0.8570 3 0.7500 0.6667 0.8820 189 81
RAW 12 108 7 0.3500 0.0000 0.8300 7 0.3500 0.0000 0.8320 -1 -1
RAW 12 109 2 0.1818 0.0000 0.8820 2 0.1818 0.0000 0.8770 527 100
RAW 12 110 6 0.5000 0.3333 0.8880 4 0.5714 0.2500 0.9050 612 103
RAW 12 111 2 1.0000 1.0000 0.9070 2 1.0000 1.0000 0.9070 256 19
RAW 12 112 3 1.0000 0.6667 0.9000 2 0.6667 1.0000 0.9230 204 12
RAW 12 113 1 1.0000 1.0000 0.8910 1 1.0000 1.0000 0.8910 251 3
RAW 12 114 3 0.7500 0.3333 0.8940 3 0.7500 0.6667 0.8830 347 56
RAW 12 115 2 1.0000 1.0000 0.9050 2 1.0000 1.0000 0.9050 185 11
RAW 12 116 1 1.0000 1.0000 0.9210 1 1.0000 1.0000 0.9210 174 3
RAW 12 117 2 0.6667 1.0000 0.9020 2 0.6667 1.0000 0.9020 389 11
RAW 12 118 11 0.6111 0.0000 0.8900 8 0.4000 0.0000 0.8640 -1 -1
RAW 12 119 1 1.0000 1.0000 0.9110 1 1.0000 1.0000 0.9110 191 3
RAW 12 120 4 0.4000 0.2500 0.8750 1 1.0000 1.0000 0.9000 182 28
RAW 12 121 2 0.6667 1.0000 0.9310 2 0.6667 0.5000 0.8850 186 5
RAW 12 122 1 1.0000 1.0000 0.8840 1 1.0000 1.0000 0.8840 252 104
RAW 12 123 2 0.6667 1.0000 0.8830 4 0.8000 0.7500 0.8770 253 143
RAW 12 124 2 0.6667 1.0000 0.9080 3 0.2500 0.6667 0.9150 365 337
RAW 12 125 4 0.5714 0.5000 0.8770 4 0.4444 0.5000 0.8800 421 15
RAW 16 101 3 0.3333 0.3333 0.8830 2 0.4000 0.5000 0.9150 499 3
RAW 16 102 4 0.6667 0.2500 0.9240 5 0.4545 0.2000 0.9030 773 832
RAW 16 103 3 0.6000 0.3333 0.9150 2 0.5000 0.5000 0.9020 321 24
RAW 16 104 13 0.5000 0.0769 0.7990 14 0.5185 0.0714 0.8200 -1 -1
RAW 16 105 4 0.5714 0.5000 0.8920 1 1.0000 1.0000 0.8950 708 87
RAW 16 106 12 0.4615 0.1667 0.8700 10 0.4348 0.1000 0.8490 -1 1501
RAW 16 107 2 1.0000 0.5000 0.8820 4 0.6667 0.2500 0.8600 1474 379
RAW 16 108 12 0.4286 0.0000 0.7600 10 0.3571 0.2000 0.8450 -1 -1
RAW 16 109 7 0.2917 0.0000 0.8220 29 1.0000 0.1034 0.7980 -1 -1
RAW 16 110 6 0.2500 0.3333 0.9040 3 0.3000 0.6667 0.9060 944 2910
RAW 16 111 2 1.0000 1.0000 0.8980 2 0.4000 0.5000 0.8900 324 47
RAW 16 112 2 1.0000 1.0000 0.8880 2 0.6667 0.5000 0.9040 357 16
RAW 16 113 2 1.0000 1.0000 0.9110 2 0.5000 0.5000 0.8850 395 14
RAW 16 114 2 1.0000 0.5000 0.8760 3 0.4286 0.3333 0.9110 416 14
RAW 16 115 2 0.6667 1.0000 0.8820 3 0.7500 0.6667 0.8760 327 67
RAW 16 116 2 0.6667 0.5000 0.8760 3 0.7500 0.6667 0.8950 329 13
RAW 16 117 3 0.6000 0.6667 0.9090 2 0.5000 0.5000 0.9120 270 25
RAW 16 118 10 0.3448 0.0000 0.8510 18 0.6207 0.1111 0.8590 -1 -1
RAW 16 119 1 1.0000 1.0000 0.9090 1 1.0000 1.0000 0.9090 323 3
RAW 16 120 4 0.3077 0.0000 0.8640 4 0.3636 0.2500 0.8650 563 355
RAW 16 121 3 0.6000 0.3333 0.8860 3 0.3000 0.0000 0.8510 396 113
RAW 16 122 4 0.2667 0.2500 0.8860 5 0.2778 0.0000 0.8740 1433 2547
RAW 16 123 13 0.6500 0.0769 0.8950 9 0.4286 0.2222 0.8940 -1 -1
RAW 16 124 2 0.6667 1.0000 0.9140 2 0.6667 1.0000 0.9140 375 37
RAW 16 125 5 0.5000 0.2000 0.8690 4 0.3077 0.7500 0.8940 582 408
RAW 20 101 13 0.5000 0.1538 0.8430 9 0.3750 0.1111 0.8920 -1 -1
RAW 20 102 3 0.7500 0.3333 0.8930 7 0.4375 0.1429 0.9080 1308 1
RAW 20 103 2 1.0000 1.0000 0.8800 2 1.0000 1.0000 0.8800 515 40
RAW 20 104 28 0.7568 0.0714 0.8380 8 0.2424 0.1250 0.8150 -1 -1
RAW 20 105 5 0.3571 0.2000 0.9050 7 0.2593 0.1429 0.9280 1380 -1
RAW 20 106 18 0.4865 0.0556 0.8230 19 0.5758 0.1579 0.8280 -1 -1
RAW 20 107 3 1.0000 0.3333 0.8970 2 1.0000 1.0000 0.9040 883 479
RAW 20 108 20 0.5882 0.0500 0.7700 6 0.2143 0.0000 0.7690 -1 -1
RAW 20 109 17 0.5484 0.0588 0.8290 14 0.4000 0.0000 0.8530 -1 -1
RAW 20 110 2 0.4000 0.5000 0.8850 3 0.3750 0.3333 0.8870 778 65
RAW 20 111 3 1.0000 0.6667 0.8930 3 0.2000 0.3333 0.8160 662 111
RAW 20 112 4 1.0000 0.7500 0.9100 6 0.3529 0.1667 0.9250 647 582
RAW 20 113 4 0.8000 0.5000 0.9190 3 0.1875 0.0000 0.8500 594 29
RAW 20 114 3 1.0000 1.0000 0.9280 3 0.2500 0.3333 0.8870 419 60
RAW 20 115 5 0.8333 0.4000 0.8880 3 0.3750 0.6667 0.8620 477 736
RAW 20 116 3 0.7500 0.6667 0.9240 5 0.3571 0.4000 0.9230 474 282
RAW 20 117 2 0.6667 1.0000 0.8880 2 1.0000 0.5000 0.8810 584 6
RAW 20 118 15 0.4167 0.0667 0.7950 23 0.6389 0.0870 0.8210 -1 -1
RAW 20 119 5 0.5000 0.4000 0.9050 5 0.2632 0.4000 0.8850 1302 1153
RAW 20 120 10 0.5000 0.2000 0.8920 7 0.2121 0.0000 0.8480 -1 -1
RAW 20 121 6 0.6000 0.3333 0.9050 2 0.6667 0.5000 0.8750 631 129
RAW 20 122 12 0.3871 0.0833 0.8430 8 0.3333 0.2500 0.8530 -1 -1
RAW 20 123 4 0.6667 0.2500 0.9010 4 0.4000 0.2500 0.8900 1528 1436
RAW 20 124 22 0.6471 0.0455 0.8600 21 0.6000 0.0952 0.8640 -1 -1
RAW 20 125 20 0.5405 0.1000 0.8700 37 1.0000 0.0811 0.8770 -1 -1
RAW 24 101 7 0.3182 0.4286 0.8810 7 0.3043 0.0000 0.8830 -1 -1
RAW 24 102 5 0.4167 0.2000 0.9090 8 0.2162 0.2500 0.9090 2438 -1
RAW 24 103 4 0.5000 0.2500 0.9330 3 0.3750 0.3333 0.9170 1030 873
RAW 24 104 24 0.5455 0.0833 0.8330 42 0.9333 0.0714 0.8340 -1 -1
RAW 24 105 25 0.5682 0.0800 0.9030 15 0.3571 0.0667 0.9020 -1 -1
RAW 24 106 23 0.5610 0.0000 0.8100 29 0.6444 0.1034 0.8270 -1 -1
RAW 24 107 2 1.0000 0.5000 0.8820 4 0.4000 0.2500 0.8450 879 451
RAW 24 108 20 0.5128 0.0000 0.7590 30 0.6667 0.0667 0.7210 -1 -1
RAW 24 109 19 0.4419 0.0000 0.8020 7 0.2258 0.0000 0.7830 -1 -1
RAW 24 110 8 0.2051 0.1250 0.8490 9 0.2812 0.1111 0.8670 -1 -1
RAW 24 111 3 1.0000 0.3333 0.8740 2 0.6667 0.5000 0.8770 871 1008
RAW 24 112 2 0.6667 0.5000 0.9070 2 0.4000 0.5000 0.8800 642 81
RAW 24 113 2 1.0000 0.0000 0.8750 2 0.6667 0.5000 0.8620 558 42
RAW 24 114 2 0.6667 1.0000 0.8950 4 0.3333 0.2500 0.8920 926 23
RAW 24 115 4 1.0000 0.5000 0.9200 3 0.1667 0.6667 0.8930 1093 804
RAW 24 116 4 0.4000 0.0000 0.8780 3 0.2500 0.3333 0.8980 575 301
RAW 24 117 6 0.4615 0.1667 0.8880 5 0.2778 0.2000 0.8750 1171 183
RAW 24 118 19 0.4419 0.0000 0.7850 19 0.4872 0.1053 0.7660 -1 -1
RAW 24 119 9 0.3913 0.3333 0.9130 18 0.5806 0.1111 0.9090 -1 -1
RAW 24 120 18 0.4615 0.1111 0.8840 8 0.2286 0.0000 0.8590 -1 -1
RAW 24 121 6 0.4286 0.1667 0.8930 6 0.4000 0.1667 0.8910 2334 75
RAW 24 122 13 0.3611 0.0769 0.8550 7 0.2800 0.1429 0.8570 -1 -1
RAW 24 123 21 0.5122 0.0000 0.9030 12 0.3333 0.0833 0.8950 -1 -1
RAW 24 124 16 0.4706 0.1875 0.8860 16 0.4444 0.0625 0.8750 -1 -1
RAW 24 125 23 0.5111 0.1304 0.8990 13 0.3611 0.0769 0.8600 -1 -1
RAW 28 101 15 0.3488 0.1333 0.9090 6 0.1818 0.1667 0.8960 -1 1721
RAW 28 102 5 0.5556 0.4000 0.8790 5 0.2174 0.4000 0.8710 1145 2990
RAW 28 103 2 1.0000 1.0000 0.8610 3 0.7500 0.3333 0.8680 872 71
RAW 28 104 30 0.5660 0.0667 0.7920 44 0.8800 0.0682 0.8170 -1 -1
RAW 28 105 3 0.3750 0.0000 0.8780 4 0.2105 0.0000 0.8580 1304 10
RAW 28 106 25 0.4902 0.0000 0.8110 27 0.5192 0.0370 0.8130 -1 -1
RAW 28 107 12 0.5217 0.1667 0.8750 8 0.2353 0.1250 0.8530 -1 -1
RAW 28 108 27 0.5192 0.0000 0.7240 18 0.3462 0.0000 0.7330 -1 -1
RAW 28 109 27 0.5192 0.0370 0.7750 15 0.2830 0.0667 0.8010 -1 -1
RAW 28 110 18 0.4286 0.0556 0.8840 9 0.1915 0.2222 0.8840 -1 -1
RAW 28 111 9 0.6000 0.3333 0.9250 8 0.2051 0.2500 0.8840 -1 -1
RAW 28 112 13 0.4483 0.1538 0.9250 6 0.2609 0.1667 0.8640 2506 2784
RAW 28 113 6 0.2727 0.0000 0.8620 10 0.3333 0.1000 0.8880 3224 -1
RAW 28 114 2 1.0000 1.0000 0.8920 3 0.2727 0.3333 0.8830 678 143
RAW 28 115 4 0.5000 0.2500 0.8830 5 0.4167 0.4000 0.8910 1580 565
RAW 28 116 3 0.5000 0.3333 0.8770 2 0.2000 0.0000 0.8580 910 3
RAW 28 117 4 0.6667 0.5000 0.9000 3 0.6000 0.6667 0.9060 924 76
RAW 28 118 32 0.6154 0.0625 0.7790 51 0.9623 0.0392 0.7780 -1 -1
RAW 28 119 7 0.5385 0.4286 0.9170 6 0.3000 0.1667 0.8880 1212 352
RAW 28 120 28 0.5600 0.0357 0.8340 12 0.2449 0.0833 0.7950 -1 -1
RAW 28 121 9 0.5625 0.3333 0.9210 9 0.2432 0.0000 0.7880 -1 -1
RAW 28 122 20 0.4167 0.1000 0.9020 7 0.2121 0.1429 0.8820 -1 1676
RAW 28 123 3 0.4286 0.3333 0.8790 3 0.2308 0.3333 0.8860 1763 45
RAW 28 124 23 0.4792 0.0870 0.9140 20 0.5556 0.1000 0.9090 -1 -1
RAW 28 125 28 0.5283 0.0000 0.8400 20 0.3774 0.0500 0.8480 -1 -1
RAW 12 126 9 0.4737 0.1111 0.7390 19 0.9048 0.1579 0.8150 -1 -1
RAW 12 127 7 0.3889 0.1429 0.8680 8 0.4706 0.1250 0.8730 -1 -1
RAW 12 128 2 1.0000 1.0000 0.9040 2 1.0000 1.0000 0.9040 215 2
RAW 12 129 11 0.5500 0.1818 0.8610 9 0.5294 0.2222 0.8520 659 -1
RAW 12 130 2 1.0000 1.0000 0.9220 2 1.0000 1.0000 0.9220 299 5
RAW 12 131 6 0.5000 0.3333 0.7910 3 0.2500 0.0000 0.8740 1599 99
RAW 12 132 1 1.0000 1.0000 0.8920 1 1.0000 1.0000 0.8920 180 3
RAW 12 133 2 1.0000 0.5000 0.8930 2 1.0000 1.0000 0.8960 187 44
RAW 12 134 2 0.6667 0.5000 0.9070 2 0.6667 0.5000 0.9070 183 9
RAW 12 135 1 1.0000 1.0000 0.8670 1 1.0000 1.0000 0.8980 210 1
RAW 12 136 3 1.0000 1.0000 0.9070 4 0.5714 0.2500 0.8830 429 196
RAW 12 137 2 1.0000 1.0000 0.8790 3 0.3333 0.6667 0.8600 758 384
RAW 12 138 2 1.0000 1.0000 0.9040 2 1.0000 1.0000 0.9040 185 2
RAW 12 139 11 0.5500 0.1818 0.8850 8 0.4444 0.0000 0.8850 -1 -1
RAW 12 140 1 1.0000 1.0000 0.8720 1 1.0000 1.0000 0.8710 199 140
RAW 12 141 10 0.5000 0.1000 0.8490 6 0.3158 0.0000 0.8580 -1 1198
RAW 12 142 8 0.4211 0.0000 0.8170 19 0.9048 0.1053 0.8220 -1 -1
RAW 12 143 5 0.3571 0.0000 0.8400 8 0.5000 0.1250 0.8620 1006 -1
RAW 12 144 4 0.3333 0.0000 0.9140 2 0.1429 0.0000 0.8680 788 84
RAW 12 145 2 0.6667 1.0000 0.9020 2 0.6667 1.0000 0.9020 210 18
RAW 12 146 7 0.3684 0.2857 0.9000 13 0.6190 0.0769 0.8780 950 -1
RAW 12 147 2 0.6667 0.5000 0.9020 2 0.6667 1.0000 0.9170 151 16
RAW 12 148 4 0.3636 0.2500 0.8920 5 0.3571 0.2000 0.8890 393 714
RAW 12 149 7 0.3500 0.1429 0.8620 6 0.5000 0.1667 0.8110 733 688
RAW 12 150 3 1.0000 1.0000 0.9200 3 0.5000 0.3333 0.8980 249 31
RAW 16 126 13 0.4483 0.0769 0.7810 7 0.2800 0.0000 0.7790 -1 -1
RAW 16 127 11 0.4074 0.0909 0.8280 21 0.7241 0.0476 0.8400 -1 -1
RAW 16 128 2 0.6667 0.5000 0.9050 1 1.0000 1.0000 0.8890 260 37
RAW 16 129 14 0.4828 0.1429 0.8780 28 0.9655 0.1071 0.8680 -1 -1
RAW 16 130 2 1.0000 1.0000 0.9280 2 0.3333 0.5000 0.8930 298 15
RAW 16 131 17 0.6538 0.1176 0.8270 10 0.3571 0.2000 0.8190 -1 -1
RAW 16 132 3 0.7500 0.6667 0.8880 3 0.3333 0.6667 0.9020 324 16
RAW 16 133 4 0.3636 0.5000 0.8950 4 0.3636 0.2500 0.8920 446 85
RAW 16 134 3 1.0000 0.6667 0.8920 3 0.3750 0.6667 0.8610 327 33
RAW 16 135 3 0.6000 0.6667 0.8820 4 0.6667 0.5000 0.8990 357 86
RAW 16 136 1 1.0000 1.0000 0.8850 1 1.0000 1.0000 0.8840 355 3
RAW 16 137 4 0.2500 0.5000 0.8780 4 0.2857 0.2500 0.8930 415 590
RAW 16 138 2 0.6667 0.5000 0.8680 3 1.0000 0.3333 0.9000 398 19
RAW 16 139 15 0.5172 0.1333 0.8300 20 0.6897 0.0500 0.8770 -1 -1
RAW 16 140 2 0.6667 1.0000 0.9040 1 1.0000 1.0000 0.8550 349 23
RAW 16 141 13 0.5000 0.0769 0.8360 13 0.4483 0.0000 0.8220 -1 -1
RAW 16 142 13 0.5000 0.0769 0.8120 7 0.2692 0.0000 0.8020 -1 -1
RAW 16 143 14 0.5385 0.2143 0.7690 29 1.0000 0.1034 0.8180 -1 -1
RAW 16 144 9 0.3214 0.0000 0.8760 4 0.1600 0.0000 0.8850 -1 885
RAW 16 145 3 1.0000 1.0000 0.8700 2 0.5000 0.5000 0.8400 441 19
RAW 16 146 10 0.3704 0.2000 0.8630 2 0.1000 0.0000 0.8730 -1 307
RAW 16 147 9 0.5625 0.1111 0.8610 7 0.2917 0.2857 0.8870 1282 -1
RAW 16 148 13 0.4643 0.0769 0.8660 4 0.2000 0.0000 0.8750 2527 295
RAW 16 149 19 0.7037 0.0526 0.7970 11 0.4231 0.0000 0.8050 -1 -1
RAW 16 150 4 0.6667 0.5000 0.9080 4 0.5000 0.5000 0.8940 455 584
RAW 20 126 17 0.5000 0.0000 0.7180 2 0.0645 0.0000 0.7620 -1 -1
RAW 20 127 18 0.5000 0.0556 0.8180 26 0.7027 0.1154 0.8010 -1 -1
RAW 20 128 2 0.6667 0.5000 0.8940 2 0.2857 0.5000 0.8950 439 2
RAW 20 129 19 0.5278 0.0526 0.8830 13 0.3611 0.0769 0.8600 -1 -1
RAW 20 130 2 0.6667 1.0000 0.8870 2 0.5000 0.5000 0.8960 623 17
RAW 20 131 15 0.4054 0.1333 0.8310 35 0.9459 0.0857 0.7960 -1 -1
RAW 20 132 3 0.6000 0.6667 0.8740 3 0.3750 0.3333 0.8410 468 44
RAW 20 133 11 0.3548 0.1818 0.9150 7 0.2692 0.0000 0.8650 -1 -1
RAW 20 134 3 0.6000 0.6667 0.8900 3 0.2143 0.3333 0.8900 336 191
RAW 20 135 9 0.4286 0.2222 0.9120 8 0.3077 0.0000 0.8830 2045 -1
RAW 20 136 4 1.0000 0.5000 0.8940 5 0.3846 0.4000 0.8880 829 698
RAW 20 137 7 0.2917 0.2857 0.8870 7 0.3182 0.2857 0.8550 1552 273
RAW 20 138 2 0.6667 1.0000 0.8680 2 0.5000 0.5000 0.8610 536 118
RAW 20 139 18 0.5625 0.0556 0.8100 32 0.8649 0.0625 0.8010 -1 -1
RAW 20 140 2 0.6667 0.5000 0.8830 3 0.3750 0.3333 0.8810 509 63
RAW 20 141 15 0.4286 0.0667 0.8060 13 0.3714 0.0769 0.8040 -1 -1
RAW 20 142 17 0.4857 0.1176 0.8010 13 0.4333 0.0769 0.8010 -1 -1
RAW 20 143 12 0.3333 0.0000 0.8320 15 0.4167 0.0000 0.7590 -1 -1
RAW 20 144 12 0.3333 0.0000 0.8570 11 0.3143 0.0000 0.8530 -1 -1
RAW 20 145 3 1.0000 1.0000 0.9210 2 1.0000 1.0000 0.8920 586 215
RAW 20 146 16 0.4444 0.1250 0.8290 21 0.6000 0.0952 0.7880 -1 -1
RAW 20 147 2 0.4000 0.5000 0.8740 2 0.3333 0.5000 0.8680 420 33
RAW 20 148 12 0.4138 0.0833 0.8340 9 0.3750 0.1111 0.8510 -1 188
RAW 20 149 20 0.5556 0.0500 0.8280 12 0.4138 0.0833 0.8430 -1 -1
RAW 20 150 4 1.0000 0.2500 0.8880 3 0.7500 0.6667 0.8830 545 17
RAW 24 126 25 0.5814 0.0400 0.7290 32 0.7111 0.0625 0.7050 -1 -1
RAW 24 127 25 0.5556 0.0400 0.7950 5 0.1136 0.2000 0.8080 -1 -1
RAW 24 128 3 1.0000 1.0000 0.9000 3 0.6000 0.3333 0.8880 899 710
RAW 24 129 20 0.4545 0.0500 0.8430 10 0.2439 0.0000 0.8120 -1 -1
RAW 24 130 6 0.3000 0.3333 0.8920 4 0.2000 0.5000 0.8740 2360 198
RAW 24 131 22 0.4889 0.0000 0.7590 24 0.5581 0.0833 0.7730 -1 -1
RAW 24 132 3 0.5000 0.6667 0.8810 5 0.5556 0.2000 0.8860 924 742
RAW 24 133 5 0.4545 0.2000 0.9120 10 0.3846 0.2000 0.9210 1520 778
RAW 24 134 3 0.5000 0.3333 0.8740 4 0.2667 0.5000 0.8680 1481 747
RAW 24 135 2 0.6667 1.0000 0.8980 2 0.6667 1.0000 0.8980 557 1
RAW 24 136 4 1.0000 0.7500 0.8860 5 0.2632 0.4000 0.9070 1411 1727
RAW 24 137 27 0.6000 0.0741 0.8670 29 0.6591 0.0345 0.8460 -1 -1
RAW 24 138 10 0.5000 0.1000 0.8870 11 0.4583 0.1818 0.8670 -1 -1
RAW 24 139 24 0.5714 0.0417 0.8740 8 0.1951 0.0000 0.8840 -1 -1
RAW 24 140 5 0.5000 0.2000 0.8460 3 0.4286 0.3333 0.8460 951 513
RAW 24 141 25 0.5682 0.0000 0.8050 40 0.9091 0.0500 0.8040 -1 -1
RAW 24 142 19 0.4750 0.1579 0.7890 10 0.2273 0.0000 0.7840 -1 -1
RAW 24 143 21 0.4667 0.0952 0.7740 32 0.7273 0.0625 0.7560 -1 -1
RAW 24 144 12 0.3077 0.0000 0.7810 24 0.5333 0.0833 0.8140 -1 -1
RAW 24 145 5 0.4545 0.4000 0.8840 3 0.2143 0.3333 0.9020 1039 645
RAW 24 146 21 0.4884 0.0476 0.8110 14 0.3415 0.0714 0.7860 -1 -1
RAW 24 147 6 0.4286 0.3333 0.8590 7 0.3333 0.0000 0.8280 2880 1430
RAW 24 148 27 0.6136 0.0741 0.8590 39 0.8667 0.0769 0.8630 -1 -1
RAW 24 149 22 0.4889 0.1364 0.8650 34 0.7556 0.0588 0.8280 -1 -1
RAW 24 150 5 0.3571 0.2000 0.9100 8 0.4444 0.2500 0.9180 979 2091
RAW 28 126 28 0.5833 0.1071 0.7410 2 0.0625 0.0000 0.7870 -1 -1
RAW 28 127 21 0.3962 0.1429 0.7900 21 0.4038 0.0476 0.7800 -1 -1
RAW 28 128 5 0.4545 0.2000 0.8980 3 0.1765 0.3333 0.8750 1312 411
RAW 28 129 21 0.4884 0.0952 0.8140 26 0.5306 0.0769 0.8060 -1 -1
RAW 28 130 4 0.5000 0.2500 0.8720 5 0.2778 0.2000 0.8660 1016 264
RAW 28 131 30 0.5769 0.0333 0.7830 52 0.9811 0.0577 0.7880 -1 -1
RAW 28 132 5 0.3846 0.4000 0.8980 4 0.3333 0.2500 0.8510 2015 329
RAW 28 133 6 0.5455 0.3333 0.9200 4 0.1538 0.0000 0.8760 1080 2
RAW 28 134 10 0.5000 0.1000 0.8850 13 0.4643 0.0769 0.8970 -1 -1
RAW 28 135 9 0.3913 0.2222 0.8890 5 0.1923 0.0000 0.8660 -1 530
RAW 28 136 3 1.0000 1.0000 0.9120 4 0.2857 0.0000 0.8840 897 198
RAW 28 137 24 0.5106 0.0833 0.8580 14 0.2917 0.0714 0.8460 -1 -1
RAW 28 138 7 0.4375 0.2857 0.8940 5 0.2083 0.2000 0.8770 1411 820
RAW 28 139 22 0.4400 0.0455 0.7630 33 0.6471 0.0909 0.7930 -1 -1
RAW 28 140 8 0.3077 0.1250 0.9190 5 0.2500 0.2000 0.8850 2600 597
RAW 28 141 27 0.5094 0.0370 0.8110 50 0.9434 0.0400 0.7970 -1 -1
RAW 28 142 29 0.5577 0.0345 0.7480 38 0.7308 0.0263 0.7620 -1 -1
RAW 28 143 18 0.3673 0.0000 0.8090 31 0.5962 0.0323 0.8100 -1 -1
RAW 28 144 30 0.5769 0.0333 0.8130 24 0.4800 0.0417 0.8410 -1 -1
RAW 28 145 7 0.7778 0.4286 0.9100 4 0.3333 0.2500 0.8520 2598 37
RAW 28 146 23 0.4423 0.0000 0.7840 12 0.2727 0.1667 0.7110 -1 -1
RAW 28 147 14 0.4375 0.0714 0.8880 9 0.3000 0.0000 0.8940 -1 -1
RAW 28 148 25 0.4902 0.0400 0.8200 19 0.3800 0.0526 0.8060 -1 -1
RAW 28 149 29 0.5577 0.0345 0.8070 45 0.8491 0.0444 0.8040 -1 -1
RAW 28 150 7 0.7778 0.2857 0.8990 11 0.5238 0.2727 0.9170 1961 1462
RAW 12 151 2 0.6667 1.0000 0.8970 2 0.6667 1.0000 0.8970 179 18
RAW 12 152 2 0.6667 0.5000 0.8800 2 1.0000 1.0000 0.8920 275 44
RAW 12 153 2 1.0000 1.0000 0.8720 2 0.5000 0.5000 0.8670 199 26
RAW 12 154 2 1.0000 1.0000 0.9050 2 1.0000 1.0000 0.9040 182 3
RAW 12 155 3 1.0000 1.0000 0.9250 3 0.6000 0.6667 0.9290 198 62
RAW 12 156 4 0.2222 0.5000 0.8490 5 0.4167 0.4000 0.8650 1014 494
RAW 12 157 6 0.3750 0.1667 0.8590 4 0.2857 0.0000 0.8220 1996 94
RAW 12 158 2 1.0000 1.0000 0.9300 2 1.0000 0.5000 0.9100 493 23
RAW 12 159 2 1.0000 1.0000 0.9040 3 0.3333 0.0000 0.8390 282 225
RAW 12 160 3 0.2500 0.6667 0.8900 7 0.5385 0.2857 0.8520 811 324
RAW 12 161 3 1.0000 0.6667 0.9110 3 0.7500 0.6667 0.8920 198 82
RAW 12 162 6 1.0000 0.5000 0.8800 3 0.4286 0.3333 0.8280 942 39
RAW 12 163 2 1.0000 1.0000 0.9160 2 1.0000 1.0000 0.9160 354 12
RAW 12 164 2 0.3333 0.5000 0.9270 2 0.6667 0.5000 0.8890 275 3
RAW 12 165 4 1.0000 0.7500 0.9230 5 0.7143 0.4000 0.9250 210 13
RAW 12 166 3 0.2727 0.3333 0.8640 2 0.1667 0.0000 0.8400 197 3
RAW 12 167 5 0.5556 0.2000 0.8580 2 0.2000 0.5000 0.8880 273 49
RAW 12 168 9 0.5625 0.0000 0.8580 5 0.3333 0.2000 0.8520 2145 190
RAW 12 169 2 0.6667 0.5000 0.8770 3 0.6000 0.3333 0.9100 254 37
RAW 12 170 11 0.6875 0.0909 0.7650 18 0.8571 0.1667 0.8280 -1 -1
RAW 12 171 2 0.6667 1.0000 0.9000 2 0.5000 0.5000 0.8930 342 49
RAW 12 172 4 0.3077 0.2500 0.7850 17 0.8947 0.1176 0.8530 901 -1
RAW 12 173 9 0.4286 0.0000 0.8470 7 0.3684 0.2857 0.8360 891 -1
RAW 12 174 2 0.1818 0.0000 0.8810 2 0.1818 0.0000 0.8830 215 25
RAW 12 175 2 0.6667 0.5000 0.8800 5 0.7143 0.4000 0.9080 394 771
RAW 16 151 4 0.5714 0.5000 0.8850 3 0.3000 0.3333 0.8690 610 32
RAW 16 152 2 1.0000 1.0000 0.9150 2 1.0000 0.5000 0.8750 359 15
RAW 16 153 2 1.0000 0.5000 0.8870 2 1.0000 0.5000 0.8870 354 13
RAW 16 154 2 1.0000 1.0000 0.9170 2 1.0000 1.0000 0.9130 294 13
RAW 16 155 2 1.0000 1.0000 0.9040 2 1.0000 1.0000 0.9040 342 10
RAW 16 156 14 0.4828 0.0714 0.8490 10 0.3704 0.1000 0.8500 -1 -1
RAW 16 157 12 0.4138 0.0833 0.8570 14 0.5600 0.2143 0.8220 -1 -1
RAW 16 158 3 1.0000 0.3333 0.8420 4 0.5714 0.5000 0.8890 573 52
RAW 16 159 3 0.5000 0.3333 0.9000 2 1.0000 1.0000 0.8800 405 54
RAW 16 160 15 0.5172 0.0667 0.8620 8 0.4000 0.2500 0.8550 -1 -1
RAW 16 161 3 1.0000 0.6667 0.9090 2 1.0000 0.5000 0.8870 342 30
RAW 16 162 3 0.7500 0.3333 0.8630 5 0.4545 0.2000 0.8060 911 235
RAW 16 163 4 0.8000 0.5000 0.8990 6 0.4615 0.1667 0.9050 485 543
RAW 16 164 2 1.0000 1.0000 0.9020 4 0.6667 0.2500 0.8890 427 234
RAW 16 165 2 1.0000 1.0000 0.9070 2 0.6667 0.5000 0.9160 259 2
RAW 16 166 4 0.2500 0.2500 0.8930 5 0.3125 0.0000 0.7790 545 595
RAW 16 167 11 0.5000 0.0909 0.8420 6 0.4286 0.1667 0.8290 832 52
RAW 16 168 14 0.5185 0.1429 0.7940 25 0.8621 0.0400 0.8060 -1 -1
RAW 16 169 2 1.0000 1.0000 0.9090 2 1.0000 0.5000 0.8850 322 5
RAW 16 170 7 0.2917 0.0000 0.8420 15 0.5357 0.0667 0.7870 -1 -1
RAW 16 171 2 1.0000 0.5000 0.8940 2 0.5000 0.5000 0.9130 286 5
RAW 16 172 9 0.4500 0.2222 0.7890 25 0.8621 0.0800 0.8560 -1 -1
RAW 16 173 18 0.6207 0.0000 0.7680 4 0.2000 0.0000 0.8340 -1 -1
RAW 16 174 7 0.2917 0.1429 0.8500 4 0.2000 0.0000 0.8200 1201 -1
RAW 16 175 12 0.5000 0.1667 0.8700 10 0.4545 0.2000 0.9040 -1 -1
RAW 20 151 3 0.6000 0.6667 0.9120 3 0.3000 0.3333 0.9160 767 104
RAW 20 152 3 1.0000 0.6667 0.9140 3 0.6000 0.3333 0.8980 413 26
RAW 20 153 4 1.0000 0.7500 0.9090 4 0.3333 0.0000 0.8780 695 74
RAW 20 154 2 1.0000 1.0000 0.9000 2 1.0000 1.0000 0.9000 478 36
RAW 20 155 3 0.7500 0.6667 0.9210 3 1.0000 0.6667 0.9120 341 48
RAW 20 156 14 0.4118 0.1429 0.8350 31 0.8378 0.0645 0.8130 -1 -1
RAW 20 157 17 0.4857 0.1176 0.8360 28 0.7778 0.0714 0.8400 -1 -1
RAW 20 158 4 0.6667 0.5000 0.9110 6 0.3000 0.0000 0.8840 917 1628
RAW 20 159 8 0.4706 0.1250 0.8950 8 0.4706 0.2500 0.8810 1342 -1
RAW 20 160 18 0.5806 0.1111 0.8980 9 0.3462 0.0000 0.8830 -1 -1
RAW 20 161 3 1.0000 0.6667 0.8870 5 0.5000 0.2000 0.9010 535 55
RAW 20 162 22 0.5946 0.1364 0.8440 26 0.7222 0.0769 0.8350 -1 -1
RAW 20 163 3 0.6000 0.6667 0.9200 3 0.3750 0.0000 0.8980 525 21
RAW 20 164 3 0.7500 0.6667 0.8930 3 0.2308 0.6667 0.9110 727 71
RAW 20 165 2 1.0000 1.0000 0.8610 2 1.0000 0.5000 0.8740 569 231
RAW 20 166 15 0.4286 0.1333 0.8460 5 0.1852 0.0000 0.8850 -1 1619
RAW 20 167 21 0.6000 0.0476 0.8640 35 0.9459 0.0857 0.8460 -1 -1
RAW 20 168 19 0.5135 0.1053 0.8560 9 0.2812 0.0000 0.8410 -1 -1
RAW 20 169 4 0.4000 0.5000 0.9080 6 0.3750 0.1667 0.9070 655 142
RAW 20 170 17 0.4722 0.1176 0.7480 16 0.4571 0.1250 0.7640 -1 -1
RAW 20 171 12 0.4615 0.0833 0.8870 9 0.4286 0.1111 0.8960 -1 -1
RAW 20 172 19 0.5278 0.0526 0.8360 4 0.1818 0.0000 0.8240 -1 -1
RAW 20 173 12 0.3243 0.0833 0.7890 11 0.3235 0.1818 0.7300 -1 -1
RAW 20 174 14 0.3889 0.2143 0.7780 10 0.3125 0.0000 0.7560 -1 -1
RAW 20 175 3 0.5000 0.6667 0.8650 3 0.3000 0.3333 0.8530 478 127
RAW 24 151 2 1.0000 1.0000 0.8800 2 0.6667 1.0000 0.8830 719 10
RAW 24 152 4 0.6667 0.2500 0.9040 5 0.3571 0.0000 0.8810 1381 9
RAW 24 153 3 0.3750 0.6667 0.8960 4 0.4000 0.5000 0.8940 813 473
RAW 24 154 2 1.0000 1.0000 0.8660 3 0.1875 0.3333 0.8640 743 32
RAW 24 155 3 0.5000 0.6667 0.8830 3 0.2143 0.3333 0.8860 905 348
RAW 24 156 24 0.5333 0.0833 0.8130 30 0.6667 0.0333 0.7950 -1 -1
RAW 24 157 20 0.4545 0.1000 0.8120 18 0.4186 0.0556 0.7890 -1 -1
RAW 24 158 14 0.4516 0.0714 0.9020 9 0.5000 0.2222 0.8970 -1 -1
RAW 24 159 3 0.6000 0.6667 0.8970 2 1.0000 0.5000 0.8910 738 11
RAW 24 160 21 0.5000 0.0476 0.8190 21 0.4667 0.0952 0.8560 -1 -1
RAW 24 161 3 1.0000 0.6667 0.8980 7 0.3684 0.1429 0.8850 863 87
RAW 24 162 10 0.2564 0.1000 0.8650 9 0.2045 0.0000 0.8800 -1 -1
RAW 24 163 3 1.0000 1.0000 0.9080 5 0.2941 0.2000 0.8480 765 342
RAW 24 164 6 0.5000 0.1667 0.9020 6 0.4000 0.0000 0.8490 1234 69
RAW 24 165 2 1.0000 0.5000 0.8660 2 1.0000 1.0000 0.8820 735 82
RAW 24 166 19 0.4222 0.1053 0.8280 23 0.5111 0.0870 0.8180 -1 -1
RAW 24 167 28 0.6512 0.0357 0.8860 13 0.4333 0.1538 0.8670 -1 -1
RAW 24 168 20 0.4651 0.1000 0.7490 37 0.8222 0.0270 0.7560 -1 -1
RAW 24 169 2 0.6667 0.5000 0.8840 2 0.6667 0.5000 0.8840 587 4
RAW 24 170 24 0.5455 0.0000 0.8340 9 0.2727 0.1111 0.8080 -1 -1
RAW 24 171 16 0.4324 0.0000 0.8680 13 0.4194 0.0769 0.9080 -1 -1
RAW 24 172 24 0.5714 0.0417 0.8080 8 0.2105 0.0000 0.7880 -1 -1
RAW 24 173 12 0.2857 0.0000 0.7490 4 0.0889 0.0000 0.7870 -1 -1
RAW 24 174 17 0.4048 0.0000 0.8060 7 0.2000 0.1429 0.8120 -1 -1
RAW 24 175 9 0.5294 0.1111 0.8690 5 0.2083 0.4000 0.8240 2158 2973
RAW 28 151 9 0.3462 0.1111 0.9190 4 0.1818 0.2500 0.8780 895 1019
RAW 28 152 7 0.7778 0.4286 0.9100 8 0.2424 0.1250 0.9090 -1 167
RAW 28 153 7 0.5833 0.2857 0.8960 6 0.3333 0.1667 0.9030 2629 2399
RAW 28 154 3 0.3000 0.3333 0.8890 5 0.3571 0.2000 0.9230 1095 159
RAW 28 155 4 0.4000 0.2500 0.8890 3 0.1364 0.3333 0.8860 1288 363
RAW 28 156 25 0.4808 0.0800 0.8250 41 0.7736 0.0488 0.8220 -1 -1
RAW 28 157 28 0.5283 0.0357 0.8250 22 0.4314 0.0000 0.7890 -1 -1
RAW 28 158 6 0.2069 0.1667 0.8730 8 0.2857 0.0000 0.8210 3543 -1
RAW 28 159 6 0.3529 0.0000 0.8870 5 0.2273 0.0000 0.8800 1547 2637
RAW 28 160 24 0.4706 0.0833 0.8380 17 0.3400 0.0588 0.8080 -1 -1
RAW 28 161 9 0.4286 0.2222 0.9080 7 0.3043 0.1429 0.8480 -1 2205
RAW 28 162 20 0.4651 0.1000 0.8570 28 0.5283 0.1071 0.8610 -1 -1
RAW 28 163 5 0.5000 0.4000 0.8900 3 0.2500 0.3333 0.8940 1776 248
RAW 28 164 7 0.4118 0.1429 0.8760 4 0.1905 0.2500 0.8770 850 416
RAW 28 165 5 0.6250 0.2000 0.9030 5 0.3846 0.0000 0.8940 1134 51
RAW 28 166 28 0.5283 0.1071 0.8220 18 0.3529 0.0556 0.8540 -1 -1
RAW 28 167 32 0.6154 0.0312 0.8530 47 0.8868 0.0638 0.8760 -1 -1
RAW 28 168 27 0.5294 0.0370 0.7720 38 0.7308 0.0789 0.7880 -1 -1
RAW 28 169 3 1.0000 1.0000 0.9010 4 0.2500 0.5000 0.8980 920 129
RAW 28 170 24 0.4615 0.0833 0.8170 37 0.7551 0.0541 0.7850 -1 -1
RAW 28 171 12 0.4800 0.0833 0.8460 10 0.2941 0.0000 0.8170 -1 -1
RAW 28 172 32 0.6038 0.0625 0.8150 30 0.5769 0.0000 0.8420 -1 -1
RAW 28 173 17 0.3400 0.0588 0.7640 3 0.0652 0.0000 0.7520 -1 -1
RAW 28 174 33 0.6346 0.0606 0.7090 3 0.0577 0.0000 0.7900 -1 -1
RAW 28 175 19 0.4318 0.1579 0.8870 9 0.2647 0.2222 0.8530 -1 -1
RAW 12 176 1 1.0000 1.0000 0.9270 1 1.0000 1.0000 0.9270 335 26
RAW 12 177 4 0.3077 0.2500 0.9100 5 0.4167 0.0000 0.8790 583 158
RAW 12 178 4 0.3636 0.2500 0.8810 5 0.4545 0.0000 0.8350 527 153
RAW 12 179 2 1.0000 0.5000 0.8760 2 1.0000 0.5000 0.8760 197 154
RAW 12 180 1 1.0000 1.0000 0.8930 1 1.0000 1.0000 0.8930 246 2
RAW 12 181 3 1.0000 1.0000 0.9180 2 0.4000 0.5000 0.8900 224 28
RAW 12 182 2 1.0000 1.0000 0.9090 2 1.0000 1.0000 0.9090 186 21
RAW 12 183 1 1.0000 1.0000 0.8930 1 1.0000 1.0000 0.8930 376 28
RAW 12 184 2 0.1818 0.0000 0.9310 2 0.1818 0.5000 0.9340 351 19
RAW 12 185 2 0.6667 1.0000 0.8800 2 0.5000 0.5000 0.8680 199 53
RAW 12 186 1 1.0000 1.0000 0.8930 1 1.0000 1.0000 0.8930 235 4
RAW 12 187 3 0.2500 0.0000 0.8760 7 0.4118 0.1429 0.8710 556 1176
RAW 12 188 2 0.1818 0.0000 0.8950 2 0.3333 0.5000 0.8610 318 30
RAW 12 189 5 0.4167 0.0000 0.8260 11 0.5238 0.0909 0.8110 799 -1
RAW 12 190 9 0.4737 0.0000 0.8480 17 0.8095 0.1176 0.8120 -1 -1
RAW 12 191 2 1.0000 1.0000 0.8930 2 1.0000 1.0000 0.8980 233 19
RAW 12 192 2 1.0000 1.0000 0.9220 2 1.0000 1.0000 0.9220 226 35
RAW 12 193 3 0.4286 0.3333 0.8620 2 1.0000 1.0000 0.9050 275 3
RAW 12 194 3 0.6000 0.6667 0.8920 3 0.6000 0.3333 0.8940 198 1
RAW 12 195 2 1.0000 1.0000 0.9240 1 1.0000 1.0000 0.8790 198 14
RAW 12 196 2 0.6667 0.5000 0.8930 2 0.6667 0.5000 0.8930 510 1
RAW 12 197 2 0.6667 0.5000 0.8850 2 0.2857 0.0000 0.8760 230 15
RAW 12 198 2 1.0000 1.0000 0.8930 2 1.0000 1.0000 0.8930 345 29
RAW 12 199 3 0.7500 0.6667 0.9230 4 0.8000 0.5000 0.9200 185 39
RAW 12 200 6 0.5000 0.3333 0.8680 5 0.2941 0.0000 0.8770 792 3263
RAW 16 176 1 1.0000 1.0000 0.9150 1 1.0000 1.0000 0.9150 341 23
RAW 16 177 5 0.2941 0.2000 0.8880 8 0.5333 0.2500 0.8560 822 1754
RAW 16 178 5 0.2941 0.4000 0.8710 7 0.3500 0.0000 0.8780 1160 127
RAW 16 179 3 0.7500 0.6667 0.8930 3 0.7500 0.6667 0.8930 421 242
RAW 16 180 2 0.6667 0.5000 0.8910 3 0.5000 0.3333 0.9140 374 21
RAW 16 181 2 1.0000 1.0000 0.8950 2 0.4000 0.5000 0.8770 312 17
RAW 16 182 3 0.6000 0.3333 0.9120 2 1.0000 0.5000 0.8780 330 115
RAW 16 183 3 0.6000 0.3333 0.8980 2 0.6667 0.5000 0.9060 600 253
RAW 16 184 9 0.3333 0.2222 0.8180 3 0.1765 0.0000 0.8760 -1 1305
RAW 16 185 3 0.7500 0.6667 0.9380 3 1.0000 0.3333 0.9160 376 20
RAW 16 186 2 1.0000 1.0000 0.9190 4 0.4444 0.5000 0.9070 471 60
RAW 16 187 2 0.1333 0.0000 0.8830 2 0.1333 0.5000 0.8780 1196 25
RAW 16 188 2 0.1333 0.0000 0.8630 2 0.1333 0.0000 0.8650 633 80
RAW 16 189 10 0.4000 0.1000 0.8340 7 0.2593 0.1429 0.8070 -1 -1
RAW 16 190 11 0.5238 0.0909 0.7750 8 0.3200 0.3750 0.8000 -1 -1
RAW 16 191 2 0.6667 0.5000 0.9100 2 0.5000 0.5000 0.9010 296 29
RAW 16 192 2 1.0000 1.0000 0.8880 2 1.0000 1.0000 0.8880 379 85
RAW 16 193 2 1.0000 1.0000 0.9080 2 1.0000 0.5000 0.8810 461 47
RAW 16 194 2 1.0000 1.0000 0.9000 2 1.0000 1.0000 0.9190 990 278
RAW 16 195 2 1.0000 1.0000 0.8880 2 0.5000 0.5000 0.8970 366 33
RAW 16 196 3 0.3000 0.3333 0.9110 2 0.3333 0.5000 0.9040 439 29
RAW 16 197 2 0.4000 0.5000 0.8760 2 1.0000 1.0000 0.8990 642 101
RAW 16 198 3 1.0000 1.0000 0.8970 2 0.4000 0.5000 0.8960 368 19
RAW 16 199 2 1.0000 0.5000 0.9140 2 1.0000 0.5000 0.9140 374 55
RAW 16 200 9 0.3750 0.1111 0.9110 7 0.2800 0.0000 0.9060 -1 -1
RAW 20 176 2 0.6667 0.5000 0.8850 1 1.0000 1.0000 0.8880 417 83
RAW 20 177 16 0.5714 0.0625 0.8780 4 0.1739 0.0000 0.8480 -1 3298
RAW 20 178 9 0.3600 0.1111 0.8920 7 0.3333 0.0000 0.9080 -1 1
RAW 20 179 4 0.4444 0.7500 0.8780 5 0.3571 0.2000 0.8860 497 32
RAW 20 180 6 0.4000 0.1667 0.8830 9 0.4091 0.1111 0.8760 1319 -1
RAW 20 181 4 1.0000 0.2500 0.8830 6 0.5000 0.3333 0.8950 959 629
RAW 20 182 3 1.0000 1.0000 0.9170 2 0.4000 0.5000 0.9240 427 23
RAW 20 183 3 0.7500 0.6667 0.8880 2 0.3333 0.5000 0.9000 739 28
RAW 20 184 16 0.4571 0.1250 0.8470 2 0.1053 0.0000 0.9080 -1 21
RAW 20 185 2 0.5000 0.5000 0.8950 2 0.5000 0.5000 0.8950 526 4
RAW 20 186 2 1.0000 1.0000 0.8860 2 0.3333 0.5000 0.8760 401 31
RAW 20 187 24 0.6486 0.0417 0.7970 35 0.9722 0.0857 0.7680 -1 -1
RAW 20 188 24 0.6486 0.0833 0.8200 16 0.4444 0.0625 0.8300 -1 -1
RAW 20 189 15 0.4412 0.0667 0.7750 3 0.0909 0.0000 0.8030 -1 -1
RAW 20 190 14 0.4516 0.1429 0.7520 6 0.1622 0.0000 0.7650 -1 -1
RAW 20 191 3 1.0000 0.6667 0.9080 4 0.3636 0.5000 0.9190 523 385
RAW 20 192 6 0.4286 0.3333 0.8970 8 0.3636 0.2500 0.8940 615 -1
RAW 20 193 4 0.5714 0.5000 0.9000 4 0.3333 0.2500 0.8870 630 208
RAW 20 194 5 0.5000 0.4000 0.8710 6 0.2609 0.1667 0.8610 1809 1787
RAW 20 195 6 0.4000 0.3333 0.9200 7 0.3889 0.2857 0.9230 1241 161
RAW 20 196 1 1.0000 1.0000 0.8760 1 1.0000 1.0000 0.8760 701 193
RAW 20 197 5 0.7143 0.2000 0.8720 5 0.3846 0.4000 0.8680 1367 399
RAW 20 198 4 0.4444 0.2500 0.8670 6 0.7500 0.3333 0.8640 1426 1039
RAW 20 199 3 0.5000 0.3333 0.8990 5 0.3846 0.2000 0.9040 606 220
RAW 20 200 16 0.4324 0.1250 0.8910 9 0.3333 0.2222 0.8670 -1 1674
RAW 24 176 6 0.5000 0.3333 0.9180 6 0.2609 0.1667 0.8690 1962 22
RAW 24 177 4 0.1739 0.5000 0.8780 3 0.1000 0.0000 0.8220 768 775
RAW 24 178 4 0.1212 0.0000 0.8740 5 0.2381 0.0000 0.8980 2826 276
RAW 24 179 8 0.3200 0.1250 0.8520 5 0.3571 0.2000 0.8660 2414 2015
RAW 24 180 6 0.3158 0.3333 0.9130 7 0.5000 0.1429 0.9220 1645 1528
RAW 24 181 3 0.6000 0.3333 0.8940 4 0.6667 0.5000 0.9170 671 150
RAW 24 182 5 0.8333 0.6000 0.9330 7 0.3684 0.2857 0.9180 837 293
RAW 24 183 3 0.5000 0.3333 0.7850 8 0.2581 0.1250 0.8870 815 -1
RAW 24 184 22 0.5238 0.0000 0.7940 10 0.2326 0.1000 0.8170 -1 -1
RAW 24 185 3 0.6000 0.3333 0.9030 2 0.2857 0.5000 0.8900 565 170
RAW 24 186 6 0.4615 0.3333 0.8880 5 0.2632 0.0000 0.8250 1230 710
RAW 24 187 18 0.4000 0.0556 0.7710 7 0.1892 0.1429 0.8020 -1 -1
RAW 24 188 25 0.5556 0.0800 0.7680 25 0.5556 0.0800 0.7910 -1 -1
RAW 24 189 20 0.4545 0.0500 0.7350 28 0.6222 0.0714 0.7540 -1 -1
RAW 24 190 15 0.3571 0.0000 0.7650 6 0.1667 0.1667 0.6190 -1 -1
RAW 24 191 3 0.4286 0.6667 0.8890 2 0.1538 0.5000 0.8860 828 572
RAW 24 192 4 0.6667 0.5000 0.8940 8 0.3077 0.1250 0.8910 911 -1
RAW 24 193 4 0.6667 0.5000 0.8720 3 0.4286 0.3333 0.8450 1235 155
RAW 24 194 3 1.0000 1.0000 0.9040 4 0.3077 0.2500 0.8730 751 118
RAW 24 195 7 0.4667 0.2857 0.8930 11 0.4400 0.0000 0.9020 2027 -1
RAW 24 196 7 0.3043 0.2857 0.9000 3 0.2000 0.3333 0.8710 1920 68
RAW 24 197 12 0.3871 0.0833 0.8960 10 0.3125 0.1000 0.8820 -1 -1
RAW 24 198 3 0.7500 0.6667 0.8900 7 0.3889 0.1429 0.8710 752 15
RAW 24 199 4 0.4444 0.7500 0.8890 4 0.4000 0.2500 0.8680 854 1562
RAW 24 200 27 0.6136 0.1111 0.8930 38 0.8444 0.0789 0.8800 -1 -1
RAW 28 176 6 0.6000 0.3333 0.8850 5 0.2381 0.2000 0.8950 1671 613
RAW 28 177 17 0.3617 0.0588 0.8770 8 0.2424 0.0000 0.8740 -1 -1
RAW 28 178 30 0.5882 0.0667 0.8910 12 0.3243 0.0833 0.8220 -1 -1
RAW 28 179 24 0.4800 0.0417 0.9090 15 0.3659 0.1333 0.8910 -1 -1
RAW 28 180 9 0.6429 0.2222 0.9330 6 0.1935 0.1667 0.8920 -1 2816
RAW 28 181 5 0.6250 0.2000 0.8830 7 0.2258 0.2857 0.7550 2399 3133
RAW 28 182 8 0.8889 0.2500 0.9070 8 0.3077 0.2500 0.8790 1790 -1
RAW 28 183 14 0.4118 0.1429 0.8910 6 0.1538 0.1667 0.8810 -1 570
RAW 28 184 28 0.5283 0.0000 0.7650 12 0.2353 0.1667 0.7430 -1 -1
RAW 28 185 2 0.5000 0.5000 0.8470 2 0.5000 0.5000 0.8250 1478 37
RAW 28 186 5 0.4545 0.4000 0.8650 5 0.2500 0.0000 0.8950 2016 448
RAW 28 187 25 0.4808 0.0800 0.7320 8 0.2162 0.0000 0.6690 -1 -1
RAW 28 188 15 0.2941 0.0000 0.7840 19 0.3800 0.0000 0.7430 -1 -1
RAW 28 189 24 0.4800 0.0417 0.7320 19 0.3878 0.0526 0.7240 -1 -1
RAW 28 190 23 0.4510 0.0870 0.6930 3 0.0625 0.0000 0.7800 -1 -1
RAW 28 191 9 0.4286 0.3333 0.9190 8 0.2667 0.2500 0.9130 3496 667
RAW 28 192 20 0.4348 0.1000 0.9110 12 0.3077 0.0833 0.9080 -1 -1
RAW 28 193 14 0.5185 0.1429 0.9070 10 0.3030 0.1000 0.8570 2458 -1
RAW 28 194 4 0.5000 0.7500 0.9130 4 0.2105 0.2500 0.8760 1013 334
RAW 28 195 6 0.4615 0.5000 0.9020 4 0.1333 0.5000 0.8910 1759 1296
RAW 28 196 10 0.3704 0.2000 0.9050 11 0.3548 0.0000 0.8970 -1 1740
RAW 28 197 25 0.4902 0.1200 0.9030 10 0.2439 0.2000 0.8820 -1 -1
RAW 28 198 3 0.3750 0.6667 0.8820 6 0.3333 0.1667 0.8940 672 10
RAW 28 199 4 1.0000 0.7500 0.8830 2 0.3333 0.5000 0.8870 990 401
RAW 28 200 23 0.5000 0.0870 0.8760 11 0.2973 0.0000 0.8710 -1 -1
