emerge_transfer -- sharing is a GENE, and TRANSFER is what pays for it
N=12. motif K=3 planted at 1 of 10 positions; train on 3, select on 3, report on 4.
max-pool readout (position never reaches the output). energy = params/(21*10):
  shared = taps, unshared = taps*10. objective = heldout_acc - 1.00*energy.
60 seeds x 200 epochs. GA: pop 24, 50 gens, flips offsets AND the sharing gene.

PERSEED  per-seed argmax over every subset of the 7-wide window at lo=7, LAMBDA=1.00
PERSEED RAW 1 0 0.7574 0.8590
PERSEED RAW 2 0 0.7490 0.7776
PERSEED RAW 3 0 0.7390 0.8062
PERSEED RAW 4 0 0.5890 0.5976
PERSEED RAW 5 0 0.7490 0.7590
PERSEED RAW 6 1 0.8274 0.8274
PERSEED RAW 7 0 0.5524 0.5771
PERSEED RAW 8 0 0.7524 0.8855
PERSEED RAW 9 0 0.5524 0.6179
PERSEED RAW 10 0 0.7457 0.7526
PERSEED RAW 11 0 0.4774 0.5760
PERSEED RAW 12 0 0.5207 0.5512
PERSEED RAW 13 0 0.6090 0.7176
PERSEED RAW 14 0 0.4957 0.7210
PERSEED RAW 15 0 0.7824 0.8262
PERSEED RAW 16 0 0.7607 0.8362
PERSEED RAW 17 0 0.6890 0.7290
PERSEED RAW 18 0 0.6224 0.7895
PERSEED RAW 19 0 0.7224 0.8605
PERSEED RAW 20 0 0.8540 0.9074
PERSEED RAW 21 0 0.7707 0.8212
PERSEED RAW 22 1 0.6457 0.6457
PERSEED RAW 23 0 0.6190 0.6507
PERSEED RAW 24 0 0.5757 0.6390
PERSEED RAW 25 0 0.4607 0.6276
PERSEED RAW 26 0 0.5174 0.6514
PERSEED RAW 27 0 0.5207 0.5555
PERSEED RAW 28 0 0.4774 0.5376
PERSEED RAW 29 0 0.4807 0.5924
PERSEED RAW 30 0 0.5390 0.5757
PERSEED RAW 31 0 0.8974 0.9026
PERSEED RAW 32 0 0.7457 0.8179
PERSEED RAW 33 0 0.5307 0.9107
PERSEED RAW 34 0 0.4390 0.7879
PERSEED RAW 35 0 0.4940 0.6476
PERSEED RAW 36 1 0.8157 0.8157
PERSEED RAW 37 0 0.6390 0.7860
PERSEED RAW 38 0 0.6774 0.8457
PERSEED RAW 39 0 0.5890 0.8471
PERSEED RAW 40 1 0.6724 0.6724
PERSEED RAW 41 0 0.6207 0.6438
PERSEED RAW 42 0 0.5907 0.6107
PERSEED RAW 43 0 0.6440 0.6557
PERSEED RAW 44 0 0.5207 0.5957
PERSEED RAW 45 0 0.4690 0.5343
PERSEED RAW 46 0 0.4774 0.6510
PERSEED RAW 47 0 0.5890 0.6129
PERSEED RAW 48 1 0.7740 0.7740
PERSEED RAW 49 0 0.5057 0.6429
PERSEED RAW 50 0 0.5140 0.7662
PERSEED RAW 51 0 0.6957 0.7817
PERSEED RAW 52 0 0.4840 0.6110
PERSEED RAW 53 0 0.4824 0.6876
PERSEED RAW 54 0 0.6224 0.6662
PERSEED RAW 55 0 0.7790 0.8276
PERSEED RAW 56 0 0.5524 0.6129
PERSEED RAW 57 0 0.4940 0.5036
PERSEED RAW 58 0 0.7590 0.8067
PERSEED RAW 59 0 0.4440 0.5710
PERSEED RAW 60 0 0.6257 0.6721
PERSEED  the planted support is the per-seed argmax on 5 of 60 seeds (8%).
PERSEED  mean signed margin to the best rival -0.0866 (negative = the planted support loses)
PERSEED  this is the CEILING on any exact-match rate: a search returning its own draw's
PERSEED  argmax cannot exceed it, so compare the measured rate against this, not 100%.
