emerge_transfer -- sharing is a GENE, and TRANSFER is what pays for it
N=12. motif K=3 planted at 1 of 10 positions; train on 3, select on 3, report on 4.
max-pool readout (position never reaches the output). energy = params/(21*10):
  shared = taps, unshared = taps*10. objective = heldout_acc - 6.00*energy.
20 seeds x 200 epochs. GA: pop 24, 50 gens, flips offsets AND the sharing gene.

RAW 0 1 3 1 1 0.8229 0.7717 0.6860
RAW 1 1 2 1 0 0.8542 0.7383 0.6812
RAW 2 1 3 1 0 0.8438 0.7733 0.6876
RAW 3 1 3 1 0 0.8438 0.7733 0.6876
RAW 4 1 3 1 0 0.8438 0.7733 0.6876
RAW 5 1 2 1 0 0.5729 0.5017 0.4445
RAW 0 2 3 1 1 0.7604 0.7633 0.6776
RAW 1 2 4 1 0 0.7396 0.6833 0.5690
RAW 2 2 4 1 0 0.6354 0.6667 0.5524
RAW 3 2 3 1 0 0.7396 0.5350 0.4493
RAW 4 2 4 1 0 0.7396 0.6833 0.5690
RAW 5 2 4 1 0 0.5833 0.4817 0.3674
RAW 0 3 3 1 1 0.8125 0.7533 0.6676
RAW 1 3 3 1 1 0.8125 0.7533 0.6676
RAW 2 3 3 1 1 0.8438 0.7867 0.7010
RAW 3 3 4 1 1 0.7708 0.7850 0.6707
RAW 4 3 3 1 1 0.8438 0.7867 0.7010
RAW 5 3 3 1 0 0.6250 0.5483 0.4626
RAW 0 4 3 1 1 0.6250 0.6033 0.5176
RAW 1 4 0 1 0 0.5417 0.4883 0.4883
RAW 2 4 0 1 0 0.5417 0.4883 0.4883
RAW 3 4 0 1 0 0.5417 0.4883 0.4883
RAW 4 4 0 1 0 0.5417 0.4883 0.4883
RAW 5 4 0 1 0 0.5417 0.4883 0.4883
RAW 0 5 3 1 1 0.7917 0.7633 0.6776
RAW 1 5 3 1 1 0.7917 0.7633 0.6776
RAW 2 5 3 1 1 0.7917 0.7633 0.6776
RAW 3 5 3 1 1 0.7917 0.7633 0.6776
RAW 4 5 3 1 1 0.7917 0.7633 0.6776
RAW 5 5 3 1 0 0.5521 0.5000 0.4143
RAW 0 6 3 1 1 0.8333 0.8417 0.7560
RAW 1 6 3 1 1 0.8333 0.8417 0.7560
RAW 2 6 3 1 1 0.8333 0.8417 0.7560
RAW 3 6 3 1 1 0.7396 0.7650 0.6793
RAW 4 6 3 1 1 0.8333 0.8417 0.7560
RAW 5 6 3 1 0 0.6042 0.5400 0.4543
RAW 0 7 3 1 1 0.6146 0.5667 0.4810
RAW 1 7 1 1 1 0.6042 0.5167 0.4881
RAW 2 7 1 1 1 0.5312 0.5483 0.5198
RAW 3 7 1 1 1 0.6146 0.5283 0.4998
RAW 4 7 1 1 1 0.6354 0.4983 0.4698
RAW 5 7 1 1 1 0.5208 0.5083 0.4798
RAW 0 8 3 1 1 0.9062 0.7667 0.6810
RAW 1 8 6 1 1 0.9062 0.8667 0.6952
RAW 2 8 4 1 0 0.9062 0.8733 0.7590
RAW 3 8 5 1 0 0.6458 0.5717 0.4288
RAW 4 8 3 1 1 0.8958 0.8750 0.7893
RAW 5 8 6 1 0 0.6979 0.4583 0.2869
RAW 0 9 3 1 1 0.5833 0.5667 0.4810
RAW 1 9 0 0 0 0.5521 0.4900 0.4900
RAW 2 9 0 0 0 0.5521 0.4900 0.4900
RAW 3 9 0 1 0 0.5521 0.4900 0.4900
RAW 4 9 1 1 1 0.5625 0.4967 0.4681
RAW 5 9 0 1 0 0.5521 0.4900 0.4900
RAW 0 10 3 1 1 0.7083 0.7600 0.6743
RAW 1 10 2 1 1 0.6146 0.5017 0.4445
RAW 2 10 3 1 1 0.7083 0.7600 0.6743
RAW 3 10 3 1 1 0.7083 0.7600 0.6743
RAW 4 10 2 1 1 0.6146 0.5017 0.4445
RAW 5 10 2 1 0 0.5208 0.4933 0.4362
RAW 0 11 3 1 1 0.5312 0.4917 0.4060
RAW 1 11 3 1 0 0.5417 0.5267 0.4410
RAW 2 11 2 1 0 0.6042 0.5350 0.4779
RAW 3 11 1 1 1 0.5417 0.5300 0.5014
RAW 4 11 0 0 0 0.5312 0.4917 0.4917
RAW 5 11 3 1 0 0.5625 0.5233 0.4376
RAW 0 12 3 1 1 0.5625 0.5350 0.4493
RAW 1 12 0 1 0 0.5729 0.5050 0.5050
RAW 2 12 0 1 0 0.5729 0.5050 0.5050
RAW 3 12 0 1 0 0.5729 0.5050 0.5050
RAW 4 12 0 1 0 0.5729 0.5050 0.5050
RAW 5 12 0 1 0 0.5729 0.5050 0.5050
RAW 0 13 3 1 1 0.6042 0.6233 0.5376
RAW 1 13 2 1 0 0.7396 0.6900 0.6329
RAW 2 13 4 1 1 0.8021 0.6433 0.5290
RAW 3 13 2 1 0 0.7396 0.6900 0.6329
RAW 4 13 2 1 0 0.7500 0.6483 0.5912
RAW 5 13 2 1 0 0.5417 0.4850 0.4279
RAW 0 14 3 1 1 0.5833 0.5100 0.4243
RAW 1 14 2 1 0 0.5938 0.4733 0.4162
RAW 2 14 2 1 0 0.5833 0.4717 0.4145
RAW 3 14 2 1 0 0.5833 0.4717 0.4145
RAW 4 14 4 1 0 0.7396 0.6267 0.5124
RAW 5 14 2 1 1 0.6875 0.5683 0.5112
RAW 0 15 3 1 1 0.7396 0.7967 0.7110
RAW 1 15 6 1 0 0.8229 0.8017 0.6302
RAW 2 15 6 1 0 0.8750 0.7883 0.6169
RAW 3 15 4 1 1 0.9167 0.8217 0.7074
RAW 4 15 6 1 0 0.9062 0.8083 0.6369
RAW 5 15 6 1 0 0.6042 0.5850 0.4136
RAW 0 16 3 1 1 0.7396 0.7750 0.6893
RAW 1 16 3 1 1 0.7396 0.7750 0.6893
RAW 2 16 6 1 0 0.8021 0.7667 0.5952
RAW 3 16 4 1 0 0.7812 0.7983 0.6840
RAW 4 16 3 1 1 0.7396 0.7750 0.6893
RAW 5 16 3 1 0 0.5312 0.5150 0.4293
RAW 0 17 3 1 1 0.6771 0.7033 0.6176
RAW 1 17 2 1 0 0.5208 0.5183 0.4612
RAW 2 17 3 1 0 0.5312 0.4333 0.3476
RAW 3 17 2 1 0 0.5208 0.5183 0.4612
RAW 4 17 4 1 0 0.7396 0.7200 0.6057
RAW 5 17 2 1 1 0.6250 0.5267 0.4695
RAW 0 18 3 1 1 0.8854 0.6367 0.5510
RAW 1 18 2 1 1 0.5833 0.5167 0.4595
RAW 2 18 2 1 1 0.5833 0.4883 0.4312
RAW 3 18 2 1 1 0.5833 0.4883 0.4312
RAW 4 18 2 1 1 0.5833 0.5167 0.4595
RAW 5 18 2 1 1 0.5833 0.4883 0.4312
RAW 0 19 3 1 1 0.7188 0.7367 0.6510
RAW 1 19 3 1 1 0.6354 0.8367 0.7510
RAW 2 19 4 1 0 0.5104 0.4950 0.3807
RAW 3 19 4 1 0 0.5104 0.4950 0.3807
RAW 4 19 3 1 1 0.6354 0.8367 0.7510
RAW 5 19 3 1 0 0.5729 0.5000 0.4143
RAW 0 20 3 1 1 0.8854 0.8683 0.7826
RAW 1 20 3 1 0 0.8958 0.8867 0.8010
RAW 2 20 2 1 0 0.8854 0.8783 0.8212
RAW 3 20 2 1 0 0.8854 0.8783 0.8212
RAW 4 20 2 1 0 0.8854 0.8783 0.8212
RAW 5 20 3 1 0 0.7083 0.5717 0.4860
  producer                    taps  shared contig train acc   heldout  objective
  ideal conv (shared)          3.0    1.00   1.00     0.719     0.692     0.6060
  GA flip-only                 2.5    0.95   0.45     0.695     0.659     0.5872
  GA flip+slide                2.8    0.95   0.35     0.697     0.650     0.5713
  GA flip+rewire               2.4    1.00   0.40     0.679     0.633     0.5643
  GA flip+xover                2.5    0.95   0.50     0.719     0.676     0.6058
  GA-tap-matched random        2.5    1.00   0.20     0.588     0.514     0.4425

GATE (protocol item 9, before any operator work):
  PASS if 'ideal conv (shared)' has the highest objective -- the convolution is finally the
  optimum, and the search question becomes meaningful.
  The UNSHARED rows are the mechanism check: they should fit train and collapse on heldout.
  If they transfer too, the task does not demand sharing and this probe is not yet valid.
