emerge_transfer -- sharing is a GENE, and TRANSFER is what pays for it
N=12. motif K=3 planted at 1 of 10 positions; train on 3, select on 3, report on 4.
max-pool readout (position never reaches the output). energy = params/(21*10):
  shared = taps, unshared = taps*10. objective = heldout_acc - 3.00*energy.
30 seeds x 200 epochs. GA: pop 24, 50 gens, flips offsets AND the sharing gene.

RAW 0 31 3 1 1 0.9062 0.9117 0.8688
RAW 1 31 7 1 0 0.6979 0.6083 0.5083
RAW 2 31 2 1 0 0.8021 0.9100 0.8814
RAW 3 31 5 1 0 0.9167 0.9133 0.8419
RAW 4 31 3 1 0 0.9062 0.8983 0.8555
RAW 5 31 7 1 0 0.7708 0.5767 0.4767
RAW 0 32 3 1 1 0.7604 0.7600 0.7171
RAW 1 32 5 1 0 0.8125 0.8200 0.7486
RAW 2 32 4 1 0 0.8229 0.8717 0.8145
RAW 3 32 4 1 1 0.7604 0.6583 0.6012
RAW 4 32 5 1 0 0.7708 0.6717 0.6002
RAW 5 32 5 1 0 0.6250 0.5000 0.4286
RAW 0 33 3 1 1 0.4896 0.5450 0.5021
RAW 1 33 9 1 0 0.6562 0.6217 0.4931
RAW 2 33 2 1 0 0.9062 0.9167 0.8881
RAW 3 33 7 1 0 0.6250 0.5050 0.4050
RAW 4 33 2 1 0 0.9062 0.9167 0.8881
RAW 5 33 9 1 0 0.8021 0.6217 0.4931
RAW 0 34 3 1 1 0.5729 0.4533 0.4105
RAW 1 34 7 1 0 0.9167 0.8033 0.7033
RAW 2 34 6 1 0 0.8958 0.8250 0.7393
RAW 3 34 5 1 0 0.8854 0.7817 0.7102
RAW 4 34 6 1 0 0.9062 0.8250 0.7393
RAW 5 34 7 1 0 0.9167 0.7817 0.6817
RAW 0 35 3 1 1 0.6146 0.5083 0.4655
RAW 1 35 4 1 0 0.6042 0.6317 0.5745
RAW 2 35 3 1 1 0.6354 0.7183 0.6755
RAW 3 35 3 1 1 0.6354 0.7183 0.6755
RAW 4 35 3 1 1 0.5833 0.5733 0.5305
RAW 5 35 4 1 0 0.5312 0.5317 0.4745
RAW 0 36 3 1 1 0.9062 0.8300 0.7871
RAW 1 36 3 1 0 0.8438 0.8200 0.7771
RAW 2 36 9 1 0 0.8646 0.7833 0.6548
RAW 3 36 6 1 0 0.8646 0.7983 0.7126
RAW 4 36 3 1 0 0.8438 0.8200 0.7771
RAW 5 36 3 1 0 0.5521 0.5517 0.5088
RAW 0 37 3 1 1 0.6667 0.6533 0.6105
RAW 1 37 6 1 0 0.7396 0.7283 0.6426
RAW 2 37 4 1 0 0.7708 0.7350 0.6779
RAW 3 37 4 1 0 0.7083 0.7400 0.6829
RAW 4 37 4 1 1 0.7604 0.7450 0.6879
RAW 5 37 6 1 0 0.7292 0.6733 0.5876
RAW 0 38 3 1 1 0.8333 0.6917 0.6488
RAW 1 38 5 1 0 0.8229 0.7233 0.6519
RAW 2 38 3 1 1 0.8333 0.6917 0.6488
RAW 3 38 5 1 0 0.8125 0.7200 0.6486
RAW 4 38 3 1 1 0.8333 0.6917 0.6488
RAW 5 38 5 1 0 0.6667 0.5867 0.5152
RAW 0 39 3 1 1 0.5521 0.6033 0.5605
RAW 1 39 2 1 0 0.8646 0.8517 0.8231
RAW 2 39 8 1 0 0.8958 0.8000 0.6857
RAW 3 39 4 1 0 0.9062 0.7317 0.6745
RAW 4 39 5 1 0 0.8542 0.8500 0.7786
RAW 5 39 2 1 0 0.5104 0.4950 0.4664
RAW 0 40 3 1 1 0.7188 0.6867 0.6438
RAW 1 40 3 1 0 0.5833 0.6667 0.6238
RAW 2 40 2 1 1 0.5938 0.6800 0.6514
RAW 3 40 3 1 0 0.7188 0.6533 0.6105
RAW 4 40 2 1 1 0.5938 0.6800 0.6514
RAW 5 40 3 1 0 0.5104 0.5367 0.4938
RAW 0 41 3 1 1 0.7396 0.6350 0.5921
RAW 1 41 7 1 0 0.9062 0.8400 0.7400
RAW 2 41 8 1 0 0.8125 0.5533 0.4390
RAW 3 41 5 1 0 0.7500 0.5517 0.4802
RAW 4 41 7 1 0 0.7083 0.6167 0.5167
RAW 5 41 7 1 0 0.7604 0.5867 0.4867
RAW 0 42 3 1 1 0.6562 0.6050 0.5621
RAW 1 42 3 1 0 0.5417 0.5267 0.4838
RAW 2 42 5 1 1 0.6354 0.5050 0.4336
RAW 3 42 3 1 0 0.6562 0.6200 0.5771
RAW 4 42 2 1 0 0.6250 0.6033 0.5748
RAW 5 42 3 1 0 0.5417 0.5267 0.4838
RAW 0 43 3 1 1 0.6667 0.6583 0.6155
RAW 1 43 5 1 0 0.6979 0.6717 0.6002
RAW 2 43 3 1 1 0.6875 0.5950 0.5521
RAW 3 43 4 1 1 0.6562 0.6600 0.6029
RAW 4 43 4 1 1 0.6562 0.6600 0.6029
RAW 5 43 5 1 0 0.5312 0.5183 0.4469
RAW 0 44 3 1 1 0.6562 0.5350 0.4921
RAW 1 44 3 1 1 0.5729 0.4867 0.4438
RAW 2 44 3 1 0 0.6667 0.5867 0.5438
RAW 3 44 5 1 0 0.5729 0.4867 0.4152
RAW 4 44 3 1 1 0.6667 0.5333 0.4905
RAW 5 44 3 1 0 0.5729 0.4867 0.4438
RAW 0 45 3 1 1 0.5625 0.4833 0.4405
RAW 1 45 1 1 1 0.5417 0.4967 0.4824
RAW 2 45 1 1 1 0.5312 0.4867 0.4724
RAW 3 45 3 1 0 0.5521 0.4900 0.4471
RAW 4 45 1 1 1 0.5625 0.5350 0.5207
RAW 5 45 1 1 1 0.5417 0.5150 0.5007
RAW 0 46 3 1 1 0.5312 0.4917 0.4488
RAW 1 46 2 1 1 0.7292 0.6250 0.5964
RAW 2 46 2 1 1 0.7292 0.6250 0.5964
RAW 3 46 3 1 0 0.7188 0.6417 0.5988
RAW 4 46 2 1 1 0.7292 0.6250 0.5964
RAW 5 46 2 1 0 0.5833 0.5433 0.5148
RAW 0 47 3 1 1 0.6979 0.6033 0.5605
RAW 1 47 2 1 1 0.5521 0.4917 0.4631
RAW 2 47 3 1 0 0.6146 0.5650 0.5221
RAW 3 47 2 1 1 0.5521 0.4917 0.4631
RAW 4 47 3 1 0 0.6146 0.5650 0.5221
RAW 5 47 2 1 0 0.6146 0.4367 0.4081
RAW 0 48 3 1 1 0.8125 0.7883 0.7455
RAW 1 48 4 1 0 0.8750 0.7667 0.7095
RAW 2 48 4 1 0 0.8750 0.7667 0.7095
RAW 3 48 5 1 0 0.8750 0.7650 0.6936
RAW 4 48 4 1 0 0.8750 0.7667 0.7095
RAW 5 48 4 1 0 0.5521 0.4567 0.3995
RAW 0 49 3 1 1 0.5312 0.5200 0.4771
RAW 1 49 3 1 1 0.5312 0.5200 0.4771
RAW 2 49 2 1 1 0.5625 0.4967 0.4681
RAW 3 49 4 1 0 0.6458 0.6267 0.5695
RAW 4 49 2 1 1 0.5625 0.4967 0.4681
RAW 5 49 3 1 0 0.5312 0.4833 0.4405
RAW 0 50 3 1 1 0.6458 0.5283 0.4855
RAW 1 50 4 1 0 0.7083 0.5217 0.4645
RAW 2 50 3 1 1 0.6458 0.5283 0.4855
RAW 3 50 5 1 0 0.8958 0.8267 0.7552
RAW 4 50 6 1 0 0.8854 0.8367 0.7510
RAW 5 50 4 1 0 0.5938 0.5217 0.4645
RAW 0 51 3 1 1 0.7812 0.7100 0.6671
RAW 1 51 4 1 1 0.8542 0.7817 0.7245
RAW 2 51 5 1 0 0.8542 0.7750 0.7036
RAW 3 51 4 1 1 0.8542 0.7817 0.7245
RAW 4 51 4 1 1 0.8542 0.7817 0.7245
RAW 5 51 4 1 0 0.7812 0.7650 0.7079
RAW 0 52 3 1 1 0.5104 0.4983 0.4555
RAW 1 52 2 1 1 0.5729 0.5333 0.5048
RAW 2 52 2 1 1 0.5729 0.5333 0.5048
RAW 3 52 2 1 1 0.5729 0.5333 0.5048
RAW 4 52 2 1 1 0.5729 0.5333 0.5048
RAW 5 52 2 1 0 0.5104 0.4983 0.4698
RAW 0 53 3 1 1 0.5208 0.4967 0.4538
RAW 1 53 3 1 0 0.5208 0.4967 0.4538
RAW 2 53 4 1 0 0.7500 0.6533 0.5962
RAW 3 53 3 1 0 0.5208 0.4967 0.4538
RAW 4 53 3 1 0 0.7083 0.6333 0.5905
RAW 5 53 3 1 0 0.5312 0.5117 0.4688
RAW 0 54 3 1 1 0.5417 0.6367 0.5938
RAW 1 54 3 1 1 0.6979 0.5650 0.5221
RAW 2 54 4 1 0 0.6979 0.5050 0.4479
RAW 3 54 3 1 1 0.6979 0.5650 0.5221
RAW 4 54 3 1 1 0.6979 0.5650 0.5221
RAW 5 54 3 1 0 0.6562 0.5133 0.4705
RAW 0 55 3 1 1 0.8438 0.7933 0.7505
RAW 1 55 3 1 1 0.8438 0.7933 0.7505
RAW 2 55 3 1 1 0.8438 0.7933 0.7505
RAW 3 55 4 1 0 0.8646 0.8483 0.7912
RAW 4 55 4 1 0 0.8438 0.7600 0.7029
RAW 5 55 3 1 0 0.5208 0.5067 0.4638
RAW 0 56 3 1 1 0.5625 0.5667 0.5238
RAW 1 56 3 1 0 0.5312 0.6083 0.5655
RAW 2 56 3 1 1 0.5521 0.4950 0.4521
RAW 3 56 3 1 0 0.5938 0.5317 0.4888
RAW 4 56 4 1 0 0.5729 0.5317 0.4745
RAW 5 56 3 1 0 0.5521 0.5033 0.4605
RAW 0 57 3 1 1 0.6042 0.5083 0.4655
RAW 1 57 0 0 0 0.6042 0.5083 0.5083
RAW 2 57 0 0 0 0.6042 0.5083 0.5083
RAW 3 57 0 0 0 0.6042 0.5083 0.5083
RAW 4 57 0 1 0 0.6042 0.5083 0.5083
RAW 5 57 0 1 0 0.6042 0.5083 0.5083
RAW 0 58 3 1 1 0.8542 0.7733 0.7305
RAW 1 58 4 1 0 0.8438 0.7817 0.7245
RAW 2 58 5 1 0 0.8438 0.7750 0.7036
RAW 3 58 4 1 0 0.8438 0.7817 0.7245
RAW 4 58 5 1 0 0.8542 0.7750 0.7036
RAW 5 58 4 1 0 0.6250 0.4967 0.4395
RAW 0 59 3 1 1 0.6562 0.4583 0.4155
RAW 1 59 7 1 0 0.6875 0.6283 0.5283
RAW 2 59 2 1 1 0.6354 0.5567 0.5281
RAW 3 59 2 1 1 0.6354 0.5567 0.5281
RAW 4 59 2 1 1 0.6354 0.5567 0.5281
RAW 5 59 7 1 0 0.6562 0.4633 0.3633
RAW 0 60 3 1 1 0.7292 0.6400 0.5971
RAW 1 60 3 1 1 0.7708 0.5883 0.5455
RAW 2 60 4 1 1 0.7917 0.5850 0.5279
RAW 3 60 4 1 0 0.6146 0.5083 0.4512
RAW 4 60 3 1 1 0.7292 0.6400 0.5971
RAW 5 60 3 1 0 0.5729 0.4733 0.4305
  producer                    taps  shared contig train acc   heldout  objective
  ideal conv (shared)          3.0    1.00   1.00     0.671     0.619     0.5763
  GA flip-only                 3.9    0.97   0.33     0.704     0.650     0.5945
  GA flip+slide                3.6    0.97   0.47     0.731     0.661     0.6088
  GA flip+rewire               3.8    0.97   0.27     0.717     0.650     0.5954
  GA flip+xover                3.3    1.00   0.47     0.731     0.673     0.6255
  GA-tap-matched random        3.9    1.00   0.03     0.615     0.539     0.4833

GATE (protocol item 9, before any operator work):
  PASS if 'ideal conv (shared)' has the highest objective -- the convolution is finally the
  optimum, and the search question becomes meaningful.
  The UNSHARED rows are the mechanism check: they should fit train and collapse on heldout.
  If they transfer too, the task does not demand sharing and this probe is not yet valid.
