# emerge_compose budget ladder (smbpann2 thread 2). columns: level s L seed test_acc
# A=300ep/192tr  E=1500ep/192tr  B=1500ep/768tr  D=6000ep/768tr; 32 seeds, fair mean over restarts
A 6 1 1 0.520167
A 6 1 2 0.522833
A 6 1 3 0.516500
A 6 1 4 0.518333
A 6 2 1 0.562333
A 6 2 2 0.594000
A 6 2 3 0.538000
A 6 2 4 0.547333
A 6 3 1 0.628667
A 6 3 2 0.633833
A 6 3 3 0.619167
A 6 3 4 0.605333
A 6 4 1 0.743333
A 6 4 2 0.689000
A 6 4 3 0.683833
A 6 4 4 0.632833
A 6 5 1 0.628000
A 6 5 2 0.630167
A 6 5 3 0.668333
A 6 5 4 0.663500
A 6 6 1 0.644833
A 6 6 2 0.643000
A 6 6 3 0.555667
A 6 6 4 0.585167
A 6 7 1 0.658667
A 6 7 2 0.602833
A 6 7 3 0.492667
A 6 7 4 0.504000
A 6 8 1 0.502000
A 6 8 2 0.488667
A 6 8 3 0.492667
A 6 8 4 0.504000
A 6 1 13 0.548000
A 6 1 14 0.468500
A 6 1 15 0.471833
A 6 1 16 0.523500
A 6 2 13 0.551833
A 6 2 14 0.535500
A 6 2 15 0.505833
A 6 2 16 0.601667
A 6 3 13 0.616833
A 6 3 14 0.523667
A 6 3 15 0.642667
A 6 3 16 0.698500
A 6 4 13 0.694500
A 6 4 14 0.579333
A 6 4 15 0.729000
A 6 4 16 0.619500
A 6 5 13 0.722667
A 6 5 14 0.675000
A 6 5 15 0.569667
A 6 5 16 0.650167
A 6 6 13 0.504667
A 6 6 14 0.479333
A 6 6 15 0.488667
A 6 6 16 0.683333
A 6 7 13 0.504667
A 6 7 14 0.479333
A 6 7 15 0.568333
A 6 7 16 0.571333
A 6 8 13 0.504667
A 6 8 14 0.479333
A 6 8 15 0.488667
A 6 8 16 0.481333
A 6 1 17 0.527667
A 6 1 18 0.528667
A 6 1 19 0.517167
A 6 1 20 0.519333
A 6 2 17 0.575667
A 6 2 18 0.592667
A 6 2 19 0.532333
A 6 2 20 0.530167
A 6 3 17 0.580000
A 6 3 18 0.649000
A 6 3 19 0.537667
A 6 3 20 0.677167
A 6 4 17 0.713000
A 6 4 18 0.632000
A 6 4 19 0.683667
A 6 4 20 0.546333
A 6 5 17 0.732167
A 6 5 18 0.813333
A 6 5 19 0.805667
A 6 5 20 0.654333
A 6 6 17 0.595667
A 6 6 18 0.516000
A 6 6 19 0.573833
A 6 6 20 0.523667
A 6 7 17 0.503333
A 6 7 18 0.516000
A 6 7 19 0.499333
A 6 7 20 0.491333
A 6 8 17 0.503333
A 6 8 18 0.516000
A 6 8 19 0.499333
A 6 8 20 0.491333
A 6 1 21 0.513333
A 6 1 22 0.528333
A 6 1 23 0.513333
A 6 1 24 0.547167
A 6 2 21 0.538000
A 6 2 22 0.528333
A 6 2 23 0.557333
A 6 2 24 0.557333
A 6 3 21 0.609833
A 6 3 22 0.588000
A 6 3 23 0.603333
A 6 3 24 0.664167
A 6 4 21 0.621000
A 6 4 22 0.753000
A 6 4 23 0.678667
A 6 4 24 0.662500
A 6 5 21 0.644500
A 6 5 22 0.645333
A 6 5 23 0.524667
A 6 5 24 0.643333
A 6 6 21 0.595000
A 6 6 22 0.518667
A 6 6 23 0.490000
A 6 6 24 0.668667
A 6 7 21 0.581333
A 6 7 22 0.518667
A 6 7 23 0.490000
A 6 7 24 0.504667
A 6 8 21 0.522000
A 6 8 22 0.518667
A 6 8 23 0.490000
A 6 8 24 0.504667
A 6 1 25 0.540167
A 6 1 26 0.520167
A 6 1 27 0.530333
A 6 1 28 0.540833
A 6 2 25 0.542000
A 6 2 26 0.556167
A 6 2 27 0.537167
A 6 2 28 0.555833
A 6 3 25 0.612333
A 6 3 26 0.700833
A 6 3 27 0.608500
A 6 3 28 0.649000
A 6 4 25 0.626167
A 6 4 26 0.703833
A 6 4 27 0.722500
A 6 4 28 0.707333
A 6 5 25 0.675333
A 6 5 26 0.561333
A 6 5 27 0.774833
A 6 5 28 0.637000
A 6 6 25 0.784667
A 6 6 26 0.553000
A 6 6 27 0.680000
A 6 6 28 0.690000
A 6 7 25 0.486667
A 6 7 26 0.559833
A 6 7 27 0.490000
A 6 7 28 0.518000
A 6 8 25 0.486667
A 6 8 26 0.497333
A 6 8 27 0.490000
A 6 8 28 0.518000
A 6 1 29 0.470667
A 6 1 30 0.533500
A 6 1 31 0.538500
A 6 1 32 0.553000
A 6 2 29 0.502833
A 6 2 30 0.579333
A 6 2 31 0.582333
A 6 2 32 0.532333
A 6 3 29 0.552333
A 6 3 30 0.643500
A 6 3 31 0.600833
A 6 3 32 0.628000
A 6 4 29 0.753333
A 6 4 30 0.658833
A 6 4 31 0.686000
A 6 4 32 0.632333
A 6 5 29 0.639833
A 6 5 30 0.654500
A 6 5 31 0.476667
A 6 5 32 0.556833
A 6 6 29 0.470667
A 6 6 30 0.710667
A 6 6 31 0.559000
A 6 6 32 0.489333
A 6 7 29 0.470667
A 6 7 30 0.504667
A 6 7 31 0.476667
A 6 7 32 0.489333
A 6 8 29 0.470667
A 6 8 30 0.504667
A 6 8 31 0.476667
A 6 8 32 0.489333
A 6 1 5 0.538833
A 6 1 6 0.504500
A 6 1 7 0.516500
A 6 1 8 0.522667
A 6 2 5 0.574667
A 6 2 6 0.546500
A 6 2 7 0.556833
A 6 2 8 0.587333
A 6 3 5 0.564833
A 6 3 6 0.642333
A 6 3 7 0.642667
A 6 3 8 0.724167
A 6 4 5 0.610333
A 6 4 6 0.694833
A 6 4 7 0.635833
A 6 4 8 0.628000
A 6 5 5 0.716500
A 6 5 6 0.541167
A 6 5 7 0.699833
A 6 5 8 0.591333
A 6 6 5 0.510667
A 6 6 6 0.588333
A 6 6 7 0.646000
A 6 6 8 0.600167
A 6 7 5 0.510667
A 6 7 6 0.502000
A 6 7 7 0.552333
A 6 7 8 0.579667
A 6 8 5 0.510667
A 6 8 6 0.502000
A 6 8 7 0.478000
A 6 8 8 0.499333
A 6 1 9 0.535167
A 6 1 10 0.534333
A 6 1 11 0.545000
A 6 1 12 0.549333
A 6 2 9 0.551333
A 6 2 10 0.521667
A 6 2 11 0.513333
A 6 2 12 0.544167
A 6 3 9 0.556000
A 6 3 10 0.614667
A 6 3 11 0.683333
A 6 3 12 0.637167
A 6 4 9 0.599167
A 6 4 10 0.593167
A 6 4 11 0.622833
A 6 4 12 0.636000
A 6 5 9 0.720667
A 6 5 10 0.776833
A 6 5 11 0.706333
A 6 5 12 0.628667
A 6 6 9 0.546500
A 6 6 10 0.680833
A 6 6 11 0.561500
A 6 6 12 0.581667
A 6 7 9 0.491333
A 6 7 10 0.566500
A 6 7 11 0.508667
A 6 7 12 0.492667
A 6 8 9 0.491333
A 6 8 10 0.513333
A 6 8 11 0.508667
A 6 8 12 0.492667
A 8 1 1 0.524000
A 8 1 2 0.536333
A 8 1 3 0.528833
A 8 1 4 0.485500
A 8 2 1 0.557667
A 8 2 2 0.601167
A 8 2 3 0.553833
A 8 2 4 0.532500
A 8 3 1 0.571167
A 8 3 2 0.651500
A 8 3 3 0.552000
A 8 3 4 0.622500
A 8 4 1 0.662667
A 8 4 2 0.630333
A 8 4 3 0.658333
A 8 4 4 0.602667
A 8 5 1 0.654667
A 8 5 2 0.632167
A 8 5 3 0.687833
A 8 5 4 0.651167
A 8 6 1 0.675500
A 8 6 2 0.613667
A 8 6 3 0.498000
A 8 6 4 0.549000
A 8 7 1 0.607667
A 8 7 2 0.491333
A 8 7 3 0.498000
A 8 7 4 0.491333
A 8 8 1 0.498000
A 8 8 2 0.491333
A 8 8 3 0.498000
A 8 8 4 0.491333
A 8 1 13 0.543667
A 8 1 14 0.520833
A 8 1 15 0.541333
A 8 1 16 0.538167
A 8 2 13 0.542833
A 8 2 14 0.577333
A 8 2 15 0.523000
A 8 2 16 0.578167
A 8 3 13 0.619000
A 8 3 14 0.561500
A 8 3 15 0.613333
A 8 3 16 0.622667
A 8 4 13 0.664333
A 8 4 14 0.562500
A 8 4 15 0.709333
A 8 4 16 0.588333
A 8 5 13 0.720500
A 8 5 14 0.611167
A 8 5 15 0.652667
A 8 5 16 0.661333
A 8 6 13 0.500667
A 8 6 14 0.509333
A 8 6 15 0.581667
A 8 6 16 0.606167
A 8 7 13 0.500667
A 8 7 14 0.509333
A 8 7 15 0.624833
A 8 7 16 0.570833
A 8 8 13 0.500667
A 8 8 14 0.509333
A 8 8 15 0.526000
A 8 8 16 0.605833
A 8 1 17 0.480333
A 8 1 18 0.511667
A 8 1 19 0.528167
A 8 1 20 0.480333
A 8 2 17 0.542500
A 8 2 18 0.578000
A 8 2 19 0.518833
A 8 2 20 0.508000
A 8 3 17 0.538667
A 8 3 18 0.624667
A 8 3 19 0.567833
A 8 3 20 0.564167
A 8 4 17 0.574833
A 8 4 18 0.592167
A 8 4 19 0.736833
A 8 4 20 0.564167
A 8 5 17 0.735000
A 8 5 18 0.680667
A 8 5 19 0.775333
A 8 5 20 0.652167
A 8 6 17 0.640000
A 8 6 18 0.492667
A 8 6 19 0.506667
A 8 6 20 0.501333
A 8 7 17 0.490000
A 8 7 18 0.492667
A 8 7 19 0.540667
A 8 7 20 0.501333
A 8 8 17 0.490000
A 8 8 18 0.492667
A 8 8 19 0.506667
A 8 8 20 0.501333
A 8 1 21 0.476000
A 8 1 22 0.532667
A 8 1 23 0.523000
A 8 1 24 0.500667
A 8 2 21 0.536333
A 8 2 22 0.554500
A 8 2 23 0.557500
A 8 2 24 0.517333
A 8 3 21 0.601167
A 8 3 22 0.641167
A 8 3 23 0.610667
A 8 3 24 0.558333
A 8 4 21 0.578000
A 8 4 22 0.658833
A 8 4 23 0.613667
A 8 4 24 0.594000
A 8 5 21 0.632500
A 8 5 22 0.657333
A 8 5 23 0.486667
A 8 5 24 0.500667
A 8 6 21 0.589333
A 8 6 22 0.497333
A 8 6 23 0.486667
A 8 6 24 0.606500
A 8 7 21 0.532833
A 8 7 22 0.497333
A 8 7 23 0.486667
A 8 7 24 0.500667
A 8 8 21 0.476000
A 8 8 22 0.497333
A 8 8 23 0.486667
A 8 8 24 0.500667
A 8 1 25 0.526333
A 8 1 26 0.521167
A 8 1 27 0.522333
A 8 1 28 0.493333
A 8 2 25 0.531333
A 8 2 26 0.540667
A 8 2 27 0.560667
A 8 2 28 0.528500
A 8 3 25 0.577833
A 8 3 26 0.589333
A 8 3 27 0.587167
A 8 3 28 0.558333
A 8 4 25 0.625000
A 8 4 26 0.705333
A 8 4 27 0.681667
A 8 4 28 0.651167
A 8 5 25 0.641167
A 8 5 26 0.556500
A 8 5 27 0.796167
A 8 5 28 0.652167
A 8 6 25 0.661833
A 8 6 26 0.569833
A 8 6 27 0.620833
A 8 6 28 0.538000
A 8 7 25 0.520667
A 8 7 26 0.601667
A 8 7 27 0.504667
A 8 7 28 0.497333
A 8 8 25 0.520667
A 8 8 26 0.497333
A 8 8 27 0.504667
A 8 8 28 0.497333
A 8 1 29 0.551333
A 8 1 30 0.508500
A 8 1 31 0.518333
A 8 1 32 0.498500
A 8 2 29 0.504833
A 8 2 30 0.535000
A 8 2 31 0.573833
A 8 2 32 0.514167
A 8 3 29 0.634833
A 8 3 30 0.565167
A 8 3 31 0.590167
A 8 3 32 0.607500
A 8 4 29 0.628833
A 8 4 30 0.603167
A 8 4 31 0.704000
A 8 4 32 0.541000
A 8 5 29 0.638167
A 8 5 30 0.569667
A 8 5 31 0.516000
A 8 5 32 0.572500
A 8 6 29 0.527167
A 8 6 30 0.663167
A 8 6 31 0.516000
A 8 6 32 0.505333
A 8 7 29 0.499333
A 8 7 30 0.510000
A 8 7 31 0.516000
A 8 7 32 0.505333
A 8 8 29 0.499333
A 8 8 30 0.547833
A 8 8 31 0.516000
A 8 8 32 0.505333
A 8 1 5 0.526000
A 8 1 6 0.494667
A 8 1 7 0.532500
A 8 1 8 0.534500
A 8 2 5 0.560667
A 8 2 6 0.522167
A 8 2 7 0.577000
A 8 2 8 0.549167
A 8 3 5 0.559500
A 8 3 6 0.616667
A 8 3 7 0.643667
A 8 3 8 0.596333
A 8 4 5 0.678000
A 8 4 6 0.588000
A 8 4 7 0.718167
A 8 4 8 0.537667
A 8 5 5 0.704333
A 8 5 6 0.498667
A 8 5 7 0.702000
A 8 5 8 0.588833
A 8 6 5 0.510667
A 8 6 6 0.544333
A 8 6 7 0.656833
A 8 6 8 0.550667
A 8 7 5 0.510667
A 8 7 6 0.498667
A 8 7 7 0.547667
A 8 7 8 0.536667
A 8 8 5 0.510667
A 8 8 6 0.498667
A 8 8 7 0.500000
A 8 8 8 0.503333
A 8 1 9 0.516000
A 8 1 10 0.566667
A 8 1 11 0.495333
A 8 1 12 0.540167
A 8 2 9 0.543667
A 8 2 10 0.546333
A 8 2 11 0.486167
A 8 2 12 0.552167
A 8 3 9 0.562167
A 8 3 10 0.538833
A 8 3 11 0.549167
A 8 3 12 0.578167
A 8 4 9 0.614000
A 8 4 10 0.564333
A 8 4 11 0.603000
A 8 4 12 0.583667
A 8 5 9 0.584500
A 8 5 10 0.742167
A 8 5 11 0.742167
A 8 5 12 0.638333
A 8 6 9 0.522667
A 8 6 10 0.631167
A 8 6 11 0.574500
A 8 6 12 0.547000
A 8 7 9 0.522667
A 8 7 10 0.515333
A 8 7 11 0.501333
A 8 7 12 0.503333
A 8 8 9 0.522667
A 8 8 10 0.515333
A 8 8 11 0.501333
A 8 8 12 0.503333
E 6 1 1 0.522000
E 6 1 2 0.523167
E 6 1 3 0.515833
E 6 1 4 0.520833
E 6 2 1 0.560000
E 6 2 2 0.595167
E 6 2 3 0.539000
E 6 2 4 0.550167
E 6 3 1 0.612333
E 6 3 2 0.633667
E 6 3 3 0.605833
E 6 3 4 0.610667
E 6 4 1 0.741500
E 6 4 2 0.684167
E 6 4 3 0.702833
E 6 4 4 0.649333
E 6 5 1 0.735500
E 6 5 2 0.769500
E 6 5 3 0.665167
E 6 5 4 0.737000
E 6 6 1 0.824667
E 6 6 2 0.725333
E 6 6 3 0.737500
E 6 6 4 0.669333
E 6 7 1 0.674167
E 6 7 2 0.682500
E 6 7 3 0.492667
E 6 7 4 0.590833
E 6 8 1 0.571833
E 6 8 2 0.488667
E 6 8 3 0.492667
E 6 8 4 0.504000
E 6 1 13 0.542167
E 6 1 14 0.474000
E 6 1 15 0.476667
E 6 1 16 0.527167
E 6 2 13 0.553167
E 6 2 14 0.537000
E 6 2 15 0.520833
E 6 2 16 0.601000
E 6 3 13 0.652333
E 6 3 14 0.630667
E 6 3 15 0.642167
E 6 3 16 0.704333
E 6 4 13 0.697333
E 6 4 14 0.696667
E 6 4 15 0.735833
E 6 4 16 0.677500
E 6 5 13 0.825500
E 6 5 14 0.523000
E 6 5 15 0.773167
E 6 5 16 0.709500
E 6 6 13 0.570667
E 6 6 14 0.577500
E 6 6 15 0.686333
E 6 6 16 0.779333
E 6 7 13 0.589667
E 6 7 14 0.479333
E 6 7 15 0.571167
E 6 7 16 0.661833
E 6 8 13 0.504667
E 6 8 14 0.479333
E 6 8 15 0.589500
E 6 8 16 0.481333
E 6 1 17 0.537000
E 6 1 18 0.528000
E 6 1 19 0.531667
E 6 1 20 0.524833
E 6 2 17 0.577500
E 6 2 18 0.595000
E 6 2 19 0.538833
E 6 2 20 0.550500
E 6 3 17 0.630333
E 6 3 18 0.646833
E 6 3 19 0.613167
E 6 3 20 0.671167
E 6 4 17 0.692667
E 6 4 18 0.664500
E 6 4 19 0.691167
E 6 4 20 0.678667
E 6 5 17 0.593333
E 6 5 18 0.838167
E 6 5 19 0.791833
E 6 5 20 0.753167
E 6 6 17 0.731167
E 6 6 18 0.661333
E 6 6 19 0.750333
E 6 6 20 0.491167
E 6 7 17 0.678500
E 6 7 18 0.663667
E 6 7 19 0.786167
E 6 7 20 0.491333
E 6 8 17 0.503333
E 6 8 18 0.516000
E 6 8 19 0.500000
E 6 8 20 0.491333
E 6 1 21 0.516833
E 6 1 22 0.533667
E 6 1 23 0.522500
E 6 1 24 0.548000
E 6 2 21 0.542000
E 6 2 22 0.541833
E 6 2 23 0.559833
E 6 2 24 0.556667
E 6 3 21 0.651167
E 6 3 22 0.607667
E 6 3 23 0.603167
E 6 3 24 0.661500
E 6 4 21 0.755167
E 6 4 22 0.754667
E 6 4 23 0.683667
E 6 4 24 0.681667
E 6 5 21 0.666833
E 6 5 22 0.725500
E 6 5 23 0.787833
E 6 5 24 0.736667
E 6 6 21 0.791833
E 6 6 22 0.761500
E 6 6 23 0.584667
E 6 6 24 0.792500
E 6 7 21 0.675000
E 6 7 22 0.508833
E 6 7 23 0.490000
E 6 7 24 0.582000
E 6 8 21 0.522000
E 6 8 22 0.518667
E 6 8 23 0.490000
E 6 8 24 0.504667
E 6 1 25 0.533333
E 6 1 26 0.521667
E 6 1 27 0.526167
E 6 1 28 0.535167
E 6 2 25 0.546833
E 6 2 26 0.579833
E 6 2 27 0.538333
E 6 2 28 0.550000
E 6 3 25 0.609500
E 6 3 26 0.707833
E 6 3 27 0.716000
E 6 3 28 0.638667
E 6 4 25 0.679667
E 6 4 26 0.745667
E 6 4 27 0.720833
E 6 4 28 0.715833
E 6 5 25 0.694667
E 6 5 26 0.739667
E 6 5 27 0.802500
E 6 5 28 0.706167
E 6 6 25 0.804167
E 6 6 26 0.754000
E 6 6 27 0.693500
E 6 6 28 0.827333
E 6 7 25 0.824833
E 6 7 26 0.597167
E 6 7 27 0.575000
E 6 7 28 0.591833
E 6 8 25 0.486667
E 6 8 26 0.565000
E 6 8 27 0.490000
E 6 8 28 0.601167
E 6 1 29 0.470667
E 6 1 30 0.534167
E 6 1 31 0.535000
E 6 1 32 0.550000
E 6 2 29 0.522000
E 6 2 30 0.586667
E 6 2 31 0.597333
E 6 2 32 0.525500
E 6 3 29 0.704500
E 6 3 30 0.675667
E 6 3 31 0.622500
E 6 3 32 0.627333
E 6 4 29 0.742333
E 6 4 30 0.679167
E 6 4 31 0.703833
E 6 4 32 0.711333
E 6 5 29 0.707667
E 6 5 30 0.738833
E 6 5 31 0.665500
E 6 5 32 0.713333
E 6 6 29 0.676833
E 6 6 30 0.811667
E 6 6 31 0.861833
E 6 6 32 0.622167
E 6 7 29 0.617833
E 6 7 30 0.833500
E 6 7 31 0.617500
E 6 7 32 0.652000
E 6 8 29 0.470667
E 6 8 30 0.504667
E 6 8 31 0.476667
E 6 8 32 0.573667
E 6 1 5 0.542667
E 6 1 6 0.506167
E 6 1 7 0.515833
E 6 1 8 0.520500
E 6 2 5 0.573667
E 6 2 6 0.546167
E 6 2 7 0.558167
E 6 2 8 0.602500
E 6 3 5 0.631167
E 6 3 6 0.610333
E 6 3 7 0.643333
E 6 3 8 0.651667
E 6 4 5 0.704833
E 6 4 6 0.744667
E 6 4 7 0.682500
E 6 4 8 0.720333
E 6 5 5 0.713333
E 6 5 6 0.627333
E 6 5 7 0.784333
E 6 5 8 0.735667
E 6 6 5 0.760500
E 6 6 6 0.768333
E 6 6 7 0.770500
E 6 6 8 0.774500
E 6 7 5 0.589167
E 6 7 6 0.589667
E 6 7 7 0.478000
E 6 7 8 0.593000
E 6 8 5 0.510667
E 6 8 6 0.502000
E 6 8 7 0.653833
E 6 8 8 0.584333
E 6 1 9 0.532000
E 6 1 10 0.532667
E 6 1 11 0.537167
E 6 1 12 0.532500
E 6 2 9 0.548167
E 6 2 10 0.522333
E 6 2 11 0.516000
E 6 2 12 0.567000
E 6 3 9 0.599167
E 6 3 10 0.646000
E 6 3 11 0.686833
E 6 3 12 0.640667
E 6 4 9 0.725667
E 6 4 10 0.684833
E 6 4 11 0.660500
E 6 4 12 0.685500
E 6 5 9 0.800167
E 6 5 10 0.778667
E 6 5 11 0.719333
E 6 5 12 0.736500
E 6 6 9 0.832000
E 6 6 10 0.826167
E 6 6 11 0.695333
E 6 6 12 0.774500
E 6 7 9 0.491333
E 6 7 10 0.650167
E 6 7 11 0.597500
E 6 7 12 0.576667
E 6 8 9 0.491333
E 6 8 10 0.513333
E 6 8 11 0.508667
E 6 8 12 0.492667
E 8 1 1 0.526333
E 8 1 2 0.527333
E 8 1 3 0.524333
E 8 1 4 0.491500
E 8 2 1 0.569000
E 8 2 2 0.594333
E 8 2 3 0.558000
E 8 2 4 0.531500
E 8 3 1 0.571500
E 8 3 2 0.655000
E 8 3 3 0.550667
E 8 3 4 0.626833
E 8 4 1 0.714833
E 8 4 2 0.668667
E 8 4 3 0.705167
E 8 4 4 0.723167
E 8 5 1 0.810667
E 8 5 2 0.733000
E 8 5 3 0.748333
E 8 5 4 0.752167
E 8 6 1 0.731500
E 8 6 2 0.661833
E 8 6 3 0.666833
E 8 6 4 0.647667
E 8 7 1 0.672000
E 8 7 2 0.720500
E 8 7 3 0.498000
E 8 7 4 0.603167
E 8 8 1 0.498000
E 8 8 2 0.491333
E 8 8 3 0.498000
E 8 8 4 0.579500
E 8 1 13 0.543167
E 8 1 14 0.525500
E 8 1 15 0.544667
E 8 1 16 0.536000
E 8 2 13 0.553333
E 8 2 14 0.581000
E 8 2 15 0.527167
E 8 2 16 0.577000
E 8 3 13 0.624667
E 8 3 14 0.599333
E 8 3 15 0.612000
E 8 3 16 0.615833
E 8 4 13 0.730667
E 8 4 14 0.727000
E 8 4 15 0.707000
E 8 4 16 0.632000
E 8 5 13 0.801000
E 8 5 14 0.671000
E 8 5 15 0.775333
E 8 5 16 0.659333
E 8 6 13 0.558667
E 8 6 14 0.671000
E 8 6 15 0.646333
E 8 6 16 0.738500
E 8 7 13 0.500667
E 8 7 14 0.509333
E 8 7 15 0.626833
E 8 7 16 0.522000
E 8 8 13 0.500667
E 8 8 14 0.509333
E 8 8 15 0.526000
E 8 8 16 0.610667
E 8 1 17 0.487333
E 8 1 18 0.519000
E 8 1 19 0.518167
E 8 1 20 0.464167
E 8 2 17 0.541000
E 8 2 18 0.577833
E 8 2 19 0.521667
E 8 2 20 0.514333
E 8 3 17 0.552667
E 8 3 18 0.625000
E 8 3 19 0.595500
E 8 3 20 0.584500
E 8 4 17 0.583000
E 8 4 18 0.597167
E 8 4 19 0.741667
E 8 4 20 0.552500
E 8 5 17 0.815833
E 8 5 18 0.709167
E 8 5 19 0.824000
E 8 5 20 0.719333
E 8 6 17 0.651333
E 8 6 18 0.611000
E 8 6 19 0.656167
E 8 6 20 0.501333
E 8 7 17 0.490000
E 8 7 18 0.492667
E 8 7 19 0.695833
E 8 7 20 0.501333
E 8 8 17 0.490000
E 8 8 18 0.492667
E 8 8 19 0.576000
E 8 8 20 0.501333
E 8 1 21 0.476000
E 8 1 22 0.525667
E 8 1 23 0.522833
E 8 1 24 0.498500
E 8 2 21 0.534333
E 8 2 22 0.551667
E 8 2 23 0.569167
E 8 2 24 0.531833
E 8 3 21 0.606167
E 8 3 22 0.639500
E 8 3 23 0.609167
E 8 3 24 0.561500
E 8 4 21 0.693333
E 8 4 22 0.737833
E 8 4 23 0.732167
E 8 4 24 0.610000
E 8 5 21 0.734333
E 8 5 22 0.714333
E 8 5 23 0.638500
E 8 5 24 0.680667
E 8 6 21 0.627833
E 8 6 22 0.641833
E 8 6 23 0.568500
E 8 6 24 0.643333
E 8 7 21 0.681000
E 8 7 22 0.603833
E 8 7 23 0.486667
E 8 7 24 0.592167
E 8 8 21 0.476000
E 8 8 22 0.497333
E 8 8 23 0.486667
E 8 8 24 0.500667
E 8 1 25 0.521500
E 8 1 26 0.515833
E 8 1 27 0.526833
E 8 1 28 0.493333
E 8 2 25 0.531500
E 8 2 26 0.545000
E 8 2 27 0.565500
E 8 2 28 0.531333
E 8 3 25 0.615333
E 8 3 26 0.609000
E 8 3 27 0.583000
E 8 3 28 0.571667
E 8 4 25 0.653167
E 8 4 26 0.720667
E 8 4 27 0.732000
E 8 4 28 0.661667
E 8 5 25 0.704333
E 8 5 26 0.799500
E 8 5 27 0.787667
E 8 5 28 0.671833
E 8 6 25 0.779833
E 8 6 26 0.658500
E 8 6 27 0.614333
E 8 6 28 0.761000
E 8 7 25 0.616667
E 8 7 26 0.601333
E 8 7 27 0.504667
E 8 7 28 0.545000
E 8 8 25 0.520667
E 8 8 26 0.497333
E 8 8 27 0.504667
E 8 8 28 0.551667
E 8 1 29 0.552167
E 8 1 30 0.506500
E 8 1 31 0.521667
E 8 1 32 0.498667
E 8 2 29 0.524333
E 8 2 30 0.537500
E 8 2 31 0.591833
E 8 2 32 0.523000
E 8 3 29 0.641667
E 8 3 30 0.563000
E 8 3 31 0.618500
E 8 3 32 0.608167
E 8 4 29 0.694833
E 8 4 30 0.605667
E 8 4 31 0.716667
E 8 4 32 0.699333
E 8 5 29 0.565500
E 8 5 30 0.724000
E 8 5 31 0.698500
E 8 5 32 0.720500
E 8 6 29 0.599000
E 8 6 30 0.596333
E 8 6 31 0.669833
E 8 6 32 0.644333
E 8 7 29 0.537833
E 8 7 30 0.634833
E 8 7 31 0.516000
E 8 7 32 0.560333
E 8 8 29 0.499333
E 8 8 30 0.603833
E 8 8 31 0.516000
E 8 8 32 0.505333
E 8 1 5 0.524000
E 8 1 6 0.499667
E 8 1 7 0.532167
E 8 1 8 0.527667
E 8 2 5 0.564667
E 8 2 6 0.558500
E 8 2 7 0.575667
E 8 2 8 0.542000
E 8 3 5 0.591833
E 8 3 6 0.617167
E 8 3 7 0.645667
E 8 3 8 0.612500
E 8 4 5 0.690000
E 8 4 6 0.655000
E 8 4 7 0.719500
E 8 4 8 0.612333
E 8 5 5 0.801500
E 8 5 6 0.571000
E 8 5 7 0.777333
E 8 5 8 0.813333
E 8 6 5 0.686000
E 8 6 6 0.573333
E 8 6 7 0.722833
E 8 6 8 0.611667
E 8 7 5 0.510667
E 8 7 6 0.498667
E 8 7 7 0.563500
E 8 7 8 0.525667
E 8 8 5 0.510667
E 8 8 6 0.498667
E 8 8 7 0.500333
E 8 8 8 0.602000
E 8 1 9 0.512333
E 8 1 10 0.560000
E 8 1 11 0.498333
E 8 1 12 0.540833
E 8 2 9 0.542167
E 8 2 10 0.549500
E 8 2 11 0.512333
E 8 2 12 0.557500
E 8 3 9 0.611833
E 8 3 10 0.542167
E 8 3 11 0.547500
E 8 3 12 0.564500
E 8 4 9 0.665667
E 8 4 10 0.624333
E 8 4 11 0.705667
E 8 4 12 0.634833
E 8 5 9 0.806833
E 8 5 10 0.761167
E 8 5 11 0.759667
E 8 5 12 0.666333
E 8 6 9 0.674833
E 8 6 10 0.786833
E 8 6 11 0.722667
E 8 6 12 0.693833
E 8 7 9 0.522667
E 8 7 10 0.595500
E 8 7 11 0.601333
E 8 7 12 0.609167
E 8 8 9 0.522667
E 8 8 10 0.515333
E 8 8 11 0.501333
E 8 8 12 0.503333
B 6 1 1 0.540167
B 6 1 2 0.531333
B 6 1 3 0.532000
B 6 1 4 0.499167
B 6 2 1 0.586833
B 6 2 2 0.612500
B 6 2 3 0.576333
B 6 2 4 0.547667
B 6 3 1 0.641667
B 6 3 2 0.654833
B 6 3 3 0.628333
B 6 3 4 0.668000
B 6 4 1 0.804667
B 6 4 2 0.760167
B 6 4 3 0.748000
B 6 4 4 0.753000
B 6 5 1 0.707167
B 6 5 2 0.737000
B 6 5 3 0.833333
B 6 5 4 0.831333
B 6 6 1 0.785500
B 6 6 2 0.780667
B 6 6 3 0.744667
B 6 6 4 0.808167
B 6 7 1 0.688167
B 6 7 2 0.692500
B 6 7 3 0.679500
B 6 7 4 0.657333
B 6 8 1 0.590667
B 6 8 2 0.499333
B 6 8 3 0.502000
B 6 8 4 0.504667
B 6 1 13 0.531167
B 6 1 14 0.526000
B 6 1 15 0.554167
B 6 1 16 0.540167
B 6 2 13 0.569833
B 6 2 14 0.559333
B 6 2 15 0.548667
B 6 2 16 0.604167
B 6 3 13 0.661000
B 6 3 14 0.705333
B 6 3 15 0.649000
B 6 3 16 0.709500
B 6 4 13 0.673000
B 6 4 14 0.741500
B 6 4 15 0.762833
B 6 4 16 0.861000
B 6 5 13 0.844500
B 6 5 14 0.791000
B 6 5 15 0.758000
B 6 5 16 0.830333
B 6 6 13 0.862667
B 6 6 14 0.791833
B 6 6 15 0.815667
B 6 6 16 0.784000
B 6 7 13 0.785833
B 6 7 14 0.583667
B 6 7 15 0.770667
B 6 7 16 0.591500
B 6 8 13 0.595833
B 6 8 14 0.490667
B 6 8 15 0.493667
B 6 8 16 0.589000
B 6 1 17 0.521333
B 6 1 18 0.532667
B 6 1 19 0.569833
B 6 1 20 0.546000
B 6 2 17 0.580500
B 6 2 18 0.617667
B 6 2 19 0.584667
B 6 2 20 0.560500
B 6 3 17 0.651500
B 6 3 18 0.667500
B 6 3 19 0.630833
B 6 3 20 0.692333
B 6 4 17 0.750500
B 6 4 18 0.796667
B 6 4 19 0.664000
B 6 4 20 0.742167
B 6 5 17 0.827000
B 6 5 18 0.824167
B 6 5 19 0.810833
B 6 5 20 0.855000
B 6 6 17 0.855667
B 6 6 18 0.879000
B 6 6 19 0.802333
B 6 6 20 0.839000
B 6 7 17 0.586333
B 6 7 18 0.705500
B 6 7 19 0.681333
B 6 7 20 0.492667
B 6 8 17 0.693500
B 6 8 18 0.510667
B 6 8 19 0.599667
B 6 8 20 0.492667
B 6 1 21 0.542167
B 6 1 22 0.543000
B 6 1 23 0.521333
B 6 1 24 0.547833
B 6 2 21 0.583833
B 6 2 22 0.580667
B 6 2 23 0.576833
B 6 2 24 0.590667
B 6 3 21 0.649000
B 6 3 22 0.654500
B 6 3 23 0.605000
B 6 3 24 0.664833
B 6 4 21 0.712167
B 6 4 22 0.739000
B 6 4 23 0.763333
B 6 4 24 0.691000
B 6 5 21 0.754667
B 6 5 22 0.760000
B 6 5 23 0.664333
B 6 5 24 0.687333
B 6 6 21 0.731500
B 6 6 22 0.728000
B 6 6 23 0.741667
B 6 6 24 0.776000
B 6 7 21 0.573333
B 6 7 22 0.590667
B 6 7 23 0.479333
B 6 7 24 0.686333
B 6 8 21 0.698167
B 6 8 22 0.512000
B 6 8 23 0.479333
B 6 8 24 0.498000
B 6 1 25 0.532167
B 6 1 26 0.542833
B 6 1 27 0.532333
B 6 1 28 0.536833
B 6 2 25 0.538833
B 6 2 26 0.581167
B 6 2 27 0.580000
B 6 2 28 0.558333
B 6 3 25 0.645333
B 6 3 26 0.673167
B 6 3 27 0.663500
B 6 3 28 0.663500
B 6 4 25 0.711333
B 6 4 26 0.753000
B 6 4 27 0.750333
B 6 4 28 0.726833
B 6 5 25 0.775500
B 6 5 26 0.817833
B 6 5 27 0.828667
B 6 5 28 0.755667
B 6 6 25 0.678667
B 6 6 26 0.869500
B 6 6 27 0.790000
B 6 6 28 0.858333
B 6 7 25 0.654500
B 6 7 26 0.612000
B 6 7 27 0.681833
B 6 7 28 0.589333
B 6 8 25 0.505333
B 6 8 26 0.584167
B 6 8 27 0.588333
B 6 8 28 0.504667
B 6 1 29 0.555000
B 6 1 30 0.516833
B 6 1 31 0.534167
B 6 1 32 0.538000
B 6 2 29 0.574167
B 6 2 30 0.579500
B 6 2 31 0.600667
B 6 2 32 0.547500
B 6 3 29 0.658667
B 6 3 30 0.604000
B 6 3 31 0.648167
B 6 3 32 0.657833
B 6 4 29 0.823333
B 6 4 30 0.761333
B 6 4 31 0.741000
B 6 4 32 0.691000
B 6 5 29 0.821167
B 6 5 30 0.810500
B 6 5 31 0.782167
B 6 5 32 0.781500
B 6 6 29 0.696333
B 6 6 30 0.668833
B 6 6 31 0.887667
B 6 6 32 0.845833
B 6 7 29 0.687333
B 6 7 30 0.779000
B 6 7 31 0.688167
B 6 7 32 0.576167
B 6 8 29 0.506000
B 6 8 30 0.591333
B 6 8 31 0.506000
B 6 8 32 0.578000
B 6 1 5 0.558333
B 6 1 6 0.521167
B 6 1 7 0.523667
B 6 1 8 0.550333
B 6 2 5 0.577833
B 6 2 6 0.546667
B 6 2 7 0.585000
B 6 2 8 0.590333
B 6 3 5 0.643500
B 6 3 6 0.608500
B 6 3 7 0.651000
B 6 3 8 0.654500
B 6 4 5 0.746333
B 6 4 6 0.796333
B 6 4 7 0.665833
B 6 4 8 0.709500
B 6 5 5 0.793167
B 6 5 6 0.795333
B 6 5 7 0.805000
B 6 5 8 0.743667
B 6 6 5 0.891500
B 6 6 6 0.893500
B 6 6 7 0.869833
B 6 6 8 0.674667
B 6 7 5 0.685000
B 6 7 6 0.678167
B 6 7 7 0.770000
B 6 7 8 0.512833
B 6 8 5 0.584167
B 6 8 6 0.498667
B 6 8 7 0.554333
B 6 8 8 0.512667
B 6 1 9 0.534167
B 6 1 10 0.540167
B 6 1 11 0.559167
B 6 1 12 0.559833
B 6 2 9 0.548000
B 6 2 10 0.557500
B 6 2 11 0.539167
B 6 2 12 0.567667
B 6 3 9 0.712000
B 6 3 10 0.663500
B 6 3 11 0.702500
B 6 3 12 0.652167
B 6 4 9 0.782833
B 6 4 10 0.745500
B 6 4 11 0.726000
B 6 4 12 0.657333
B 6 5 9 0.830000
B 6 5 10 0.834000
B 6 5 11 0.786333
B 6 5 12 0.830167
B 6 6 9 0.859333
B 6 6 10 0.913333
B 6 6 11 0.659500
B 6 6 12 0.878667
B 6 7 9 0.507333
B 6 7 10 0.564667
B 6 7 11 0.700000
B 6 7 12 0.660833
B 6 8 9 0.507333
B 6 8 10 0.482667
B 6 8 11 0.602000
B 6 8 12 0.494000
B 8 1 1 0.500167
B 8 1 2 0.538000
B 8 1 3 0.506833
B 8 1 4 0.514833
B 8 2 1 0.576000
B 8 2 2 0.602333
B 8 2 3 0.561500
B 8 2 4 0.556000
B 8 3 1 0.593667
B 8 3 2 0.666000
B 8 3 3 0.600500
B 8 3 4 0.623500
B 8 4 1 0.769833
B 8 4 2 0.777500
B 8 4 3 0.735833
B 8 4 4 0.729667
B 8 5 1 0.835333
B 8 5 2 0.858833
B 8 5 3 0.762167
B 8 5 4 0.811667
B 8 6 1 0.660333
B 8 6 2 0.579167
B 8 6 3 0.724667
B 8 6 4 0.661833
B 8 7 1 0.710833
B 8 7 2 0.605500
B 8 7 3 0.552167
B 8 7 4 0.664167
B 8 8 1 0.476667
B 8 8 2 0.502667
B 8 8 3 0.484000
B 8 8 4 0.537500
B 8 1 13 0.549333
B 8 1 14 0.549167
B 8 1 15 0.549667
B 8 1 16 0.541500
B 8 2 13 0.561833
B 8 2 14 0.604833
B 8 2 15 0.537333
B 8 2 16 0.604167
B 8 3 13 0.647500
B 8 3 14 0.662000
B 8 3 15 0.632333
B 8 3 16 0.647833
B 8 4 13 0.726167
B 8 4 14 0.741667
B 8 4 15 0.721167
B 8 4 16 0.732000
B 8 5 13 0.830167
B 8 5 14 0.691000
B 8 5 15 0.724500
B 8 5 16 0.744000
B 8 6 13 0.774333
B 8 6 14 0.825833
B 8 6 15 0.706500
B 8 6 16 0.672000
B 8 7 13 0.725167
B 8 7 14 0.700667
B 8 7 15 0.681833
B 8 7 16 0.608333
B 8 8 13 0.601667
B 8 8 14 0.504667
B 8 8 15 0.482000
B 8 8 16 0.561667
B 8 1 17 0.507333
B 8 1 18 0.518000
B 8 1 19 0.536000
B 8 1 20 0.531000
B 8 2 17 0.568333
B 8 2 18 0.593000
B 8 2 19 0.562833
B 8 2 20 0.590167
B 8 3 17 0.664167
B 8 3 18 0.645833
B 8 3 19 0.611000
B 8 3 20 0.700833
B 8 4 17 0.707000
B 8 4 18 0.673667
B 8 4 19 0.768167
B 8 4 20 0.736500
B 8 5 17 0.817833
B 8 5 18 0.834500
B 8 5 19 0.839167
B 8 5 20 0.830833
B 8 6 17 0.806167
B 8 6 18 0.719667
B 8 6 19 0.743167
B 8 6 20 0.694000
B 8 7 17 0.507333
B 8 7 18 0.653333
B 8 7 19 0.501333
B 8 7 20 0.492667
B 8 8 17 0.696500
B 8 8 18 0.489333
B 8 8 19 0.605500
B 8 8 20 0.492667
B 8 1 21 0.563500
B 8 1 22 0.533833
B 8 1 23 0.540000
B 8 1 24 0.548333
B 8 2 21 0.587000
B 8 2 22 0.558667
B 8 2 23 0.590167
B 8 2 24 0.585667
B 8 3 21 0.642667
B 8 3 22 0.615667
B 8 3 23 0.663333
B 8 3 24 0.623833
B 8 4 21 0.757000
B 8 4 22 0.735167
B 8 4 23 0.724333
B 8 4 24 0.680833
B 8 5 21 0.837000
B 8 5 22 0.721167
B 8 5 23 0.801500
B 8 5 24 0.727333
B 8 6 21 0.815167
B 8 6 22 0.764000
B 8 6 23 0.592167
B 8 6 24 0.715500
B 8 7 21 0.714000
B 8 7 22 0.482667
B 8 7 23 0.517333
B 8 7 24 0.507333
B 8 8 21 0.522667
B 8 8 22 0.482667
B 8 8 23 0.517333
B 8 8 24 0.507333
B 8 1 25 0.518667
B 8 1 26 0.549667
B 8 1 27 0.564167
B 8 1 28 0.520667
B 8 2 25 0.522167
B 8 2 26 0.566000
B 8 2 27 0.562667
B 8 2 28 0.540667
B 8 3 25 0.607833
B 8 3 26 0.663833
B 8 3 27 0.631500
B 8 3 28 0.635833
B 8 4 25 0.731833
B 8 4 26 0.733833
B 8 4 27 0.757500
B 8 4 28 0.743167
B 8 5 25 0.731833
B 8 5 26 0.810167
B 8 5 27 0.837500
B 8 5 28 0.723833
B 8 6 25 0.759000
B 8 6 26 0.642500
B 8 6 27 0.821167
B 8 6 28 0.839167
B 8 7 25 0.809333
B 8 7 26 0.612333
B 8 7 27 0.597833
B 8 7 28 0.719833
B 8 8 25 0.510667
B 8 8 26 0.485333
B 8 8 27 0.508000
B 8 8 28 0.492667
B 8 1 29 0.555667
B 8 1 30 0.539667
B 8 1 31 0.538500
B 8 1 32 0.543333
B 8 2 29 0.522167
B 8 2 30 0.569667
B 8 2 31 0.610333
B 8 2 32 0.546000
B 8 3 29 0.656000
B 8 3 30 0.596667
B 8 3 31 0.642000
B 8 3 32 0.648167
B 8 4 29 0.716667
B 8 4 30 0.736333
B 8 4 31 0.763000
B 8 4 32 0.734500
B 8 5 29 0.689167
B 8 5 30 0.743000
B 8 5 31 0.744000
B 8 5 32 0.723333
B 8 6 29 0.566167
B 8 6 30 0.655167
B 8 6 31 0.816167
B 8 6 32 0.735667
B 8 7 29 0.574833
B 8 7 30 0.789500
B 8 7 31 0.611167
B 8 7 32 0.558667
B 8 8 29 0.494667
B 8 8 30 0.503333
B 8 8 31 0.511333
B 8 8 32 0.490667
B 8 1 5 0.542667
B 8 1 6 0.503000
B 8 1 7 0.536000
B 8 1 8 0.515333
B 8 2 5 0.566333
B 8 2 6 0.544333
B 8 2 7 0.588000
B 8 2 8 0.575667
B 8 3 5 0.638667
B 8 3 6 0.626333
B 8 3 7 0.654833
B 8 3 8 0.618667
B 8 4 5 0.748833
B 8 4 6 0.737833
B 8 4 7 0.729167
B 8 4 8 0.675667
B 8 5 5 0.818000
B 8 5 6 0.748833
B 8 5 7 0.800333
B 8 5 8 0.869667
B 8 6 5 0.578500
B 8 6 6 0.798167
B 8 6 7 0.673500
B 8 6 8 0.637500
B 8 7 5 0.710333
B 8 7 6 0.609833
B 8 7 7 0.680833
B 8 7 8 0.560000
B 8 8 5 0.501333
B 8 8 6 0.498000
B 8 8 7 0.611500
B 8 8 8 0.584167
B 8 1 9 0.520833
B 8 1 10 0.535500
B 8 1 11 0.527167
B 8 1 12 0.532000
B 8 2 9 0.532167
B 8 2 10 0.523333
B 8 2 11 0.514667
B 8 2 12 0.594000
B 8 3 9 0.664333
B 8 3 10 0.547667
B 8 3 11 0.594500
B 8 3 12 0.631167
B 8 4 9 0.701167
B 8 4 10 0.731500
B 8 4 11 0.736500
B 8 4 12 0.752333
B 8 5 9 0.800000
B 8 5 10 0.807167
B 8 5 11 0.761167
B 8 5 12 0.830667
B 8 6 9 0.649167
B 8 6 10 0.858833
B 8 6 11 0.790000
B 8 6 12 0.817833
B 8 7 9 0.506000
B 8 7 10 0.572833
B 8 7 11 0.674333
B 8 7 12 0.485333
B 8 8 9 0.506000
B 8 8 10 0.465167
B 8 8 11 0.490667
B 8 8 12 0.586333
D 6 1 1 0.541333
D 6 1 2 0.528833
D 6 1 3 0.533667
D 6 1 4 0.506167
D 6 2 1 0.586667
D 6 2 2 0.611833
D 6 2 3 0.574833
D 6 2 4 0.550000
D 6 3 1 0.637833
D 6 3 2 0.656167
D 6 3 3 0.625833
D 6 3 4 0.668833
D 6 4 1 0.774500
D 6 4 2 0.763000
D 6 4 3 0.749167
D 6 4 4 0.753833
D 6 5 1 0.650167
D 6 5 2 0.814000
D 6 5 3 0.803000
D 6 5 4 0.836000
D 6 6 1 0.864500
D 6 6 2 0.783333
D 6 6 3 0.688333
D 6 6 4 0.804333
D 6 7 1 0.583167
D 6 7 2 0.499333
D 6 7 3 0.673000
D 6 7 4 0.732167
D 6 8 1 0.590667
D 6 8 2 0.499333
D 6 8 3 0.502000
D 6 8 4 0.515667
D 6 1 13 0.526500
D 6 1 14 0.525500
D 6 1 15 0.554000
D 6 1 16 0.539500
D 6 2 13 0.565667
D 6 2 14 0.563500
D 6 2 15 0.551667
D 6 2 16 0.603333
D 6 3 13 0.662000
D 6 3 14 0.698833
D 6 3 15 0.671833
D 6 3 16 0.630000
D 6 4 13 0.671667
D 6 4 14 0.742333
D 6 4 15 0.773167
D 6 4 16 0.859833
D 6 5 13 0.824667
D 6 5 14 0.751833
D 6 5 15 0.685167
D 6 5 16 0.746333
D 6 6 13 0.767500
D 6 6 14 0.815333
D 6 6 15 0.779667
D 6 6 16 0.774167
D 6 7 13 0.699500
D 6 7 14 0.752833
D 6 7 15 0.672667
D 6 7 16 0.668000
D 6 8 13 0.595833
D 6 8 14 0.490667
D 6 8 15 0.487333
D 6 8 16 0.508000
D 6 1 17 0.520667
D 6 1 18 0.530667
D 6 1 19 0.568333
D 6 1 20 0.547500
D 6 2 17 0.579500
D 6 2 18 0.616667
D 6 2 19 0.587333
D 6 2 20 0.561000
D 6 3 17 0.643833
D 6 3 18 0.670333
D 6 3 19 0.632833
D 6 3 20 0.702333
D 6 4 17 0.751000
D 6 4 18 0.697167
D 6 4 19 0.666333
D 6 4 20 0.735667
D 6 5 17 0.828667
D 6 5 18 0.756167
D 6 5 19 0.828333
D 6 5 20 0.854333
D 6 6 17 0.774667
D 6 6 18 0.789333
D 6 6 19 0.691833
D 6 6 20 0.705667
D 6 7 17 0.500833
D 6 7 18 0.699167
D 6 7 19 0.589000
D 6 7 20 0.699167
D 6 8 17 0.507333
D 6 8 18 0.510667
D 6 8 19 0.505000
D 6 8 20 0.579500
D 6 1 21 0.543500
D 6 1 22 0.541167
D 6 1 23 0.524167
D 6 1 24 0.547000
D 6 2 21 0.578833
D 6 2 22 0.583667
D 6 2 23 0.571167
D 6 2 24 0.589667
D 6 3 21 0.636833
D 6 3 22 0.654333
D 6 3 23 0.651167
D 6 3 24 0.709833
D 6 4 21 0.717667
D 6 4 22 0.749000
D 6 4 23 0.694667
D 6 4 24 0.751333
D 6 5 21 0.834167
D 6 5 22 0.735833
D 6 5 23 0.694167
D 6 5 24 0.695500
D 6 6 21 0.744500
D 6 6 22 0.729667
D 6 6 23 0.843500
D 6 6 24 0.760667
D 6 7 21 0.765000
D 6 7 22 0.682833
D 6 7 23 0.660667
D 6 7 24 0.647500
D 6 8 21 0.674833
D 6 8 22 0.513833
D 6 8 23 0.479333
D 6 8 24 0.594333
D 6 1 25 0.532000
D 6 1 26 0.542667
D 6 1 27 0.532667
D 6 1 28 0.536667
D 6 2 25 0.541333
D 6 2 26 0.582000
D 6 2 27 0.581333
D 6 2 28 0.561500
D 6 3 25 0.650667
D 6 3 26 0.673833
D 6 3 27 0.659167
D 6 3 28 0.667833
D 6 4 25 0.718500
D 6 4 26 0.752833
D 6 4 27 0.749667
D 6 4 28 0.762333
D 6 5 25 0.765667
D 6 5 26 0.737833
D 6 5 27 0.829167
D 6 5 28 0.753667
D 6 6 25 0.678333
D 6 6 26 0.697667
D 6 6 27 0.784333
D 6 6 28 0.784167
D 6 7 25 0.573500
D 6 7 26 0.580667
D 6 7 27 0.597500
D 6 7 28 0.590167
D 6 8 25 0.505333
D 6 8 26 0.679667
D 6 8 27 0.671667
D 6 8 28 0.504667
D 6 1 29 0.553833
D 6 1 30 0.518667
D 6 1 31 0.533167
D 6 1 32 0.540833
D 6 2 29 0.572167
D 6 2 30 0.578167
D 6 2 31 0.599500
D 6 2 32 0.548333
D 6 3 29 0.657833
D 6 3 30 0.604833
D 6 3 31 0.650667
D 6 3 32 0.656000
D 6 4 29 0.813167
D 6 4 30 0.793167
D 6 4 31 0.744167
D 6 4 32 0.647833
D 6 5 29 0.846000
D 6 5 30 0.746167
D 6 5 31 0.786667
D 6 5 32 0.713833
D 6 6 29 0.606500
D 6 6 30 0.773167
D 6 6 31 0.698333
D 6 6 32 0.674500
D 6 7 29 0.596000
D 6 7 30 0.682167
D 6 7 31 0.681333
D 6 7 32 0.652667
D 6 8 29 0.506000
D 6 8 30 0.687333
D 6 8 31 0.506000
D 6 8 32 0.565833
D 6 1 5 0.556000
D 6 1 6 0.519000
D 6 1 7 0.523667
D 6 1 8 0.551000
D 6 2 5 0.578667
D 6 2 6 0.547833
D 6 2 7 0.585167
D 6 2 8 0.593667
D 6 3 5 0.657167
D 6 3 6 0.604333
D 6 3 7 0.654667
D 6 3 8 0.653833
D 6 4 5 0.749000
D 6 4 6 0.693667
D 6 4 7 0.622167
D 6 4 8 0.710667
D 6 5 5 0.796833
D 6 5 6 0.711667
D 6 5 7 0.744000
D 6 5 8 0.665667
D 6 6 5 0.890167
D 6 6 6 0.802000
D 6 6 7 0.777500
D 6 6 8 0.661833
D 6 7 5 0.647667
D 6 7 6 0.679833
D 6 7 7 0.511167
D 6 7 8 0.570000
D 6 8 5 0.545833
D 6 8 6 0.498667
D 6 8 7 0.648000
D 6 8 8 0.512667
D 6 1 9 0.534000
D 6 1 10 0.539500
D 6 1 11 0.558667
D 6 1 12 0.558000
D 6 2 9 0.545500
D 6 2 10 0.551833
D 6 2 11 0.533500
D 6 2 12 0.567500
D 6 3 9 0.711000
D 6 3 10 0.668833
D 6 3 11 0.695833
D 6 3 12 0.651667
D 6 4 9 0.782000
D 6 4 10 0.741667
D 6 4 11 0.730833
D 6 4 12 0.728667
D 6 5 9 0.830833
D 6 5 10 0.836167
D 6 5 11 0.786500
D 6 5 12 0.686167
D 6 6 9 0.685000
D 6 6 10 0.794833
D 6 6 11 0.619500
D 6 6 12 0.776833
D 6 7 9 0.666500
D 6 7 10 0.656500
D 6 7 11 0.692333
D 6 7 12 0.585667
D 6 8 9 0.507333
D 6 8 10 0.482667
D 6 8 11 0.600833
D 6 8 12 0.494333
D 8 1 1 0.501667
D 8 1 2 0.532667
D 8 1 3 0.505667
D 8 1 4 0.505167
D 8 2 1 0.577667
D 8 2 2 0.603000
D 8 2 3 0.562833
D 8 2 4 0.535000
D 8 3 1 0.592667
D 8 3 2 0.668333
D 8 3 3 0.596167
D 8 3 4 0.622000
D 8 4 1 0.772333
D 8 4 2 0.776500
D 8 4 3 0.727167
D 8 4 4 0.736000
D 8 5 1 0.796667
D 8 5 2 0.838167
D 8 5 3 0.762500
D 8 5 4 0.789833
D 8 6 1 0.667167
D 8 6 2 0.502667
D 8 6 3 0.743167
D 8 6 4 0.650333
D 8 7 1 0.710833
D 8 7 2 0.502667
D 8 7 3 0.551333
D 8 7 4 0.752500
D 8 8 1 0.476667
D 8 8 2 0.502500
D 8 8 3 0.590000
D 8 8 4 0.537500
D 8 1 13 0.551667
D 8 1 14 0.552000
D 8 1 15 0.551833
D 8 1 16 0.541500
D 8 2 13 0.559500
D 8 2 14 0.605167
D 8 2 15 0.537500
D 8 2 16 0.603833
D 8 3 13 0.644000
D 8 3 14 0.636333
D 8 3 15 0.628667
D 8 3 16 0.651333
D 8 4 13 0.725667
D 8 4 14 0.740667
D 8 4 15 0.722333
D 8 4 16 0.731000
D 8 5 13 0.829500
D 8 5 14 0.785333
D 8 5 15 0.725333
D 8 5 16 0.740667
D 8 6 13 0.833333
D 8 6 14 0.734167
D 8 6 15 0.623833
D 8 6 16 0.646333
D 8 7 13 0.684667
D 8 7 14 0.511167
D 8 7 15 0.682500
D 8 7 16 0.811833
D 8 8 13 0.601333
D 8 8 14 0.508833
D 8 8 15 0.482000
D 8 8 16 0.480000
D 8 1 17 0.499833
D 8 1 18 0.517333
D 8 1 19 0.538500
D 8 1 20 0.537167
D 8 2 17 0.570333
D 8 2 18 0.591333
D 8 2 19 0.565167
D 8 2 20 0.590167
D 8 3 17 0.655833
D 8 3 18 0.645833
D 8 3 19 0.625667
D 8 3 20 0.700500
D 8 4 17 0.707333
D 8 4 18 0.685000
D 8 4 19 0.769000
D 8 4 20 0.741333
D 8 5 17 0.817167
D 8 5 18 0.841167
D 8 5 19 0.747833
D 8 5 20 0.750500
D 8 6 17 0.800833
D 8 6 18 0.642833
D 8 6 19 0.583333
D 8 6 20 0.702667
D 8 7 17 0.531167
D 8 7 18 0.653500
D 8 7 19 0.501333
D 8 7 20 0.492667
D 8 8 17 0.697667
D 8 8 18 0.542500
D 8 8 19 0.607167
D 8 8 20 0.492667
D 8 1 21 0.563833
D 8 1 22 0.535333
D 8 1 23 0.537500
D 8 1 24 0.548167
D 8 2 21 0.588167
D 8 2 22 0.557667
D 8 2 23 0.590167
D 8 2 24 0.584833
D 8 3 21 0.646667
D 8 3 22 0.615500
D 8 3 23 0.665333
D 8 3 24 0.625333
D 8 4 21 0.758167
D 8 4 22 0.696167
D 8 4 23 0.725500
D 8 4 24 0.679500
D 8 5 21 0.829667
D 8 5 22 0.736333
D 8 5 23 0.802167
D 8 5 24 0.727333
D 8 6 21 0.766000
D 8 6 22 0.670167
D 8 6 23 0.635333
D 8 6 24 0.585500
D 8 7 21 0.826500
D 8 7 22 0.702667
D 8 7 23 0.689667
D 8 7 24 0.725667
D 8 8 21 0.623500
D 8 8 22 0.486667
D 8 8 23 0.517333
D 8 8 24 0.605167
D 8 1 25 0.519500
D 8 1 26 0.549167
D 8 1 27 0.561000
D 8 1 28 0.519500
D 8 2 25 0.523333
D 8 2 26 0.560167
D 8 2 27 0.563667
D 8 2 28 0.538333
D 8 3 25 0.632000
D 8 3 26 0.664500
D 8 3 27 0.623500
D 8 3 28 0.640667
D 8 4 25 0.735833
D 8 4 26 0.738333
D 8 4 27 0.755667
D 8 4 28 0.742500
D 8 5 25 0.775667
D 8 5 26 0.830333
D 8 5 27 0.837667
D 8 5 28 0.733167
D 8 6 25 0.644000
D 8 6 26 0.719333
D 8 6 27 0.779167
D 8 6 28 0.645000
D 8 7 25 0.693667
D 8 7 26 0.687667
D 8 7 27 0.609333
D 8 7 28 0.716333
D 8 8 25 0.510667
D 8 8 26 0.590833
D 8 8 27 0.508000
D 8 8 28 0.492667
D 8 1 29 0.557167
D 8 1 30 0.535000
D 8 1 31 0.535500
D 8 1 32 0.541333
D 8 2 29 0.520500
D 8 2 30 0.569000
D 8 2 31 0.607000
D 8 2 32 0.550833
D 8 3 29 0.659000
D 8 3 30 0.599167
D 8 3 31 0.629333
D 8 3 32 0.643333
D 8 4 29 0.715667
D 8 4 30 0.731333
D 8 4 31 0.763667
D 8 4 32 0.737167
D 8 5 29 0.863167
D 8 5 30 0.742500
D 8 5 31 0.737500
D 8 5 32 0.829167
D 8 6 29 0.714667
D 8 6 30 0.590833
D 8 6 31 0.731000
D 8 6 32 0.843333
D 8 7 29 0.494833
D 8 7 30 0.689667
D 8 7 31 0.625333
D 8 7 32 0.599333
D 8 8 29 0.494667
D 8 8 30 0.500000
D 8 8 31 0.511333
D 8 8 32 0.490667
D 8 1 5 0.536833
D 8 1 6 0.504500
D 8 1 7 0.535000
D 8 1 8 0.517500
D 8 2 5 0.572333
D 8 2 6 0.543500
D 8 2 7 0.590667
D 8 2 8 0.577667
D 8 3 5 0.640167
D 8 3 6 0.631167
D 8 3 7 0.653833
D 8 3 8 0.625167
D 8 4 5 0.748000
D 8 4 6 0.742833
D 8 4 7 0.730833
D 8 4 8 0.696167
D 8 5 5 0.805167
D 8 5 6 0.748167
D 8 5 7 0.804167
D 8 5 8 0.681167
D 8 6 5 0.544167
D 8 6 6 0.721333
D 8 6 7 0.658333
D 8 6 8 0.714167
D 8 7 5 0.710833
D 8 7 6 0.678333
D 8 7 7 0.585833
D 8 7 8 0.668333
D 8 8 5 0.501333
D 8 8 6 0.498000
D 8 8 7 0.604833
D 8 8 8 0.584167
D 8 1 9 0.519333
D 8 1 10 0.534333
D 8 1 11 0.531000
D 8 1 12 0.532000
D 8 2 9 0.535167
D 8 2 10 0.523667
D 8 2 11 0.516833
D 8 2 12 0.594333
D 8 3 9 0.665333
D 8 3 10 0.581167
D 8 3 11 0.593167
D 8 3 12 0.638167
D 8 4 9 0.698667
D 8 4 10 0.730167
D 8 4 11 0.742167
D 8 4 12 0.746000
D 8 5 9 0.799667
D 8 5 10 0.807167
D 8 5 11 0.760333
D 8 5 12 0.828500
D 8 6 9 0.654500
D 8 6 10 0.732667
D 8 6 11 0.865833
D 8 6 12 0.738833
D 8 7 9 0.572833
D 8 7 10 0.699167
D 8 7 11 0.674667
D 8 7 12 0.485333
D 8 8 9 0.506000
D 8 8 10 0.463333
D 8 8 11 0.589333
D 8 8 12 0.485333
