emerge_transfer -- sharing is a GENE, and TRANSFER is what pays for it
N=12. motif K=3 planted at 1 of 10 positions; train on 3, select on 3, report on 4.
max-pool readout (position never reaches the output). energy = params/(21*10):
  shared = taps, unshared = taps*10. objective = heldout_acc - 12.00*energy.
20 seeds x 200 epochs. GA: pop 24, 50 gens, flips offsets AND the sharing gene.

RAW 0 1 3 1 1 0.8229 0.7717 0.6002
RAW 1 1 3 1 0 0.8438 0.7733 0.6019
RAW 2 1 2 1 0 0.8542 0.7383 0.6240
RAW 3 1 3 1 0 0.8438 0.7733 0.6019
RAW 4 1 3 1 0 0.8438 0.7733 0.6019
RAW 5 1 3 1 0 0.5729 0.5017 0.3302
RAW 0 2 3 1 1 0.7604 0.7633 0.5919
RAW 1 2 2 1 1 0.6979 0.7567 0.6424
RAW 2 2 0 0 0 0.5521 0.4967 0.4967
RAW 3 2 0 0 0 0.5521 0.4967 0.4967
RAW 4 2 0 1 0 0.5521 0.4967 0.4967
RAW 5 2 2 1 0 0.5521 0.4967 0.3824
RAW 0 3 3 1 1 0.8125 0.7533 0.5819
RAW 1 3 2 1 0 0.7500 0.7750 0.6607
RAW 2 3 3 1 1 0.8438 0.7867 0.6152
RAW 3 3 2 1 0 0.7500 0.7750 0.6607
RAW 4 3 3 1 1 0.8542 0.6567 0.4852
RAW 5 3 2 1 0 0.6875 0.5100 0.3957
RAW 0 4 3 1 1 0.6250 0.6033 0.4319
RAW 1 4 0 1 0 0.5417 0.4883 0.4883
RAW 2 4 0 1 0 0.5417 0.4883 0.4883
RAW 3 4 0 1 0 0.5417 0.4883 0.4883
RAW 4 4 0 1 0 0.5417 0.4883 0.4883
RAW 5 4 0 1 0 0.5417 0.4883 0.4883
RAW 0 5 3 1 1 0.7917 0.7633 0.5919
RAW 1 5 3 1 1 0.7917 0.7633 0.5919
RAW 2 5 3 1 1 0.7917 0.7633 0.5919
RAW 3 5 3 1 1 0.7917 0.7633 0.5919
RAW 4 5 3 1 1 0.7917 0.7733 0.6019
RAW 5 5 3 1 0 0.5521 0.5000 0.3286
RAW 0 6 3 1 1 0.8333 0.8417 0.6702
RAW 1 6 3 1 1 0.8333 0.8417 0.6702
RAW 2 6 3 1 1 0.7396 0.7650 0.5936
RAW 3 6 3 1 1 0.8333 0.8417 0.6702
RAW 4 6 3 1 1 0.8333 0.8417 0.6702
RAW 5 6 3 1 0 0.6042 0.5400 0.3686
RAW 0 7 3 1 1 0.6146 0.5667 0.3952
RAW 1 7 1 1 1 0.5312 0.5333 0.4762
RAW 2 7 0 1 0 0.5208 0.5083 0.5083
RAW 3 7 1 1 1 0.6146 0.5283 0.4712
RAW 4 7 1 1 1 0.6354 0.4983 0.4412
RAW 5 7 1 1 1 0.5208 0.5083 0.4512
RAW 0 8 3 1 1 0.9062 0.7667 0.5952
RAW 1 8 2 1 1 0.9062 0.7667 0.6524
RAW 2 8 3 1 1 0.8958 0.8750 0.7036
RAW 3 8 2 1 1 0.7604 0.6767 0.5624
RAW 4 8 3 1 1 0.8958 0.8750 0.7036
RAW 5 8 2 1 1 0.5625 0.4417 0.3274
RAW 0 9 3 1 1 0.5833 0.5667 0.3952
RAW 1 9 0 1 0 0.5521 0.4900 0.4900
RAW 2 9 0 1 0 0.5521 0.4900 0.4900
RAW 3 9 0 1 0 0.5521 0.4900 0.4900
RAW 4 9 0 1 0 0.5521 0.4900 0.4900
RAW 5 9 0 1 0 0.5521 0.4900 0.4900
RAW 0 10 3 1 1 0.7083 0.7600 0.5886
RAW 1 10 2 1 1 0.6146 0.5017 0.3874
RAW 2 10 2 1 1 0.6146 0.5017 0.3874
RAW 3 10 2 1 1 0.6146 0.5017 0.3874
RAW 4 10 2 1 1 0.6146 0.5017 0.3874
RAW 5 10 2 1 0 0.5208 0.4933 0.3790
RAW 0 11 3 1 1 0.5312 0.4917 0.3202
RAW 1 11 1 1 1 0.5417 0.5300 0.4729
RAW 2 11 0 1 0 0.5312 0.4917 0.4917
RAW 3 11 1 1 1 0.5104 0.5300 0.4729
RAW 4 11 0 1 0 0.5312 0.4917 0.4917
RAW 5 11 1 1 1 0.5312 0.4917 0.4345
RAW 0 12 3 1 1 0.5625 0.5350 0.3636
RAW 1 12 0 1 0 0.5729 0.5050 0.5050
RAW 2 12 0 1 0 0.5729 0.5050 0.5050
RAW 3 12 0 1 0 0.5729 0.5050 0.5050
RAW 4 12 0 1 0 0.5729 0.5050 0.5050
RAW 5 12 0 1 0 0.5729 0.5050 0.5050
RAW 0 13 3 1 1 0.6042 0.6233 0.4519
RAW 1 13 2 1 0 0.7292 0.6883 0.5740
RAW 2 13 2 1 0 0.7500 0.6050 0.4907
RAW 3 13 2 1 0 0.7396 0.6900 0.5757
RAW 4 13 2 1 0 0.7396 0.6900 0.5757
RAW 5 13 2 1 0 0.5417 0.4850 0.3707
RAW 0 14 3 1 1 0.5833 0.5100 0.3386
RAW 1 14 2 1 0 0.5938 0.4733 0.3590
RAW 2 14 0 1 0 0.5938 0.4733 0.4733
RAW 3 14 2 1 0 0.5833 0.4717 0.3574
RAW 4 14 2 1 0 0.5833 0.4717 0.3574
RAW 5 14 2 1 1 0.6875 0.5683 0.4540
RAW 0 15 3 1 1 0.7396 0.7967 0.6252
RAW 1 15 3 1 1 0.7396 0.7967 0.6252
RAW 2 15 3 1 1 0.7396 0.7967 0.6252
RAW 3 15 3 1 1 0.7396 0.7967 0.6252
RAW 4 15 6 1 0 0.8333 0.8067 0.4638
RAW 5 15 3 1 0 0.6771 0.4600 0.2886
RAW 0 16 3 1 1 0.7396 0.7750 0.6036
RAW 1 16 3 1 1 0.7396 0.7750 0.6036
RAW 2 16 3 1 1 0.7396 0.7750 0.6036
RAW 3 16 3 1 1 0.7396 0.7750 0.6036
RAW 4 16 3 1 1 0.7604 0.8217 0.6502
RAW 5 16 3 1 0 0.5312 0.5150 0.3436
RAW 0 17 3 1 1 0.6771 0.7033 0.5319
RAW 1 17 1 1 1 0.6250 0.4933 0.4362
RAW 2 17 0 1 0 0.5208 0.5183 0.5183
RAW 3 17 0 1 0 0.5208 0.5183 0.5183
RAW 4 17 2 1 1 0.6771 0.5717 0.4574
RAW 5 17 1 1 1 0.5208 0.5183 0.4612
RAW 0 18 3 1 1 0.8854 0.6367 0.4652
RAW 1 18 0 1 0 0.5833 0.4883 0.4883
RAW 2 18 2 1 1 0.5833 0.4883 0.3740
RAW 3 18 0 1 0 0.5833 0.4883 0.4883
RAW 4 18 2 1 1 0.5833 0.4883 0.3740
RAW 5 18 0 1 0 0.5833 0.4883 0.4883
RAW 0 19 3 1 1 0.7188 0.7367 0.5652
RAW 1 19 2 1 0 0.7188 0.6983 0.5840
RAW 2 19 0 1 0 0.5104 0.4950 0.4950
RAW 3 19 2 1 0 0.7083 0.8700 0.7557
RAW 4 19 2 1 0 0.7083 0.8700 0.7557
RAW 5 19 2 1 0 0.5104 0.4950 0.3807
RAW 0 20 3 1 1 0.8854 0.8683 0.6969
RAW 1 20 2 1 0 0.8854 0.8783 0.7640
RAW 2 20 2 1 0 0.8854 0.8783 0.7640
RAW 3 20 2 1 0 0.8854 0.8783 0.7640
RAW 4 20 3 1 0 0.8958 0.8867 0.7152
RAW 5 20 2 1 1 0.6146 0.5833 0.4690
  producer                    taps  shared contig train acc   heldout  objective
  ideal conv (shared)          3.0    1.00   1.00     0.719     0.692     0.5202
  GA flip-only                 1.7    1.00   0.50     0.690     0.651     0.5537
  GA flip+slide                1.4    0.95   0.40     0.667     0.622     0.5420
  GA flip+rewire               1.6    0.95   0.40     0.672     0.643     0.5543
  GA flip+xover                2.0    1.00   0.45     0.700     0.650     0.5356
  GA-tap-matched random        1.7    1.00   0.30     0.572     0.504     0.4069

GATE (protocol item 9, before any operator work):
  PASS if 'ideal conv (shared)' has the highest objective -- the convolution is finally the
  optimum, and the search question becomes meaningful.
  The UNSHARED rows are the mechanism check: they should fit train and collapse on heldout.
  If they transfer too, the task does not demand sharing and this probe is not yet valid.
