emerge_rewire2 -- rewiring vs add/remove (paper 2, version 2)
inner: backprop, 50 epochs, curve every 5.   outer: GA, POP=24 ELITE=18, 150 gens x 30 seeds
fitness = final accuracy - 1.000*energy    PSLIDE=0.150 PGROW=0.100 PSHARE=0.050

PROTOCOL  sensitivity placement  fitness 0.5483..0.9150 (span 0.3667)  energy 0.025000..0.025000
PROTOCOL  sensitivity width      fitness 0.4250..0.8567 (span 0.4317)  energy 0.008333..0.100000
PROTOCOL  convergence   accuracy gained over the second half of the budget: -0.0047
PROTOCOL                -> CONVERGED: endpoint summarises the learner; trajectory fitness would add only noise

  arm             shared-frac  mean-w  max-w  coverage  energy   test  diversity
RAW 0 150 1 0.9167 8.7000 11.0000 1.0000 0.091667 0.9080
RAW 0 150 2 0.9167 7.2000 11.0000 1.0000 0.091667 0.9000
RAW 0 150 3 1.0000 10.0000 12.0000 1.0000 0.100000 0.9100
RAW 0 150 4 1.0000 5.2000 12.0000 1.0000 0.100000 0.9090
RAW 0 150 5 0.8333 7.9000 10.0000 1.0000 0.083333 0.8520
RAW 0 150 6 0.8333 6.2000 10.0000 1.0000 0.083333 0.8640
RAW 0 150 7 0.8333 8.0000 10.0000 1.0000 0.083333 0.9040
RAW 0 150 8 0.8333 7.0000 10.0000 1.0000 0.083333 0.9260
RAW 0 150 9 1.0000 11.3000 12.0000 1.0000 0.100000 0.9230
RAW 0 150 10 1.0000 8.3000 12.0000 1.0000 0.100000 0.9380
RAW 0 150 11 0.8333 7.0000 10.0000 1.0000 0.083333 0.9020
RAW 0 150 12 0.9167 10.7000 11.0000 1.0000 0.091667 0.8690
RAW 0 150 13 1.0000 7.1000 12.0000 1.0000 0.100000 0.8960
RAW 0 150 14 1.0000 9.7000 12.0000 1.0000 0.100000 0.8610
RAW 0 150 15 0.9167 9.4000 11.0000 1.0000 0.091667 0.8870
RAW 0 150 16 1.0000 9.3000 12.0000 1.0000 0.100000 0.9000
RAW 0 150 17 1.0000 5.6000 12.0000 1.0000 0.100000 0.8630
RAW 0 150 18 1.0000 3.0000 12.0000 1.0000 0.100000 0.8520
RAW 0 150 19 1.0000 6.7000 12.0000 1.0000 0.100000 0.8280
RAW 0 150 20 1.0000 6.9000 12.0000 1.0000 0.100000 0.9460
RAW 0 150 21 0.9167 8.8000 11.0000 1.0000 0.091667 0.9300
RAW 0 150 22 0.8333 6.9000 10.0000 1.0000 0.083333 0.8630
RAW 0 150 23 1.0000 11.1000 12.0000 1.0000 0.100000 0.8320
RAW 0 150 24 1.0000 7.1000 12.0000 1.0000 0.100000 0.7920
RAW 0 150 25 0.9167 7.8000 11.0000 1.0000 0.091667 0.9370
RAW 0 150 26 0.9167 8.7000 11.0000 1.0000 0.091667 0.9300
RAW 0 150 27 0.9167 6.1000 11.0000 1.0000 0.091667 0.9200
RAW 0 150 28 0.9167 9.0000 11.0000 1.0000 0.091667 0.9510
RAW 0 150 29 0.9167 8.8000 11.0000 1.0000 0.091667 0.8980
RAW 0 150 30 0.9167 8.0000 11.0000 1.0000 0.091667 0.9200
  0 no-rewire      0.992       7.93    11.25   0.938    0.0986   0.894    0.0600
RAW 1 150 1 0.9167 7.0000 9.0000 1.0000 0.075000 0.9420
RAW 1 150 2 0.9167 4.5000 8.0000 1.0000 0.066667 0.9300
RAW 1 150 3 0.9167 4.4000 7.0000 1.0000 0.058333 0.9440
RAW 1 150 4 1.0000 7.4000 10.0000 1.0000 0.083333 0.9060
RAW 1 150 5 1.0000 4.5000 9.0000 1.0000 0.075000 0.9310
RAW 1 150 6 1.0000 5.1000 8.0000 1.0000 0.066667 0.9350
RAW 1 150 7 0.9167 9.1000 10.0000 1.0000 0.083333 0.9150
RAW 1 150 8 0.8333 6.5000 9.0000 1.0000 0.075000 0.9430
RAW 1 150 9 1.0000 7.2000 10.0000 1.0000 0.083333 0.9480
RAW 1 150 10 1.0000 4.0000 10.0000 1.0000 0.083333 0.9480
RAW 1 150 11 0.8333 6.9000 9.0000 1.0000 0.075000 0.8980
RAW 1 150 12 1.0000 7.5000 11.0000 1.0000 0.091667 0.8890
RAW 1 150 13 1.0000 8.7000 12.0000 1.0000 0.100000 0.8990
RAW 1 150 14 1.0000 8.0000 12.0000 1.0000 0.100000 0.8680
RAW 1 150 15 1.0000 4.7000 8.0000 1.0000 0.066667 0.9130
RAW 1 150 16 1.0000 6.6000 10.0000 1.0000 0.083333 0.9490
RAW 1 150 17 0.9167 3.3000 9.0000 1.0000 0.075000 0.7990
RAW 1 150 18 1.0000 5.1000 12.0000 1.0000 0.100000 0.8510
RAW 1 150 19 1.0000 7.8000 12.0000 1.0000 0.100000 0.8400
RAW 1 150 20 1.0000 9.6000 12.0000 1.0000 0.100000 0.9420
RAW 1 150 21 0.9167 5.2000 9.0000 1.0000 0.075000 0.9610
RAW 1 150 22 1.0000 6.0000 10.0000 1.0000 0.083333 0.9270
RAW 1 150 23 1.0000 7.2000 11.0000 1.0000 0.091667 0.7730
RAW 1 150 24 1.0000 5.3000 11.0000 1.0000 0.091667 0.8350
RAW 1 150 25 1.0000 3.8000 7.0000 1.0000 0.058333 0.9440
RAW 1 150 26 1.0000 6.7000 10.0000 1.0000 0.083333 0.9490
RAW 1 150 27 0.9167 4.7000 7.0000 1.0000 0.058333 0.9430
RAW 1 150 28 0.9167 9.1000 10.0000 1.0000 0.083333 0.9580
RAW 1 150 29 0.9167 6.8000 9.0000 1.0000 0.075000 0.9210
RAW 1 150 30 0.9167 5.9000 8.0000 1.0000 0.066667 0.9610
  1 slide-1        0.983       6.37    9.73   0.955    0.0882   0.912    0.0785
RAW 2 150 1 1.0000 3.5000 5.0000 1.0000 0.041667 0.9530
RAW 2 150 2 0.9167 3.3000 5.0000 1.0000 0.041667 0.9410
RAW 2 150 3 0.9167 3.3000 5.0000 1.0000 0.041667 0.9470
RAW 2 150 4 0.9167 5.3000 8.0000 1.0000 0.066667 0.9050
RAW 2 150 5 1.0000 2.6000 5.0000 1.0000 0.041667 0.8860
RAW 2 150 6 1.0000 6.4000 8.0000 1.0000 0.066667 0.9180
RAW 2 150 7 0.9167 7.9000 10.0000 1.0000 0.083333 0.9140
RAW 2 150 8 0.9167 6.7000 8.0000 1.0000 0.066667 0.9270
RAW 2 150 9 1.0000 7.5000 10.0000 1.0000 0.083333 0.9480
RAW 2 150 10 1.0000 3.7000 6.0000 1.0000 0.050000 0.9370
RAW 2 150 11 0.8333 2.6000 6.0000 1.0000 0.050000 0.9160
RAW 2 150 12 1.0000 8.3000 11.0000 1.0000 0.091667 0.8630
RAW 2 150 13 1.0000 7.3000 12.0000 1.0000 0.100000 0.9050
RAW 2 150 14 1.0000 7.1000 12.0000 1.0000 0.100000 0.8830
RAW 2 150 15 1.0000 5.4000 8.0000 1.0000 0.066667 0.9140
RAW 2 150 16 0.9167 2.8000 4.0000 1.0000 0.033333 0.9100
RAW 2 150 17 1.0000 1.9000 3.0000 1.0000 0.025000 0.8690
RAW 2 150 18 1.0000 3.2000 12.0000 1.0000 0.100000 0.8480
RAW 2 150 19 1.0000 8.5000 12.0000 1.0000 0.100000 0.8170
RAW 2 150 20 1.0000 7.6000 10.0000 1.0000 0.083333 0.9320
RAW 2 150 21 1.0000 6.4000 8.0000 1.0000 0.066667 0.9730
RAW 2 150 22 1.0000 3.9000 6.0000 1.0000 0.050000 0.9040
RAW 2 150 23 1.0000 8.9000 11.0000 1.0000 0.091667 0.8480
RAW 2 150 24 1.0000 7.9000 11.0000 1.0000 0.091667 0.8320
RAW 2 150 25 1.0000 6.8000 9.0000 1.0000 0.075000 0.9550
RAW 2 150 26 1.0000 7.8000 10.0000 1.0000 0.083333 0.9450
RAW 2 150 27 0.9167 2.6000 4.0000 1.0000 0.033333 0.9240
RAW 2 150 28 1.0000 6.8000 10.0000 1.0000 0.083333 0.9550
RAW 2 150 29 1.0000 4.0000 5.0000 1.0000 0.041667 0.9300
RAW 2 150 30 1.0000 6.1000 9.0000 1.0000 0.075000 0.9480
  2 rewire-rand    0.983       5.54    8.28   0.961    0.0754   0.912    0.1151
RAW 3 150 1 1.0000 4.9000 7.0000 1.0000 0.058333 0.9220
RAW 3 150 2 0.9167 3.7000 5.0000 1.0000 0.041667 0.9480
RAW 3 150 3 0.9167 2.7000 5.0000 1.0000 0.041667 0.9250
RAW 3 150 4 0.9167 4.6000 7.0000 1.0000 0.058333 0.8730
RAW 3 150 5 1.0000 7.1000 9.0000 1.0000 0.075000 0.9230
RAW 3 150 6 1.0000 6.1000 8.0000 1.0000 0.066667 0.8990
RAW 3 150 7 0.9167 8.0000 10.0000 1.0000 0.083333 0.9010
RAW 3 150 8 0.9167 5.7000 8.0000 1.0000 0.066667 0.9300
RAW 3 150 9 1.0000 6.3000 9.0000 1.0000 0.075000 0.9280
RAW 3 150 10 1.0000 6.5000 10.0000 1.0000 0.083333 0.9520
RAW 3 150 11 0.8333 5.2000 7.0000 1.0000 0.058333 0.9160
RAW 3 150 12 1.0000 8.5000 11.0000 1.0000 0.091667 0.8830
RAW 3 150 13 1.0000 6.1000 10.0000 1.0000 0.083333 0.8970
RAW 3 150 14 1.0000 10.3000 12.0000 1.0000 0.100000 0.8710
RAW 3 150 15 1.0000 4.8000 7.0000 1.0000 0.058333 0.9170
RAW 3 150 16 1.0000 7.7000 10.0000 1.0000 0.083333 0.9560
RAW 3 150 17 0.5833 1.2000 2.0000 1.0000 0.016667 0.8310
RAW 3 150 18 1.0000 6.1000 12.0000 1.0000 0.100000 0.8560
RAW 3 150 19 1.0000 8.6000 12.0000 1.0000 0.100000 0.8350
RAW 3 150 20 1.0000 7.7000 10.0000 1.0000 0.083333 0.9510
RAW 3 150 21 1.0000 5.5000 8.0000 1.0000 0.066667 0.9670
RAW 3 150 22 0.9167 4.9000 7.0000 1.0000 0.058333 0.7950
RAW 3 150 23 1.0000 5.5000 10.0000 1.0000 0.083333 0.8490
RAW 3 150 24 1.0000 7.1000 11.0000 1.0000 0.091667 0.8290
RAW 3 150 25 1.0000 6.9000 9.0000 1.0000 0.075000 0.9600
RAW 3 150 26 1.0000 7.9000 10.0000 1.0000 0.083333 0.9480
RAW 3 150 27 0.9167 5.0000 7.0000 1.0000 0.058333 0.9410
RAW 3 150 28 1.0000 3.7000 6.0000 1.0000 0.050000 0.9340
RAW 3 150 29 1.0000 3.8000 6.0000 1.0000 0.050000 0.9320
RAW 3 150 30 1.0000 6.3000 8.0000 1.0000 0.066667 0.9500
  3 xover-canon    0.989       6.26    9.02   0.965    0.0802   0.907    0.1188
RAW 4 150 1 1.0000 6.1000 8.0000 1.0000 0.066667 0.9490
RAW 4 150 2 0.9167 3.3000 5.0000 1.0000 0.041667 0.9310
RAW 4 150 3 0.9167 4.4000 6.0000 1.0000 0.050000 0.9530
RAW 4 150 4 1.0000 6.5000 9.0000 1.0000 0.075000 0.9030
RAW 4 150 5 1.0000 7.2000 9.0000 1.0000 0.075000 0.9300
RAW 4 150 6 1.0000 8.6000 10.0000 1.0000 0.083333 0.9400
RAW 4 150 7 0.9167 8.8000 10.0000 1.0000 0.083333 0.9170
RAW 4 150 8 0.9167 4.5000 8.0000 1.0000 0.066667 0.9410
RAW 4 150 9 1.0000 8.5000 10.0000 1.0000 0.083333 0.9570
RAW 4 150 10 1.0000 4.5000 7.0000 1.0000 0.058333 0.9370
RAW 4 150 11 1.0000 3.0000 5.0000 1.0000 0.041667 0.8880
RAW 4 150 12 1.0000 9.0000 11.0000 1.0000 0.091667 0.8690
RAW 4 150 13 1.0000 6.8000 12.0000 1.0000 0.100000 0.9050
RAW 4 150 14 1.0000 9.9000 12.0000 1.0000 0.100000 0.8750
RAW 4 150 15 1.0000 3.2000 7.0000 1.0000 0.058333 0.9120
RAW 4 150 16 1.0000 7.2000 9.0000 1.0000 0.075000 0.9510
RAW 4 150 17 0.9167 6.9000 10.0000 1.0000 0.083333 0.8120
RAW 4 150 18 1.0000 5.8000 11.0000 1.0000 0.091667 0.8460
RAW 4 150 19 1.0000 6.9000 12.0000 1.0000 0.100000 0.8350
RAW 4 150 20 1.0000 8.2000 10.0000 1.0000 0.083333 0.9430
RAW 4 150 21 0.9167 4.6000 7.0000 1.0000 0.058333 0.9480
RAW 4 150 22 1.0000 6.6000 9.0000 1.0000 0.075000 0.9290
RAW 4 150 23 1.0000 6.7000 10.0000 1.0000 0.083333 0.8360
RAW 4 150 24 1.0000 6.4000 11.0000 1.0000 0.091667 0.8400
RAW 4 150 25 1.0000 7.1000 9.0000 1.0000 0.075000 0.9580
RAW 4 150 26 1.0000 6.7000 9.0000 1.0000 0.075000 0.9420
RAW 4 150 27 0.9167 4.5000 7.0000 1.0000 0.058333 0.9310
RAW 4 150 28 0.9167 3.4000 5.0000 1.0000 0.041667 0.9370
RAW 4 150 29 1.0000 4.0000 6.0000 1.0000 0.050000 0.9310
RAW 4 150 30 1.0000 7.2000 10.0000 1.0000 0.083333 0.9540
  4 xover-raw      0.989       6.08    9.04   0.972    0.0805   0.913    0.1311
RAW 5 150 1 0.9167 5.1000 8.0000 1.0000 0.066667 0.9310
RAW 5 150 2 0.9167 3.0000 4.0000 1.0000 0.033333 0.9330
RAW 5 150 3 1.0000 3.3000 5.0000 1.0000 0.041667 0.9210
RAW 5 150 4 0.9167 5.2000 7.0000 1.0000 0.058333 0.8930
RAW 5 150 5 1.0000 3.0000 5.0000 1.0000 0.041667 0.9230
RAW 5 150 6 1.0000 5.1000 7.0000 1.0000 0.058333 0.9170
RAW 5 150 7 0.9167 7.7000 10.0000 1.0000 0.083333 0.9020
RAW 5 150 8 0.9167 4.3000 7.0000 1.0000 0.058333 0.9380
RAW 5 150 9 1.0000 8.0000 11.0000 1.0000 0.091667 0.9440
RAW 5 150 10 1.0000 7.0000 8.0000 1.0000 0.066667 0.9540
RAW 5 150 11 0.8333 4.7000 7.0000 1.0000 0.058333 0.9190
RAW 5 150 12 1.0000 8.4000 11.0000 1.0000 0.091667 0.8920
RAW 5 150 13 1.0000 7.4000 12.0000 1.0000 0.100000 0.8980
RAW 5 150 14 1.0000 10.6000 12.0000 1.0000 0.100000 0.8770
RAW 5 150 15 1.0000 4.8000 7.0000 1.0000 0.058333 0.9150
RAW 5 150 16 0.9167 2.7000 4.0000 1.0000 0.033333 0.9000
RAW 5 150 17 0.7500 1.7000 3.0000 1.0000 0.025000 0.8650
RAW 5 150 18 1.0000 5.5000 9.0000 1.0000 0.075000 0.8470
RAW 5 150 19 1.0000 6.6000 12.0000 1.0000 0.100000 0.8280
RAW 5 150 20 1.0000 6.8000 9.0000 1.0000 0.075000 0.8990
RAW 5 150 21 1.0000 4.7000 7.0000 1.0000 0.058333 0.9560
RAW 5 150 22 1.0000 4.1000 7.0000 1.0000 0.058333 0.8710
RAW 5 150 23 1.0000 8.2000 11.0000 1.0000 0.091667 0.8470
RAW 5 150 24 1.0000 8.6000 11.0000 1.0000 0.091667 0.8160
RAW 5 150 25 1.0000 8.0000 10.0000 1.0000 0.083333 0.9550
RAW 5 150 26 1.0000 5.7000 9.0000 1.0000 0.075000 0.9300
RAW 5 150 27 0.9167 5.2000 7.0000 1.0000 0.058333 0.9460
RAW 5 150 28 0.9167 8.8000 10.0000 1.0000 0.083333 0.9570
RAW 5 150 29 1.0000 3.8000 6.0000 1.0000 0.050000 0.9470
RAW 5 150 30 1.0000 7.4000 10.0000 1.0000 0.083333 0.9560
  5 xover-block    0.982       5.85    8.70   0.961    0.0804   0.909    0.1237

acceptance test: with default knobs this must reproduce emerge_rewire.c (version 1)
and the archived scratch_rewire_*.out per-seed data exactly.
