emerge_transfer -- sharing is a GENE, and TRANSFER is what pays for it
N=12. motif K=3 planted at 1 of 10 positions; train on 3, select on 3, report on 4.
max-pool readout (position never reaches the output). energy = params/(21*10):
  shared = taps, unshared = taps*10. objective = heldout_acc - 6.00*energy.
40 seeds x 200 epochs. GA: pop 24, 50 gens, flips offsets AND the sharing gene.

RAW 0 201 3 1 1 0.5625 0.4850 0.3993
RAW 1 201 0 1 0 0.5625 0.4850 0.4850
RAW 2 201 0 1 0 0.5625 0.4850 0.4850
RAW 3 201 0 1 0 0.5625 0.4850 0.4850
RAW 4 201 0 1 0 0.5625 0.4850 0.4850
RAW 5 201 0 1 0 0.5625 0.4850 0.4850
RAW 0 202 3 1 1 0.7188 0.7117 0.6260
RAW 1 202 2 1 1 0.7500 0.6300 0.5729
RAW 2 202 4 1 0 0.5521 0.5317 0.4174
RAW 3 202 2 1 1 0.7500 0.6300 0.5729
RAW 4 202 2 1 1 0.7500 0.6300 0.5729
RAW 5 202 2 1 0 0.6771 0.5050 0.4479
RAW 0 203 3 1 1 0.6875 0.6867 0.6010
RAW 1 203 3 1 0 0.7708 0.7767 0.6910
RAW 2 203 2 1 0 0.8021 0.7683 0.7112
RAW 3 203 3 1 1 0.7500 0.7200 0.6343
RAW 4 203 2 1 0 0.8021 0.7683 0.7112
RAW 5 203 3 1 0 0.6042 0.4800 0.3943
RAW 0 204 3 1 1 0.8750 0.8700 0.7843
RAW 1 204 4 1 1 0.8750 0.8833 0.7690
RAW 2 204 4 1 0 0.8333 0.8767 0.7624
RAW 3 204 2 1 0 0.8542 0.7283 0.6712
RAW 4 204 5 1 0 0.7083 0.7383 0.5955
RAW 5 204 4 1 0 0.6562 0.4450 0.3307
RAW 0 205 3 1 1 0.7500 0.7550 0.6693
RAW 1 205 2 1 0 0.8021 0.7567 0.6995
RAW 2 205 2 1 1 0.7708 0.6467 0.5895
RAW 3 205 2 1 0 0.8021 0.7567 0.6995
RAW 4 205 4 1 1 0.8125 0.7117 0.5974
RAW 5 205 2 1 0 0.5938 0.5383 0.4812
RAW 0 206 3 1 1 0.8333 0.7367 0.6510
RAW 1 206 2 1 0 0.8229 0.7250 0.6679
RAW 2 206 2 1 0 0.8229 0.7250 0.6679
RAW 3 206 3 1 0 0.7812 0.7333 0.6476
RAW 4 206 4 1 1 0.8125 0.6650 0.5507
RAW 5 206 2 1 0 0.5312 0.5083 0.4512
RAW 0 207 3 1 1 0.6354 0.5117 0.4260
RAW 1 207 1 1 1 0.5417 0.5400 0.5114
RAW 2 207 3 1 1 0.6562 0.5583 0.4726
RAW 3 207 2 1 0 0.5729 0.5117 0.4545
RAW 4 207 2 1 0 0.6250 0.5617 0.5045
RAW 5 207 1 1 1 0.5104 0.4933 0.4648
RAW 0 208 3 1 1 0.5208 0.4933 0.4076
RAW 1 208 0 1 0 0.5208 0.4933 0.4933
RAW 2 208 0 1 0 0.5208 0.4933 0.4933
RAW 3 208 0 1 0 0.5208 0.4933 0.4933
RAW 4 208 0 1 0 0.5208 0.4933 0.4933
RAW 5 208 0 1 0 0.5208 0.4933 0.4933
RAW 0 209 3 1 1 0.7188 0.6083 0.5226
RAW 1 209 4 1 1 0.8021 0.6583 0.5440
RAW 2 209 3 1 0 0.8125 0.7750 0.6893
RAW 3 209 3 1 1 0.8125 0.6117 0.5260
RAW 4 209 4 1 0 0.7500 0.6800 0.5657
RAW 5 209 4 1 0 0.7083 0.6883 0.5740
RAW 0 210 3 1 1 0.7396 0.7967 0.7110
RAW 1 210 6 1 0 0.8542 0.7850 0.6136
RAW 2 210 2 1 0 0.8125 0.8417 0.7845
RAW 3 210 2 1 0 0.8125 0.8417 0.7845
RAW 4 210 4 1 0 0.8125 0.5917 0.4774
RAW 5 210 6 1 0 0.6250 0.5233 0.3519
RAW 0 211 3 1 1 0.8021 0.6817 0.5960
RAW 1 211 4 1 0 0.7396 0.7433 0.6290
RAW 2 211 3 1 1 0.8021 0.6817 0.5960
RAW 3 211 4 1 0 0.7812 0.7833 0.6690
RAW 4 211 4 1 0 0.7604 0.6400 0.5257
RAW 5 211 4 1 0 0.6458 0.5617 0.4474
RAW 0 212 3 1 1 0.5208 0.4983 0.4126
RAW 1 212 3 1 0 0.5938 0.4983 0.4126
RAW 2 212 2 1 1 0.6354 0.6017 0.5445
RAW 3 212 2 1 1 0.6354 0.6017 0.5445
RAW 4 212 2 1 1 0.5938 0.5000 0.4429
RAW 5 212 3 1 0 0.5521 0.5283 0.4426
RAW 0 213 3 1 1 0.5521 0.5183 0.4326
RAW 1 213 0 1 0 0.5521 0.5183 0.5183
RAW 2 213 0 1 0 0.5521 0.5183 0.5183
RAW 3 213 0 1 0 0.5521 0.5183 0.5183
RAW 4 213 0 1 0 0.5521 0.5183 0.5183
RAW 5 213 0 1 0 0.5521 0.5183 0.5183
RAW 0 214 3 1 1 0.6146 0.6400 0.5543
RAW 1 214 2 1 1 0.7292 0.6500 0.5929
RAW 2 214 2 1 1 0.7292 0.6500 0.5929
RAW 3 214 2 1 1 0.7292 0.6500 0.5929
RAW 4 214 2 1 1 0.7188 0.7300 0.6729
RAW 5 214 2 1 0 0.5312 0.5117 0.4545
RAW 0 215 3 1 1 0.5521 0.5150 0.4293
RAW 1 215 3 1 0 0.5938 0.5400 0.4543
RAW 2 215 0 0 0 0.5312 0.5217 0.5217
RAW 3 215 1 1 1 0.5625 0.5400 0.5114
RAW 4 215 1 1 1 0.5729 0.5050 0.4764
RAW 5 215 3 1 0 0.6146 0.5083 0.4226
RAW 0 216 3 1 1 0.8542 0.8000 0.7143
RAW 1 216 3 1 1 0.8542 0.8067 0.7210
RAW 2 216 3 1 1 0.8542 0.8000 0.7143
RAW 3 216 3 1 1 0.8542 0.8000 0.7143
RAW 4 216 3 1 1 0.8542 0.8067 0.7210
RAW 5 216 3 1 0 0.5104 0.5117 0.4260
RAW 0 217 3 1 1 0.7604 0.7483 0.6626
RAW 1 217 3 1 1 0.7604 0.7483 0.6626
RAW 2 217 3 1 1 0.7604 0.6700 0.5843
RAW 3 217 3 1 1 0.7604 0.7483 0.6626
RAW 4 217 3 1 1 0.7604 0.6700 0.5843
RAW 5 217 3 1 0 0.6146 0.5267 0.4410
RAW 0 218 3 1 1 0.5104 0.4900 0.4043
RAW 1 218 2 1 1 0.6354 0.5333 0.4762
RAW 2 218 0 1 0 0.5208 0.4750 0.4750
RAW 3 218 0 0 0 0.5208 0.4750 0.4750
RAW 4 218 1 1 1 0.5208 0.5683 0.5398
RAW 5 218 2 1 0 0.5521 0.5033 0.4462
RAW 0 219 3 1 1 0.4792 0.5283 0.4426
RAW 1 219 3 1 0 0.8125 0.8283 0.7426
RAW 2 219 4 1 0 0.9271 0.8167 0.7024
RAW 3 219 3 1 0 0.8125 0.8283 0.7426
RAW 4 219 3 1 0 0.8125 0.8283 0.7426
RAW 5 219 3 1 0 0.7396 0.4700 0.3843
RAW 0 220 3 1 1 0.6354 0.6267 0.5410
RAW 1 220 2 1 1 0.5938 0.5983 0.5412
RAW 2 220 2 1 1 0.5729 0.5850 0.5279
RAW 3 220 3 1 0 0.6042 0.5350 0.4493
RAW 4 220 3 1 1 0.6354 0.6267 0.5410
RAW 5 220 2 1 0 0.5417 0.5233 0.4662
RAW 0 221 3 1 1 0.6146 0.6017 0.5160
RAW 1 221 0 1 0 0.5625 0.5433 0.5433
RAW 2 221 0 1 0 0.5625 0.5433 0.5433
RAW 3 221 0 1 0 0.5625 0.5433 0.5433
RAW 4 221 0 1 0 0.5625 0.5433 0.5433
RAW 5 221 0 1 0 0.5625 0.5433 0.5433
RAW 0 222 3 1 1 0.8542 0.8500 0.7643
RAW 1 222 4 1 0 0.7708 0.8300 0.7157
RAW 2 222 3 1 0 0.8646 0.8517 0.7660
RAW 3 222 5 1 0 0.8958 0.8000 0.6571
RAW 4 222 4 1 0 0.7708 0.8300 0.7157
RAW 5 222 4 1 0 0.6146 0.4917 0.3774
RAW 0 223 3 1 1 0.7396 0.7967 0.7110
RAW 1 223 2 1 0 0.7083 0.7433 0.6862
RAW 2 223 3 1 1 0.7396 0.7967 0.7110
RAW 3 223 3 1 1 0.7396 0.7167 0.6310
RAW 4 223 3 1 1 0.7396 0.7967 0.7110
RAW 5 223 2 1 0 0.6771 0.5183 0.4612
RAW 0 224 3 1 1 0.5833 0.4883 0.4026
RAW 1 224 2 1 0 0.7396 0.5883 0.5312
RAW 2 224 2 1 0 0.5521 0.4883 0.4312
RAW 3 224 2 1 0 0.7396 0.5883 0.5312
RAW 4 224 2 1 1 0.5625 0.5517 0.4945
RAW 5 224 2 1 1 0.5521 0.4883 0.4312
RAW 0 225 3 1 1 0.5625 0.4850 0.3993
RAW 1 225 3 1 0 0.7604 0.6850 0.5993
RAW 2 225 3 1 0 0.7292 0.4933 0.4076
RAW 3 225 4 1 0 0.6562 0.6100 0.4957
RAW 4 225 3 1 0 0.5104 0.4883 0.4026
RAW 5 225 3 1 0 0.5312 0.4933 0.4076
RAW 0 226 3 1 1 0.5104 0.4750 0.3893
RAW 1 226 2 1 0 0.7396 0.7067 0.6495
RAW 2 226 2 1 0 0.7396 0.7067 0.6495
RAW 3 226 2 1 0 0.7396 0.7067 0.6495
RAW 4 226 2 1 0 0.7396 0.7067 0.6495
RAW 5 226 2 1 0 0.5625 0.4850 0.4279
RAW 0 227 3 1 1 0.7396 0.8233 0.7376
RAW 1 227 3 1 1 0.7396 0.8233 0.7376
RAW 2 227 3 1 1 0.8438 0.8433 0.7576
RAW 3 227 3 1 1 0.7396 0.8233 0.7376
RAW 4 227 3 1 1 0.7396 0.8233 0.7376
RAW 5 227 3 1 0 0.5625 0.5200 0.4343
RAW 0 228 3 1 1 0.7292 0.5633 0.4776
RAW 1 228 2 1 1 0.6042 0.5800 0.5229
RAW 2 228 2 1 1 0.6042 0.5800 0.5229
RAW 3 228 3 1 1 0.7188 0.7150 0.6293
RAW 4 228 3 1 1 0.7188 0.7150 0.6293
RAW 5 228 2 1 0 0.5312 0.4600 0.4029
RAW 0 229 3 1 1 0.8646 0.9033 0.8176
RAW 1 229 3 1 0 0.8646 0.9050 0.8193
RAW 2 229 2 1 0 0.8646 0.9050 0.8479
RAW 3 229 2 1 0 0.8646 0.9050 0.8479
RAW 4 229 2 1 0 0.8646 0.9050 0.8479
RAW 5 229 3 1 0 0.6146 0.4183 0.3326
RAW 0 230 3 1 1 0.6146 0.5617 0.4760
RAW 1 230 4 1 1 0.6875 0.5950 0.4807
RAW 2 230 2 1 1 0.7604 0.5750 0.5179
RAW 3 230 3 1 0 0.7083 0.5517 0.4660
RAW 4 230 3 1 1 0.8021 0.5933 0.5076
RAW 5 230 4 1 0 0.5625 0.4817 0.3674
RAW 0 231 3 1 1 0.5833 0.5317 0.4460
RAW 1 231 4 1 0 0.7188 0.6150 0.5007
RAW 2 231 3 1 0 0.5417 0.5100 0.4243
RAW 3 231 3 1 0 0.5000 0.5067 0.4210
RAW 4 231 3 1 0 0.5417 0.5100 0.4243
RAW 5 231 4 1 0 0.5938 0.4667 0.3524
RAW 0 232 3 1 1 0.5833 0.4933 0.4076
RAW 1 232 0 1 0 0.5625 0.4883 0.4883
RAW 2 232 0 1 0 0.5625 0.4883 0.4883
RAW 3 232 0 1 0 0.5625 0.4883 0.4883
RAW 4 232 0 1 0 0.5625 0.4883 0.4883
RAW 5 232 0 1 0 0.5625 0.4883 0.4883
RAW 0 233 3 1 1 0.5938 0.4583 0.3726
RAW 1 233 1 1 1 0.5938 0.4583 0.4298
RAW 2 233 1 1 1 0.5938 0.4583 0.4298
RAW 3 233 0 1 0 0.5938 0.4583 0.4583
RAW 4 233 0 1 0 0.5938 0.4583 0.4583
RAW 5 233 1 1 1 0.5938 0.4733 0.4448
RAW 0 234 3 1 1 0.5521 0.5083 0.4226
RAW 1 234 3 1 1 0.5521 0.5083 0.4226
RAW 2 234 4 1 1 0.7500 0.7683 0.6540
RAW 3 234 3 1 1 0.7188 0.6967 0.6110
RAW 4 234 4 1 0 0.7708 0.7217 0.6074
RAW 5 234 3 1 0 0.5625 0.5050 0.4193
RAW 0 235 3 1 1 0.5938 0.5233 0.4376
RAW 1 235 2 1 1 0.8229 0.6683 0.6112
RAW 2 235 2 1 1 0.8229 0.6683 0.6112
RAW 3 235 2 1 1 0.8229 0.6683 0.6112
RAW 4 235 2 1 1 0.8229 0.6683 0.6112
RAW 5 235 2 1 0 0.5521 0.5133 0.4562
RAW 0 236 3 1 1 0.5833 0.5100 0.4243
RAW 1 236 0 1 0 0.5417 0.5233 0.5233
RAW 2 236 0 1 0 0.5417 0.5233 0.5233
RAW 3 236 0 1 0 0.5417 0.5233 0.5233
RAW 4 236 0 1 0 0.5417 0.5233 0.5233
RAW 5 236 0 1 0 0.5417 0.5233 0.5233
RAW 0 237 3 1 1 0.6979 0.7117 0.6260
RAW 1 237 3 1 0 0.6667 0.6533 0.5676
RAW 2 237 0 1 0 0.5312 0.4883 0.4883
RAW 3 237 3 1 1 0.6979 0.7117 0.6260
RAW 4 237 5 1 0 0.6979 0.6117 0.4688
RAW 5 237 3 1 0 0.5833 0.4983 0.4126
RAW 0 238 3 1 1 0.4271 0.5033 0.4176
RAW 1 238 7 1 0 0.6562 0.6833 0.4833
RAW 2 238 6 1 0 0.6562 0.7050 0.5336
RAW 3 238 6 1 0 0.7292 0.7567 0.5852
RAW 4 238 3 1 1 0.8125 0.8267 0.7410
RAW 5 238 7 1 0 0.6875 0.5367 0.3367
RAW 0 239 3 1 1 0.8646 0.7883 0.7026
RAW 1 239 3 1 1 0.7083 0.7717 0.6860
RAW 2 239 3 1 1 0.8646 0.7883 0.7026
RAW 3 239 3 1 1 0.7083 0.7717 0.6860
RAW 4 239 4 1 0 0.8750 0.7850 0.6707
RAW 5 239 3 1 0 0.6667 0.6283 0.5426
RAW 0 240 3 1 1 0.8646 0.8733 0.7876
RAW 1 240 3 1 1 0.8646 0.8733 0.7876
RAW 2 240 3 1 1 0.8646 0.8767 0.7910
RAW 3 240 4 1 1 0.8438 0.7950 0.6807
RAW 4 240 3 1 1 0.8646 0.8767 0.7910
RAW 5 240 3 1 0 0.5625 0.4600 0.3743
  producer                    taps  shared contig train acc   heldout  objective
  ideal conv (shared)          3.0    1.00   1.00     0.662     0.629     0.5431
  GA flip-only                 2.5    1.00   0.42     0.701     0.661     0.5896
  GA flip+slide                2.1    0.97   0.42     0.701     0.652     0.5913
  GA flip+rewire               2.3    0.97   0.40     0.703     0.658     0.5932
  GA flip+xover                2.5    1.00   0.45     0.701     0.654     0.5835
  GA-tap-matched random        2.5    1.00   0.07     0.588     0.508     0.4365

GATE (protocol item 9, before any operator work):
  PASS if 'ideal conv (shared)' has the highest objective -- the convolution is finally the
  optimum, and the search question becomes meaningful.
  The UNSHARED rows are the mechanism check: they should fit train and collapse on heldout.
  If they transfer too, the task does not demand sharing and this probe is not yet valid.
