emerge_transfer -- sharing is a GENE, and TRANSFER is what pays for it
N=12. motif K=3 planted at 1 of 10 positions; train on 3, select on 3, report on 4.
max-pool readout (position never reaches the output). energy = params/(21*10):
  shared = taps, unshared = taps*10. objective = heldout_acc - 1.00*energy.
20 seeds x 200 epochs. GA: pop 24, 50 gens, flips offsets AND the sharing gene.

RAW 0 1 3 1 1 0.8229 0.7717 0.7574
RAW 1 1 4 1 0 0.7812 0.8400 0.8210
RAW 2 1 5 1 0 0.8125 0.9017 0.8779
RAW 3 1 5 1 0 0.7604 0.5283 0.5045
RAW 4 1 7 1 0 0.8958 0.8700 0.8367
RAW 5 1 4 1 0 0.5729 0.5083 0.4893
RAW 0 2 3 1 1 0.7604 0.7633 0.7490
RAW 1 2 8 1 0 0.6667 0.5133 0.4752
RAW 2 2 5 1 0 0.7917 0.5600 0.5362
RAW 3 2 11 1 0 0.6875 0.5133 0.4610
RAW 4 2 6 1 0 0.8438 0.5850 0.5564
RAW 5 2 8 1 0 0.6458 0.5117 0.4736
RAW 0 3 3 1 1 0.8125 0.7533 0.7390
RAW 1 3 8 1 0 0.7917 0.8017 0.7636
RAW 2 3 6 1 0 0.8438 0.6650 0.6364
RAW 3 3 8 1 0 0.7917 0.6567 0.6186
RAW 4 3 11 1 0 0.8750 0.8217 0.7693
RAW 5 3 8 1 0 0.8229 0.5067 0.4686
RAW 0 4 3 1 1 0.6250 0.6033 0.5890
RAW 1 4 2 1 0 0.6875 0.5867 0.5771
RAW 2 4 7 1 0 0.7500 0.5317 0.4983
RAW 3 4 5 1 0 0.5312 0.4817 0.4579
RAW 4 4 5 1 0 0.6146 0.5517 0.5279
RAW 5 4 2 1 0 0.5417 0.4900 0.4805
RAW 0 5 3 1 1 0.7917 0.7633 0.7490
RAW 1 5 11 1 0 0.7812 0.7083 0.6560
RAW 2 5 5 1 0 0.6771 0.4783 0.4545
RAW 3 5 11 1 0 0.8958 0.5483 0.4960
RAW 4 5 7 1 0 0.8125 0.5283 0.4950
RAW 5 5 11 1 0 0.7604 0.7117 0.6593
RAW 0 6 3 1 1 0.8333 0.8417 0.8274
RAW 1 6 6 1 0 0.8542 0.6817 0.6531
RAW 2 6 5 1 0 0.8542 0.7217 0.6979
RAW 3 6 4 1 0 0.8438 0.8400 0.8210
RAW 4 6 3 1 1 0.8333 0.6950 0.6807
RAW 5 6 6 1 0 0.6458 0.4917 0.4631
RAW 0 7 3 1 1 0.6146 0.5667 0.5524
RAW 1 7 9 1 0 0.6562 0.5267 0.4838
RAW 2 7 8 1 0 0.7500 0.6367 0.5986
RAW 3 7 7 1 0 0.5938 0.5433 0.5100
RAW 4 7 6 1 0 0.6875 0.5250 0.4964
RAW 5 7 9 1 0 0.6875 0.5500 0.5071
RAW 0 8 3 1 1 0.9062 0.7667 0.7524
RAW 1 8 4 1 0 0.9062 0.8750 0.8560
RAW 2 8 10 1 0 0.8333 0.7617 0.7140
RAW 3 8 5 1 0 0.8854 0.8700 0.8462
RAW 4 8 2 1 1 0.9062 0.8750 0.8655
RAW 5 8 4 1 0 0.6667 0.4267 0.4076
RAW 0 9 3 1 1 0.5833 0.5667 0.5524
RAW 1 9 7 1 0 0.5833 0.4617 0.4283
RAW 2 9 11 1 0 0.7188 0.4733 0.4210
RAW 3 9 9 1 0 0.5625 0.4500 0.4071
RAW 4 9 10 1 0 0.7396 0.4833 0.4357
RAW 5 9 7 1 0 0.6146 0.4850 0.4517
RAW 0 10 3 1 1 0.7083 0.7600 0.7457
RAW 1 10 4 1 0 0.7292 0.6467 0.6276
RAW 2 10 3 1 0 0.6458 0.4933 0.4790
RAW 3 10 5 1 0 0.7083 0.7633 0.7395
RAW 4 10 4 1 0 0.7604 0.6867 0.6676
RAW 5 10 4 1 0 0.6354 0.5600 0.5410
RAW 0 11 3 1 1 0.5312 0.4917 0.4774
RAW 1 11 8 1 0 0.7708 0.4833 0.4452
RAW 2 11 7 1 0 0.8021 0.5367 0.5033
RAW 3 11 12 1 0 0.8438 0.5167 0.4595
RAW 4 11 7 1 0 0.8021 0.5383 0.5050
RAW 5 11 8 1 0 0.6458 0.5350 0.4969
RAW 0 12 3 1 1 0.5625 0.5350 0.5207
RAW 1 12 7 1 0 0.6562 0.5150 0.4817
RAW 2 12 8 1 0 0.7292 0.5017 0.4636
RAW 3 12 6 1 0 0.6146 0.5233 0.4948
RAW 4 12 7 1 0 0.6771 0.5583 0.5250
RAW 5 12 7 1 0 0.5729 0.4817 0.4483
RAW 0 13 3 1 1 0.6042 0.6233 0.6090
RAW 1 13 8 1 0 0.6771 0.6000 0.5619
RAW 2 13 5 1 1 0.8125 0.6283 0.6045
RAW 3 13 5 1 0 0.7292 0.6667 0.6429
RAW 4 13 5 1 1 0.8125 0.6283 0.6045
RAW 5 13 8 1 0 0.5833 0.4783 0.4402
RAW 0 14 3 1 1 0.5833 0.5100 0.4957
RAW 1 14 9 1 0 0.6458 0.4983 0.4555
RAW 2 14 10 1 0 0.7396 0.6050 0.5574
RAW 3 14 10 1 0 0.7812 0.7117 0.6640
RAW 4 14 9 1 0 0.7292 0.6000 0.5571
RAW 5 14 9 1 0 0.7292 0.5067 0.4638
RAW 0 15 3 1 1 0.7396 0.7967 0.7824
RAW 1 15 7 1 0 0.8854 0.7767 0.7433
RAW 2 15 7 1 0 0.8958 0.8367 0.8033
RAW 3 15 8 1 0 0.8750 0.8233 0.7852
RAW 4 15 9 1 0 0.7500 0.7733 0.7305
RAW 5 15 7 1 0 0.5833 0.5783 0.5450
RAW 0 16 3 1 1 0.7396 0.7750 0.7607
RAW 1 16 8 1 0 0.8646 0.5617 0.5236
RAW 2 16 11 1 0 0.8125 0.7483 0.6960
RAW 3 16 12 1 0 0.8021 0.5833 0.5262
RAW 4 16 10 1 0 0.8750 0.8317 0.7840
RAW 5 16 8 1 0 0.6667 0.6250 0.5869
RAW 0 17 3 1 1 0.6771 0.7033 0.6890
RAW 1 17 8 1 0 0.7188 0.5550 0.5169
RAW 2 17 9 1 0 0.7396 0.5883 0.5455
RAW 3 17 7 1 0 0.7604 0.6283 0.5950
RAW 4 17 5 1 0 0.7708 0.7133 0.6895
RAW 5 17 8 1 0 0.7292 0.6500 0.6119
RAW 0 18 3 1 1 0.8854 0.6367 0.6224
RAW 1 18 4 1 0 0.7917 0.4967 0.4776
RAW 2 18 7 1 0 0.6458 0.5417 0.5083
RAW 3 18 7 1 0 0.5833 0.4883 0.4550
RAW 4 18 6 1 0 0.8646 0.6583 0.6298
RAW 5 18 4 1 0 0.7083 0.6467 0.6276
RAW 0 19 3 1 1 0.7188 0.7367 0.7224
RAW 1 19 8 1 0 0.7188 0.8417 0.8036
RAW 2 19 6 1 0 0.6667 0.7117 0.6831
RAW 3 19 8 1 0 0.6667 0.7217 0.6836
RAW 4 19 8 1 0 0.7500 0.8117 0.7736
RAW 5 19 8 1 0 0.7500 0.5733 0.5352
RAW 0 20 3 1 1 0.8854 0.8683 0.8540
RAW 1 20 3 1 0 0.7708 0.7217 0.7074
RAW 2 20 5 1 0 0.8854 0.9167 0.8929
RAW 3 20 2 1 0 0.7292 0.8167 0.8071
RAW 4 20 4 1 0 0.5312 0.5133 0.4943
RAW 5 20 3 1 0 0.5312 0.5133 0.4990
  producer                    taps  shared contig train acc   heldout  objective
  ideal conv (shared)          3.0    1.00   1.00     0.719     0.692     0.6774
  GA flip-only                 6.7    1.00   0.00     0.747     0.635     0.6029
  GA flip+slide                7.0    1.00   0.05     0.770     0.642     0.6086
  GA flip+rewire               7.3    1.00   0.00     0.732     0.634     0.5988
  GA flip+xover                6.5    1.00   0.15     0.777     0.662     0.6312
  GA-tap-matched random        6.7    1.00   0.00     0.655     0.542     0.5098

GATE (protocol item 9, before any operator work):
  PASS if 'ideal conv (shared)' has the highest objective -- the convolution is finally the
  optimum, and the search question becomes meaningful.
  The UNSHARED rows are the mechanism check: they should fit train and collapse on heldout.
  If they transfer too, the task does not demand sharing and this probe is not yet valid.
