--- FEVAL=1 ---
  producer                    taps  shared contig train acc   heldout  objective
  ideal conv (shared)          3.0    1.00   1.00     0.713     0.682     0.6677
  GA flip-only                 6.5    1.00   0.00     0.739     0.637     0.6057
  GA flip+slide                6.7    1.00   0.00     0.767     0.605     0.5734
  GA flip+rewire               7.3    1.00   0.00     0.727     0.603     0.5680
  GA flip+xover                6.2    1.00   0.17     0.787     0.643     0.6134
--- FEVAL=4 ---
  producer                    taps  shared contig train acc   heldout  objective
  ideal conv (shared)          3.0    1.00   1.00     0.713     0.682     0.6677
  GA flip-only                 6.2    1.00   0.00     0.748     0.605     0.5751
  GA flip+slide                6.5    1.00   0.08     0.722     0.616     0.5853
  GA flip+rewire               6.8    1.00   0.08     0.751     0.609     0.5768
  GA flip+xover                5.7    1.00   0.00     0.744     0.584     0.5568
--- FEVAL=12 ---
  producer                    taps  shared contig train acc   heldout  objective
  ideal conv (shared)          3.0    1.00   1.00     0.713     0.682     0.6677
  GA flip-only                 5.2    1.00   0.08     0.757     0.665     0.6396
  GA flip+slide                5.2    1.00   0.17     0.720     0.623     0.5987
  GA flip+rewire               6.2    1.00   0.08     0.720     0.608     0.5784
  GA flip+xover                4.9    1.00   0.17     0.760     0.604     0.5809
