emerge_transfer -- sharing is a GENE, and TRANSFER is what pays for it
N=12. motif K=3 planted at 1 of 10 positions; train on 3, select on 3, report on 4.
max-pool readout (position never reaches the output). energy = params/(21*10):
  shared = taps, unshared = taps*10. objective = heldout_acc - 1.00*energy.
20 seeds x 200 epochs. GA: pop 24, 50 gens, flips offsets AND the sharing gene.

RAW 0 1 3 1 1 0.8229 0.7717 0.7574
RAW 1 1 8 1 0 0.8958 0.7417 0.7036
RAW 2 1 7 1 0 0.8854 0.8667 0.8333
RAW 3 1 6 1 0 0.6562 0.5433 0.5148
RAW 4 1 9 1 0 0.8958 0.8633 0.8205
RAW 5 1 8 1 0 0.6979 0.4483 0.4102
RAW 0 2 3 1 1 0.7604 0.7633 0.7490
RAW 1 2 5 1 0 0.7812 0.5583 0.5345
RAW 2 2 7 1 0 0.7292 0.5650 0.5317
RAW 3 2 4 1 0 0.5208 0.5967 0.5776
RAW 4 2 5 1 0 0.7708 0.7833 0.7595
RAW 5 2 5 1 0 0.7708 0.5633 0.5395
RAW 0 3 3 1 1 0.8125 0.7533 0.7390
RAW 1 3 6 1 0 0.7708 0.7400 0.7114
RAW 2 3 7 1 0 0.5417 0.4733 0.4400
RAW 3 3 4 1 0 0.8542 0.8000 0.7810
RAW 4 3 7 1 0 0.8021 0.7617 0.7283
RAW 5 3 6 1 0 0.7604 0.5883 0.5598
RAW 0 4 3 1 1 0.6250 0.6033 0.5890
RAW 1 4 5 1 0 0.8542 0.5150 0.4912
RAW 2 4 3 1 1 0.8438 0.5167 0.5024
RAW 3 4 6 1 0 0.6562 0.5183 0.4898
RAW 4 4 3 1 0 0.6250 0.5583 0.5440
RAW 5 4 5 1 0 0.6042 0.5317 0.5079
RAW 0 5 3 1 1 0.7917 0.7633 0.7490
RAW 1 5 9 1 0 0.7708 0.7367 0.6938
RAW 2 5 6 1 0 0.8021 0.7850 0.7564
RAW 3 5 7 1 0 0.7708 0.7700 0.7367
RAW 4 5 7 1 0 0.7604 0.7600 0.7267
RAW 5 5 9 1 0 0.6458 0.5917 0.5488
RAW 0 6 3 1 1 0.8333 0.8417 0.8274
RAW 1 6 4 1 0 0.8438 0.8400 0.8210
RAW 2 6 5 1 0 0.8646 0.8083 0.7845
RAW 3 6 5 1 0 0.8333 0.8333 0.8095
RAW 4 6 6 1 0 0.7917 0.6483 0.6198
RAW 5 6 4 1 0 0.5729 0.5133 0.4943
RAW 0 7 3 1 1 0.6146 0.5667 0.5524
RAW 1 7 5 1 0 0.6042 0.4883 0.4645
RAW 2 7 2 1 0 0.6354 0.6200 0.6105
RAW 3 7 4 1 0 0.6146 0.4883 0.4693
RAW 4 7 4 1 0 0.5833 0.5133 0.4943
RAW 5 7 5 1 0 0.6250 0.5533 0.5295
RAW 0 8 3 1 1 0.9062 0.7667 0.7524
RAW 1 8 6 1 1 0.9062 0.8667 0.8381
RAW 2 8 9 1 0 0.8958 0.8650 0.8221
RAW 3 8 8 1 0 0.6146 0.6083 0.5702
RAW 4 8 7 1 0 0.6562 0.6383 0.6050
RAW 5 8 6 1 0 0.6979 0.4583 0.4298
RAW 0 9 3 1 1 0.5833 0.5667 0.5524
RAW 1 9 5 1 0 0.5833 0.5467 0.5229
RAW 2 9 3 1 0 0.5521 0.4867 0.4724
RAW 3 9 6 1 0 0.5625 0.5867 0.5581
RAW 4 9 3 1 0 0.5521 0.4867 0.4724
RAW 5 9 5 1 0 0.5833 0.4517 0.4279
RAW 0 10 3 1 1 0.7083 0.7600 0.7457
RAW 1 10 3 1 1 0.7083 0.7600 0.7457
RAW 2 10 4 1 1 0.7083 0.7717 0.7526
RAW 3 10 3 1 0 0.7083 0.7617 0.7474
RAW 4 10 4 1 0 0.6979 0.7750 0.7560
RAW 5 10 3 1 0 0.5208 0.4933 0.4790
RAW 0 11 3 1 1 0.5312 0.4917 0.4774
RAW 1 11 8 1 0 0.8333 0.5417 0.5036
RAW 2 11 11 1 0 0.7604 0.5317 0.4793
RAW 3 11 6 1 0 0.6771 0.5700 0.5414
RAW 4 11 8 1 0 0.7292 0.5750 0.5369
RAW 5 11 8 1 0 0.6458 0.5000 0.4619
RAW 0 12 3 1 1 0.5625 0.5350 0.5207
RAW 1 12 6 1 0 0.7083 0.5567 0.5281
RAW 2 12 4 1 0 0.5729 0.5183 0.4993
RAW 3 12 3 1 0 0.6250 0.5200 0.5057
RAW 4 12 6 1 0 0.6562 0.5300 0.5014
RAW 5 12 6 1 0 0.6979 0.5483 0.5198
RAW 0 13 3 1 1 0.6042 0.6233 0.6090
RAW 1 13 5 1 0 0.7917 0.7333 0.7095
RAW 2 13 6 1 0 0.7500 0.7317 0.7031
RAW 3 13 4 1 1 0.7708 0.7367 0.7176
RAW 4 13 4 1 1 0.7708 0.7367 0.7176
RAW 5 13 5 1 0 0.6042 0.4750 0.4512
RAW 0 14 3 1 1 0.5833 0.5100 0.4957
RAW 1 14 10 1 0 0.7917 0.7250 0.6774
RAW 2 14 7 1 0 0.7396 0.5850 0.5517
RAW 3 14 7 1 0 0.7812 0.6900 0.6567
RAW 4 14 6 1 0 0.6875 0.6117 0.5831
RAW 5 14 10 1 0 0.6979 0.5933 0.5457
RAW 0 15 3 1 1 0.7396 0.7967 0.7824
RAW 1 15 7 1 0 0.9167 0.8183 0.7850
RAW 2 15 8 1 0 0.9167 0.8050 0.7669
RAW 3 15 7 1 0 0.9167 0.8267 0.7933
RAW 4 15 7 1 0 0.7917 0.7900 0.7567
RAW 5 15 7 1 0 0.5833 0.5000 0.4667
RAW 0 16 3 1 1 0.7396 0.7750 0.7607
RAW 1 16 11 1 0 0.8854 0.8167 0.7643
RAW 2 16 6 1 1 0.8854 0.8567 0.8281
RAW 3 16 7 1 0 0.8646 0.8500 0.8167
RAW 4 16 6 1 1 0.8854 0.8567 0.8281
RAW 5 16 11 1 0 0.6667 0.6033 0.5510
RAW 0 17 3 1 1 0.6771 0.7033 0.6890
RAW 1 17 6 1 0 0.7604 0.7433 0.7148
RAW 2 17 7 1 0 0.7500 0.7317 0.6983
RAW 3 17 7 1 0 0.7708 0.6367 0.6033
RAW 4 17 6 1 0 0.7708 0.7450 0.7164
RAW 5 17 6 1 0 0.7917 0.5567 0.5281
RAW 0 18 3 1 1 0.8854 0.6367 0.6224
RAW 1 18 6 1 0 0.7292 0.5467 0.5181
RAW 2 18 6 1 0 0.8958 0.7483 0.7198
RAW 3 18 8 1 0 0.8542 0.7517 0.7136
RAW 4 18 5 1 0 0.8854 0.7683 0.7445
RAW 5 18 6 1 0 0.7500 0.4833 0.4548
RAW 0 19 3 1 1 0.7188 0.7367 0.7224
RAW 1 19 6 1 1 0.7917 0.7067 0.6781
RAW 2 19 10 1 0 0.7708 0.7883 0.7407
RAW 3 19 6 1 0 0.7500 0.7600 0.7314
RAW 4 19 7 1 0 0.7292 0.8000 0.7667
RAW 5 19 6 1 0 0.7708 0.5000 0.4714
RAW 0 20 3 1 1 0.8854 0.8683 0.8540
RAW 1 20 8 1 0 0.8958 0.8783 0.8402
RAW 2 20 7 1 0 0.8854 0.9250 0.8917
RAW 3 20 4 1 0 0.8854 0.8767 0.8576
RAW 4 20 5 1 0 0.8542 0.8833 0.8595
RAW 5 20 8 1 0 0.9167 0.8783 0.8402
  producer                    taps  shared contig train acc   heldout  objective
  ideal conv (shared)          3.0    1.00   1.00     0.719     0.692     0.6774
  GA flip-only                 6.5    1.00   0.15     0.791     0.693     0.6623
  GA flip+slide                6.2    1.00   0.15     0.769     0.699     0.6692
  GA flip+rewire               5.6    1.00   0.05     0.734     0.686     0.6596
  GA flip+xover                5.8    1.00   0.10     0.745     0.704     0.6769
  GA-tap-matched random        6.5    1.00   0.00     0.680     0.542     0.5109

GATE (protocol item 9, before any operator work):
  PASS if 'ideal conv (shared)' has the highest objective -- the convolution is finally the
  optimum, and the search question becomes meaningful.
  The UNSHARED rows are the mechanism check: they should fit train and collapse on heldout.
  If they transfer too, the task does not demand sharing and this probe is not yet valid.
