emerge_rewire2 -- rewiring vs add/remove (paper 2, version 2)
inner: backprop, 50 epochs, curve every 5.   outer: GA, POP=24 ELITE=12, 150 gens x 30 seeds
fitness = final accuracy - 1.000*energy    PSLIDE=0.150 PGROW=0.100 PSHARE=0.050

PROTOCOL  sensitivity placement  fitness 0.5483..0.9150 (span 0.3667)  energy 0.025000..0.025000
PROTOCOL  sensitivity width      fitness 0.4250..0.8567 (span 0.4317)  energy 0.008333..0.100000
PROTOCOL  convergence   accuracy gained over the second half of the budget: -0.0047
PROTOCOL                -> CONVERGED: endpoint summarises the learner; trajectory fitness would add only noise

  arm             shared-frac  mean-w  max-w  coverage  energy   test  diversity
RAW 0 150 1 0.9167 3.4000 11.0000 1.0000 0.091667 0.9040
RAW 0 150 2 1.0000 7.1000 12.0000 1.0000 0.100000 0.9070
RAW 0 150 3 0.9167 10.0000 11.0000 1.0000 0.091667 0.9080
RAW 0 150 4 1.0000 9.3000 12.0000 1.0000 0.100000 0.9250
RAW 0 150 5 0.8333 8.4000 10.0000 1.0000 0.083333 0.8550
RAW 0 150 6 1.0000 3.2000 12.0000 1.0000 0.100000 0.8880
RAW 0 150 7 0.8333 8.6000 10.0000 1.0000 0.083333 0.9060
RAW 0 150 8 0.8333 6.5000 10.0000 1.0000 0.083333 0.9260
RAW 0 150 9 1.0000 11.3000 12.0000 1.0000 0.100000 0.9230
RAW 0 150 10 1.0000 3.0000 12.0000 1.0000 0.100000 0.9350
RAW 0 150 11 0.8333 5.8000 10.0000 1.0000 0.083333 0.9040
RAW 0 150 12 0.9167 10.1000 11.0000 1.0000 0.091667 0.8660
RAW 0 150 13 1.0000 7.6000 12.0000 1.0000 0.100000 0.8980
RAW 0 150 14 1.0000 8.5000 12.0000 1.0000 0.100000 0.8620
RAW 0 150 15 0.9167 9.2000 11.0000 1.0000 0.091667 0.8870
RAW 0 150 16 1.0000 9.0000 12.0000 1.0000 0.100000 0.8960
RAW 0 150 17 1.0000 7.1000 12.0000 1.0000 0.100000 0.8660
RAW 0 150 18 1.0000 2.4000 12.0000 1.0000 0.100000 0.7890
RAW 0 150 19 1.0000 3.1000 12.0000 1.0000 0.100000 0.8270
RAW 0 150 20 1.0000 7.6000 12.0000 1.0000 0.100000 0.9500
RAW 0 150 21 0.8333 3.3000 10.0000 1.0000 0.083333 0.9180
RAW 0 150 22 0.8333 5.6000 10.0000 1.0000 0.083333 0.8590
RAW 0 150 23 1.0000 11.5000 12.0000 1.0000 0.100000 0.8320
RAW 0 150 24 1.0000 4.1000 12.0000 1.0000 0.100000 0.8010
RAW 0 150 25 1.0000 9.5000 12.0000 1.0000 0.100000 0.9360
RAW 0 150 26 0.9167 8.5000 11.0000 1.0000 0.091667 0.9290
RAW 0 150 27 0.9167 5.7000 11.0000 1.0000 0.091667 0.9190
RAW 0 150 28 0.9167 10.0000 11.0000 1.0000 0.091667 0.9490
RAW 0 150 29 0.9167 8.6000 11.0000 1.0000 0.091667 0.8970
RAW 0 150 30 0.9167 8.3000 11.0000 1.0000 0.091667 0.9230
  0 no-rewire      0.972       7.07    11.26   0.938    0.1058   0.893    0.0428
RAW 1 150 1 1.0000 6.8000 9.0000 1.0000 0.075000 0.9470
RAW 1 150 2 0.9167 3.9000 8.0000 1.0000 0.066667 0.9310
RAW 1 150 3 0.9167 2.3000 5.0000 1.0000 0.041667 0.9240
RAW 1 150 4 0.9167 5.3000 9.0000 1.0000 0.075000 0.8980
RAW 1 150 5 0.9167 2.6000 5.0000 1.0000 0.041667 0.9060
RAW 1 150 6 1.0000 3.4000 8.0000 1.0000 0.066667 0.9220
RAW 1 150 7 0.9167 7.7000 10.0000 1.0000 0.083333 0.9150
RAW 1 150 8 0.8333 4.8000 9.0000 1.0000 0.075000 0.9410
RAW 1 150 9 1.0000 5.0000 8.0000 1.0000 0.066667 0.9310
RAW 1 150 10 1.0000 4.1000 10.0000 1.0000 0.083333 0.9450
RAW 1 150 11 0.8333 3.7000 7.0000 1.0000 0.058333 0.9200
RAW 1 150 12 1.0000 6.3000 11.0000 1.0000 0.091667 0.8770
RAW 1 150 13 1.0000 3.4000 12.0000 1.0000 0.100000 0.8140
RAW 1 150 14 1.0000 6.9000 11.0000 1.0000 0.091667 0.8510
RAW 1 150 15 0.9167 6.1000 8.0000 1.0000 0.066667 0.8890
RAW 1 150 16 1.0000 6.6000 10.0000 1.0000 0.083333 0.9450
RAW 1 150 17 0.5833 1.4000 4.0000 1.0000 0.033333 0.8580
RAW 1 150 18 1.0000 3.0000 12.0000 1.0000 0.100000 0.8440
RAW 1 150 19 1.0000 6.8000 12.0000 1.0000 0.100000 0.8510
RAW 1 150 20 1.0000 9.1000 12.0000 1.0000 0.100000 0.9440
RAW 1 150 21 0.9167 5.2000 8.0000 1.0000 0.066667 0.9550
RAW 1 150 22 0.9167 5.5000 9.0000 1.0000 0.075000 0.9330
RAW 1 150 23 1.0000 4.8000 10.0000 1.0000 0.083333 0.8030
RAW 1 150 24 1.0000 3.6000 11.0000 1.0000 0.091667 0.8400
RAW 1 150 25 1.0000 3.4000 7.0000 1.0000 0.058333 0.9500
RAW 1 150 26 0.9167 2.2000 5.0000 1.0000 0.041667 0.8940
RAW 1 150 27 0.9167 3.9000 6.0000 1.0000 0.050000 0.9180
RAW 1 150 28 0.9167 8.3000 10.0000 1.0000 0.083333 0.9560
RAW 1 150 29 0.9167 4.6000 9.0000 1.0000 0.075000 0.9400
RAW 1 150 30 1.0000 6.2000 10.0000 1.0000 0.083333 0.9620
  1 slide-1        0.972       4.75    9.00   0.932    0.0847   0.907    0.0599
RAW 2 150 1 1.0000 2.7000 4.0000 1.0000 0.033333 0.9350
RAW 2 150 2 1.0000 3.1000 5.0000 1.0000 0.041667 0.9470
RAW 2 150 3 0.9167 3.6000 5.0000 1.0000 0.041667 0.9340
RAW 2 150 4 1.0000 3.3000 6.0000 1.0000 0.050000 0.8810
RAW 2 150 5 1.0000 2.1000 3.0000 1.0000 0.025000 0.8540
RAW 2 150 6 0.9167 2.7000 3.0000 1.0000 0.025000 0.8970
RAW 2 150 7 0.9167 2.3000 3.0000 1.0000 0.025000 0.9070
RAW 2 150 8 0.9167 5.6000 9.0000 1.0000 0.075000 0.9440
RAW 2 150 9 1.0000 4.7000 8.0000 1.0000 0.066667 0.9350
RAW 2 150 10 1.0000 3.3000 5.0000 1.0000 0.041667 0.9420
RAW 2 150 11 0.9167 1.3000 2.0000 1.0000 0.016667 0.9080
RAW 2 150 12 1.0000 8.4000 11.0000 1.0000 0.091667 0.8910
RAW 2 150 13 1.0000 2.1000 8.0000 1.0000 0.066667 0.8870
RAW 2 150 14 1.0000 8.6000 12.0000 1.0000 0.100000 0.8810
RAW 2 150 15 1.0000 4.4000 6.0000 1.0000 0.050000 0.9160
RAW 2 150 16 1.0000 6.0000 10.0000 1.0000 0.083333 0.9560
RAW 2 150 17 0.6667 1.3000 2.0000 1.0000 0.016667 0.8800
RAW 2 150 18 0.6667 1.4000 2.0000 1.0000 0.016667 0.8720
RAW 2 150 19 1.0000 7.7000 11.0000 1.0000 0.091667 0.8360
RAW 2 150 20 1.0000 5.3000 10.0000 1.0000 0.083333 0.9550
RAW 2 150 21 0.9167 3.9000 5.0000 1.0000 0.041667 0.9420
RAW 2 150 22 1.0000 4.2000 6.0000 1.0000 0.050000 0.9230
RAW 2 150 23 0.6667 1.0000 1.0000 1.0000 0.008333 0.8590
RAW 2 150 24 0.5833 1.0000 1.0000 1.0000 0.008333 0.8090
RAW 2 150 25 1.0000 3.6000 6.0000 1.0000 0.050000 0.9410
RAW 2 150 26 1.0000 5.7000 8.0000 1.0000 0.066667 0.9340
RAW 2 150 27 0.9167 2.0000 3.0000 1.0000 0.025000 0.9150
RAW 2 150 28 0.9167 3.3000 6.0000 1.0000 0.050000 0.9330
RAW 2 150 29 1.0000 2.9000 4.0000 1.0000 0.033333 0.9420
RAW 2 150 30 0.9167 4.5000 7.0000 1.0000 0.058333 0.9670
  2 rewire-rand    0.972       3.66    5.96   0.908    0.0580   0.911    0.1023
RAW 3 150 1 1.0000 6.1000 8.0000 1.0000 0.066667 0.9370
RAW 3 150 2 1.0000 3.9000 5.0000 1.0000 0.041667 0.9440
RAW 3 150 3 1.0000 3.2000 6.0000 1.0000 0.050000 0.9570
RAW 3 150 4 1.0000 3.6000 7.0000 1.0000 0.058333 0.9130
RAW 3 150 5 1.0000 2.4000 4.0000 1.0000 0.033333 0.8870
RAW 3 150 6 1.0000 5.4000 8.0000 1.0000 0.066667 0.9530
RAW 3 150 7 0.9167 7.9000 10.0000 1.0000 0.083333 0.9170
RAW 3 150 8 0.8333 6.7000 9.0000 1.0000 0.075000 0.9390
RAW 3 150 9 1.0000 6.3000 10.0000 1.0000 0.083333 0.9600
RAW 3 150 10 1.0000 2.9000 5.0000 1.0000 0.041667 0.9460
RAW 3 150 11 0.8333 2.7000 4.0000 1.0000 0.033333 0.8950
RAW 3 150 12 1.0000 7.9000 11.0000 1.0000 0.091667 0.8780
RAW 3 150 13 1.0000 2.2000 4.0000 1.0000 0.033333 0.8890
RAW 3 150 14 1.0000 9.7000 12.0000 1.0000 0.100000 0.8810
RAW 3 150 15 1.0000 4.8000 6.0000 1.0000 0.050000 0.9220
RAW 3 150 16 1.0000 7.0000 10.0000 1.0000 0.083333 0.9530
RAW 3 150 17 0.6667 1.4000 2.0000 1.0000 0.016667 0.8800
RAW 3 150 18 0.5000 1.2000 2.0000 1.0000 0.016667 0.8920
RAW 3 150 19 1.0000 7.3000 12.0000 1.0000 0.100000 0.8540
RAW 3 150 20 1.0000 7.8000 10.0000 1.0000 0.083333 0.9490
RAW 3 150 21 1.0000 3.7000 6.0000 1.0000 0.050000 0.9530
RAW 3 150 22 1.0000 3.4000 5.0000 1.0000 0.041667 0.7860
RAW 3 150 23 0.7500 1.2000 2.0000 1.0000 0.016667 0.8700
RAW 3 150 24 0.7500 1.3000 3.0000 1.0000 0.025000 0.8330
RAW 3 150 25 1.0000 6.6000 8.0000 1.0000 0.066667 0.9530
RAW 3 150 26 1.0000 6.5000 9.0000 1.0000 0.075000 0.9430
RAW 3 150 27 0.9167 2.1000 3.0000 1.0000 0.025000 0.9160
RAW 3 150 28 0.9167 4.1000 6.0000 1.0000 0.050000 0.9380
RAW 3 150 29 0.9167 3.4000 4.0000 1.0000 0.033333 0.9340
RAW 3 150 30 1.0000 6.5000 8.0000 1.0000 0.066667 0.9590
  3 xover-canon    0.972       4.44    6.75   0.917    0.0644   0.914    0.1033
RAW 4 150 1 0.9167 5.6000 8.0000 1.0000 0.066667 0.9400
RAW 4 150 2 1.0000 3.3000 4.0000 1.0000 0.033333 0.9350
RAW 4 150 3 1.0000 2.7000 4.0000 1.0000 0.033333 0.9340
RAW 4 150 4 0.9167 4.9000 8.0000 1.0000 0.066667 0.9030
RAW 4 150 5 1.0000 2.7000 4.0000 1.0000 0.033333 0.9150
RAW 4 150 6 0.9167 3.1000 6.0000 1.0000 0.050000 0.9050
RAW 4 150 7 0.9167 6.7000 10.0000 1.0000 0.083333 0.9080
RAW 4 150 8 0.8333 2.9000 6.0000 1.0000 0.050000 0.9350
RAW 4 150 9 1.0000 6.8000 10.0000 1.0000 0.083333 0.9530
RAW 4 150 10 1.0000 3.3000 6.0000 1.0000 0.050000 0.9420
RAW 4 150 11 0.8333 1.4000 3.0000 1.0000 0.025000 0.8910
RAW 4 150 12 1.0000 8.3000 11.0000 1.0000 0.091667 0.8900
RAW 4 150 13 1.0000 6.8000 12.0000 1.0000 0.100000 0.8940
RAW 4 150 14 1.0000 7.5000 12.0000 1.0000 0.100000 0.8930
RAW 4 150 15 0.9167 2.5000 4.0000 1.0000 0.033333 0.8830
RAW 4 150 16 1.0000 5.5000 10.0000 1.0000 0.083333 0.9540
RAW 4 150 17 0.6667 1.4000 2.0000 1.0000 0.016667 0.8780
RAW 4 150 18 1.0000 2.9000 12.0000 1.0000 0.100000 0.8650
RAW 4 150 19 1.0000 6.1000 12.0000 1.0000 0.100000 0.8180
RAW 4 150 20 1.0000 5.9000 10.0000 1.0000 0.083333 0.9490
RAW 4 150 21 1.0000 6.5000 8.0000 1.0000 0.066667 0.9570
RAW 4 150 22 1.0000 3.0000 5.0000 1.0000 0.041667 0.9100
RAW 4 150 23 0.8333 1.4000 2.0000 1.0000 0.016667 0.8670
RAW 4 150 24 0.5833 1.2000 2.0000 1.0000 0.016667 0.8100
RAW 4 150 25 1.0000 4.9000 8.0000 1.0000 0.066667 0.9470
RAW 4 150 26 1.0000 7.1000 9.0000 1.0000 0.075000 0.9370
RAW 4 150 27 1.0000 2.0000 3.0000 1.0000 0.025000 0.9210
RAW 4 150 28 0.9167 3.0000 5.0000 1.0000 0.041667 0.9380
RAW 4 150 29 1.0000 3.0000 5.0000 1.0000 0.041667 0.9330
RAW 4 150 30 1.0000 2.7000 3.0000 1.0000 0.025000 0.9320
  4 xover-raw      0.972       4.14    6.92   0.922    0.0651   0.911    0.1075
RAW 5 150 1 1.0000 3.2000 6.0000 1.0000 0.050000 0.9280
RAW 5 150 2 1.0000 2.4000 4.0000 1.0000 0.033333 0.9350
RAW 5 150 3 0.9167 3.2000 5.0000 1.0000 0.041667 0.9320
RAW 5 150 4 0.8333 3.9000 6.0000 1.0000 0.050000 0.8870
RAW 5 150 5 1.0000 6.0000 8.0000 1.0000 0.066667 0.9450
RAW 5 150 6 1.0000 5.3000 8.0000 1.0000 0.066667 0.9420
RAW 5 150 7 0.9167 6.4000 10.0000 1.0000 0.083333 0.9120
RAW 5 150 8 0.9167 2.0000 3.0000 1.0000 0.025000 0.9040
RAW 5 150 9 1.0000 8.2000 10.0000 1.0000 0.083333 0.9600
RAW 5 150 10 1.0000 4.2000 7.0000 1.0000 0.058333 0.9540
RAW 5 150 11 0.8333 3.0000 4.0000 1.0000 0.033333 0.9010
RAW 5 150 12 1.0000 6.5000 11.0000 1.0000 0.091667 0.8710
RAW 5 150 13 1.0000 1.9000 3.0000 1.0000 0.025000 0.8800
RAW 5 150 14 1.0000 8.9000 12.0000 1.0000 0.100000 0.8730
RAW 5 150 15 1.0000 3.4000 5.0000 1.0000 0.041667 0.9150
RAW 5 150 16 1.0000 5.9000 10.0000 1.0000 0.083333 0.9460
RAW 5 150 17 0.5833 1.2000 2.0000 1.0000 0.016667 0.8790
RAW 5 150 18 0.5833 1.2000 2.0000 1.0000 0.016667 0.8760
RAW 5 150 19 0.6667 1.3000 2.0000 1.0000 0.016667 0.8480
RAW 5 150 20 1.0000 6.4000 10.0000 1.0000 0.083333 0.9360
RAW 5 150 21 1.0000 5.5000 8.0000 1.0000 0.066667 0.9620
RAW 5 150 22 0.9167 4.1000 6.0000 1.0000 0.050000 0.9290
RAW 5 150 23 0.7500 1.3000 2.0000 1.0000 0.016667 0.8660
RAW 5 150 24 1.0000 7.9000 11.0000 1.0000 0.091667 0.8370
RAW 5 150 25 1.0000 4.8000 7.0000 1.0000 0.058333 0.9590
RAW 5 150 26 1.0000 7.3000 9.0000 1.0000 0.075000 0.9320
RAW 5 150 27 0.9167 3.0000 4.0000 1.0000 0.033333 0.9170
RAW 5 150 28 1.0000 6.6000 10.0000 1.0000 0.083333 0.9640
RAW 5 150 29 0.9167 3.4000 5.0000 1.0000 0.041667 0.9290
RAW 5 150 30 0.9167 4.9000 7.0000 1.0000 0.058333 0.9550
  5 xover-block    0.965       4.35    6.81   0.919    0.0670   0.916    0.1073

acceptance test: with default knobs this must reproduce emerge_rewire.c (version 1)
and the archived scratch_rewire_*.out per-seed data exactly.
