STAGED searcher: clone while it pays, recombine when it stalls. s=8, 24 seeds, target 0.85
N=24 K=3 dilations {1,2,3} up to L=6. cost = candidate trainings.

  task regime               | strategy | solve | mean-cost | note
RAW 0 1 1 0 1
RAW 0 2 1 1 1
RAW 0 3 0 1 1
RAW 0 4 1 1 1
RAW 0 5 1 0 1
RAW 0 6 0 0 0
RAW 0 7 0 1 1
RAW 0 8 1 1 1
RAW 0 9 1 1 1
RAW 0 10 1 1 1
RAW 0 11 0 0 0
RAW 0 12 0 1 1
RAW 0 13 1 1 1
RAW 0 14 0 1 1
RAW 0 15 1 0 1
RAW 0 16 1 1 1
RAW 0 17 0 1 1
RAW 0 18 1 1 1
RAW 0 19 0 1 1
RAW 0 20 1 1 1
RAW 0 21 0 1 1
RAW 0 22 1 1 1
RAW 0 23 1 1 1
RAW 0 24 1 0 1
  ONE-OP (repetitive)       | REUSE    | 15/24  |     63    | clone only
                            | FREE     | 18/24  |    135    | recombine only
                            | STAGED   | 22/24  |    114    | solved: 15 via clone, 7 via recombine
                            |
RAW 1 1 0 1 1
RAW 1 2 0 1 1
RAW 1 3 1 1 1
RAW 1 4 0 1 1
RAW 1 5 0 1 1
RAW 1 6 0 1 1
RAW 1 7 1 1 1
RAW 1 8 0 1 1
RAW 1 9 0 1 1
RAW 1 10 1 1 1
RAW 1 11 1 1 1
RAW 1 12 0 1 1
RAW 1 13 1 1 1
RAW 1 14 1 1 1
RAW 1 15 0 1 1
RAW 1 16 1 1 1
RAW 1 17 1 1 1
RAW 1 18 1 1 1
RAW 1 19 1 1 1
RAW 1 20 0 1 1
RAW 1 21 0 1 1
RAW 1 22 0 1 1
RAW 1 23 0 1 1
RAW 1 24 1 1 1
  TWO-OP (two different ops) | REUSE    | 11/24  |     78    | clone only
                            | FREE     | 24/24  |    140    | recombine only
                            | STAGED   | 24/24  |    154    | solved: 11 via clone, 13 via recombine

STAGED wins if it matches REUSE's low cost on ONE-OP (solves in clone) and FREE's solve
rate on TWO-OP (detects the stall, recombines) -- adapting to the regime without being told.
