emerge_rewire2 -- rewiring vs add/remove (paper 2, version 2)
inner: backprop, 50 epochs, curve every 5.   outer: GA, POP=24 ELITE=4, 150 gens x 30 seeds
seed = minimal (w=1, coverage must be earned)
fitness = final accuracy - 2.000*energy    PSLIDE=0.150 PGROW=0.100 PSHARE=0.050

PROTOCOL  sensitivity placement  fitness 0.5233..0.8900 (span 0.3667)  energy 0.025000..0.025000
PROTOCOL  sensitivity width      fitness 0.4167..0.7700 (span 0.3533)  energy 0.008333..0.100000
PROTOCOL  convergence   accuracy gained over the second half of the budget: -0.0047
PROTOCOL                -> CONVERGED: endpoint summarises the learner; trajectory fitness would add only noise

  arm             shared-frac  mean-w  max-w  coverage  energy   test  diversity
RAW 0 150 1 0.9167 2.4000 11.0000 1.0000 0.091667 0.9070
RAW 0 150 2 0.7500 2.3000 9.0000 1.0000 0.075000 0.8060
RAW 0 150 3 0.3333 1.7000 4.0000 1.0000 0.033333 0.6430
RAW 0 150 4 0.5833 2.1000 7.0000 1.0000 0.058333 0.7620
RAW 0 150 5 0.1667 1.1000 2.0000 1.0000 0.016667 0.5650
RAW 0 150 6 0.0833 1.0000 1.0000 1.0000 0.008333 0.5320
RAW 0 150 7 0.2500 1.4000 3.0000 1.0000 0.025000 0.6850
RAW 0 150 8 0.1667 1.7000 2.0000 1.0000 0.016667 0.6310
RAW 0 150 9 0.4167 1.8000 5.0000 1.0000 0.041667 0.6980
RAW 0 150 10 0.5000 2.6000 6.0000 1.0000 0.050000 0.7230
RAW 0 150 11 0.2500 1.5000 3.0000 1.0000 0.025000 0.6170
RAW 0 150 12 0.0833 1.0000 1.0000 1.0000 0.008333 0.6990
RAW 0 150 13 0.1667 1.1000 2.0000 1.0000 0.016667 0.7210
RAW 0 150 14 0.1667 1.3000 2.0000 1.0000 0.016667 0.7600
RAW 0 150 15 0.9167 2.3000 11.0000 1.0000 0.091667 0.8850
RAW 0 150 16 0.1667 1.2000 2.0000 1.0000 0.016667 0.6130
RAW 0 150 17 0.1667 1.1000 2.0000 1.0000 0.016667 0.7280
RAW 0 150 18 0.0833 1.0000 1.0000 1.0000 0.008333 0.6930
RAW 0 150 19 0.1667 1.1000 2.0000 1.0000 0.016667 0.6550
RAW 0 150 20 0.4167 1.6000 5.0000 1.0000 0.041667 0.7080
RAW 0 150 21 0.5000 1.9000 6.0000 1.0000 0.050000 0.7430
RAW 0 150 22 0.4167 2.2000 5.0000 1.0000 0.041667 0.6840
RAW 0 150 23 0.1667 1.3000 2.0000 1.0000 0.016667 0.7490
RAW 0 150 24 0.1667 1.1000 2.0000 1.0000 0.016667 0.7340
RAW 0 150 25 0.5000 2.0000 6.0000 1.0000 0.050000 0.7340
RAW 0 150 26 1.0000 2.3000 12.0000 1.0000 0.100000 0.9340
RAW 0 150 27 0.9167 2.3000 11.0000 1.0000 0.091667 0.9250
RAW 0 150 28 0.5000 1.7000 6.0000 1.0000 0.050000 0.7060
RAW 0 150 29 0.4167 1.7000 5.0000 1.0000 0.041667 0.7290
RAW 0 150 30 0.6667 2.5000 8.0000 1.0000 0.066667 0.8110
  0 no-rewire      0.951       1.65    4.72   0.393    0.0441   0.726    0.0147
RAW 1 150 1 0.9167 2.2000 4.0000 1.0000 0.033333 0.9370
RAW 1 150 2 0.9167 2.3000 4.0000 1.0000 0.033333 0.8990
RAW 1 150 3 0.9167 2.0000 5.0000 1.0000 0.041667 0.9140
RAW 1 150 4 0.8333 1.7000 4.0000 1.0000 0.033333 0.8740
RAW 1 150 5 0.9167 1.8000 4.0000 1.0000 0.033333 0.8770
RAW 1 150 6 0.8333 1.6000 6.0000 1.0000 0.050000 0.8620
RAW 1 150 7 0.2500 1.0000 1.0000 1.0000 0.008333 0.6750
RAW 1 150 8 0.8333 2.1000 3.0000 1.0000 0.025000 0.8670
RAW 1 150 9 0.8333 2.2000 4.0000 1.0000 0.033333 0.8930
RAW 1 150 10 1.0000 2.3000 7.0000 1.0000 0.058333 0.9320
RAW 1 150 11 0.2500 1.0000 1.0000 1.0000 0.008333 0.6220
RAW 1 150 12 0.0833 1.0000 1.0000 1.0000 0.008333 0.6990
RAW 1 150 13 0.5000 1.2000 2.0000 1.0000 0.016667 0.7740
RAW 1 150 14 0.3333 1.0000 1.0000 1.0000 0.008333 0.7530
RAW 1 150 15 0.9167 1.9000 4.0000 1.0000 0.033333 0.8770
RAW 1 150 16 0.8333 1.7000 4.0000 1.0000 0.033333 0.9030
RAW 1 150 17 0.1667 1.0000 1.0000 1.0000 0.008333 0.7420
RAW 1 150 18 0.2500 1.0000 1.0000 1.0000 0.008333 0.7020
RAW 1 150 19 0.2500 1.0000 1.0000 1.0000 0.008333 0.6540
RAW 1 150 20 0.8333 1.6000 3.0000 1.0000 0.025000 0.9080
RAW 1 150 21 0.8333 2.8000 6.0000 1.0000 0.050000 0.9310
RAW 1 150 22 0.3333 1.0000 1.0000 1.0000 0.008333 0.6720
RAW 1 150 23 0.1667 1.0000 1.0000 1.0000 0.008333 0.7500
RAW 1 150 24 0.2500 1.0000 1.0000 1.0000 0.008333 0.7290
RAW 1 150 25 0.9167 1.9000 4.0000 1.0000 0.033333 0.9010
RAW 1 150 26 0.9167 2.0000 4.0000 1.0000 0.033333 0.8750
RAW 1 150 27 0.8333 1.6000 4.0000 1.0000 0.033333 0.8870
RAW 1 150 28 0.9167 2.1000 5.0000 1.0000 0.041667 0.9250
RAW 1 150 29 0.9167 1.8000 4.0000 1.0000 0.033333 0.9010
RAW 1 150 30 0.8333 1.9000 4.0000 1.0000 0.033333 0.8770
  1 slide-1        0.944       1.60    3.35   0.630    0.0338   0.827    0.0271
RAW 2 150 1 0.8333 1.5000 2.0000 1.0000 0.016667 0.9040
RAW 2 150 2 0.9167 1.5000 2.0000 1.0000 0.016667 0.9030
RAW 2 150 3 1.0000 1.5000 3.0000 1.0000 0.025000 0.9350
RAW 2 150 4 0.9167 1.5000 2.0000 1.0000 0.016667 0.8690
RAW 2 150 5 1.0000 1.7000 2.0000 1.0000 0.016667 0.8570
RAW 2 150 6 0.8333 1.3000 2.0000 1.0000 0.016667 0.8780
RAW 2 150 7 0.8333 1.3000 2.0000 1.0000 0.016667 0.9310
RAW 2 150 8 0.8333 1.2000 2.0000 1.0000 0.016667 0.8990
RAW 2 150 9 0.9167 1.4000 2.0000 1.0000 0.016667 0.8990
RAW 2 150 10 1.0000 2.2000 3.0000 1.0000 0.025000 0.9230
RAW 2 150 11 0.9167 1.3000 2.0000 1.0000 0.016667 0.8930
RAW 2 150 12 0.7500 1.0000 1.0000 1.0000 0.008333 0.8210
RAW 2 150 13 0.8333 1.0000 1.0000 1.0000 0.008333 0.8590
RAW 2 150 14 1.0000 1.4000 2.0000 1.0000 0.016667 0.9170
RAW 2 150 15 0.8333 1.2000 2.0000 1.0000 0.016667 0.8850
RAW 2 150 16 0.9167 1.6000 2.0000 1.0000 0.016667 0.8840
RAW 2 150 17 0.5833 1.0000 1.0000 1.0000 0.008333 0.8650
RAW 2 150 18 0.5833 1.2000 2.0000 1.0000 0.016667 0.8830
RAW 2 150 19 0.6667 1.2000 2.0000 1.0000 0.016667 0.8500
RAW 2 150 20 0.8333 1.3000 2.0000 1.0000 0.016667 0.8870
RAW 2 150 21 0.9167 1.2000 2.0000 1.0000 0.016667 0.9030
RAW 2 150 22 0.7500 1.3000 2.0000 1.0000 0.016667 0.8360
RAW 2 150 23 0.5833 1.0000 1.0000 1.0000 0.008333 0.8550
RAW 2 150 24 0.5000 1.4000 2.0000 1.0000 0.016667 0.8480
RAW 2 150 25 1.0000 1.5000 3.0000 1.0000 0.025000 0.9140
RAW 2 150 26 0.9167 1.4000 2.0000 1.0000 0.016667 0.9100
RAW 2 150 27 0.9167 1.4000 2.0000 1.0000 0.016667 0.9200
RAW 2 150 28 0.8333 1.3000 2.0000 1.0000 0.016667 0.9180
RAW 2 150 29 0.9167 1.3000 2.0000 1.0000 0.016667 0.9270
RAW 2 150 30 0.9167 1.5000 2.0000 1.0000 0.016667 0.9030
  2 rewire-rand    0.944       1.32    2.25   0.765    0.0238   0.889    0.0625
RAW 3 150 1 0.8333 1.3000 2.0000 1.0000 0.016667 0.9030
RAW 3 150 2 0.8333 1.3000 2.0000 1.0000 0.016667 0.8980
RAW 3 150 3 0.9167 1.4000 3.0000 1.0000 0.025000 0.9280
RAW 3 150 4 0.8333 1.0000 1.0000 1.0000 0.008333 0.8530
RAW 3 150 5 1.0000 1.9000 3.0000 1.0000 0.025000 0.8810
RAW 3 150 6 0.9167 1.4000 2.0000 1.0000 0.016667 0.8830
RAW 3 150 7 0.9167 1.3000 2.0000 1.0000 0.016667 0.9360
RAW 3 150 8 0.8333 1.4000 2.0000 1.0000 0.016667 0.8870
RAW 3 150 9 1.0000 1.3000 2.0000 1.0000 0.016667 0.9160
RAW 3 150 10 1.0000 1.9000 3.0000 1.0000 0.025000 0.9280
RAW 3 150 11 0.8333 1.0000 1.0000 1.0000 0.008333 0.9000
RAW 3 150 12 0.6667 1.0000 1.0000 1.0000 0.008333 0.8090
RAW 3 150 13 1.0000 1.4000 2.0000 1.0000 0.016667 0.8990
RAW 3 150 14 1.0000 1.3000 2.0000 1.0000 0.016667 0.9120
RAW 3 150 15 0.7500 1.3000 2.0000 1.0000 0.016667 0.8620
RAW 3 150 16 1.0000 1.7000 2.0000 1.0000 0.016667 0.8870
RAW 3 150 17 0.5000 1.0000 1.0000 1.0000 0.008333 0.8630
RAW 3 150 18 0.5000 1.2000 2.0000 1.0000 0.016667 0.8860
RAW 3 150 19 0.7500 1.3000 2.0000 1.0000 0.016667 0.7850
RAW 3 150 20 0.8333 1.3000 2.0000 1.0000 0.016667 0.8920
RAW 3 150 21 0.8333 1.4000 2.0000 1.0000 0.016667 0.9170
RAW 3 150 22 1.0000 1.5000 3.0000 1.0000 0.025000 0.8910
RAW 3 150 23 0.5833 1.0000 1.0000 1.0000 0.008333 0.8670
RAW 3 150 24 0.5833 1.0000 1.0000 1.0000 0.008333 0.8430
RAW 3 150 25 1.0000 1.6000 3.0000 1.0000 0.025000 0.8920
RAW 3 150 26 0.9167 1.3000 2.0000 1.0000 0.016667 0.9050
RAW 3 150 27 0.8333 1.6000 2.0000 1.0000 0.016667 0.9070
RAW 3 150 28 0.9167 1.2000 2.0000 1.0000 0.016667 0.9190
RAW 3 150 29 0.8333 1.4000 2.0000 1.0000 0.016667 0.8940
RAW 3 150 30 1.0000 1.3000 2.0000 1.0000 0.016667 0.9300
  3 xover-canon    0.971       1.30    2.24   0.756    0.0213   0.889    0.0596
RAW 4 150 1 0.8333 1.4000 2.0000 1.0000 0.016667 0.8980
RAW 4 150 2 0.8333 1.1000 2.0000 1.0000 0.016667 0.9100
RAW 4 150 3 0.9167 1.3000 2.0000 1.0000 0.016667 0.9100
RAW 4 150 4 1.0000 1.2000 2.0000 1.0000 0.016667 0.8630
RAW 4 150 5 0.9167 1.6000 2.0000 1.0000 0.016667 0.8790
RAW 4 150 6 0.8333 1.4000 2.0000 1.0000 0.016667 0.8810
RAW 4 150 7 0.8333 1.3000 2.0000 1.0000 0.016667 0.9070
RAW 4 150 8 0.8333 1.4000 2.0000 1.0000 0.016667 0.9070
RAW 4 150 9 0.9167 1.3000 2.0000 1.0000 0.016667 0.8800
RAW 4 150 10 1.0000 1.8000 3.0000 1.0000 0.025000 0.9100
RAW 4 150 11 0.8333 1.4000 2.0000 1.0000 0.016667 0.8960
RAW 4 150 12 0.6667 1.0000 1.0000 1.0000 0.008333 0.8100
RAW 4 150 13 0.8333 1.0000 1.0000 1.0000 0.008333 0.8580
RAW 4 150 14 0.9167 1.5000 2.0000 1.0000 0.016667 0.8860
RAW 4 150 15 0.8333 1.3000 2.0000 1.0000 0.016667 0.8860
RAW 4 150 16 0.8333 1.5000 2.0000 1.0000 0.016667 0.8910
RAW 4 150 17 0.5833 1.0000 1.0000 1.0000 0.008333 0.8630
RAW 4 150 18 0.5000 1.6000 2.0000 1.0000 0.016667 0.8690
RAW 4 150 19 0.7500 1.2000 2.0000 1.0000 0.016667 0.8500
RAW 4 150 20 0.8333 1.4000 2.0000 1.0000 0.016667 0.8710
RAW 4 150 21 1.0000 1.5000 2.0000 1.0000 0.016667 0.9290
RAW 4 150 22 1.0000 2.1000 3.0000 1.0000 0.025000 0.8800
RAW 4 150 23 0.6667 1.0000 1.0000 1.0000 0.008333 0.8610
RAW 4 150 24 0.5000 1.0000 1.0000 1.0000 0.008333 0.8110
RAW 4 150 25 1.0000 1.4000 2.0000 1.0000 0.016667 0.8820
RAW 4 150 26 1.0000 1.4000 2.0000 1.0000 0.016667 0.8900
RAW 4 150 27 0.9167 1.5000 2.0000 1.0000 0.016667 0.9110
RAW 4 150 28 0.8333 1.4000 2.0000 1.0000 0.016667 0.9230
RAW 4 150 29 0.9167 1.5000 2.0000 1.0000 0.016667 0.9140
RAW 4 150 30 0.9167 1.4000 2.0000 1.0000 0.016667 0.8990
  4 xover-raw      0.971       1.31    2.21   0.761    0.0210   0.884    0.0634
RAW 5 150 1 0.8333 1.4000 2.0000 1.0000 0.016667 0.8930
RAW 5 150 2 0.8333 1.3000 2.0000 1.0000 0.016667 0.9010
RAW 5 150 3 1.0000 1.8000 3.0000 1.0000 0.025000 0.9110
RAW 5 150 4 0.9167 1.4000 2.0000 1.0000 0.016667 0.8820
RAW 5 150 5 0.9167 1.3000 2.0000 1.0000 0.016667 0.8850
RAW 5 150 6 0.9167 1.3000 2.0000 1.0000 0.016667 0.8880
RAW 5 150 7 0.8333 1.3000 2.0000 1.0000 0.016667 0.9280
RAW 5 150 8 0.8333 1.4000 2.0000 1.0000 0.016667 0.9100
RAW 5 150 9 0.9167 1.4000 2.0000 1.0000 0.016667 0.9050
RAW 5 150 10 1.0000 2.2000 3.0000 1.0000 0.025000 0.9400
RAW 5 150 11 0.8333 1.3000 2.0000 1.0000 0.016667 0.9000
RAW 5 150 12 0.8333 1.3000 2.0000 1.0000 0.016667 0.8180
RAW 5 150 13 0.9167 1.4000 2.0000 1.0000 0.016667 0.8570
RAW 5 150 14 1.0000 1.7000 2.0000 1.0000 0.016667 0.9020
RAW 5 150 15 0.8333 1.4000 2.0000 1.0000 0.016667 0.8860
RAW 5 150 16 0.8333 1.4000 2.0000 1.0000 0.016667 0.8900
RAW 5 150 17 0.5000 1.0000 1.0000 1.0000 0.008333 0.8630
RAW 5 150 18 0.6667 1.4000 2.0000 1.0000 0.016667 0.8740
RAW 5 150 19 0.7500 1.3000 2.0000 1.0000 0.016667 0.8440
RAW 5 150 20 0.8333 1.3000 2.0000 1.0000 0.016667 0.8960
RAW 5 150 21 1.0000 1.5000 2.0000 1.0000 0.016667 0.9240
RAW 5 150 22 0.7500 1.2000 2.0000 1.0000 0.016667 0.8370
RAW 5 150 23 0.5833 1.0000 1.0000 1.0000 0.008333 0.8670
RAW 5 150 24 0.5833 1.0000 1.0000 1.0000 0.008333 0.8430
RAW 5 150 25 1.0000 1.7000 3.0000 1.0000 0.025000 0.9150
RAW 5 150 26 1.0000 1.5000 2.0000 1.0000 0.016667 0.8980
RAW 5 150 27 0.9167 2.0000 3.0000 1.0000 0.025000 0.9140
RAW 5 150 28 0.9167 1.9000 3.0000 1.0000 0.025000 0.9030
RAW 5 150 29 0.9167 1.3000 2.0000 1.0000 0.016667 0.8980
RAW 5 150 30 0.9167 1.5000 2.0000 1.0000 0.016667 0.9010
  5 xover-block    0.961       1.36    2.30   0.766    0.0227   0.889    0.0664

acceptance test: with default knobs this must reproduce emerge_rewire.c (version 1)
and the archived scratch_rewire_*.out per-seed data exactly.
