FAIR-BASELINE TEST: does weight-sharing beat a FULLY-TRAINED, oracle-supervised INDEP baseline?
translation-invariant motif task, 32 train examples, 60 seeds x 4 restarts (mean, +/- std).

  N   | develop (shared) | scratch (indep, winner-only) | scratch_FAIR (indep, oracle full) | develop - FAIR
RAW 16 1 1.000000 0.915375 0.872000
RAW 16 2 0.992125 0.847000 0.923750
RAW 16 3 0.997500 0.869250 0.890500
RAW 16 4 0.707875 0.639500 0.731500
RAW 16 5 0.893250 0.616625 0.703000
RAW 16 6 0.923375 0.678125 0.761000
RAW 16 7 0.995250 0.739250 0.765000
RAW 16 8 1.000000 0.802375 0.869000
RAW 16 9 0.919875 0.567875 0.734500
RAW 16 10 0.954750 0.624625 0.761000
RAW 16 11 0.995500 0.699000 0.762500
RAW 16 12 0.959250 0.682250 0.819500
RAW 16 13 0.871375 0.671000 0.898000
RAW 16 14 1.000000 0.792875 0.862000
RAW 16 15 0.901375 0.661000 0.714000
RAW 16 16 0.916625 0.630375 0.732000
RAW 16 17 0.921875 0.652500 0.779625
RAW 16 18 1.000000 0.731625 0.847500
RAW 16 19 1.000000 0.930875 0.960000
RAW 16 20 0.969250 0.657750 0.789000
RAW 16 21 0.961125 0.670000 0.761000
RAW 16 22 0.952375 0.641250 0.813000
RAW 16 23 0.999250 0.759500 0.843000
RAW 16 24 0.867625 0.645500 0.718500
RAW 16 25 0.976375 0.666500 0.753500
RAW 16 26 0.983875 0.691250 0.816000
RAW 16 27 0.980375 0.735750 0.819500
RAW 16 28 0.986000 0.686875 0.767500
RAW 16 29 0.960750 0.679000 0.779000
RAW 16 30 0.931375 0.659875 0.683000
RAW 16 31 0.997500 0.821750 0.845625
RAW 16 32 1.000000 0.870875 0.925750
RAW 16 33 0.878000 0.585500 0.724500
RAW 16 34 0.981625 0.615375 0.772000
RAW 16 35 0.871625 0.654125 0.860500
RAW 16 36 0.972125 0.622000 0.779000
RAW 16 37 0.933250 0.643625 0.704500
RAW 16 38 0.993500 0.700250 0.815000
RAW 16 39 0.865250 0.653875 0.887500
RAW 16 40 0.999875 0.843000 0.909000
RAW 16 41 0.899750 0.659125 0.786500
RAW 16 42 1.000000 0.888125 0.916750
RAW 16 43 0.999375 0.860000 0.818500
RAW 16 44 1.000000 0.845875 0.917750
RAW 16 45 0.945250 0.704125 0.902500
RAW 16 46 0.963750 0.681875 0.823000
RAW 16 47 0.977250 0.747250 0.860500
RAW 16 48 0.884750 0.677125 0.681500
RAW 16 49 0.875500 0.636125 0.838000
RAW 16 50 0.760375 0.622000 0.722500
RAW 16 51 0.902875 0.667500 0.763500
RAW 16 52 1.000000 0.828250 0.809500
RAW 16 53 0.932250 0.631500 0.754000
RAW 16 54 0.898750 0.609875 0.677500
RAW 16 55 0.999500 0.850250 0.878000
RAW 16 56 0.974000 0.638875 0.791500
RAW 16 57 0.837875 0.598125 0.732375
RAW 16 58 0.922750 0.717375 0.874500
RAW 16 59 0.999500 0.830500 0.870000
RAW 16 60 0.999375 0.920375 0.856000
  16  | 0.946 +/- 0.061  | 0.714 +/- 0.096              | 0.807 +/- 0.071                     | +0.139
RAW 48 1 0.906500 0.551125 0.592000
RAW 48 2 0.988250 0.538500 0.614500
RAW 48 3 0.620375 0.528875 0.621500
RAW 48 4 0.837500 0.516125 0.662000
RAW 48 5 0.736875 0.543125 0.647500
RAW 48 6 0.923125 0.531500 0.519125
RAW 48 7 0.959875 0.527500 0.653000
RAW 48 8 0.986000 0.564000 0.657000
RAW 48 9 1.000000 0.613500 0.628000
RAW 48 10 0.981375 0.558875 0.611500
RAW 48 11 0.853875 0.511875 0.552000
RAW 48 12 0.930500 0.530375 0.546500
RAW 48 13 1.000000 0.546375 0.563500
RAW 48 14 1.000000 0.661250 0.769500
RAW 48 15 0.896875 0.546000 0.619500
RAW 48 16 0.933375 0.550625 0.521500
RAW 48 17 0.995500 0.518500 0.566500
RAW 48 18 0.995375 0.579250 0.636000
RAW 48 19 0.985000 0.594000 0.631000
RAW 48 20 0.916375 0.543375 0.567875
RAW 48 21 0.967625 0.552500 0.626000
RAW 48 22 0.975250 0.553625 0.606000
RAW 48 23 0.969625 0.513375 0.625875
RAW 48 24 1.000000 0.642625 0.722000
RAW 48 25 0.980750 0.538125 0.611500
RAW 48 26 0.841750 0.513375 0.578000
RAW 48 27 0.927125 0.513375 0.555500
RAW 48 28 0.871125 0.498500 0.519500
RAW 48 29 0.997500 0.564375 0.672000
RAW 48 30 0.998750 0.598875 0.598500
RAW 48 31 0.997500 0.660750 0.628000
RAW 48 32 0.992500 0.535000 0.612000
RAW 48 33 0.988500 0.517875 0.627000
RAW 48 34 0.999875 0.669000 0.737750
RAW 48 35 0.989250 0.606125 0.641250
RAW 48 36 0.912875 0.529875 0.550500
RAW 48 37 0.990875 0.570750 0.618000
RAW 48 38 0.965750 0.586375 0.618500
RAW 48 39 0.916875 0.504250 0.569000
RAW 48 40 0.908250 0.527750 0.541000
RAW 48 41 0.890250 0.538500 0.546500
RAW 48 42 0.995250 0.555125 0.634500
RAW 48 43 0.747375 0.514750 0.638500
RAW 48 44 0.854625 0.555125 0.614500
RAW 48 45 0.928125 0.556750 0.549000
RAW 48 46 0.920750 0.539500 0.537000
RAW 48 47 0.960375 0.548125 0.623000
RAW 48 48 0.929250 0.539875 0.511500
RAW 48 49 0.950750 0.542875 0.646500
RAW 48 50 0.928875 0.514250 0.530000
RAW 48 51 1.000000 0.661500 0.638000
RAW 48 52 0.986500 0.530500 0.655000
RAW 48 53 0.936125 0.578750 0.602750
RAW 48 54 0.874000 0.614875 0.585750
RAW 48 55 0.927750 0.504875 0.534500
RAW 48 56 1.000000 0.623000 0.767500
RAW 48 57 1.000000 0.646250 0.629000
RAW 48 58 0.998000 0.560250 0.635500
RAW 48 59 0.934750 0.522500 0.648000
RAW 48 60 0.975250 0.547625 0.641000
  48  | 0.940 +/- 0.073  | 0.557 +/- 0.044              | 0.610 +/- 0.057                     | +0.330
RAW 96 1 0.999375 0.571125 0.550500
RAW 96 2 0.749125 0.517625 0.574875
RAW 96 3 0.845625 0.513125 0.524000
RAW 96 4 0.839250 0.517500 0.496000
RAW 96 5 0.869250 0.537500 0.602500
RAW 96 6 0.981125 0.537500 0.563000
RAW 96 7 0.862250 0.525125 0.574000
RAW 96 8 0.985750 0.536750 0.624250
RAW 96 9 0.968625 0.522875 0.578750
RAW 96 10 0.998750 0.558250 0.576500
RAW 96 11 0.998375 0.564750 0.649500
RAW 96 12 0.997000 0.515875 0.526000
RAW 96 13 0.921000 0.532500 0.515000
RAW 96 14 0.999875 0.622375 0.685500
RAW 96 15 0.933375 0.509250 0.537000
RAW 96 16 0.999000 0.531625 0.592500
RAW 96 17 0.998375 0.545000 0.565500
RAW 96 18 0.855875 0.514000 0.628625
RAW 96 19 1.000000 0.526250 0.544500
RAW 96 20 0.972375 0.536625 0.543000
RAW 96 21 0.962875 0.534625 0.554500
RAW 96 22 0.998250 0.543000 0.559500
RAW 96 23 0.991625 0.526375 0.597750
RAW 96 24 0.924875 0.507750 0.517000
RAW 96 25 0.913500 0.489000 0.547500
RAW 96 26 1.000000 0.543375 0.570500
RAW 96 27 0.964000 0.531375 0.531500
RAW 96 28 0.880125 0.496500 0.515500
RAW 96 29 0.964000 0.521250 0.546000
RAW 96 30 0.937000 0.509000 0.511500
RAW 96 31 0.999500 0.592000 0.598125
RAW 96 32 0.985750 0.524375 0.551000
RAW 96 33 0.990125 0.523375 0.581500
RAW 96 34 0.829625 0.524250 0.548500
RAW 96 35 0.999125 0.527125 0.536125
RAW 96 36 0.914500 0.500125 0.518500
RAW 96 37 0.998375 0.539250 0.564000
RAW 96 38 0.999625 0.552625 0.579500
RAW 96 39 0.997500 0.548875 0.542000
RAW 96 40 0.989125 0.515375 0.561000
RAW 96 41 1.000000 0.558875 0.621500
RAW 96 42 0.994000 0.540000 0.521500
RAW 96 43 0.988750 0.516750 0.531000
RAW 96 44 0.846875 0.524000 0.584500
RAW 96 45 0.994750 0.528875 0.556000
RAW 96 46 0.949875 0.501000 0.535500
RAW 96 47 0.923625 0.509500 0.535500
RAW 96 48 0.780250 0.477875 0.502500
RAW 96 49 0.911500 0.507000 0.533000
RAW 96 50 0.744500 0.524500 0.569500
RAW 96 51 1.000000 0.590125 0.573500
RAW 96 52 1.000000 0.556125 0.647875
RAW 96 53 0.998000 0.592000 0.690000
RAW 96 54 0.967750 0.522125 0.550500
RAW 96 55 0.923375 0.515250 0.527500
RAW 96 56 0.862500 0.501500 0.522000
RAW 96 57 0.934250 0.500375 0.536625
RAW 96 58 0.898500 0.505375 0.514500
RAW 96 59 0.867000 0.530000 0.545750
RAW 96 60 0.987125 0.512875 0.536500
  96  | 0.943 +/- 0.068  | 0.530 +/- 0.026              | 0.560 +/- 0.042                     | +0.383
RAW 128 1 0.750000 0.531250 0.549500
RAW 128 2 0.841000 0.510125 0.535500
RAW 128 3 0.933750 0.520750 0.529000
RAW 128 4 1.000000 0.565375 0.542500
RAW 128 5 0.948000 0.501250 0.506000
RAW 128 6 0.854375 0.508625 0.510500
RAW 128 7 0.851125 0.529500 0.545500
RAW 128 8 0.888000 0.514625 0.568875
RAW 128 9 0.998750 0.530750 0.539500
RAW 128 10 0.871500 0.510750 0.539000
RAW 128 11 0.990750 0.515750 0.563000
RAW 128 12 0.922750 0.507250 0.498500
RAW 128 13 0.998875 0.528250 0.504000
RAW 128 14 0.924875 0.521875 0.553500
RAW 128 15 0.926250 0.517625 0.511000
RAW 128 16 1.000000 0.565250 0.616000
RAW 128 17 0.984625 0.537500 0.513000
RAW 128 18 0.983125 0.520000 0.538500
RAW 128 19 0.919625 0.509250 0.524500
RAW 128 20 0.999125 0.541375 0.557000
RAW 128 21 0.997750 0.535625 0.555500
RAW 128 22 0.907750 0.502375 0.519000
RAW 128 23 0.993625 0.522625 0.550000
RAW 128 24 0.873500 0.516750 0.542500
RAW 128 25 0.754375 0.550875 0.635500
RAW 128 26 0.872000 0.486625 0.508500
RAW 128 27 1.000000 0.555000 0.659500
RAW 128 28 0.964125 0.523375 0.537500
RAW 128 29 0.996125 0.530000 0.573000
RAW 128 30 0.990500 0.526000 0.531000
RAW 128 31 0.972500 0.521750 0.566000
RAW 128 32 0.754000 0.525375 0.544875
RAW 128 33 1.000000 0.604375 0.629000
RAW 128 34 0.977125 0.517875 0.549875
RAW 128 35 0.735500 0.527250 0.588000
RAW 128 36 1.000000 0.580750 0.630500
RAW 128 37 0.890250 0.512625 0.562625
RAW 128 38 0.983875 0.508750 0.548000
RAW 128 39 0.922250 0.518750 0.494000
RAW 128 40 1.000000 0.604625 0.687500
RAW 128 41 1.000000 0.548000 0.625000
RAW 128 42 0.991625 0.516125 0.535000
RAW 128 43 0.866875 0.497750 0.521000
RAW 128 44 0.948750 0.501875 0.518500
RAW 128 45 0.968250 0.518125 0.516500
RAW 128 46 0.947750 0.524000 0.562125
RAW 128 47 0.733375 0.515875 0.508000
RAW 128 48 0.999500 0.520375 0.622000
RAW 128 49 0.840375 0.484750 0.504000
RAW 128 50 0.917375 0.512000 0.509875
RAW 128 51 0.878000 0.523000 0.550875
RAW 128 52 0.881250 0.501625 0.526000
RAW 128 53 0.971125 0.521000 0.562000
RAW 128 54 0.998750 0.532375 0.536000
RAW 128 55 0.970000 0.512125 0.583500
RAW 128 56 1.000000 0.526000 0.551500
RAW 128 57 1.000000 0.543875 0.640000
RAW 128 58 0.991625 0.517000 0.505500
RAW 128 59 0.979875 0.504250 0.520500
RAW 128 60 0.887125 0.516500 0.528000
  128 | 0.932 +/- 0.076  | 0.525 +/- 0.023              | 0.551 +/- 0.043                     | +0.381

verdict: if develop still beats scratch_FAIR and the gap grows with N, the effect is REAL weight-
sharing data efficiency; if scratch_FAIR closes the gap, the headline was a weak-baseline artifact.
