emerge_transfer -- sharing is a GENE, and TRANSFER is what pays for it
N=12. motif K=3 planted at 1 of 10 positions; train on 3, select on 3, report on 4.
max-pool readout (position never reaches the output). energy = params/(21*10):
  shared = taps, unshared = taps*10. objective = heldout_acc - 1.00*energy.
20 seeds x 200 epochs. GA: pop 24, 50 gens, flips offsets AND the sharing gene.

RAW 0 1 3 1 1 0.8229 0.7717 0.7574
RAW 1 1 7 1 0 0.8021 0.4267 0.3933
RAW 2 1 11 1 0 0.8125 0.6533 0.6010
RAW 3 1 11 1 0 0.7917 0.6950 0.6426
RAW 4 1 7 1 0 0.8854 0.8683 0.8350
RAW 5 1 7 1 0 0.7083 0.4733 0.4400
RAW 0 2 3 1 1 0.7604 0.7633 0.7490
RAW 1 2 8 1 0 0.7812 0.5783 0.5402
RAW 2 2 9 1 0 0.7708 0.5317 0.4888
RAW 3 2 12 1 0 0.7188 0.5683 0.5112
RAW 4 2 7 1 0 0.7292 0.7800 0.7467
RAW 5 2 8 1 0 0.7188 0.5150 0.4769
RAW 0 3 3 1 1 0.8125 0.7533 0.7390
RAW 1 3 8 1 0 0.7812 0.7633 0.7252
RAW 2 3 9 1 0 0.8854 0.7217 0.6788
RAW 3 3 9 1 0 0.8229 0.6883 0.6455
RAW 4 3 14 1 0 0.8438 0.8083 0.7417
RAW 5 3 8 1 0 0.7188 0.6350 0.5969
RAW 0 4 3 1 1 0.6250 0.6033 0.5890
RAW 1 4 5 1 0 0.6667 0.5883 0.5645
RAW 2 4 8 1 0 0.6979 0.5133 0.4752
RAW 3 4 5 1 0 0.6667 0.5883 0.5645
RAW 4 4 6 1 0 0.6667 0.5067 0.4781
RAW 5 4 5 1 0 0.6042 0.5317 0.5079
RAW 0 5 3 1 1 0.7917 0.7633 0.7490
RAW 1 5 6 1 0 0.7812 0.7867 0.7581
RAW 2 5 6 1 0 0.5625 0.5500 0.5214
RAW 3 5 8 1 0 0.7917 0.7833 0.7452
RAW 4 5 7 1 0 0.7708 0.7467 0.7133
RAW 5 5 6 1 0 0.6771 0.5500 0.5214
RAW 0 6 3 1 1 0.8333 0.8417 0.8274
RAW 1 6 7 1 0 0.8438 0.7750 0.7417
RAW 2 6 6 1 0 0.8542 0.8250 0.7964
RAW 3 6 6 1 0 0.8750 0.8200 0.7914
RAW 4 6 4 1 0 0.8438 0.8017 0.7826
RAW 5 6 7 1 0 0.8438 0.6267 0.5933
RAW 0 7 3 1 1 0.6146 0.5667 0.5524
RAW 1 7 6 1 0 0.6042 0.5167 0.4881
RAW 2 7 10 1 0 0.6979 0.5533 0.5057
RAW 3 7 4 1 0 0.7292 0.6083 0.5893
RAW 4 7 9 1 0 0.7292 0.5733 0.5305
RAW 5 7 6 1 0 0.6458 0.5583 0.5298
RAW 0 8 3 1 1 0.9062 0.7667 0.7524
RAW 1 8 3 1 1 0.8958 0.8750 0.8607
RAW 2 8 7 1 0 0.6354 0.6500 0.6167
RAW 3 8 7 1 0 0.7604 0.5167 0.4833
RAW 4 8 2 1 1 0.9062 0.8750 0.8655
RAW 5 8 3 1 0 0.5521 0.4267 0.4124
RAW 0 9 3 1 1 0.5833 0.5667 0.5524
RAW 1 9 7 1 0 0.5833 0.5017 0.4683
RAW 2 9 7 1 0 0.6250 0.4667 0.4333
RAW 3 9 6 1 0 0.5833 0.4983 0.4698
RAW 4 9 5 1 0 0.5729 0.5517 0.5279
RAW 5 9 7 1 0 0.5938 0.4517 0.4183
RAW 0 10 3 1 1 0.7083 0.7600 0.7457
RAW 1 10 5 1 0 0.6146 0.5050 0.4812
RAW 2 10 6 1 0 0.6042 0.4900 0.4614
RAW 3 10 10 1 0 0.7292 0.6283 0.5807
RAW 4 10 7 1 0 0.6562 0.5250 0.4917
RAW 5 10 5 1 0 0.5938 0.4917 0.4679
RAW 0 11 3 1 1 0.5312 0.4917 0.4774
RAW 1 11 10 1 0 0.7604 0.5767 0.5290
RAW 2 11 6 1 0 0.5833 0.4883 0.4598
RAW 3 11 13 1 0 0.6354 0.4950 0.4331
RAW 4 11 9 1 0 0.6771 0.5500 0.5071
RAW 5 11 10 1 0 0.6562 0.4917 0.4440
RAW 0 12 3 1 1 0.5625 0.5350 0.5207
RAW 1 12 9 1 0 0.6667 0.5317 0.4888
RAW 2 12 9 1 0 0.5938 0.5650 0.5221
RAW 3 12 10 1 0 0.6250 0.4750 0.4274
RAW 4 12 9 1 0 0.7292 0.5383 0.4955
RAW 5 12 9 1 0 0.6875 0.5217 0.4788
RAW 0 13 3 1 1 0.6042 0.6233 0.6090
RAW 1 13 4 1 1 0.7708 0.7367 0.7176
RAW 2 13 6 1 0 0.7500 0.6667 0.6381
RAW 3 13 5 1 0 0.7292 0.6700 0.6462
RAW 4 13 5 1 1 0.7708 0.7333 0.7095
RAW 5 13 4 1 0 0.5833 0.4967 0.4776
RAW 0 14 3 1 1 0.5833 0.5100 0.4957
RAW 1 14 10 1 0 0.8021 0.6617 0.6140
RAW 2 14 14 1 0 0.7812 0.5950 0.5283
RAW 3 14 11 1 0 0.8646 0.6267 0.5743
RAW 4 14 9 1 0 0.7292 0.5683 0.5255
RAW 5 14 10 1 0 0.6979 0.5933 0.5457
RAW 0 15 3 1 1 0.7396 0.7967 0.7824
RAW 1 15 8 1 0 0.8646 0.7767 0.7386
RAW 2 15 8 1 0 0.7708 0.8017 0.7636
RAW 3 15 11 1 0 0.7917 0.6267 0.5743
RAW 4 15 6 1 0 0.9167 0.8233 0.7948
RAW 5 15 8 1 0 0.7708 0.5567 0.5186
RAW 0 16 3 1 1 0.7396 0.7750 0.7607
RAW 1 16 8 1 0 0.8229 0.7517 0.7136
RAW 2 16 9 1 0 0.8542 0.7717 0.7288
RAW 3 16 12 1 0 0.8854 0.8383 0.7812
RAW 4 16 8 1 0 0.9062 0.8517 0.8136
RAW 5 16 8 1 0 0.7292 0.5417 0.5036
RAW 0 17 3 1 1 0.6771 0.7033 0.6890
RAW 1 17 6 1 0 0.7292 0.5733 0.5448
RAW 2 17 9 1 0 0.7396 0.6867 0.6438
RAW 3 17 5 1 0 0.7708 0.7033 0.6795
RAW 4 17 6 1 0 0.8021 0.6733 0.6448
RAW 5 17 6 1 0 0.7917 0.5567 0.5281
RAW 0 18 3 1 1 0.8854 0.6367 0.6224
RAW 1 18 9 1 0 0.7812 0.5850 0.5421
RAW 2 18 9 1 0 0.6458 0.5250 0.4821
RAW 3 18 9 1 0 0.7604 0.5733 0.5305
RAW 4 18 7 1 0 0.8854 0.7150 0.6817
RAW 5 18 9 1 0 0.6771 0.5067 0.4638
RAW 0 19 3 1 1 0.7188 0.7367 0.7224
RAW 1 19 11 1 0 0.7396 0.8300 0.7776
RAW 2 19 7 1 0 0.7188 0.5517 0.5183
RAW 3 19 7 1 0 0.6771 0.7400 0.7067
RAW 4 19 9 1 0 0.7188 0.8267 0.7838
RAW 5 19 11 1 0 0.8542 0.4717 0.4193
RAW 0 20 3 1 1 0.8854 0.8683 0.8540
RAW 1 20 5 1 0 0.8958 0.9267 0.9029
RAW 2 20 2 1 0 0.5312 0.5133 0.5038
RAW 3 20 4 1 0 0.5312 0.5133 0.4943
RAW 4 20 5 1 0 0.6146 0.5567 0.5329
RAW 5 20 5 1 0 0.6771 0.5550 0.5312
  producer                    taps  shared contig train acc   heldout  objective
  ideal conv (shared)          3.0    1.00   1.00     0.719     0.692     0.6774
  GA flip-only                 7.1    1.00   0.10     0.759     0.663     0.6295
  GA flip+slide                7.9    1.00   0.00     0.706     0.606     0.5684
  GA flip+rewire               8.2    1.00   0.00     0.737     0.633     0.5935
  GA flip+xover                7.0    1.00   0.10     0.768     0.694     0.6601
  GA-tap-matched random        7.1    1.00   0.00     0.689     0.528     0.4938

GATE (protocol item 9, before any operator work):
  PASS if 'ideal conv (shared)' has the highest objective -- the convolution is finally the
  optimum, and the search question becomes meaningful.
  The UNSHARED rows are the mechanism check: they should fit train and collapse on heldout.
  If they transfer too, the task does not demand sharing and this probe is not yet valid.
