emerge_rewire2 -- rewiring vs add/remove (paper 2, version 2)
inner: backprop, 50 epochs, curve every 5.   outer: GA, POP=24 ELITE=4, 150 gens x 30 seeds
seed = minimal (w=1, coverage must be earned)
fitness = final accuracy - 2.000*energy    PSLIDE=0.400 PGROW=0.100 PSHARE=0.050

PROTOCOL  sensitivity placement  fitness 0.5233..0.8900 (span 0.3667)  energy 0.025000..0.025000
PROTOCOL  sensitivity width      fitness 0.4167..0.7700 (span 0.3533)  energy 0.008333..0.100000
PROTOCOL  convergence   accuracy gained over the second half of the budget: -0.0047
PROTOCOL                -> CONVERGED: endpoint summarises the learner; trajectory fitness would add only noise

  arm             shared-frac  mean-w  max-w  coverage  energy   test  diversity
RAW 0 150 1 0.9167 2.4000 11.0000 1.0000 0.091667 0.9070
RAW 0 150 2 0.7500 2.3000 9.0000 1.0000 0.075000 0.8060
RAW 0 150 3 0.3333 1.7000 4.0000 1.0000 0.033333 0.6430
RAW 0 150 4 0.5833 2.1000 7.0000 1.0000 0.058333 0.7620
RAW 0 150 5 0.1667 1.1000 2.0000 1.0000 0.016667 0.5650
RAW 0 150 6 0.0833 1.0000 1.0000 1.0000 0.008333 0.5320
RAW 0 150 7 0.2500 1.4000 3.0000 1.0000 0.025000 0.6850
RAW 0 150 8 0.1667 1.7000 2.0000 1.0000 0.016667 0.6310
RAW 0 150 9 0.4167 1.8000 5.0000 1.0000 0.041667 0.6980
RAW 0 150 10 0.5000 2.6000 6.0000 1.0000 0.050000 0.7230
RAW 0 150 11 0.2500 1.5000 3.0000 1.0000 0.025000 0.6170
RAW 0 150 12 0.0833 1.0000 1.0000 1.0000 0.008333 0.6990
RAW 0 150 13 0.1667 1.1000 2.0000 1.0000 0.016667 0.7210
RAW 0 150 14 0.1667 1.3000 2.0000 1.0000 0.016667 0.7600
RAW 0 150 15 0.9167 2.3000 11.0000 1.0000 0.091667 0.8850
RAW 0 150 16 0.1667 1.2000 2.0000 1.0000 0.016667 0.6130
RAW 0 150 17 0.1667 1.1000 2.0000 1.0000 0.016667 0.7280
RAW 0 150 18 0.0833 1.0000 1.0000 1.0000 0.008333 0.6930
RAW 0 150 19 0.1667 1.1000 2.0000 1.0000 0.016667 0.6550
RAW 0 150 20 0.4167 1.6000 5.0000 1.0000 0.041667 0.7080
RAW 0 150 21 0.5000 1.9000 6.0000 1.0000 0.050000 0.7430
RAW 0 150 22 0.4167 2.2000 5.0000 1.0000 0.041667 0.6840
RAW 0 150 23 0.1667 1.3000 2.0000 1.0000 0.016667 0.7490
RAW 0 150 24 0.1667 1.1000 2.0000 1.0000 0.016667 0.7340
RAW 0 150 25 0.5000 2.0000 6.0000 1.0000 0.050000 0.7340
RAW 0 150 26 1.0000 2.3000 12.0000 1.0000 0.100000 0.9340
RAW 0 150 27 0.9167 2.3000 11.0000 1.0000 0.091667 0.9250
RAW 0 150 28 0.5000 1.7000 6.0000 1.0000 0.050000 0.7060
RAW 0 150 29 0.4167 1.7000 5.0000 1.0000 0.041667 0.7290
RAW 0 150 30 0.6667 2.5000 8.0000 1.0000 0.066667 0.8110
  0 no-rewire      0.951       1.65    4.72   0.393    0.0441   0.726    0.0147
RAW 1 150 1 0.9167 2.0000 4.0000 1.0000 0.033333 0.9290
RAW 1 150 2 0.9167 1.6000 3.0000 1.0000 0.025000 0.9110
RAW 1 150 3 0.8333 1.5000 3.0000 1.0000 0.025000 0.8930
RAW 1 150 4 0.8333 1.5000 2.0000 1.0000 0.016667 0.8610
RAW 1 150 5 0.8333 1.3000 2.0000 1.0000 0.016667 0.8380
RAW 1 150 6 0.9167 1.8000 3.0000 1.0000 0.025000 0.8840
RAW 1 150 7 0.2500 1.0000 1.0000 1.0000 0.008333 0.6800
RAW 1 150 8 0.8333 1.4000 2.0000 1.0000 0.016667 0.8890
RAW 1 150 9 0.9167 1.4000 2.0000 1.0000 0.016667 0.8990
RAW 1 150 10 1.0000 1.9000 4.0000 1.0000 0.033333 0.9040
RAW 1 150 11 0.2500 1.0000 1.0000 1.0000 0.008333 0.6230
RAW 1 150 12 0.3333 1.0000 1.0000 1.0000 0.008333 0.7370
RAW 1 150 13 0.6667 1.0000 1.0000 1.0000 0.008333 0.8160
RAW 1 150 14 0.5000 1.0000 1.0000 1.0000 0.008333 0.7710
RAW 1 150 15 0.9167 1.8000 3.0000 1.0000 0.025000 0.8450
RAW 1 150 16 0.8333 1.6000 3.0000 1.0000 0.025000 0.9090
RAW 1 150 17 0.2500 1.0000 1.0000 1.0000 0.008333 0.7400
RAW 1 150 18 0.2500 1.0000 1.0000 1.0000 0.008333 0.6990
RAW 1 150 19 0.2500 1.0000 1.0000 1.0000 0.008333 0.6540
RAW 1 150 20 1.0000 1.8000 3.0000 1.0000 0.025000 0.8570
RAW 1 150 21 0.8333 2.1000 3.0000 1.0000 0.025000 0.9130
RAW 1 150 22 0.9167 1.8000 4.0000 1.0000 0.033333 0.9030
RAW 1 150 23 0.1667 1.0000 1.0000 1.0000 0.008333 0.7520
RAW 1 150 24 0.3333 1.0000 1.0000 1.0000 0.008333 0.7060
RAW 1 150 25 1.0000 2.1000 4.0000 1.0000 0.033333 0.9280
RAW 1 150 26 0.9167 1.3000 2.0000 1.0000 0.016667 0.8850
RAW 1 150 27 0.8333 1.4000 2.0000 1.0000 0.016667 0.8920
RAW 1 150 28 0.9167 1.7000 3.0000 1.0000 0.025000 0.9200
RAW 1 150 29 0.9167 1.5000 3.0000 1.0000 0.025000 0.9150
RAW 1 150 30 0.9167 1.9000 3.0000 1.0000 0.025000 0.9230
  1 slide-1        0.971       1.39    2.48   0.647    0.0234   0.836    0.0432
RAW 2 150 1 0.9167 1.3000 2.0000 1.0000 0.016667 0.9000
RAW 2 150 2 0.8333 1.4000 3.0000 1.0000 0.025000 0.9040
RAW 2 150 3 0.9167 2.0000 3.0000 1.0000 0.025000 0.9300
RAW 2 150 4 0.8333 1.0000 1.0000 1.0000 0.008333 0.8540
RAW 2 150 5 0.8333 1.4000 2.0000 1.0000 0.016667 0.8420
RAW 2 150 6 0.9167 1.4000 2.0000 1.0000 0.016667 0.8840
RAW 2 150 7 0.8333 1.5000 2.0000 1.0000 0.016667 0.8710
RAW 2 150 8 0.9167 1.3000 2.0000 1.0000 0.016667 0.8960
RAW 2 150 9 0.9167 1.4000 2.0000 1.0000 0.016667 0.8950
RAW 2 150 10 1.0000 2.0000 3.0000 1.0000 0.025000 0.9220
RAW 2 150 11 0.9167 1.3000 2.0000 1.0000 0.016667 0.9040
RAW 2 150 12 0.6667 1.0000 1.0000 1.0000 0.008333 0.8090
RAW 2 150 13 0.9167 1.2000 2.0000 1.0000 0.016667 0.8690
RAW 2 150 14 0.7500 1.0000 1.0000 1.0000 0.008333 0.8300
RAW 2 150 15 0.7500 1.0000 1.0000 1.0000 0.008333 0.8580
RAW 2 150 16 0.8333 1.0000 1.0000 1.0000 0.008333 0.8850
RAW 2 150 17 0.5833 1.0000 1.0000 1.0000 0.008333 0.8650
RAW 2 150 18 0.6667 1.5000 2.0000 1.0000 0.016667 0.8760
RAW 2 150 19 0.6667 1.0000 1.0000 1.0000 0.008333 0.8410
RAW 2 150 20 0.9167 1.4000 2.0000 1.0000 0.016667 0.8860
RAW 2 150 21 0.9167 1.6000 3.0000 1.0000 0.025000 0.9230
RAW 2 150 22 0.8333 1.2000 2.0000 1.0000 0.016667 0.8410
RAW 2 150 23 0.5833 1.0000 1.0000 1.0000 0.008333 0.8600
RAW 2 150 24 0.5000 1.0000 1.0000 1.0000 0.008333 0.8100
RAW 2 150 25 0.8333 1.3000 2.0000 1.0000 0.016667 0.8650
RAW 2 150 26 1.0000 1.4000 2.0000 1.0000 0.016667 0.8860
RAW 2 150 27 0.9167 1.4000 2.0000 1.0000 0.016667 0.9150
RAW 2 150 28 0.9167 1.6000 3.0000 1.0000 0.025000 0.9160
RAW 2 150 29 0.9167 1.3000 2.0000 1.0000 0.016667 0.9190
RAW 2 150 30 0.9167 1.3000 2.0000 1.0000 0.016667 0.9180
  2 rewire-rand    0.971       1.31    2.23   0.726    0.0212   0.879    0.1290
RAW 3 150 1 0.9167 1.9000 3.0000 1.0000 0.025000 0.9300
RAW 3 150 2 0.9167 1.4000 2.0000 1.0000 0.016667 0.8930
RAW 3 150 3 1.0000 1.6000 3.0000 1.0000 0.025000 0.9340
RAW 3 150 4 0.9167 1.3000 2.0000 1.0000 0.016667 0.8720
RAW 3 150 5 0.9167 1.2000 2.0000 1.0000 0.016667 0.8470
RAW 3 150 6 0.9167 1.3000 2.0000 1.0000 0.016667 0.8850
RAW 3 150 7 0.9167 1.7000 3.0000 1.0000 0.025000 0.9250
RAW 3 150 8 0.8333 1.3000 2.0000 1.0000 0.016667 0.9060
RAW 3 150 9 1.0000 1.9000 3.0000 1.0000 0.025000 0.8850
RAW 3 150 10 1.0000 1.9000 3.0000 1.0000 0.025000 0.9190
RAW 3 150 11 0.9167 1.4000 2.0000 1.0000 0.016667 0.8940
RAW 3 150 12 0.9167 1.3000 2.0000 1.0000 0.016667 0.8100
RAW 3 150 13 0.9167 1.4000 2.0000 1.0000 0.016667 0.8650
RAW 3 150 14 1.0000 1.6000 2.0000 1.0000 0.016667 0.9000
RAW 3 150 15 0.7500 1.1000 2.0000 1.0000 0.016667 0.8530
RAW 3 150 16 0.9167 1.4000 2.0000 1.0000 0.016667 0.9010
RAW 3 150 17 0.5000 1.0000 1.0000 1.0000 0.008333 0.8670
RAW 3 150 18 0.5833 1.3000 2.0000 1.0000 0.016667 0.8940
RAW 3 150 19 0.6667 1.0000 1.0000 1.0000 0.008333 0.8420
RAW 3 150 20 0.7500 1.2000 2.0000 1.0000 0.016667 0.8440
RAW 3 150 21 1.0000 1.3000 2.0000 1.0000 0.016667 0.9190
RAW 3 150 22 0.7500 1.3000 2.0000 1.0000 0.016667 0.8380
RAW 3 150 23 0.5833 1.0000 1.0000 1.0000 0.008333 0.8690
RAW 3 150 24 0.5000 1.0000 1.0000 1.0000 0.008333 0.8120
RAW 3 150 25 1.0000 1.4000 3.0000 1.0000 0.025000 0.8970
RAW 3 150 26 1.0000 1.3000 3.0000 1.0000 0.025000 0.8960
RAW 3 150 27 0.9167 1.6000 2.0000 1.0000 0.016667 0.9030
RAW 3 150 28 1.0000 2.2000 3.0000 1.0000 0.025000 0.9160
RAW 3 150 29 0.9167 1.3000 2.0000 1.0000 0.016667 0.9100
RAW 3 150 30 0.9167 1.3000 2.0000 1.0000 0.016667 0.9190
  3 xover-canon    0.943       1.37    2.38   0.740    0.0252   0.885    0.1257
RAW 4 150 1 0.9167 1.3000 2.0000 1.0000 0.016667 0.9050
RAW 4 150 2 0.9167 1.5000 2.0000 1.0000 0.016667 0.9130
RAW 4 150 3 0.8333 1.5000 3.0000 1.0000 0.025000 0.9150
RAW 4 150 4 0.9167 1.5000 2.0000 1.0000 0.016667 0.8660
RAW 4 150 5 0.9167 1.4000 2.0000 1.0000 0.016667 0.8570
RAW 4 150 6 0.8333 1.3000 2.0000 1.0000 0.016667 0.8760
RAW 4 150 7 0.8333 1.9000 3.0000 1.0000 0.025000 0.9220
RAW 4 150 8 0.9167 1.5000 2.0000 1.0000 0.016667 0.8840
RAW 4 150 9 1.0000 1.7000 3.0000 1.0000 0.025000 0.9100
RAW 4 150 10 1.0000 1.5000 3.0000 1.0000 0.025000 0.9080
RAW 4 150 11 0.8333 1.0000 1.0000 1.0000 0.008333 0.8980
RAW 4 150 12 0.9167 1.7000 2.0000 1.0000 0.016667 0.8230
RAW 4 150 13 0.8333 1.0000 1.0000 1.0000 0.008333 0.8600
RAW 4 150 14 0.9167 1.2000 2.0000 1.0000 0.016667 0.8870
RAW 4 150 15 0.7500 1.2000 2.0000 1.0000 0.016667 0.8620
RAW 4 150 16 0.8333 1.2000 2.0000 1.0000 0.016667 0.8880
RAW 4 150 17 0.5000 1.0000 1.0000 1.0000 0.008333 0.8570
RAW 4 150 18 0.5833 1.3000 2.0000 1.0000 0.016667 0.8840
RAW 4 150 19 0.6667 1.0000 1.0000 1.0000 0.008333 0.8410
RAW 4 150 20 0.9167 1.4000 2.0000 1.0000 0.016667 0.8780
RAW 4 150 21 0.9167 1.3000 2.0000 1.0000 0.016667 0.9180
RAW 4 150 22 0.7500 1.3000 2.0000 1.0000 0.016667 0.8380
RAW 4 150 23 0.7500 1.0000 1.0000 1.0000 0.008333 0.8520
RAW 4 150 24 0.5000 1.0000 1.0000 1.0000 0.008333 0.8130
RAW 4 150 25 1.0000 1.6000 4.0000 1.0000 0.033333 0.8730
RAW 4 150 26 1.0000 1.3000 2.0000 1.0000 0.016667 0.8990
RAW 4 150 27 0.8333 1.3000 2.0000 1.0000 0.016667 0.9070
RAW 4 150 28 0.8333 1.4000 2.0000 1.0000 0.016667 0.9170
RAW 4 150 29 0.9167 1.8000 3.0000 1.0000 0.025000 0.9270
RAW 4 150 30 0.8333 1.0000 1.0000 1.0000 0.008333 0.9030
  4 xover-raw      0.943       1.31    2.24   0.723    0.0238   0.883    0.1277
RAW 5 150 1 0.8333 1.4000 2.0000 1.0000 0.016667 0.9030
RAW 5 150 2 0.8333 1.7000 3.0000 1.0000 0.025000 0.9110
RAW 5 150 3 0.9167 1.5000 3.0000 1.0000 0.025000 0.9280
RAW 5 150 4 0.9167 1.3000 2.0000 1.0000 0.016667 0.8570
RAW 5 150 5 0.9167 1.9000 3.0000 1.0000 0.025000 0.8590
RAW 5 150 6 0.9167 1.3000 2.0000 1.0000 0.016667 0.8760
RAW 5 150 7 0.9167 1.7000 3.0000 1.0000 0.025000 0.9060
RAW 5 150 8 0.8333 1.4000 2.0000 1.0000 0.016667 0.8910
RAW 5 150 9 1.0000 1.7000 3.0000 1.0000 0.025000 0.9230
RAW 5 150 10 1.0000 1.9000 3.0000 1.0000 0.025000 0.9070
RAW 5 150 11 0.8333 1.0000 1.0000 1.0000 0.008333 0.9000
RAW 5 150 12 0.7500 1.0000 1.0000 1.0000 0.008333 0.8230
RAW 5 150 13 0.8333 1.0000 1.0000 1.0000 0.008333 0.8610
RAW 5 150 14 0.8333 1.4000 2.0000 1.0000 0.016667 0.8630
RAW 5 150 15 0.7500 1.3000 2.0000 1.0000 0.016667 0.8800
RAW 5 150 16 0.8333 1.4000 2.0000 1.0000 0.016667 0.8790
RAW 5 150 17 0.5000 1.0000 1.0000 1.0000 0.008333 0.8710
RAW 5 150 18 0.6667 1.3000 2.0000 1.0000 0.016667 0.8920
RAW 5 150 19 0.6667 1.4000 2.0000 1.0000 0.016667 0.8390
RAW 5 150 20 1.0000 1.6000 2.0000 1.0000 0.016667 0.8990
RAW 5 150 21 1.0000 1.7000 2.0000 1.0000 0.016667 0.9280
RAW 5 150 22 0.9167 1.6000 2.0000 1.0000 0.016667 0.8450
RAW 5 150 23 0.5833 1.0000 1.0000 1.0000 0.008333 0.8610
RAW 5 150 24 0.5833 1.0000 1.0000 1.0000 0.008333 0.8110
RAW 5 150 25 1.0000 1.6000 3.0000 1.0000 0.025000 0.8900
RAW 5 150 26 0.9167 1.4000 2.0000 1.0000 0.016667 0.8920
RAW 5 150 27 0.9167 1.3000 2.0000 1.0000 0.016667 0.9060
RAW 5 150 28 0.9167 1.2000 2.0000 1.0000 0.016667 0.9220
RAW 5 150 29 0.8333 1.5000 2.0000 1.0000 0.016667 0.6990
RAW 5 150 30 0.8333 1.0000 1.0000 1.0000 0.008333 0.8720
  5 xover-block    0.957       1.33    2.29   0.733    0.0232   0.876    0.1240

acceptance test: with default knobs this must reproduce emerge_rewire.c (version 1)
and the archived scratch_rewire_*.out per-seed data exactly.
