REWIRING vs ADD/REMOVE under a CONTINUOUS objective (acc - 2.000*energy)
N=12 hidden=10 K=3, 30 seeds x 150 gens, PSLIDE=0.150
compact conv = width -> K, coverage -> 1, shared-frac -> 1

SENSITIVITY  placement: objective 0.5700..0.9033 (span 0.3333) at energy 0.025000..0.025000
SENSITIVITY  width:     objective 0.4200..0.7700 (span 0.3500)

  arm             shared-frac  mean-w  max-w  coverage  energy   test
RAW 0 150 1 0.9167 10.3000 11.0000 1.0000 0.091667 0.9020
RAW 0 150 2 0.9167 9.2000 11.0000 1.0000 0.091667 0.8990
RAW 0 150 3 0.8333 10.0000 10.0000 1.0000 0.083333 0.8840
RAW 0 150 4 0.8333 2.5000 10.0000 1.0000 0.083333 0.8830
RAW 0 150 5 0.8333 8.9000 10.0000 1.0000 0.083333 0.8490
RAW 0 150 6 0.8333 4.4000 10.0000 1.0000 0.083333 0.8580
RAW 0 150 7 0.8333 8.3000 10.0000 1.0000 0.083333 0.9030
RAW 0 150 8 0.8333 4.8000 10.0000 1.0000 0.083333 0.9250
RAW 0 150 9 1.0000 11.7000 12.0000 1.0000 0.100000 0.9270
RAW 0 150 10 1.0000 5.2000 12.0000 1.0000 0.100000 0.9350
RAW 0 150 11 0.8333 8.2000 10.0000 1.0000 0.083333 0.9090
RAW 0 150 12 0.9167 10.8000 11.0000 1.0000 0.091667 0.8720
RAW 0 150 13 1.0000 9.4000 12.0000 1.0000 0.100000 0.9000
RAW 0 150 14 1.0000 9.2000 12.0000 1.0000 0.100000 0.8630
RAW 0 150 15 0.9167 7.8000 11.0000 1.0000 0.091667 0.8820
RAW 0 150 16 0.8333 8.6000 10.0000 1.0000 0.083333 0.8650
RAW 0 150 17 1.0000 2.4000 12.0000 1.0000 0.100000 0.8690
RAW 0 150 18 1.0000 2.4000 12.0000 1.0000 0.100000 0.8520
RAW 0 150 19 1.0000 2.4000 12.0000 1.0000 0.100000 0.8240
RAW 0 150 20 1.0000 6.1000 12.0000 1.0000 0.100000 0.9460
RAW 0 150 21 0.8333 8.4000 10.0000 1.0000 0.083333 0.9220
RAW 0 150 22 0.8333 5.6000 10.0000 1.0000 0.083333 0.8580
RAW 0 150 23 1.0000 10.6000 12.0000 1.0000 0.100000 0.8310
RAW 0 150 24 1.0000 2.7000 12.0000 1.0000 0.100000 0.8010
RAW 0 150 25 0.8333 5.4000 10.0000 1.0000 0.083333 0.9230
RAW 0 150 26 0.9167 8.6000 11.0000 1.0000 0.091667 0.9300
RAW 0 150 27 0.9167 5.2000 11.0000 1.0000 0.091667 0.9190
RAW 0 150 28 0.9167 10.0000 11.0000 1.0000 0.091667 0.9490
RAW 0 150 29 0.9167 8.6000 11.0000 1.0000 0.091667 0.8990
RAW 0 150 30 0.9167 8.0000 11.0000 1.0000 0.091667 0.9220
  0 no-rewire      0.951       6.92    10.94   0.911    0.1159   0.890
RAW 1 150 1 0.9167 3.1000 6.0000 1.0000 0.050000 0.9380
RAW 1 150 2 0.9167 2.0000 4.0000 1.0000 0.033333 0.8850
RAW 1 150 3 0.9167 1.9000 5.0000 1.0000 0.041667 0.9130
RAW 1 150 4 0.9167 3.3000 6.0000 1.0000 0.050000 0.9050
RAW 1 150 5 0.8333 1.6000 3.0000 1.0000 0.025000 0.8380
RAW 1 150 6 1.0000 2.5000 6.0000 1.0000 0.050000 0.9290
RAW 1 150 7 0.8333 2.1000 5.0000 1.0000 0.041667 0.8840
RAW 1 150 8 0.8333 3.1000 5.0000 1.0000 0.041667 0.9260
RAW 1 150 9 0.8333 2.0000 5.0000 1.0000 0.041667 0.8580
RAW 1 150 10 1.0000 4.5000 10.0000 1.0000 0.083333 0.9450
RAW 1 150 11 0.8333 2.1000 4.0000 1.0000 0.033333 0.8970
RAW 1 150 12 1.0000 3.7000 11.0000 1.0000 0.091667 0.8760
RAW 1 150 13 0.7500 1.2000 2.0000 1.0000 0.016667 0.8250
RAW 1 150 14 1.0000 3.5000 12.0000 1.0000 0.100000 0.8950
RAW 1 150 15 1.0000 3.2000 5.0000 1.0000 0.041667 0.9120
RAW 1 150 16 1.0000 6.0000 10.0000 1.0000 0.083333 0.9460
RAW 1 150 17 0.4167 1.0000 1.0000 1.0000 0.008333 0.8250
RAW 1 150 18 1.0000 2.1000 9.0000 1.0000 0.075000 0.7850
RAW 1 150 19 1.0000 2.4000 12.0000 1.0000 0.100000 0.8280
RAW 1 150 20 1.0000 9.0000 12.0000 1.0000 0.100000 0.9460
RAW 1 150 21 0.8333 3.0000 6.0000 1.0000 0.050000 0.9290
RAW 1 150 22 0.9167 2.6000 8.0000 1.0000 0.066667 0.9130
RAW 1 150 23 1.0000 2.8000 8.0000 1.0000 0.066667 0.8240
RAW 1 150 24 1.0000 3.1000 11.0000 1.0000 0.091667 0.8280
RAW 1 150 25 0.9167 3.0000 6.0000 1.0000 0.050000 0.9370
RAW 1 150 26 1.0000 3.7000 9.0000 1.0000 0.075000 0.9510
RAW 1 150 27 0.8333 1.9000 3.0000 1.0000 0.025000 0.9140
RAW 1 150 28 0.9167 2.7000 8.0000 1.0000 0.066667 0.9370
RAW 1 150 29 0.9167 2.8000 8.0000 1.0000 0.066667 0.9400
RAW 1 150 30 0.9167 2.3000 4.0000 1.0000 0.033333 0.9400
  1 slide-1        0.944       2.78    6.81   0.872    0.0660   0.896
RAW 2 150 1 1.0000 2.4000 3.0000 1.0000 0.025000 0.9360
RAW 2 150 2 0.9167 1.3000 2.0000 1.0000 0.016667 0.9180
RAW 2 150 3 0.9167 1.6000 3.0000 1.0000 0.025000 0.9080
RAW 2 150 4 0.9167 2.6000 5.0000 1.0000 0.041667 0.8590
RAW 2 150 5 1.0000 1.8000 3.0000 1.0000 0.025000 0.8850
RAW 2 150 6 1.0000 2.4000 3.0000 1.0000 0.025000 0.8860
RAW 2 150 7 0.8333 1.4000 2.0000 1.0000 0.016667 0.9220
RAW 2 150 8 0.8333 1.4000 2.0000 1.0000 0.016667 0.8990
RAW 2 150 9 1.0000 7.6000 10.0000 1.0000 0.083333 0.9520
RAW 2 150 10 1.0000 1.9000 3.0000 1.0000 0.025000 0.9170
RAW 2 150 11 0.8333 2.3000 4.0000 1.0000 0.033333 0.8940
RAW 2 150 12 1.0000 3.6000 11.0000 1.0000 0.091667 0.8700
RAW 2 150 13 0.9167 1.4000 3.0000 1.0000 0.025000 0.8770
RAW 2 150 14 0.9167 1.5000 2.0000 1.0000 0.016667 0.8800
RAW 2 150 15 0.9167 1.7000 2.0000 1.0000 0.016667 0.8540
RAW 2 150 16 1.0000 4.3000 10.0000 1.0000 0.083333 0.9490
RAW 2 150 17 0.7500 1.5000 2.0000 1.0000 0.016667 0.8780
RAW 2 150 18 0.5833 1.6000 2.0000 1.0000 0.016667 0.8760
RAW 2 150 19 0.6667 1.3000 2.0000 1.0000 0.016667 0.8500
RAW 2 150 20 0.9167 1.7000 3.0000 1.0000 0.025000 0.8870
RAW 2 150 21 0.9167 2.3000 3.0000 1.0000 0.025000 0.9190
RAW 2 150 22 1.0000 2.4000 5.0000 1.0000 0.041667 0.9340
RAW 2 150 23 0.5833 1.0000 1.0000 1.0000 0.008333 0.8670
RAW 2 150 24 0.5000 1.0000 1.0000 1.0000 0.008333 0.8130
RAW 2 150 25 1.0000 2.5000 4.0000 1.0000 0.033333 0.9100
RAW 2 150 26 0.9167 2.3000 3.0000 1.0000 0.025000 0.8970
RAW 2 150 27 0.9167 1.6000 2.0000 1.0000 0.016667 0.9140
RAW 2 150 28 0.9167 2.6000 4.0000 1.0000 0.033333 0.9350
RAW 2 150 29 1.0000 2.1000 3.0000 1.0000 0.025000 0.9310
RAW 2 150 30 0.9167 1.9000 3.0000 1.0000 0.025000 0.9410
  2 rewire-rand    0.944       2.00    3.71   0.819    0.0395   0.899

GENS=0 reruns this as the no-evolution control: any arm difference that survives there
is an artifact of the seed and the operator, not of selection.
