emerge_transfer -- sharing is a GENE, and TRANSFER is what pays for it
N=12. motif K=3 planted at 1 of 10 positions; train on 3, select on 3, report on 4.
max-pool readout (position never reaches the output). energy = params/(21*10):
  shared = taps, unshared = taps*10. objective = heldout_acc - 3.00*energy.
20 seeds x 200 epochs. GA: pop 24, 50 gens, flips offsets AND the sharing gene.

RAW 0 1 3 1 1 0.8229 0.7717 0.7288
RAW 1 1 3 1 0 0.8438 0.7733 0.7305
RAW 2 1 7 1 0 0.8542 0.4683 0.3683
RAW 3 1 7 1 0 0.8542 0.4700 0.3700
RAW 4 1 3 1 0 0.8438 0.7733 0.7305
RAW 5 1 3 1 0 0.5729 0.5017 0.4588
RAW 0 2 3 1 1 0.7604 0.7633 0.7205
RAW 1 2 4 1 0 0.5833 0.5333 0.4762
RAW 2 2 4 1 0 0.7396 0.6833 0.6262
RAW 3 2 6 1 0 0.7396 0.6767 0.5910
RAW 4 2 4 1 0 0.6979 0.7050 0.6479
RAW 5 2 4 1 0 0.5833 0.4817 0.4245
RAW 0 3 3 1 1 0.8125 0.7533 0.7105
RAW 1 3 6 1 0 0.8958 0.8383 0.7526
RAW 2 3 4 1 0 0.8542 0.8000 0.7429
RAW 3 3 3 1 1 0.8438 0.7867 0.7438
RAW 4 3 3 1 1 0.8438 0.7867 0.7438
RAW 5 3 6 1 0 0.7604 0.5883 0.5026
RAW 0 4 3 1 1 0.6250 0.6033 0.5605
RAW 1 4 2 1 0 0.6875 0.5867 0.5581
RAW 2 4 0 1 0 0.5417 0.4883 0.4883
RAW 3 4 2 1 0 0.6146 0.5767 0.5481
RAW 4 4 2 1 0 0.6875 0.5867 0.5581
RAW 5 4 2 1 0 0.6042 0.4667 0.4381
RAW 0 5 3 1 1 0.7917 0.7633 0.7205
RAW 1 5 6 1 0 0.7708 0.7400 0.6543
RAW 2 5 3 1 1 0.7917 0.7633 0.7205
RAW 3 5 7 1 0 0.8021 0.7217 0.6217
RAW 4 5 3 1 1 0.7917 0.7633 0.7205
RAW 5 5 6 1 0 0.6771 0.5500 0.4643
RAW 0 6 3 1 1 0.8333 0.8417 0.7988
RAW 1 6 3 1 1 0.8333 0.8417 0.7988
RAW 2 6 3 1 1 0.8333 0.8417 0.7988
RAW 3 6 4 1 0 0.7812 0.6300 0.5729
RAW 4 6 4 1 0 0.8438 0.8400 0.7829
RAW 5 6 3 1 0 0.6042 0.5400 0.4971
RAW 0 7 3 1 1 0.6146 0.5667 0.5238
RAW 1 7 1 1 1 0.5312 0.5483 0.5340
RAW 2 7 3 1 0 0.6146 0.5650 0.5221
RAW 3 7 3 1 0 0.6771 0.5450 0.5021
RAW 4 7 2 1 0 0.6354 0.5383 0.5098
RAW 5 7 1 1 1 0.5208 0.5083 0.4940
RAW 0 8 3 1 1 0.9062 0.7667 0.7238
RAW 1 8 6 1 0 0.8958 0.7700 0.6843
RAW 2 8 6 1 0 0.5729 0.6050 0.5193
RAW 3 8 5 1 0 0.6250 0.4033 0.3319
RAW 4 8 6 1 1 0.9062 0.8667 0.7810
RAW 5 8 6 1 0 0.6979 0.4583 0.3726
RAW 0 9 3 1 1 0.5833 0.5667 0.5238
RAW 1 9 0 1 0 0.5521 0.4900 0.4900
RAW 2 9 1 1 1 0.6146 0.4983 0.4840
RAW 3 9 0 0 0 0.5521 0.4900 0.4900
RAW 4 9 4 1 0 0.5833 0.6150 0.5579
RAW 5 9 0 1 0 0.5521 0.4900 0.4900
RAW 0 10 3 1 1 0.7083 0.7600 0.7171
RAW 1 10 3 1 1 0.7083 0.7600 0.7171
RAW 2 10 2 1 1 0.6146 0.5017 0.4731
RAW 3 10 4 1 0 0.7500 0.6833 0.6262
RAW 4 10 2 1 1 0.6146 0.5017 0.4731
RAW 5 10 3 1 0 0.5208 0.4933 0.4505
RAW 0 11 3 1 1 0.5312 0.4917 0.4488
RAW 1 11 2 1 0 0.5417 0.5300 0.5014
RAW 2 11 7 1 0 0.7292 0.6050 0.5050
RAW 3 11 1 1 1 0.5104 0.5300 0.5157
RAW 4 11 2 1 0 0.6250 0.5533 0.5248
RAW 5 11 2 1 0 0.5312 0.4650 0.4364
RAW 0 12 3 1 1 0.5625 0.5350 0.4921
RAW 1 12 2 1 0 0.5938 0.5133 0.4848
RAW 2 12 2 1 0 0.5938 0.5217 0.4931
RAW 3 12 1 1 1 0.5833 0.5283 0.5140
RAW 4 12 2 1 0 0.5729 0.5050 0.4764
RAW 5 12 2 1 0 0.5729 0.5050 0.4764
RAW 0 13 3 1 1 0.6042 0.6233 0.5805
RAW 1 13 2 1 0 0.7396 0.6900 0.6614
RAW 2 13 4 1 0 0.6042 0.6117 0.5545
RAW 3 13 3 1 1 0.6146 0.6017 0.5588
RAW 4 13 4 1 1 0.7812 0.7300 0.6729
RAW 5 13 2 1 0 0.5417 0.4850 0.4564
RAW 0 14 3 1 1 0.5833 0.5100 0.4671
RAW 1 14 6 1 0 0.7604 0.5917 0.5060
RAW 2 14 6 1 0 0.8229 0.6550 0.5693
RAW 3 14 3 1 0 0.7917 0.6500 0.6071
RAW 4 14 5 1 0 0.6354 0.5667 0.4952
RAW 5 14 6 1 0 0.6146 0.4733 0.3876
RAW 0 15 3 1 1 0.7396 0.7967 0.7538
RAW 1 15 5 1 1 0.9062 0.8500 0.7786
RAW 2 15 4 1 1 0.9167 0.8217 0.7645
RAW 3 15 4 1 1 0.9167 0.8217 0.7645
RAW 4 15 7 1 0 0.8854 0.8317 0.7317
RAW 5 15 5 1 0 0.7188 0.4733 0.4019
RAW 0 16 3 1 1 0.7396 0.7750 0.7321
RAW 1 16 6 1 1 0.8854 0.8567 0.7710
RAW 2 16 6 1 0 0.8021 0.7667 0.6810
RAW 3 16 6 1 1 0.8854 0.8567 0.7710
RAW 4 16 7 1 0 0.9271 0.8633 0.7633
RAW 5 16 6 1 0 0.6458 0.5283 0.4426
RAW 0 17 3 1 1 0.6771 0.7033 0.6605
RAW 1 17 4 1 1 0.8021 0.6383 0.5812
RAW 2 17 5 1 0 0.7396 0.6450 0.5736
RAW 3 17 4 1 0 0.7396 0.7200 0.6629
RAW 4 17 5 1 0 0.7917 0.7367 0.6652
RAW 5 17 4 1 0 0.7188 0.5200 0.4629
RAW 0 18 3 1 1 0.8854 0.6367 0.5938
RAW 1 18 2 1 1 0.5833 0.4883 0.4598
RAW 2 18 2 1 1 0.5833 0.4883 0.4598
RAW 3 18 3 1 0 0.8438 0.6950 0.6521
RAW 4 18 4 1 0 0.9167 0.7833 0.7262
RAW 5 18 2 1 1 0.5833 0.4883 0.4598
RAW 0 19 3 1 1 0.7188 0.7367 0.6938
RAW 1 19 6 1 0 0.7292 0.8400 0.7543
RAW 2 19 6 1 0 0.7396 0.7800 0.6943
RAW 3 19 5 1 1 0.7083 0.8450 0.7736
RAW 4 19 6 1 1 0.7396 0.7800 0.6943
RAW 5 19 6 1 0 0.7708 0.5000 0.4143
RAW 0 20 3 1 1 0.8854 0.8683 0.8255
RAW 1 20 2 1 0 0.8854 0.8783 0.8498
RAW 2 20 5 1 0 0.8854 0.9200 0.8486
RAW 3 20 2 1 0 0.8854 0.8783 0.8498
RAW 4 20 3 1 0 0.8854 0.9033 0.8605
RAW 5 20 2 1 1 0.6146 0.5833 0.5548
  producer                    taps  shared contig train acc   heldout  objective
  ideal conv (shared)          3.0    1.00   1.00     0.719     0.692     0.6488
  GA flip-only                 3.5    1.00   0.35     0.736     0.688     0.6372
  GA flip+slide                4.0    1.00   0.30     0.722     0.651     0.5944
  GA flip+rewire               3.6    0.95   0.35     0.736     0.656     0.6034
  GA flip+xover                3.9    1.00   0.30     0.760     0.712     0.6558
  GA-tap-matched random        3.5    1.00   0.15     0.620     0.505     0.4543

GATE (protocol item 9, before any operator work):
  PASS if 'ideal conv (shared)' has the highest objective -- the convolution is finally the
  optimum, and the search question becomes meaningful.
  The UNSHARED rows are the mechanism check: they should fit train and collapse on heldout.
  If they transfer too, the task does not demand sharing and this probe is not yet valid.
