emerge_transfer -- sharing is a GENE, and TRANSFER is what pays for it
N=12. motif K=3 planted at 1 of 10 positions; train on 3, select on 3, report on 4.
max-pool readout (position never reaches the output). energy = params/(21*10):
  shared = taps, unshared = taps*10. objective = heldout_acc - 1.00*energy.
20 seeds x 200 epochs. GA: pop 24, 50 gens, flips offsets AND the sharing gene.

RAW 0 1 3 1 1 0.8229 0.7717 0.7574
RAW 1 1 8 1 0 0.8750 0.7817 0.7436
RAW 2 1 7 1 0 0.8854 0.8233 0.7900
RAW 3 1 11 1 0 0.7083 0.6967 0.6443
RAW 4 1 11 1 0 0.8750 0.7600 0.7076
RAW 5 1 8 1 0 0.6979 0.4483 0.4102
RAW 0 2 3 1 1 0.7604 0.7633 0.7490
RAW 1 2 10 1 0 0.6979 0.5167 0.4690
RAW 2 2 10 1 0 0.8229 0.5450 0.4974
RAW 3 2 5 1 0 0.7396 0.6033 0.5795
RAW 4 2 9 1 0 0.7604 0.5283 0.4855
RAW 5 2 10 1 0 0.7500 0.6033 0.5557
RAW 0 3 3 1 1 0.8125 0.7533 0.7390
RAW 1 3 5 1 0 0.8646 0.7967 0.7729
RAW 2 3 5 1 0 0.7604 0.7250 0.7012
RAW 3 3 7 1 0 0.7812 0.7167 0.6833
RAW 4 3 13 1 0 0.8333 0.6650 0.6031
RAW 5 3 5 1 0 0.6667 0.5567 0.5329
RAW 0 4 3 1 1 0.6250 0.6033 0.5890
RAW 1 4 6 1 0 0.6458 0.5500 0.5214
RAW 2 4 4 1 0 0.6146 0.5250 0.5060
RAW 3 4 7 1 0 0.6875 0.5417 0.5083
RAW 4 4 4 1 0 0.6354 0.5567 0.5376
RAW 5 4 6 1 0 0.5729 0.4567 0.4281
RAW 0 5 3 1 1 0.7917 0.7633 0.7490
RAW 1 5 8 1 0 0.6771 0.7183 0.6802
RAW 2 5 6 1 0 0.8021 0.7833 0.7548
RAW 3 5 6 1 0 0.8021 0.7833 0.7548
RAW 4 5 6 1 1 0.8021 0.7733 0.7448
RAW 5 5 8 1 0 0.7292 0.6600 0.6219
RAW 0 6 3 1 1 0.8333 0.8417 0.8274
RAW 1 6 9 1 0 0.8646 0.6950 0.6521
RAW 2 6 5 1 0 0.8021 0.6267 0.6029
RAW 3 6 6 1 0 0.8333 0.8233 0.7948
RAW 4 6 4 1 0 0.7708 0.6283 0.6093
RAW 5 6 9 1 0 0.7188 0.6783 0.6355
RAW 0 7 3 1 1 0.6146 0.5667 0.5524
RAW 1 7 6 1 0 0.6250 0.5017 0.4731
RAW 2 7 7 1 0 0.6354 0.5317 0.4983
RAW 3 7 6 1 0 0.6771 0.5350 0.5064
RAW 4 7 7 1 0 0.6354 0.5150 0.4817
RAW 5 7 6 1 0 0.6458 0.5583 0.5298
RAW 0 8 3 1 1 0.9062 0.7667 0.7524
RAW 1 8 11 1 0 0.9062 0.8667 0.8143
RAW 2 8 7 1 0 0.9062 0.8383 0.8050
RAW 3 8 6 1 0 0.9062 0.7667 0.7381
RAW 4 8 8 1 0 0.7396 0.5033 0.4652
RAW 5 8 11 1 0 0.8229 0.7017 0.6493
RAW 0 9 3 1 1 0.5833 0.5667 0.5524
RAW 1 9 5 1 0 0.5521 0.4900 0.4662
RAW 2 9 8 1 0 0.5521 0.5200 0.4819
RAW 3 9 6 1 0 0.5625 0.5183 0.4898
RAW 4 9 5 1 0 0.5833 0.5117 0.4879
RAW 5 9 5 1 0 0.5833 0.4517 0.4279
RAW 0 10 3 1 1 0.7083 0.7600 0.7457
RAW 1 10 9 1 0 0.7188 0.5367 0.4938
RAW 2 10 6 1 0 0.6667 0.6300 0.6014
RAW 3 10 7 1 0 0.6146 0.4883 0.4550
RAW 4 10 7 1 0 0.6979 0.7700 0.7367
RAW 5 10 9 1 0 0.7500 0.5400 0.4971
RAW 0 11 3 1 1 0.5312 0.4917 0.4774
RAW 1 11 9 1 0 0.7812 0.5800 0.5371
RAW 2 11 10 1 0 0.6979 0.5267 0.4790
RAW 3 11 6 1 0 0.6042 0.4917 0.4631
RAW 4 11 10 1 0 0.7292 0.5550 0.5074
RAW 5 11 9 1 0 0.6458 0.5000 0.4571
RAW 0 12 3 1 1 0.5625 0.5350 0.5207
RAW 1 12 9 1 0 0.6146 0.5550 0.5121
RAW 2 12 4 1 0 0.6458 0.5333 0.5143
RAW 3 12 6 1 0 0.6667 0.5500 0.5214
RAW 4 12 3 1 0 0.5938 0.5183 0.5040
RAW 5 12 9 1 0 0.6875 0.5217 0.4788
RAW 0 13 3 1 1 0.6042 0.6233 0.6090
RAW 1 13 5 1 0 0.7917 0.7150 0.6912
RAW 2 13 9 1 0 0.7812 0.7317 0.6888
RAW 3 13 6 1 0 0.7188 0.6600 0.6314
RAW 4 13 6 1 0 0.7396 0.6700 0.6414
RAW 5 13 5 1 0 0.6042 0.4750 0.4512
RAW 0 14 3 1 1 0.5833 0.5100 0.4957
RAW 1 14 8 1 0 0.7083 0.5550 0.5169
RAW 2 14 12 1 0 0.7604 0.6350 0.5779
RAW 3 14 11 1 0 0.7917 0.6200 0.5676
RAW 4 14 6 1 0 0.7500 0.7083 0.6798
RAW 5 14 8 1 0 0.6667 0.5850 0.5469
RAW 0 15 3 1 1 0.7396 0.7967 0.7824
RAW 1 15 6 1 0 0.9167 0.8250 0.7964
RAW 2 15 7 1 0 0.9062 0.8450 0.8117
RAW 3 15 5 1 0 0.9167 0.8233 0.7995
RAW 4 15 6 1 0 0.9167 0.8267 0.7981
RAW 5 15 6 1 0 0.6042 0.5850 0.5564
RAW 0 16 3 1 1 0.7396 0.7750 0.7607
RAW 1 16 7 1 0 0.8854 0.8567 0.8233
RAW 2 16 7 1 0 0.8750 0.8333 0.8000
RAW 3 16 7 1 0 0.8958 0.8517 0.8183
RAW 4 16 6 1 1 0.8854 0.8567 0.8281
RAW 5 16 7 1 0 0.6042 0.5150 0.4817
RAW 0 17 3 1 1 0.6771 0.7033 0.6890
RAW 1 17 6 1 0 0.7604 0.7400 0.7114
RAW 2 17 9 1 0 0.7812 0.6783 0.6355
RAW 3 17 7 1 0 0.7708 0.6717 0.6383
RAW 4 17 9 1 0 0.5208 0.4900 0.4471
RAW 5 17 6 1 0 0.7917 0.5567 0.5281
RAW 0 18 3 1 1 0.8854 0.6367 0.6224
RAW 1 18 5 1 0 0.8646 0.6833 0.6595
RAW 2 18 8 1 0 0.9375 0.6817 0.6436
RAW 3 18 7 1 0 0.8438 0.7217 0.6883
RAW 4 18 11 1 0 0.8125 0.6383 0.5860
RAW 5 18 5 1 0 0.6042 0.4783 0.4545
RAW 0 19 3 1 1 0.7188 0.7367 0.7224
RAW 1 19 10 1 0 0.7396 0.7467 0.6990
RAW 2 19 7 1 0 0.6979 0.7600 0.7267
RAW 3 19 8 1 0 0.7188 0.7167 0.6786
RAW 4 19 11 1 0 0.7083 0.7567 0.7043
RAW 5 19 10 1 0 0.8542 0.4800 0.4324
RAW 0 20 3 1 1 0.8854 0.8683 0.8540
RAW 1 20 4 1 0 0.5625 0.5750 0.5560
RAW 2 20 8 1 0 0.9062 0.9250 0.8869
RAW 3 20 3 1 0 0.6250 0.5767 0.5624
RAW 4 20 7 1 0 0.8854 0.9267 0.8933
RAW 5 20 4 1 0 0.7083 0.5700 0.5510
  producer                    taps  shared contig train acc   heldout  objective
  ideal conv (shared)          3.0    1.00   1.00     0.719     0.692     0.6774
  GA flip-only                 7.3    1.00   0.00     0.753     0.664     0.6295
  GA flip+slide                7.3    1.00   0.00     0.772     0.685     0.6502
  GA flip+rewire               6.7    1.00   0.00     0.743     0.658     0.6262
  GA flip+xover                7.5    1.00   0.10     0.744     0.658     0.6224
  GA-tap-matched random        7.3    1.00   0.00     0.685     0.546     0.5113

GATE (protocol item 9, before any operator work):
  PASS if 'ideal conv (shared)' has the highest objective -- the convolution is finally the
  optimum, and the search question becomes meaningful.
  The UNSHARED rows are the mechanism check: they should fit train and collapse on heldout.
  If they transfer too, the task does not demand sharing and this probe is not yet valid.
