place seed coverage final aulc
 0  1 0.2500 0.7270 0.7274
 1  1 0.2500 0.5860 0.5855
 2  1 0.2500 0.6150 0.6117
 3  1 0.2500 0.6200 0.5973
 4  1 0.5000 0.7040 0.7126
 5  1 0.5000 0.7040 0.7125
 6  1 0.7500 0.7280 0.7383
 7  1 1.0000 0.7990 0.7687
 8  1 0.9167 0.7760 0.7645
 9  1 1.0000 0.7970 0.7947
10  1 0.9167 0.7730 0.7537
11  1 0.5000 0.7640 0.7689
12  1 1.0000 0.7950 0.7840
13  1 0.5000 0.7660 0.7401
14  1 0.5833 0.7650 0.7638
15  1 0.7500 0.8060 0.8003
 0  2 0.2500 0.6750 0.6737
 1  2 0.2500 0.6640 0.6613
 2  2 0.2500 0.6430 0.6293
 3  2 0.2500 0.5670 0.5611
 4  2 0.5000 0.6800 0.6654
 5  2 0.5000 0.6810 0.6427
 6  2 0.7500 0.8140 0.7903
 7  2 1.0000 0.8990 0.8913
 8  2 0.9167 0.9190 0.8941
 9  2 1.0000 0.9020 0.8787
10  2 0.9167 0.9170 0.8977
11  2 0.5000 0.7300 0.7233
12  2 1.0000 0.9120 0.8801
13  2 0.5000 0.7310 0.7169
14  2 0.5833 0.8020 0.7684
15  2 0.7500 0.8550 0.8142
 0  3 0.2500 0.6600 0.6583
 1  3 0.2500 0.6130 0.6165
 2  3 0.2500 0.5940 0.5962
 3  3 0.2500 0.6550 0.6511
 4  3 0.5000 0.6750 0.6704
 5  3 0.5000 0.6750 0.6701
 6  3 0.7500 0.6480 0.6472
 7  3 1.0000 0.7600 0.7677
 8  3 0.9167 0.6660 0.6740
 9  3 1.0000 0.7050 0.7144
10  3 0.9167 0.6920 0.6816
11  3 0.5000 0.6630 0.6595
12  3 1.0000 0.7920 0.7859
13  3 0.5000 0.6630 0.6671
14  3 0.5833 0.6520 0.6577
15  3 0.7500 0.7400 0.6781
 0  4 0.2500 0.6360 0.6311
 1  4 0.2500 0.6830 0.6764
 2  4 0.2500 0.6600 0.6502
 3  4 0.2500 0.5770 0.5716
 4  4 0.5000 0.6650 0.6496
 5  4 0.5000 0.6640 0.6493
 6  4 0.7500 0.7820 0.7630
 7  4 1.0000 0.9100 0.8958
 8  4 0.9167 0.9160 0.8774
 9  4 1.0000 0.9100 0.9076
10  4 0.9167 0.9160 0.8943
11  4 0.5000 0.7320 0.7270
12  4 1.0000 0.9120 0.8340
13  4 0.5000 0.7310 0.7275
14  4 0.5833 0.7560 0.7403
15  4 0.7500 0.8730 0.8396
 0  5 0.2500 0.6260 0.6146
 1  5 0.2500 0.6700 0.6726
 2  5 0.2500 0.6680 0.6686
 3  5 0.2500 0.6610 0.6606
 4  5 0.5000 0.7010 0.7020
 5  5 0.5000 0.7000 0.6985
 6  5 0.7500 0.7610 0.7603
 7  5 1.0000 0.8820 0.8441
 8  5 0.9167 0.8260 0.8281
 9  5 1.0000 0.8880 0.8364
10  5 0.9167 0.8280 0.8313
11  5 0.5000 0.7440 0.7441
12  5 1.0000 0.8860 0.8807
13  5 0.5000 0.7450 0.7225
14  5 0.5833 0.7530 0.7519
15  5 0.7500 0.7860 0.7946
 0  6 0.2500 0.5780 0.5770
 1  6 0.2500 0.6430 0.6463
 2  6 0.2500 0.6790 0.6790
 3  6 0.2500 0.6450 0.6435
 4  6 0.5000 0.6790 0.6761
 5  6 0.5000 0.6790 0.6763
 6  6 0.7500 0.6230 0.6210
 7  6 1.0000 0.7710 0.7822
 8  6 0.9167 0.7150 0.7046
 9  6 1.0000 0.7760 0.7791
10  6 0.9167 0.7140 0.7279
11  6 0.5000 0.6250 0.6210
12  6 1.0000 0.7730 0.7831
13  6 0.5000 0.6250 0.6218
14  6 0.5833 0.6550 0.6566
15  6 0.7500 0.7070 0.7078
 0  7 0.2500 0.7490 0.7488
 1  7 0.2500 0.5340 0.5304
 2  7 0.2500 0.5770 0.5740
 3  7 0.2500 0.6480 0.6184
 4  7 0.5000 0.7490 0.7477
 5  7 0.5000 0.7490 0.7492
 6  7 0.7500 0.7900 0.7872
 7  7 1.0000 0.8070 0.8016
 8  7 0.9167 0.8180 0.8021
 9  7 1.0000 0.8040 0.7907
10  7 0.9167 0.8170 0.8067
11  7 0.5000 0.7440 0.7535
12  7 1.0000 0.8060 0.7974
13  7 0.5000 0.7450 0.7522
14  7 0.5833 0.7780 0.7580
15  7 0.7500 0.8000 0.7789
 0  8 0.2500 0.7350 0.7344
 1  8 0.2500 0.5660 0.5652
 2  8 0.2500 0.5780 0.5693
 3  8 0.2500 0.7110 0.7091
 4  8 0.5000 0.7320 0.7359
 5  8 0.5000 0.7320 0.7377
 6  8 0.7500 0.7210 0.7313
 7  8 1.0000 0.7280 0.7302
 8  8 0.9167 0.7350 0.7182
 9  8 1.0000 0.7600 0.7444
10  8 0.9167 0.7390 0.7212
11  8 0.5000 0.7520 0.7386
12  8 1.0000 0.7650 0.7574
13  8 0.5000 0.7520 0.7520
14  8 0.5833 0.7160 0.7279
15  8 0.7500 0.7470 0.7400
 0  9 0.2500 0.6250 0.6150
 1  9 0.2500 0.6900 0.6761
 2  9 0.2500 0.6590 0.6614
 3  9 0.2500 0.6220 0.6233
 4  9 0.5000 0.6440 0.6548
 5  9 0.5000 0.6440 0.6548
 6  9 0.7500 0.8080 0.8012
 7  9 1.0000 0.9160 0.9319
 8  9 0.9167 0.8920 0.8927
 9  9 1.0000 0.9210 0.9343
10  9 0.9167 0.8830 0.8701
11  9 0.5000 0.6810 0.6816
12  9 1.0000 0.9190 0.9071
13  9 0.5000 0.6810 0.6839
14  9 0.5833 0.7220 0.7280
15  9 0.7500 0.7870 0.8010
 0 10 0.2500 0.7170 0.7152
 1 10 0.2500 0.5170 0.5248
 2 10 0.2500 0.5410 0.5413
 3 10 0.2500 0.7670 0.7691
 4 10 0.5000 0.7440 0.7513
 5 10 0.5000 0.7440 0.7446
 6 10 0.7500 0.7160 0.7102
 7 10 1.0000 0.7060 0.7155
 8 10 0.9167 0.7040 0.6871
 9 10 1.0000 0.7250 0.7277
10 10 0.9167 0.7070 0.7008
11 10 0.5000 0.7190 0.7177
12 10 1.0000 0.7040 0.7111
13 10 0.5000 0.7190 0.7122
14 10 0.5833 0.7070 0.7026
15 10 0.7500 0.6990 0.7047
 0 11 0.2500 0.6910 0.6918
 1 11 0.2500 0.5040 0.5044
 2 11 0.2500 0.4950 0.4908
 3 11 0.2500 0.7460 0.7437
 4 11 0.5000 0.7050 0.6820
 5 11 0.5000 0.7160 0.7159
 6 11 0.7500 0.6940 0.6870
 7 11 1.0000 0.7010 0.6817
 8 11 0.9167 0.7050 0.6505
 9 11 1.0000 0.7670 0.7003
10 11 0.9167 0.6900 0.6588
11 11 0.5000 0.6790 0.6792
12 11 1.0000 0.6950 0.6765
13 11 0.5000 0.6790 0.6674
14 11 0.5833 0.6780 0.6814
15 11 0.7500 0.6810 0.6342
 0 12 0.2500 0.7010 0.7045
 1 12 0.2500 0.6530 0.6570
 2 12 0.2500 0.6520 0.6522
 3 12 0.2500 0.5760 0.5777
 4 12 0.5000 0.6870 0.6970
 5 12 0.5000 0.6870 0.6949
 6 12 0.7500 0.7820 0.7977
 7 12 1.0000 0.8920 0.8951
 8 12 0.9167 0.8420 0.8281
 9 12 1.0000 0.8970 0.9024
10 12 0.9167 0.8460 0.8485
11 12 0.5000 0.7550 0.7326
12 12 1.0000 0.8940 0.8937
13 12 0.5000 0.7540 0.7584
14 12 0.5833 0.7290 0.7553
15 12 0.7500 0.8390 0.8486
 0 13 0.2500 0.6110 0.5993
 1 13 0.2500 0.7050 0.6875
 2 13 0.2500 0.6700 0.6702
 3 13 0.2500 0.5940 0.5402
 4 13 0.5000 0.6610 0.6230
 5 13 0.5000 0.6630 0.6447
 6 13 0.7500 0.7780 0.7553
 7 13 1.0000 0.9000 0.8506
 8 13 0.9167 0.8730 0.8637
 9 13 1.0000 0.9020 0.8894
10 13 0.9167 0.8740 0.8656
11 13 0.5000 0.7060 0.7029
12 13 1.0000 0.9030 0.8947
13 13 0.5000 0.7080 0.6797
14 13 0.5833 0.7460 0.7573
15 13 0.7500 0.8300 0.8294
 0 14 0.2500 0.7470 0.7485
 1 14 0.2500 0.5990 0.5942
 2 14 0.2500 0.6200 0.5988
 3 14 0.2500 0.6250 0.6143
 4 14 0.5000 0.7410 0.7302
 5 14 0.5000 0.7420 0.7231
 6 14 0.7500 0.7910 0.7756
 7 14 1.0000 0.8430 0.8286
 8 14 0.9167 0.8340 0.8012
 9 14 1.0000 0.8500 0.7944
10 14 0.9167 0.8320 0.8180
11 14 0.5000 0.7510 0.7542
12 14 1.0000 0.8230 0.8371
13 14 0.5000 0.7510 0.7569
14 14 0.5833 0.7750 0.7859
15 14 0.7500 0.7610 0.7882
 0 15 0.2500 0.6560 0.6575
 1 15 0.2500 0.6620 0.6449
 2 15 0.2500 0.6140 0.6146
 3 15 0.2500 0.6620 0.6531
 4 15 0.5000 0.7250 0.6970
 5 15 0.5000 0.7250 0.7022
 6 15 0.7500 0.7280 0.7170
 7 15 1.0000 0.8390 0.8348
 8 15 0.9167 0.7460 0.7577
 9 15 1.0000 0.8410 0.8259
10 15 0.9167 0.7450 0.7556
11 15 0.5000 0.6960 0.6917
12 15 1.0000 0.8370 0.8249
13 15 0.5000 0.6960 0.6724
14 15 0.5833 0.6950 0.6767
15 15 0.7500 0.7770 0.7504
 0 16 0.2500 0.6490 0.6318
 1 16 0.2500 0.6140 0.6042
 2 16 0.2500 0.6270 0.6156
 3 16 0.2500 0.6640 0.6524
 4 16 0.5000 0.7260 0.7309
 5 16 0.5000 0.7260 0.7242
 6 16 0.7500 0.6950 0.6676
 7 16 1.0000 0.8510 0.7926
 8 16 0.9167 0.7080 0.7156
 9 16 1.0000 0.8440 0.7894
10 16 0.9167 0.6950 0.6950
11 16 0.5000 0.6820 0.6831
12 16 1.0000 0.8510 0.7981
13 16 0.5000 0.6820 0.6804
14 16 0.5833 0.6710 0.6566
15 16 0.7500 0.7370 0.6594
 0 17 0.2500 0.6580 0.6576
 1 17 0.2500 0.6240 0.6121
 2 17 0.2500 0.6810 0.6785
 3 17 0.2500 0.5690 0.5700
 4 17 0.5000 0.6620 0.6484
 5 17 0.5000 0.6650 0.6629
 6 17 0.7500 0.7780 0.7747
 7 17 1.0000 0.9280 0.9184
 8 17 0.9167 0.8870 0.8744
 9 17 1.0000 0.9270 0.8962
10 17 0.9167 0.9100 0.8564
11 17 0.5000 0.7410 0.7510
12 17 1.0000 0.9270 0.8759
13 17 0.5000 0.7410 0.7488
14 17 0.5833 0.7470 0.7465
15 17 0.7500 0.8230 0.8221
 0 18 0.2500 0.6360 0.6325
 1 18 0.2500 0.6630 0.6726
 2 18 0.2500 0.7120 0.7103
 3 18 0.2500 0.6030 0.6090
 4 18 0.5000 0.6520 0.6396
 5 18 0.5000 0.6520 0.6495
 6 18 0.7500 0.7810 0.7854
 7 18 1.0000 0.9440 0.9485
 8 18 0.9167 0.9070 0.8843
 9 18 1.0000 0.9360 0.9328
10 18 0.9167 0.9030 0.8755
11 18 0.5000 0.6990 0.6974
12 18 1.0000 0.9430 0.9414
13 18 0.5000 0.6990 0.6838
14 18 0.5833 0.7290 0.7406
15 18 0.7500 0.8390 0.8380
 0 19 0.2500 0.6400 0.6385
 1 19 0.2500 0.6380 0.6317
 2 19 0.2500 0.6650 0.6646
 3 19 0.2500 0.6430 0.6321
 4 19 0.5000 0.6800 0.6825
 5 19 0.5000 0.6800 0.6829
 6 19 0.7500 0.7580 0.7266
 7 19 1.0000 0.9480 0.9182
 8 19 0.9167 0.9070 0.8960
 9 19 1.0000 0.9450 0.8997
10 19 0.9167 0.9050 0.8726
11 19 0.5000 0.7320 0.7046
12 19 1.0000 0.9430 0.8946
13 19 0.5000 0.7310 0.6871
14 19 0.5833 0.7530 0.7110
15 19 0.7500 0.8420 0.8396
 0 20 0.2500 0.7350 0.7338
 1 20 0.2500 0.5180 0.5204
 2 20 0.2500 0.5170 0.5191
 3 20 0.2500 0.7330 0.7299
 4 20 0.5000 0.7730 0.7663
 5 20 0.5000 0.7710 0.7693
 6 20 0.7500 0.6700 0.6571
 7 20 1.0000 0.7530 0.7157
 8 20 0.9167 0.7340 0.6972
 9 20 1.0000 0.7760 0.7322
10 20 0.9167 0.6700 0.6527
11 20 0.5000 0.6940 0.6732
12 20 1.0000 0.7520 0.7183
13 20 0.5000 0.6940 0.6712
14 20 0.5833 0.7140 0.6975
15 20 0.7500 0.6880 0.6345
 0 21 0.2500 0.7370 0.7363
 1 21 0.2500 0.5220 0.5150
 2 21 0.2500 0.4910 0.4876
 3 21 0.2500 0.7630 0.7547
 4 21 0.5000 0.8110 0.7986
 5 21 0.5000 0.8120 0.8037
 6 21 0.7500 0.7300 0.6967
 7 21 1.0000 0.7450 0.6799
 8 21 0.9167 0.7410 0.7158
 9 21 1.0000 0.7290 0.7009
10 21 0.9167 0.6780 0.6887
11 21 0.5000 0.7480 0.7257
12 21 1.0000 0.7760 0.7330
13 21 0.5000 0.7480 0.7175
14 21 0.5833 0.7300 0.7114
15 21 0.7500 0.7310 0.7034
 0 22 0.2500 0.5880 0.5874
 1 22 0.2500 0.6460 0.6400
 2 22 0.2500 0.6480 0.6564
 3 22 0.2500 0.5890 0.5956
 4 22 0.5000 0.6270 0.6287
 5 22 0.5000 0.6270 0.6298
 6 22 0.7500 0.7940 0.7896
 7 22 1.0000 0.8950 0.8829
 8 22 0.9167 0.8890 0.8884
 9 22 1.0000 0.9050 0.8914
10 22 0.9167 0.8940 0.9138
11 22 0.5000 0.6460 0.6023
12 22 1.0000 0.8960 0.8688
13 22 0.5000 0.6480 0.6615
14 22 0.5833 0.7200 0.6494
15 22 0.7500 0.8390 0.8441
 0 23 0.2500 0.6290 0.6267
 1 23 0.2500 0.6210 0.6191
 2 23 0.2500 0.6410 0.6395
 3 23 0.2500 0.6870 0.6825
 4 23 0.5000 0.6950 0.6921
 5 23 0.5000 0.6960 0.6945
 6 23 0.7500 0.7770 0.7807
 7 23 1.0000 0.8380 0.8442
 8 23 0.9167 0.8300 0.8374
 9 23 1.0000 0.8400 0.7768
10 23 0.9167 0.8310 0.8087
11 23 0.5000 0.6730 0.6723
12 23 1.0000 0.8370 0.8144
13 23 0.5000 0.6730 0.6725
14 23 0.5833 0.7010 0.6990
15 23 0.7500 0.7320 0.7349
 0 24 0.2500 0.6300 0.6331
 1 24 0.2500 0.6750 0.6685
 2 24 0.2500 0.6740 0.6813
 3 24 0.2500 0.6740 0.6709
 4 24 0.5000 0.6660 0.6724
 5 24 0.5000 0.6690 0.6730
 6 24 0.7500 0.7810 0.7847
 7 24 1.0000 0.9380 0.9476
 8 24 0.9167 0.9140 0.8745
 9 24 1.0000 0.9360 0.9422
10 24 0.9167 0.9100 0.9104
11 24 0.5000 0.7280 0.7280
12 24 1.0000 0.9410 0.9473
13 24 0.5000 0.7280 0.7215
14 24 0.5833 0.7370 0.7303
15 24 0.7500 0.8150 0.8222
