emerge_transfer -- sharing is a GENE, and TRANSFER is what pays for it
motif K=3 planted at 1 of 10 positions; train on 3 positions, test on the other 7.
max-pool readout (position never reaches the output). energy = params/(21*10):
  shared = taps, unshared = taps*10. objective = heldout_acc - 1.00*energy.
20 seeds x 200 epochs. GA: pop 24, 50 gens, flips offsets AND the sharing gene.

RAW 0 1 3 1 1 0.8229 0.7717 0.7574
RAW 1 1 3 0 1 0.9271 0.4883 0.3455
RAW 2 1 21 1 1 0.9062 0.5200 0.4200
RAW 3 1 3 1 0 0.6562 0.4633 0.4490
RAW 4 1 21 0 1 0.9479 0.3133 -0.2581
RAW 5 1 5 1 0 0.8438 0.8483 0.8245
RAW 0 2 3 1 1 0.7604 0.7633 0.7490
RAW 1 2 3 0 1 0.9062 0.3867 0.2438
RAW 2 2 21 1 1 0.8021 0.5533 0.4533
RAW 3 2 3 1 0 0.5521 0.4967 0.4824
RAW 4 2 21 0 1 0.9792 0.3550 -0.2164
RAW 5 2 8 1 0 0.7292 0.4833 0.4452
RAW 0 3 3 1 1 0.8125 0.7533 0.7390
RAW 1 3 3 0 1 0.8646 0.4000 0.2571
RAW 2 3 21 1 1 0.8958 0.5600 0.4600
RAW 3 3 3 1 0 0.5729 0.5333 0.5190
RAW 4 3 21 0 1 0.9479 0.4933 -0.0781
RAW 5 3 9 1 0 0.8021 0.6833 0.6405
RAW 0 4 3 1 1 0.6250 0.6033 0.5890
RAW 1 4 3 0 1 0.7292 0.4250 0.2821
RAW 2 4 21 1 1 0.7708 0.5050 0.4050
RAW 3 4 3 1 0 0.5521 0.5183 0.5040
RAW 4 4 21 0 1 0.9271 0.4600 -0.1114
RAW 5 4 4 1 0 0.6562 0.5000 0.4810
RAW 0 5 3 1 1 0.7917 0.7633 0.7490
RAW 1 5 3 0 1 0.8542 0.5200 0.3771
RAW 2 5 21 1 1 0.9375 0.5467 0.4467
RAW 3 5 3 1 0 0.5729 0.4400 0.4257
RAW 4 5 21 0 1 0.9583 0.4617 -0.1098
RAW 5 5 7 1 0 0.8333 0.5150 0.4817
RAW 0 6 3 1 1 0.8333 0.8417 0.8274
RAW 1 6 3 0 1 0.9583 0.4100 0.2671
RAW 2 6 21 1 1 0.8542 0.6150 0.5150
RAW 3 6 3 1 0 0.7708 0.6983 0.6840
RAW 4 6 21 0 1 0.9792 0.4283 -0.1431
RAW 5 6 3 1 1 0.8333 0.8417 0.8274
RAW 0 7 3 1 1 0.6146 0.5667 0.5524
RAW 1 7 3 0 1 0.8646 0.4300 0.2871
RAW 2 7 21 1 1 0.7812 0.5667 0.4667
RAW 3 7 3 1 0 0.6979 0.5400 0.5257
RAW 4 7 21 0 1 0.9896 0.3867 -0.1848
RAW 5 7 7 1 0 0.6146 0.5250 0.4917
RAW 0 8 3 1 1 0.9062 0.7667 0.7524
RAW 1 8 3 0 1 0.9167 0.3767 0.2338
RAW 2 8 21 1 1 0.8646 0.5883 0.4883
RAW 3 8 3 1 0 0.5625 0.4767 0.4624
RAW 4 8 21 0 1 0.9271 0.3367 -0.2348
RAW 5 8 4 1 0 0.6146 0.5300 0.5110
RAW 0 9 3 1 1 0.5833 0.5667 0.5524
RAW 1 9 3 0 1 0.6667 0.4450 0.3021
RAW 2 9 21 1 1 0.6875 0.5417 0.4417
RAW 3 9 3 1 0 0.6875 0.5400 0.5257
RAW 4 9 21 0 1 0.8854 0.4583 -0.1131
RAW 5 9 6 1 0 0.5417 0.4333 0.4048
RAW 0 10 3 1 1 0.7083 0.7600 0.7457
RAW 1 10 3 0 1 0.8021 0.3700 0.2271
RAW 2 10 21 1 1 0.7396 0.5867 0.4867
RAW 3 10 3 1 0 0.5417 0.5167 0.5024
RAW 4 10 21 0 1 0.9583 0.3383 -0.2331
RAW 5 10 2 1 1 0.6146 0.5017 0.4921
RAW 0 11 3 1 1 0.5312 0.4917 0.4774
RAW 1 11 3 0 1 0.8125 0.3850 0.2421
RAW 2 11 21 1 1 0.8021 0.5100 0.4100
RAW 3 11 3 1 0 0.5417 0.5033 0.4890
RAW 4 11 21 0 1 0.9479 0.4117 -0.1598
RAW 5 11 6 1 0 0.7188 0.5300 0.5014
RAW 0 12 3 1 1 0.5625 0.5350 0.5207
RAW 1 12 3 0 1 0.7604 0.5217 0.3788
RAW 2 12 21 1 1 0.6771 0.5033 0.4033
RAW 3 12 3 1 0 0.5729 0.5050 0.4907
RAW 4 12 21 0 1 0.9479 0.5017 -0.0698
RAW 5 12 6 1 0 0.6250 0.5167 0.4881
RAW 0 13 3 1 1 0.6042 0.6233 0.6090
RAW 1 13 3 0 1 0.8750 0.5117 0.3688
RAW 2 13 21 1 1 0.8438 0.5583 0.4583
RAW 3 13 3 1 0 0.5417 0.4750 0.4607
RAW 4 13 21 0 1 0.9688 0.5133 -0.0581
RAW 5 13 4 1 1 0.7812 0.7033 0.6843
RAW 0 14 3 1 1 0.5833 0.5100 0.4957
RAW 1 14 3 0 1 0.9062 0.3467 0.2038
RAW 2 14 21 1 1 0.7917 0.6433 0.5433
RAW 3 14 3 1 0 0.6354 0.4867 0.4724
RAW 4 14 21 0 1 0.9688 0.3383 -0.2331
RAW 5 14 12 1 0 0.8542 0.6000 0.5429
RAW 0 15 3 1 1 0.7396 0.7967 0.7824
RAW 1 15 3 0 1 0.9688 0.3483 0.2055
RAW 2 15 21 1 1 0.8333 0.6250 0.5250
RAW 3 15 3 1 0 0.6562 0.5067 0.4924
RAW 4 15 21 0 1 1.0000 0.4000 -0.1714
RAW 5 15 9 1 0 0.8958 0.5917 0.5488
RAW 0 16 3 1 1 0.7396 0.7750 0.7607
RAW 1 16 3 0 1 0.9062 0.4000 0.2571
RAW 2 16 21 1 1 0.8750 0.8100 0.7100
RAW 3 16 3 1 0 0.5312 0.5150 0.5007
RAW 4 16 21 0 1 0.9896 0.4083 -0.1631
RAW 5 16 7 1 0 0.8125 0.7267 0.6933
RAW 0 17 3 1 1 0.6771 0.7033 0.6890
RAW 1 17 3 0 1 0.8333 0.5133 0.3705
RAW 2 17 21 1 1 0.7917 0.5750 0.4750
RAW 3 17 3 1 0 0.7812 0.5900 0.5757
RAW 4 17 21 0 1 0.9479 0.4700 -0.1014
RAW 5 17 3 1 0 0.6562 0.6450 0.6307
RAW 0 18 3 1 1 0.8854 0.6367 0.6224
RAW 1 18 3 0 1 0.7917 0.4233 0.2805
RAW 2 18 21 1 1 0.8646 0.5217 0.4217
RAW 3 18 3 1 0 0.5833 0.4883 0.4740
RAW 4 18 21 0 1 0.9896 0.5100 -0.0614
RAW 5 18 5 1 0 0.8229 0.6567 0.6329
RAW 0 19 3 1 1 0.7188 0.7367 0.7224
RAW 1 19 3 0 1 0.5625 0.4900 0.3471
RAW 2 19 21 1 1 0.8438 0.5350 0.4350
RAW 3 19 3 1 0 0.5312 0.4933 0.4790
RAW 4 19 21 0 1 0.9583 0.4933 -0.0781
RAW 5 19 8 1 0 0.7396 0.8300 0.7919
RAW 0 20 3 1 1 0.8854 0.8683 0.8540
RAW 1 20 3 0 1 0.9583 0.5467 0.4038
RAW 2 20 21 1 1 0.8646 0.7717 0.6717
RAW 3 20 3 1 0 0.6250 0.6150 0.6007
RAW 4 20 21 0 1 0.9688 0.4417 -0.1298
RAW 5 20 4 1 0 0.8958 0.9017 0.8826
  producer                    taps  shared contig train acc   heldout  objective
  ideal conv (shared)          3.0    1.00   1.00     0.719     0.692     0.6774
  ideal support, UNSHARED      3.0    0.00   1.00     0.843     0.437     0.2941
  full support (shared)       21.0    1.00   1.00     0.821     0.582     0.4818
  tap-matched random           3.0    1.00   0.00     0.608     0.520     0.5058
  full support, UNSHARED      21.0    0.00   1.00     0.959     0.426    -0.1454
  GA (searches both)           6.0    1.00   0.15     0.744     0.628     0.5998

GATE (protocol item 9, before any operator work):
  PASS if 'ideal conv (shared)' has the highest objective -- the convolution is finally the
  optimum, and the search question becomes meaningful.
  The UNSHARED rows are the mechanism check: they should fit train and collapse on heldout.
  If they transfer too, the task does not demand sharing and this probe is not yet valid.
