emerge_transfer -- sharing is a GENE, and TRANSFER is what pays for it
N=12. motif K=3 planted at 1 of 10 positions; train on 3, select on 3, report on 4.
max-pool readout (position never reaches the output). energy = params/(21*10):
  shared = taps, unshared = taps*10. objective = heldout_acc - 1.00*energy.
60 seeds x 200 epochs. GA: pop 24, 50 gens, flips offsets AND the sharing gene.

RAW 0 1 3 1 1 0.8229 0.7717 0.7574
RAW 1 1 8 1 0 0.8958 0.7417 0.7036
RAW 2 1 7 1 0 0.8854 0.8667 0.8333
RAW 3 1 6 1 0 0.6562 0.5433 0.5148
RAW 4 1 9 1 0 0.8958 0.8633 0.8205
RAW 5 1 8 1 0 0.6979 0.4483 0.4102
RAW 0 2 3 1 1 0.7604 0.7633 0.7490
RAW 1 2 5 1 0 0.7812 0.5583 0.5345
RAW 2 2 7 1 0 0.7292 0.5650 0.5317
RAW 3 2 4 1 0 0.5208 0.5967 0.5776
RAW 4 2 5 1 0 0.7708 0.7833 0.7595
RAW 5 2 5 1 0 0.7708 0.5633 0.5395
RAW 0 3 3 1 1 0.8125 0.7533 0.7390
RAW 1 3 6 1 0 0.7708 0.7400 0.7114
RAW 2 3 7 1 0 0.5417 0.4733 0.4400
RAW 3 3 4 1 0 0.8542 0.8000 0.7810
RAW 4 3 7 1 0 0.8021 0.7617 0.7283
RAW 5 3 6 1 0 0.7604 0.5883 0.5598
RAW 0 4 3 1 1 0.6250 0.6033 0.5890
RAW 1 4 5 1 0 0.8542 0.5150 0.4912
RAW 2 4 3 1 1 0.8438 0.5167 0.5024
RAW 3 4 6 1 0 0.6562 0.5183 0.4898
RAW 4 4 3 1 0 0.6250 0.5583 0.5440
RAW 5 4 5 1 0 0.6042 0.5317 0.5079
RAW 0 5 3 1 1 0.7917 0.7633 0.7490
RAW 1 5 9 1 0 0.7708 0.7367 0.6938
RAW 2 5 6 1 0 0.8021 0.7850 0.7564
RAW 3 5 7 1 0 0.7708 0.7700 0.7367
RAW 4 5 7 1 0 0.7604 0.7600 0.7267
RAW 5 5 9 1 0 0.6458 0.5917 0.5488
RAW 0 6 3 1 1 0.8333 0.8417 0.8274
RAW 1 6 4 1 0 0.8438 0.8400 0.8210
RAW 2 6 5 1 0 0.8646 0.8083 0.7845
RAW 3 6 5 1 0 0.8333 0.8333 0.8095
RAW 4 6 6 1 0 0.7917 0.6483 0.6198
RAW 5 6 4 1 0 0.5729 0.5133 0.4943
RAW 0 7 3 1 1 0.6146 0.5667 0.5524
RAW 1 7 5 1 0 0.6042 0.4883 0.4645
RAW 2 7 2 1 0 0.6354 0.6200 0.6105
RAW 3 7 4 1 0 0.6146 0.4883 0.4693
RAW 4 7 4 1 0 0.5833 0.5133 0.4943
RAW 5 7 5 1 0 0.6250 0.5533 0.5295
RAW 0 8 3 1 1 0.9062 0.7667 0.7524
RAW 1 8 6 1 1 0.9062 0.8667 0.8381
RAW 2 8 9 1 0 0.8958 0.8650 0.8221
RAW 3 8 8 1 0 0.6146 0.6083 0.5702
RAW 4 8 7 1 0 0.6562 0.6383 0.6050
RAW 5 8 6 1 0 0.6979 0.4583 0.4298
RAW 0 9 3 1 1 0.5833 0.5667 0.5524
RAW 1 9 5 1 0 0.5833 0.5467 0.5229
RAW 2 9 3 1 0 0.5521 0.4867 0.4724
RAW 3 9 6 1 0 0.5625 0.5867 0.5581
RAW 4 9 3 1 0 0.5521 0.4867 0.4724
RAW 5 9 5 1 0 0.5833 0.4517 0.4279
RAW 0 10 3 1 1 0.7083 0.7600 0.7457
RAW 1 10 3 1 1 0.7083 0.7600 0.7457
RAW 2 10 4 1 1 0.7083 0.7717 0.7526
RAW 3 10 3 1 0 0.7083 0.7617 0.7474
RAW 4 10 4 1 0 0.6979 0.7750 0.7560
RAW 5 10 3 1 0 0.5208 0.4933 0.4790
RAW 0 11 3 1 1 0.5312 0.4917 0.4774
RAW 1 11 8 1 0 0.8333 0.5417 0.5036
RAW 2 11 11 1 0 0.7604 0.5317 0.4793
RAW 3 11 6 1 0 0.6771 0.5700 0.5414
RAW 4 11 8 1 0 0.7292 0.5750 0.5369
RAW 5 11 8 1 0 0.6458 0.5000 0.4619
RAW 0 12 3 1 1 0.5625 0.5350 0.5207
RAW 1 12 6 1 0 0.7083 0.5567 0.5281
RAW 2 12 4 1 0 0.5729 0.5183 0.4993
RAW 3 12 3 1 0 0.6250 0.5200 0.5057
RAW 4 12 6 1 0 0.6562 0.5300 0.5014
RAW 5 12 6 1 0 0.6979 0.5483 0.5198
RAW 0 13 3 1 1 0.6042 0.6233 0.6090
RAW 1 13 5 1 0 0.7917 0.7333 0.7095
RAW 2 13 6 1 0 0.7500 0.7317 0.7031
RAW 3 13 4 1 1 0.7708 0.7367 0.7176
RAW 4 13 4 1 1 0.7708 0.7367 0.7176
RAW 5 13 5 1 0 0.6042 0.4750 0.4512
RAW 0 14 3 1 1 0.5833 0.5100 0.4957
RAW 1 14 10 1 0 0.7917 0.7250 0.6774
RAW 2 14 7 1 0 0.7396 0.5850 0.5517
RAW 3 14 7 1 0 0.7812 0.6900 0.6567
RAW 4 14 6 1 0 0.6875 0.6117 0.5831
RAW 5 14 10 1 0 0.6979 0.5933 0.5457
RAW 0 15 3 1 1 0.7396 0.7967 0.7824
RAW 1 15 7 1 0 0.9167 0.8183 0.7850
RAW 2 15 8 1 0 0.9167 0.8050 0.7669
RAW 3 15 7 1 0 0.9167 0.8267 0.7933
RAW 4 15 7 1 0 0.7917 0.7900 0.7567
RAW 5 15 7 1 0 0.5833 0.5000 0.4667
RAW 0 16 3 1 1 0.7396 0.7750 0.7607
RAW 1 16 11 1 0 0.8854 0.8167 0.7643
RAW 2 16 6 1 1 0.8854 0.8567 0.8281
RAW 3 16 7 1 0 0.8646 0.8500 0.8167
RAW 4 16 6 1 1 0.8854 0.8567 0.8281
RAW 5 16 11 1 0 0.6667 0.6033 0.5510
RAW 0 17 3 1 1 0.6771 0.7033 0.6890
RAW 1 17 6 1 0 0.7604 0.7433 0.7148
RAW 2 17 7 1 0 0.7500 0.7317 0.6983
RAW 3 17 7 1 0 0.7708 0.6367 0.6033
RAW 4 17 6 1 0 0.7708 0.7450 0.7164
RAW 5 17 6 1 0 0.7917 0.5567 0.5281
RAW 0 18 3 1 1 0.8854 0.6367 0.6224
RAW 1 18 6 1 0 0.7292 0.5467 0.5181
RAW 2 18 6 1 0 0.8958 0.7483 0.7198
RAW 3 18 8 1 0 0.8542 0.7517 0.7136
RAW 4 18 5 1 0 0.8854 0.7683 0.7445
RAW 5 18 6 1 0 0.7500 0.4833 0.4548
RAW 0 19 3 1 1 0.7188 0.7367 0.7224
RAW 1 19 6 1 1 0.7917 0.7067 0.6781
RAW 2 19 10 1 0 0.7708 0.7883 0.7407
RAW 3 19 6 1 0 0.7500 0.7600 0.7314
RAW 4 19 7 1 0 0.7292 0.8000 0.7667
RAW 5 19 6 1 0 0.7708 0.5000 0.4714
RAW 0 20 3 1 1 0.8854 0.8683 0.8540
RAW 1 20 8 1 0 0.8958 0.8783 0.8402
RAW 2 20 7 1 0 0.8854 0.9250 0.8917
RAW 3 20 4 1 0 0.8854 0.8767 0.8576
RAW 4 20 5 1 0 0.8542 0.8833 0.8595
RAW 5 20 8 1 0 0.9167 0.8783 0.8402
RAW 0 21 3 1 1 0.6979 0.7850 0.7707
RAW 1 21 8 1 0 0.7917 0.7733 0.7352
RAW 2 21 2 1 0 0.7396 0.8183 0.8088
RAW 3 21 9 1 0 0.7188 0.7033 0.6605
RAW 4 21 6 1 0 0.7604 0.6583 0.6298
RAW 5 21 8 1 0 0.6458 0.5367 0.4986
RAW 0 22 3 1 1 0.7083 0.6600 0.6457
RAW 1 22 8 1 0 0.5833 0.5817 0.5436
RAW 2 22 6 1 0 0.5729 0.5533 0.5248
RAW 3 22 5 1 0 0.6458 0.5017 0.4779
RAW 4 22 5 1 0 0.7083 0.5217 0.4979
RAW 5 22 8 1 0 0.6354 0.5183 0.4802
RAW 0 23 3 1 1 0.7396 0.6333 0.6190
RAW 1 23 9 1 0 0.7708 0.7617 0.7188
RAW 2 23 9 1 0 0.8021 0.5817 0.5388
RAW 3 23 6 1 0 0.7500 0.6500 0.6214
RAW 4 23 9 1 0 0.8229 0.7367 0.6938
RAW 5 23 9 1 0 0.8021 0.5650 0.5221
RAW 0 24 3 1 1 0.6042 0.5900 0.5757
RAW 1 24 4 1 0 0.5417 0.4900 0.4710
RAW 2 24 4 1 1 0.5208 0.5000 0.4810
RAW 3 24 7 1 0 0.6146 0.4800 0.4467
RAW 4 24 5 1 0 0.5833 0.4783 0.4545
RAW 5 24 4 1 0 0.5938 0.4667 0.4476
RAW 0 25 3 1 1 0.5833 0.4750 0.4607
RAW 1 25 4 1 0 0.6146 0.5250 0.5060
RAW 2 25 6 1 0 0.5938 0.4417 0.4131
RAW 3 25 5 1 0 0.5625 0.4933 0.4695
RAW 4 25 3 1 0 0.6250 0.5300 0.5157
RAW 5 25 4 1 0 0.5729 0.4600 0.4410
RAW 0 26 3 1 1 0.5521 0.5317 0.5174
RAW 1 26 7 1 0 0.7500 0.5533 0.5200
RAW 2 26 8 1 0 0.7812 0.6517 0.6136
RAW 3 26 8 1 0 0.8021 0.6617 0.6236
RAW 4 26 10 1 0 0.8333 0.6517 0.6040
RAW 5 26 7 1 0 0.5417 0.5117 0.4783
RAW 0 27 3 1 1 0.5938 0.5350 0.5207
RAW 1 27 5 1 0 0.5938 0.4917 0.4679
RAW 2 27 3 1 0 0.6354 0.5550 0.5407
RAW 3 27 4 1 0 0.5312 0.5183 0.4993
RAW 4 27 4 1 0 0.6458 0.5467 0.5276
RAW 5 27 5 1 0 0.5312 0.5150 0.4912
RAW 0 28 3 1 1 0.5938 0.4917 0.4774
RAW 1 28 8 1 0 0.6562 0.5683 0.5302
RAW 2 28 4 1 0 0.5833 0.4650 0.4460
RAW 3 28 3 1 0 0.5729 0.4667 0.4524
RAW 4 28 6 1 0 0.5833 0.4650 0.4364
RAW 5 28 8 1 0 0.6250 0.5133 0.4752
RAW 0 29 3 1 1 0.5729 0.4950 0.4807
RAW 1 29 7 1 0 0.6146 0.5300 0.4967
RAW 2 29 7 1 0 0.6458 0.5283 0.4950
RAW 3 29 4 1 0 0.6354 0.4767 0.4576
RAW 4 29 5 1 0 0.5833 0.4917 0.4679
RAW 5 29 7 1 0 0.6146 0.5050 0.4717
RAW 0 30 3 1 1 0.6146 0.5533 0.5390
RAW 1 30 4 1 0 0.6146 0.4667 0.4476
RAW 2 30 3 1 1 0.6042 0.5500 0.5357
RAW 3 30 6 1 0 0.6771 0.4717 0.4431
RAW 4 30 4 1 0 0.6250 0.5517 0.5326
RAW 5 30 4 1 0 0.6458 0.4567 0.4376
RAW 0 31 3 1 1 0.9062 0.9117 0.8974
RAW 1 31 8 1 0 0.6146 0.6067 0.5686
RAW 2 31 6 1 0 0.9062 0.9017 0.8731
RAW 3 31 10 1 0 0.7292 0.8517 0.8040
RAW 4 31 6 1 0 0.9167 0.8833 0.8548
RAW 5 31 8 1 0 0.6979 0.7567 0.7186
RAW 0 32 3 1 1 0.7604 0.7600 0.7457
RAW 1 32 8 1 0 0.8021 0.7417 0.7036
RAW 2 32 7 1 0 0.7604 0.7267 0.6933
RAW 3 32 11 1 0 0.7812 0.6983 0.6460
RAW 4 32 6 1 1 0.7604 0.6967 0.6681
RAW 5 32 8 1 0 0.5833 0.4700 0.4319
RAW 0 33 3 1 1 0.4896 0.5450 0.5307
RAW 1 33 6 1 0 0.6354 0.5267 0.4981
RAW 2 33 7 1 0 0.7500 0.4617 0.4283
RAW 3 33 9 1 0 0.8021 0.6733 0.6305
RAW 4 33 2 1 0 0.9062 0.9167 0.9071
RAW 5 33 6 1 0 0.8021 0.5967 0.5681
RAW 0 34 3 1 1 0.5729 0.4533 0.4390
RAW 1 34 8 1 0 0.7500 0.5667 0.5286
RAW 2 34 9 1 0 0.9167 0.8133 0.7705
RAW 3 34 9 1 0 0.9167 0.7750 0.7321
RAW 4 34 6 1 0 0.9062 0.8250 0.7964
RAW 5 34 8 1 0 0.7917 0.6517 0.6136
RAW 0 35 3 1 1 0.6146 0.5083 0.4940
RAW 1 35 6 1 0 0.6250 0.6733 0.6448
RAW 2 35 7 1 0 0.6354 0.7400 0.7067
RAW 3 35 4 1 0 0.5729 0.5767 0.5576
RAW 4 35 6 1 0 0.7396 0.6600 0.6314
RAW 5 35 6 1 0 0.5938 0.5750 0.5464
RAW 0 36 3 1 1 0.9062 0.8300 0.8157
RAW 1 36 3 1 0 0.8438 0.8200 0.8057
RAW 2 36 7 1 0 0.8750 0.8033 0.7700
RAW 3 36 5 1 0 0.8542 0.8133 0.7895
RAW 4 36 3 1 0 0.8438 0.8200 0.8057
RAW 5 36 3 1 0 0.5521 0.5517 0.5374
RAW 0 37 3 1 1 0.6667 0.6533 0.6390
RAW 1 37 6 1 0 0.7396 0.7233 0.6948
RAW 2 37 8 1 0 0.7292 0.7450 0.7069
RAW 3 37 6 1 0 0.7500 0.7100 0.6814
RAW 4 37 6 1 0 0.7604 0.7700 0.7414
RAW 5 37 6 1 0 0.7292 0.6733 0.6448
RAW 0 38 3 1 1 0.8333 0.6917 0.6774
RAW 1 38 6 1 0 0.8125 0.7200 0.6914
RAW 2 38 8 1 0 0.8333 0.7767 0.7386
RAW 3 38 10 1 0 0.8229 0.7200 0.6724
RAW 4 38 8 1 0 0.8229 0.8450 0.8069
RAW 5 38 6 1 0 0.6771 0.5550 0.5264
RAW 0 39 3 1 1 0.5521 0.6033 0.5890
RAW 1 39 7 1 0 0.8750 0.8267 0.7933
RAW 2 39 6 1 0 0.8750 0.8300 0.8014
RAW 3 39 10 1 0 0.8854 0.8350 0.7874
RAW 4 39 6 1 0 0.8333 0.6783 0.6498
RAW 5 39 7 1 0 0.6042 0.6033 0.5700
RAW 0 40 3 1 1 0.7188 0.6867 0.6724
RAW 1 40 4 1 0 0.7083 0.6717 0.6526
RAW 2 40 8 1 0 0.6875 0.5183 0.4802
RAW 3 40 4 1 1 0.7500 0.6817 0.6626
RAW 4 40 5 1 0 0.6250 0.5433 0.5195
RAW 5 40 4 1 0 0.5729 0.5183 0.4993
RAW 0 41 3 1 1 0.7396 0.6350 0.6207
RAW 1 41 7 1 0 0.9062 0.8417 0.8083
RAW 2 41 8 1 0 0.8021 0.5167 0.4786
RAW 3 41 7 1 0 0.8125 0.5717 0.5383
RAW 4 41 8 1 0 0.8021 0.5467 0.5086
RAW 5 41 7 1 0 0.7604 0.5867 0.5533
RAW 0 42 3 1 1 0.6562 0.6050 0.5907
RAW 1 42 6 1 0 0.7292 0.5500 0.5214
RAW 2 42 2 1 0 0.6354 0.5650 0.5555
RAW 3 42 8 1 0 0.6875 0.5733 0.5352
RAW 4 42 5 1 0 0.6354 0.5100 0.4862
RAW 5 42 6 1 0 0.5938 0.4783 0.4498
RAW 0 43 3 1 1 0.6667 0.6583 0.6440
RAW 1 43 5 1 0 0.6458 0.5617 0.5379
RAW 2 43 5 1 0 0.6979 0.6600 0.6362
RAW 3 43 6 1 0 0.6771 0.6033 0.5748
RAW 4 43 4 1 1 0.6562 0.6600 0.6410
RAW 5 43 5 1 0 0.5312 0.5183 0.4945
RAW 0 44 3 1 1 0.6562 0.5350 0.5207
RAW 1 44 7 1 0 0.7292 0.6150 0.5817
RAW 2 44 3 1 0 0.6667 0.5867 0.5724
RAW 3 44 5 1 0 0.5729 0.4867 0.4629
RAW 4 44 6 1 0 0.7396 0.5983 0.5698
RAW 5 44 7 1 0 0.5729 0.5167 0.4833
RAW 0 45 3 1 1 0.5625 0.4833 0.4690
RAW 1 45 7 1 0 0.6562 0.5483 0.5150
RAW 2 45 7 1 0 0.6458 0.5467 0.5133
RAW 3 45 5 1 0 0.6771 0.4967 0.4729
RAW 4 45 4 1 0 0.5729 0.6000 0.5810
RAW 5 45 7 1 0 0.6146 0.5117 0.4783
RAW 0 46 3 1 1 0.5312 0.4917 0.4774
RAW 1 46 3 1 0 0.7188 0.6417 0.6274
RAW 2 46 5 1 0 0.7292 0.6250 0.6012
RAW 3 46 2 1 1 0.7292 0.6250 0.6155
RAW 4 46 2 1 1 0.7292 0.6250 0.6155
RAW 5 46 3 1 0 0.6667 0.4767 0.4624
RAW 0 47 3 1 1 0.6979 0.6033 0.5890
RAW 1 47 3 1 0 0.6146 0.5650 0.5507
RAW 2 47 2 1 1 0.5521 0.4917 0.4821
RAW 3 47 5 1 0 0.6979 0.6300 0.6062
RAW 4 47 3 1 0 0.6146 0.5650 0.5507
RAW 5 47 3 1 0 0.6667 0.4533 0.4390
RAW 0 48 3 1 1 0.8125 0.7883 0.7740
RAW 1 48 4 1 0 0.8438 0.7800 0.7610
RAW 2 48 6 1 0 0.8750 0.7633 0.7348
RAW 3 48 5 1 0 0.8229 0.7517 0.7279
RAW 4 48 5 1 0 0.8542 0.7850 0.7612
RAW 5 48 4 1 0 0.5521 0.4567 0.4376
RAW 0 49 3 1 1 0.5312 0.5200 0.5057
RAW 1 49 4 1 0 0.5625 0.5167 0.4976
RAW 2 49 5 1 0 0.6875 0.5733 0.5495
RAW 3 49 5 1 0 0.6458 0.6300 0.6062
RAW 4 49 3 1 0 0.5312 0.4833 0.4690
RAW 5 49 4 1 0 0.5729 0.4867 0.4676
RAW 0 50 3 1 1 0.6458 0.5283 0.5140
RAW 1 50 5 1 0 0.7188 0.5450 0.5212
RAW 2 50 5 1 0 0.7188 0.5450 0.5212
RAW 3 50 8 1 0 0.8750 0.7300 0.6919
RAW 4 50 5 1 0 0.9062 0.8367 0.8129
RAW 5 50 5 1 0 0.6146 0.5300 0.5062
RAW 0 51 3 1 1 0.7812 0.7100 0.6957
RAW 1 51 9 1 0 0.9062 0.8000 0.7571
RAW 2 51 7 1 0 0.8438 0.7750 0.7417
RAW 3 51 7 1 0 0.8438 0.7717 0.7383
RAW 4 51 5 1 1 0.8333 0.7767 0.7529
RAW 5 51 9 1 0 0.8333 0.7300 0.6871
RAW 0 52 3 1 1 0.5104 0.4983 0.4840
RAW 1 52 4 1 0 0.5625 0.5400 0.5210
RAW 2 52 8 1 0 0.5104 0.4983 0.4602
RAW 3 52 5 1 0 0.7708 0.5883 0.5645
RAW 4 52 9 1 0 0.5833 0.5283 0.4855
RAW 5 52 4 1 0 0.5208 0.4983 0.4793
RAW 0 53 3 1 1 0.5208 0.4967 0.4824
RAW 1 53 6 1 0 0.7083 0.6250 0.5964
RAW 2 53 6 1 0 0.7083 0.6250 0.5964
RAW 3 53 7 1 0 0.6979 0.6500 0.6167
RAW 4 53 5 1 0 0.7292 0.6567 0.6329
RAW 5 53 6 1 0 0.7083 0.6317 0.6031
RAW 0 54 3 1 1 0.5417 0.6367 0.6224
RAW 1 54 3 1 1 0.6979 0.5650 0.5507
RAW 2 54 3 1 1 0.6979 0.5650 0.5507
RAW 3 54 5 1 0 0.6458 0.5283 0.5045
RAW 4 54 4 1 0 0.6979 0.5667 0.5476
RAW 5 54 3 1 0 0.6562 0.5133 0.4990
RAW 0 55 3 1 1 0.8438 0.7933 0.7790
RAW 1 55 9 1 0 0.8125 0.8300 0.7871
RAW 2 55 9 1 0 0.6771 0.6833 0.6405
RAW 3 55 12 1 0 0.8229 0.7783 0.7212
RAW 4 55 10 1 0 0.8333 0.8033 0.7557
RAW 5 55 9 1 0 0.6667 0.6600 0.6171
RAW 0 56 3 1 1 0.5625 0.5667 0.5524
RAW 1 56 10 1 0 0.6979 0.5383 0.4907
RAW 2 56 5 1 0 0.6250 0.4683 0.4445
RAW 3 56 8 1 0 0.6458 0.4967 0.4586
RAW 4 56 5 1 0 0.6354 0.4883 0.4645
RAW 5 56 10 1 0 0.6667 0.5567 0.5090
RAW 0 57 3 1 1 0.6042 0.5083 0.4940
RAW 1 57 0 1 0 0.6042 0.5083 0.5083
RAW 2 57 6 1 0 0.6042 0.5083 0.4798
RAW 3 57 1 1 1 0.6042 0.5083 0.5036
RAW 4 57 1 1 1 0.6042 0.5083 0.5036
RAW 5 57 0 1 0 0.6042 0.5083 0.5083
RAW 0 58 3 1 1 0.8542 0.7733 0.7590
RAW 1 58 6 1 0 0.8646 0.7333 0.7048
RAW 2 58 6 1 0 0.8646 0.8150 0.7864
RAW 3 58 9 1 0 0.8646 0.8350 0.7921
RAW 4 58 5 1 0 0.8646 0.7950 0.7712
RAW 5 58 6 1 0 0.7500 0.5317 0.5031
RAW 0 59 3 1 1 0.6562 0.4583 0.4440
RAW 1 59 8 1 0 0.7604 0.5467 0.5086
RAW 2 59 5 1 0 0.6667 0.5567 0.5329
RAW 3 59 10 1 0 0.7812 0.6933 0.6457
RAW 4 59 7 1 0 0.6667 0.6550 0.6217
RAW 5 59 8 1 0 0.6458 0.4683 0.4302
RAW 0 60 3 1 1 0.7292 0.6400 0.6257
RAW 1 60 6 1 0 0.6667 0.5133 0.4848
RAW 2 60 7 1 0 0.6875 0.5683 0.5350
RAW 3 60 6 1 0 0.7708 0.5883 0.5598
RAW 4 60 5 1 0 0.7917 0.5850 0.5612
RAW 5 60 6 1 0 0.6562 0.5333 0.5048
  producer                    taps  shared contig train acc   heldout  objective
  ideal conv (shared)          3.0    1.00   1.00     0.680     0.636     0.6217
  GA flip-only                 6.1    1.00   0.07     0.736     0.647     0.6183
  GA flip+slide                6.0    1.00   0.12     0.729     0.648     0.6194
  GA flip+rewire               6.2    1.00   0.07     0.728     0.650     0.6207
  GA flip+xover                5.5    1.00   0.12     0.734     0.665     0.6395
  GA-tap-matched random        6.1    1.00   0.00     0.655     0.541     0.5122

GATE (protocol item 9, before any operator work):
  PASS if 'ideal conv (shared)' has the highest objective -- the convolution is finally the
  optimum, and the search question becomes meaningful.
  The UNSHARED rows are the mechanism check: they should fit train and collapse on heldout.
  If they transfer too, the task does not demand sharing and this probe is not yet valid.
