emerge_transfer -- sharing is a GENE, and TRANSFER is what pays for it
N=12. motif K=3 planted at 1 of 10 positions; train on 3, select on 3, report on 4.
max-pool readout (position never reaches the output). energy = params/(21*10):
  shared = taps, unshared = taps*10. objective = heldout_acc - 6.00*energy.
60 seeds x 200 epochs. GA: pop 24, 50 gens, flips offsets AND the sharing gene.

RAW 0 1 3 1 1 0.8229 0.7717 0.6860
RAW 1 1 3 1 0 0.7708 0.9217 0.8360
RAW 2 1 3 1 0 0.6771 0.4817 0.3960
RAW 3 1 3 1 0 0.8750 0.8067 0.7210
RAW 4 1 4 1 0 0.8229 0.8967 0.7824
RAW 5 1 3 1 0 0.5729 0.5150 0.4293
RAW 0 2 3 1 1 0.7604 0.7633 0.6776
RAW 1 2 3 1 0 0.7917 0.5617 0.4760
RAW 2 2 2 1 0 0.8021 0.5600 0.5029
RAW 3 2 4 1 0 0.8021 0.5650 0.4507
RAW 4 2 2 1 0 0.8021 0.5600 0.5029
RAW 5 2 3 1 0 0.5833 0.4167 0.3310
RAW 0 3 3 1 1 0.8125 0.7533 0.6676
RAW 1 3 3 1 1 0.8438 0.7867 0.7010
RAW 2 3 5 1 0 0.7292 0.6467 0.5038
RAW 3 3 3 1 1 0.8125 0.7533 0.6676
RAW 4 3 2 1 0 0.7500 0.7750 0.7179
RAW 5 3 3 1 0 0.6042 0.4933 0.4076
RAW 0 4 3 1 1 0.6250 0.6033 0.5176
RAW 1 4 1 1 1 0.5938 0.5450 0.5164
RAW 2 4 1 1 1 0.5938 0.5450 0.5164
RAW 3 4 2 1 0 0.6875 0.5867 0.5295
RAW 4 4 2 1 0 0.6875 0.5867 0.5295
RAW 5 4 1 1 1 0.6146 0.4933 0.4648
RAW 0 5 3 1 1 0.7917 0.7633 0.6776
RAW 1 5 3 1 1 0.7917 0.7633 0.6776
RAW 2 5 3 1 0 0.6458 0.4800 0.3943
RAW 3 5 3 1 1 0.7917 0.7633 0.6776
RAW 4 5 4 1 0 0.6667 0.5817 0.4674
RAW 5 5 3 1 0 0.5208 0.6750 0.5893
RAW 0 6 3 1 1 0.8333 0.8417 0.7560
RAW 1 6 3 1 0 0.6562 0.6417 0.5560
RAW 2 6 3 1 1 0.8333 0.6950 0.6093
RAW 3 6 3 1 1 0.8333 0.8417 0.7560
RAW 4 6 3 1 1 0.8333 0.6950 0.6093
RAW 5 6 3 1 0 0.5104 0.4967 0.4110
RAW 0 7 3 1 1 0.6146 0.5667 0.4810
RAW 1 7 2 1 0 0.6250 0.5183 0.4612
RAW 2 7 2 1 0 0.6250 0.5183 0.4612
RAW 3 7 2 1 1 0.5208 0.5083 0.4512
RAW 4 7 2 1 0 0.6250 0.5183 0.4612
RAW 5 7 2 1 0 0.5208 0.5083 0.4512
RAW 0 8 3 1 1 0.9062 0.7667 0.6810
RAW 1 8 2 1 1 0.9062 0.8750 0.8179
RAW 2 8 4 1 0 0.9062 0.7667 0.6524
RAW 3 8 3 1 0 0.9062 0.7700 0.6843
RAW 4 8 2 1 1 0.9062 0.8750 0.8179
RAW 5 8 2 1 0 0.5625 0.4767 0.4195
RAW 0 9 3 1 1 0.5833 0.5667 0.4810
RAW 1 9 1 1 1 0.5521 0.4950 0.4664
RAW 2 9 1 1 1 0.5521 0.4950 0.4664
RAW 3 9 0 0 0 0.5521 0.4900 0.4900
RAW 4 9 2 1 1 0.5833 0.5700 0.5129
RAW 5 9 1 1 1 0.5521 0.4900 0.4614
RAW 0 10 3 1 1 0.7083 0.7600 0.6743
RAW 1 10 3 1 0 0.7708 0.6833 0.5976
RAW 2 10 3 1 0 0.7083 0.6733 0.5876
RAW 3 10 3 1 1 0.7500 0.6800 0.5943
RAW 4 10 3 1 1 0.7083 0.6733 0.5876
RAW 5 10 3 1 0 0.6250 0.5600 0.4743
RAW 0 11 3 1 1 0.5312 0.4917 0.4060
RAW 1 11 3 1 1 0.6979 0.5150 0.4293
RAW 2 11 3 1 0 0.5312 0.4917 0.4060
RAW 3 11 1 1 1 0.5521 0.4900 0.4614
RAW 4 11 0 0 0 0.5312 0.4917 0.4917
RAW 5 11 3 1 0 0.5625 0.5033 0.4176
RAW 0 12 3 1 1 0.5625 0.5350 0.4493
RAW 1 12 0 1 0 0.5729 0.5050 0.5050
RAW 2 12 1 1 1 0.6146 0.4850 0.4564
RAW 3 12 0 1 0 0.5729 0.5050 0.5050
RAW 4 12 0 1 0 0.5729 0.5050 0.5050
RAW 5 12 0 1 0 0.5729 0.5050 0.5050
RAW 0 13 3 1 1 0.6042 0.6233 0.5376
RAW 1 13 2 1 0 0.7500 0.6050 0.5479
RAW 2 13 4 1 1 0.7812 0.7033 0.5890
RAW 3 13 2 1 0 0.7500 0.6483 0.5912
RAW 4 13 2 1 0 0.7500 0.6050 0.5479
RAW 5 13 2 1 1 0.5417 0.4750 0.4179
RAW 0 14 3 1 1 0.5833 0.5100 0.4243
RAW 1 14 5 1 0 0.7917 0.7233 0.5805
RAW 2 14 5 1 0 0.5938 0.4733 0.3305
RAW 3 14 7 1 0 0.6771 0.4833 0.2833
RAW 4 14 4 1 0 0.5938 0.4733 0.3590
RAW 5 14 5 1 0 0.6458 0.4550 0.3121
RAW 0 15 3 1 1 0.7396 0.7967 0.7110
RAW 1 15 4 1 0 0.8438 0.5850 0.4707
RAW 2 15 4 1 1 0.9167 0.8217 0.7074
RAW 3 15 4 1 0 0.8438 0.5850 0.4707
RAW 4 15 4 1 0 0.8333 0.6650 0.5507
RAW 5 15 4 1 0 0.5521 0.5800 0.4657
RAW 0 16 3 1 1 0.7396 0.7750 0.6893
RAW 1 16 3 1 1 0.7812 0.7983 0.7126
RAW 2 16 6 1 0 0.8125 0.7133 0.5419
RAW 3 16 3 1 1 0.7812 0.7983 0.7126
RAW 4 16 3 1 1 0.7812 0.7983 0.7126
RAW 5 16 3 1 0 0.5625 0.5150 0.4293
RAW 0 17 3 1 1 0.6771 0.7033 0.6176
RAW 1 17 3 1 0 0.8021 0.6733 0.5876
RAW 2 17 2 1 1 0.7708 0.6667 0.6095
RAW 3 17 4 1 0 0.7604 0.6050 0.4907
RAW 4 17 1 1 1 0.6250 0.4933 0.4648
RAW 5 17 3 1 0 0.4792 0.5267 0.4410
RAW 0 18 3 1 1 0.8854 0.6367 0.5510
RAW 1 18 2 1 0 0.7604 0.6383 0.5812
RAW 2 18 2 1 0 0.7604 0.6383 0.5812
RAW 3 18 2 1 0 0.7604 0.6383 0.5812
RAW 4 18 2 1 0 0.6562 0.5317 0.4745
RAW 5 18 2 1 0 0.5833 0.4883 0.4312
RAW 0 19 3 1 1 0.7188 0.7367 0.6510
RAW 1 19 2 1 0 0.7083 0.8700 0.8129
RAW 2 19 3 1 1 0.6354 0.8367 0.7510
RAW 3 19 6 1 0 0.8125 0.7167 0.5452
RAW 4 19 6 1 0 0.5729 0.4867 0.3152
RAW 5 19 2 1 0 0.5104 0.5700 0.5129
RAW 0 20 3 1 1 0.8854 0.8683 0.7826
RAW 1 20 2 1 0 0.7292 0.8167 0.7595
RAW 2 20 3 1 0 0.8854 0.9167 0.8310
RAW 3 20 3 1 0 0.8958 0.7767 0.6910
RAW 4 20 2 1 0 0.5312 0.5133 0.4562
RAW 5 20 2 1 0 0.5729 0.6067 0.5495
RAW 0 21 3 1 1 0.6979 0.7850 0.6993
RAW 1 21 2 1 0 0.7604 0.7250 0.6679
RAW 2 21 2 1 0 0.7396 0.8183 0.7612
RAW 3 21 2 1 0 0.7396 0.8183 0.7612
RAW 4 21 2 1 0 0.7604 0.7250 0.6679
RAW 5 21 2 1 0 0.5521 0.5133 0.4562
RAW 0 22 3 1 1 0.7083 0.6600 0.5743
RAW 1 22 2 1 1 0.6458 0.6300 0.5729
RAW 2 22 2 1 1 0.7292 0.5833 0.5262
RAW 3 22 0 0 0 0.5417 0.4917 0.4917
RAW 4 22 2 1 1 0.7292 0.5833 0.5262
RAW 5 22 2 1 0 0.5417 0.4917 0.4345
RAW 0 23 3 1 1 0.7396 0.6333 0.5476
RAW 1 23 7 1 0 0.7500 0.6650 0.4650
RAW 2 23 6 1 0 0.7708 0.5967 0.4252
RAW 3 23 5 1 0 0.6146 0.5450 0.4021
RAW 4 23 3 1 0 0.7500 0.6450 0.5593
RAW 5 23 7 1 0 0.6250 0.4767 0.2767
RAW 0 24 3 1 1 0.6042 0.5900 0.5043
RAW 1 24 2 1 1 0.5833 0.4967 0.4395
RAW 2 24 2 1 1 0.5833 0.5467 0.4895
RAW 3 24 2 1 1 0.5833 0.5467 0.4895
RAW 4 24 2 1 1 0.5833 0.5467 0.4895
RAW 5 24 2 1 0 0.5417 0.4900 0.4329
RAW 0 25 3 1 1 0.5833 0.4750 0.3893
RAW 1 25 2 1 1 0.5833 0.4633 0.4062
RAW 2 25 1 1 1 0.5000 0.5067 0.4781
RAW 3 25 2 1 1 0.5833 0.4633 0.4062
RAW 4 25 2 1 1 0.5833 0.4633 0.4062
RAW 5 25 2 1 0 0.5625 0.4283 0.3712
RAW 0 26 3 1 1 0.5521 0.5317 0.4460
RAW 1 26 4 1 0 0.5625 0.5900 0.4757
RAW 2 26 4 1 0 0.5521 0.5250 0.4107
RAW 3 26 6 1 0 0.7188 0.6867 0.5152
RAW 4 26 6 1 0 0.7188 0.5117 0.3402
RAW 5 26 4 1 0 0.5104 0.5017 0.3874
RAW 0 27 3 1 1 0.5938 0.5350 0.4493
RAW 1 27 1 1 1 0.5521 0.5350 0.5064
RAW 2 27 1 1 1 0.5521 0.5350 0.5064
RAW 3 27 1 1 1 0.5521 0.5350 0.5064
RAW 4 27 1 1 1 0.5521 0.5350 0.5064
RAW 5 27 1 1 1 0.5312 0.5017 0.4731
RAW 0 28 3 1 1 0.5938 0.4917 0.4060
RAW 1 28 2 1 0 0.5833 0.4867 0.4295
RAW 2 28 2 1 0 0.5833 0.4867 0.4295
RAW 3 28 0 1 0 0.5833 0.4650 0.4650
RAW 4 28 2 1 0 0.5833 0.4867 0.4295
RAW 5 28 2 1 0 0.5833 0.4650 0.4079
RAW 0 29 3 1 1 0.5729 0.4950 0.4093
RAW 1 29 0 1 0 0.5729 0.4950 0.4950
RAW 2 29 0 1 0 0.5729 0.4950 0.4950
RAW 3 29 2 1 0 0.5833 0.5017 0.4445
RAW 4 29 0 1 0 0.5729 0.4950 0.4950
RAW 5 29 0 1 0 0.5729 0.4950 0.4950
RAW 0 30 3 1 1 0.6146 0.5533 0.4676
RAW 1 30 1 1 1 0.6979 0.4950 0.4664
RAW 2 30 1 1 1 0.6979 0.4950 0.4664
RAW 3 30 1 1 1 0.6979 0.4950 0.4664
RAW 4 30 1 1 1 0.5208 0.4883 0.4598
RAW 5 30 1 1 1 0.5208 0.4883 0.4598
RAW 0 31 3 1 1 0.9062 0.9117 0.8260
RAW 1 31 3 1 0 0.8854 0.8717 0.7860
RAW 2 31 2 1 0 0.7604 0.8083 0.7512
RAW 3 31 2 1 0 0.7917 0.9067 0.8495
RAW 4 31 2 1 0 0.7604 0.8083 0.7512
RAW 5 31 3 1 0 0.5938 0.5683 0.4826
RAW 0 32 3 1 1 0.7604 0.7600 0.6743
RAW 1 32 2 1 1 0.7604 0.7183 0.6612
RAW 2 32 2 1 1 0.7604 0.7183 0.6612
RAW 3 32 6 1 0 0.7396 0.7367 0.5652
RAW 4 32 7 1 0 0.7812 0.6717 0.4717
RAW 5 32 2 1 0 0.5312 0.5067 0.4495
RAW 0 33 3 1 1 0.4896 0.5450 0.4593
RAW 1 33 2 1 0 0.9062 0.9167 0.8595
RAW 2 33 2 1 0 0.9062 0.9167 0.8595
RAW 3 33 2 1 0 0.9062 0.9167 0.8595
RAW 4 33 2 1 0 0.9062 0.9167 0.8595
RAW 5 33 2 1 0 0.9062 0.9167 0.8595
RAW 0 34 3 1 1 0.5729 0.4533 0.3676
RAW 1 34 6 1 0 0.7604 0.6350 0.4636
RAW 2 34 5 1 0 0.7812 0.5450 0.4021
RAW 3 34 3 1 0 0.8750 0.7733 0.6876
RAW 4 34 5 1 0 0.8854 0.7733 0.6305
RAW 5 34 6 1 0 0.7708 0.5733 0.4019
RAW 0 35 3 1 1 0.6146 0.5083 0.4226
RAW 1 35 1 0 1 0.5104 0.5367 0.5081
RAW 2 35 0 1 0 0.5104 0.5367 0.5367
RAW 3 35 0 1 0 0.5104 0.5367 0.5367
RAW 4 35 4 1 0 0.6562 0.6183 0.5040
RAW 5 35 1 1 1 0.5104 0.5367 0.5081
RAW 0 36 3 1 1 0.9062 0.8300 0.7443
RAW 1 36 2 1 0 0.8854 0.8200 0.7629
RAW 2 36 2 1 0 0.8854 0.8200 0.7629
RAW 3 36 2 1 0 0.8854 0.8200 0.7629
RAW 4 36 2 1 0 0.8854 0.8200 0.7629
RAW 5 36 2 1 1 0.5312 0.5317 0.4745
RAW 0 37 3 1 1 0.6667 0.6533 0.5676
RAW 1 37 2 1 1 0.5625 0.5783 0.5212
RAW 2 37 3 1 0 0.5833 0.5733 0.4876
RAW 3 37 2 1 1 0.5625 0.5783 0.5212
RAW 4 37 2 1 1 0.5625 0.5783 0.5212
RAW 5 37 2 1 0 0.5625 0.5683 0.5112
RAW 0 38 3 1 1 0.8333 0.6917 0.6060
RAW 1 38 2 1 1 0.6354 0.6350 0.5779
RAW 2 38 4 1 0 0.7917 0.7200 0.6057
RAW 3 38 2 1 1 0.8229 0.6950 0.6379
RAW 4 38 2 1 1 0.6354 0.6350 0.5779
RAW 5 38 2 1 0 0.5729 0.6417 0.5845
RAW 0 39 3 1 1 0.5521 0.6033 0.5176
RAW 1 39 5 1 0 0.8542 0.8217 0.6788
RAW 2 39 2 1 0 0.8646 0.8517 0.7945
RAW 3 39 2 1 0 0.8646 0.8517 0.7945
RAW 4 39 4 1 0 0.8542 0.8067 0.6924
RAW 5 39 5 1 0 0.6979 0.5633 0.4205
RAW 0 40 3 1 1 0.7188 0.6867 0.6010
RAW 1 40 2 1 0 0.6146 0.5067 0.4495
RAW 2 40 3 1 0 0.5312 0.5367 0.4510
RAW 3 40 2 1 0 0.6146 0.5067 0.4495
RAW 4 40 2 1 0 0.6250 0.5150 0.4579
RAW 5 40 2 1 0 0.4896 0.5000 0.4429
RAW 0 41 3 1 1 0.7396 0.6350 0.5493
RAW 1 41 4 1 0 0.7396 0.5550 0.4407
RAW 2 41 6 1 0 0.8021 0.5050 0.3336
RAW 3 41 4 1 0 0.7708 0.5217 0.4074
RAW 4 41 2 1 1 0.7604 0.5233 0.4662
RAW 5 41 4 1 0 0.6250 0.4967 0.3824
RAW 0 42 3 1 1 0.6562 0.6050 0.5193
RAW 1 42 2 1 1 0.5833 0.4983 0.4412
RAW 2 42 2 1 1 0.5833 0.4983 0.4412
RAW 3 42 2 1 1 0.5833 0.4983 0.4412
RAW 4 42 5 1 0 0.6042 0.5167 0.3738
RAW 5 42 2 1 0 0.5938 0.4667 0.4095
RAW 0 43 3 1 1 0.6667 0.6583 0.5726
RAW 1 43 4 1 0 0.6771 0.5900 0.4757
RAW 2 43 5 1 0 0.6979 0.5817 0.4388
RAW 3 43 5 1 0 0.5938 0.5750 0.4321
RAW 4 43 4 1 0 0.6979 0.5767 0.4624
RAW 5 43 4 1 0 0.5521 0.5100 0.3957
RAW 0 44 3 1 1 0.6562 0.5350 0.4493
RAW 1 44 2 1 1 0.6250 0.5283 0.4712
RAW 2 44 3 1 0 0.7292 0.5367 0.4510
RAW 3 44 3 1 1 0.5729 0.4867 0.4010
RAW 4 44 2 1 1 0.6979 0.5950 0.5379
RAW 5 44 2 1 0 0.5729 0.4867 0.4295
RAW 0 45 3 1 1 0.5625 0.4833 0.3976
RAW 1 45 1 1 1 0.5521 0.4817 0.4531
RAW 2 45 1 1 1 0.5312 0.4783 0.4498
RAW 3 45 1 1 1 0.5833 0.4667 0.4381
RAW 4 45 1 1 1 0.5417 0.4967 0.4681
RAW 5 45 1 1 1 0.5833 0.4667 0.4381
RAW 0 46 3 1 1 0.5312 0.4917 0.4060
RAW 1 46 3 1 0 0.7188 0.6417 0.5560
RAW 2 46 3 1 1 0.7292 0.6183 0.5326
RAW 3 46 4 1 0 0.8229 0.6583 0.5440
RAW 4 46 2 1 1 0.7188 0.6383 0.5812
RAW 5 46 3 1 0 0.6042 0.5567 0.4710
RAW 0 47 3 1 1 0.6979 0.6033 0.5176
RAW 1 47 2 1 1 0.5521 0.4917 0.4345
RAW 2 47 2 1 1 0.5521 0.4917 0.4345
RAW 3 47 2 1 1 0.5521 0.4917 0.4345
RAW 4 47 2 1 1 0.5938 0.4633 0.4062
RAW 5 47 2 1 0 0.5521 0.4917 0.4345
RAW 0 48 3 1 1 0.8125 0.7883 0.7026
RAW 1 48 3 1 1 0.8333 0.7817 0.6960
RAW 2 48 3 1 1 0.8229 0.5683 0.4826
RAW 3 48 3 1 1 0.8333 0.7817 0.6960
RAW 4 48 3 1 1 0.8333 0.7817 0.6960
RAW 5 48 3 1 0 0.5208 0.5467 0.4610
RAW 0 49 3 1 1 0.5312 0.5200 0.4343
RAW 1 49 3 1 0 0.6458 0.6733 0.5876
RAW 2 49 5 1 0 0.6979 0.6450 0.5021
RAW 3 49 6 1 0 0.7188 0.6350 0.4636
RAW 4 49 0 1 0 0.5312 0.4833 0.4833
RAW 5 49 3 1 0 0.5729 0.4967 0.4110
RAW 0 50 3 1 1 0.6458 0.5283 0.4426
RAW 1 50 4 1 0 0.8750 0.7150 0.6007
RAW 2 50 4 1 1 0.6250 0.4700 0.3557
RAW 3 50 5 1 0 0.8958 0.7350 0.5921
RAW 4 50 4 1 0 0.8646 0.7283 0.6140
RAW 5 50 4 1 0 0.6667 0.5267 0.4124
RAW 0 51 3 1 1 0.7812 0.7100 0.6243
RAW 1 51 2 1 1 0.7396 0.7617 0.7045
RAW 2 51 5 1 0 0.7604 0.6017 0.4588
RAW 3 51 6 1 0 0.6667 0.4950 0.3236
RAW 4 51 5 1 0 0.8229 0.6500 0.5071
RAW 5 51 2 1 0 0.5521 0.4767 0.4195
RAW 0 52 3 1 1 0.5104 0.4983 0.4126
RAW 1 52 7 1 0 0.5208 0.5367 0.3367
RAW 2 52 0 1 0 0.5104 0.4983 0.4983
RAW 3 52 0 1 0 0.5104 0.4983 0.4983
RAW 4 52 7 1 0 0.5104 0.4983 0.2983
RAW 5 52 7 1 0 0.5833 0.4883 0.2883
RAW 0 53 3 1 1 0.5208 0.4967 0.4110
RAW 1 53 6 1 0 0.5417 0.5367 0.3652
RAW 2 53 6 1 0 0.5833 0.5217 0.3502
RAW 3 53 6 1 0 0.7292 0.6517 0.4802
RAW 4 53 4 1 0 0.6562 0.6183 0.5040
RAW 5 53 6 1 0 0.6979 0.5550 0.3836
RAW 0 54 3 1 1 0.5417 0.6367 0.5510
RAW 1 54 3 1 1 0.6979 0.5650 0.4793
RAW 2 54 3 1 0 0.6146 0.5717 0.4860
RAW 3 54 2 1 1 0.6250 0.5700 0.5129
RAW 4 54 3 1 0 0.6250 0.5700 0.4843
RAW 5 54 3 1 0 0.4583 0.5433 0.4576
RAW 0 55 3 1 1 0.8438 0.7933 0.7076
RAW 1 55 2 1 0 0.5104 0.5650 0.5079
RAW 2 55 5 1 0 0.5417 0.6767 0.5338
RAW 3 55 3 1 1 0.6875 0.6900 0.6043
RAW 4 55 4 1 0 0.6979 0.6917 0.5774
RAW 5 55 2 1 0 0.5208 0.5067 0.4495
RAW 0 56 3 1 1 0.5625 0.5667 0.4810
RAW 1 56 6 1 0 0.7500 0.5533 0.3819
RAW 2 56 7 1 0 0.6354 0.5067 0.3067
RAW 3 56 3 1 0 0.5312 0.4867 0.4010
RAW 4 56 3 1 0 0.5312 0.5967 0.5110
RAW 5 56 6 1 0 0.5208 0.4667 0.2952
RAW 0 57 3 1 1 0.6042 0.5083 0.4226
RAW 1 57 0 1 0 0.6042 0.5083 0.5083
RAW 2 57 0 1 0 0.6042 0.5083 0.5083
RAW 3 57 0 1 0 0.6042 0.5083 0.5083
RAW 4 57 0 1 0 0.6042 0.5083 0.5083
RAW 5 57 0 1 0 0.6042 0.5083 0.5083
RAW 0 58 3 1 1 0.8542 0.7733 0.6876
RAW 1 58 2 1 0 0.8125 0.7817 0.7245
RAW 2 58 2 1 0 0.8125 0.7817 0.7245
RAW 3 58 3 1 1 0.8542 0.7733 0.6876
RAW 4 58 2 1 0 0.8125 0.7817 0.7245
RAW 5 58 2 1 0 0.6042 0.5483 0.4912
RAW 0 59 3 1 1 0.6562 0.4583 0.3726
RAW 1 59 2 1 0 0.7188 0.5067 0.4495
RAW 2 59 6 1 0 0.7396 0.5033 0.3319
RAW 3 59 1 1 1 0.6250 0.5567 0.5281
RAW 4 59 1 1 1 0.6250 0.5567 0.5281
RAW 5 59 2 1 0 0.6458 0.4667 0.4095
RAW 0 60 3 1 1 0.7292 0.6400 0.5543
RAW 1 60 2 1 1 0.7396 0.6150 0.5579
RAW 2 60 3 1 0 0.7396 0.5200 0.4343
RAW 3 60 3 1 0 0.7396 0.6117 0.5260
RAW 4 60 2 1 1 0.7396 0.6150 0.5579
RAW 5 60 2 1 0 0.5521 0.4633 0.4062
  producer                    taps  shared contig train acc   heldout  objective
  ideal conv (shared)          3.0    1.00   1.00     0.680     0.636     0.5502
  GA flip-only                 2.7    0.98   0.40     0.697     0.634     0.5576
  GA flip+slide                3.0    1.00   0.33     0.689     0.605     0.5208
  GA flip+rewire               2.7    0.97   0.37     0.703     0.626     0.5481
  GA flip+xover                2.6    0.98   0.35     0.687     0.613     0.5378
  GA-tap-matched random        2.7    1.00   0.13     0.576     0.520     0.4434

GATE (protocol item 9, before any operator work):
  PASS if 'ideal conv (shared)' has the highest objective -- the convolution is finally the
  optimum, and the search question becomes meaningful.
  The UNSHARED rows are the mechanism check: they should fit train and collapse on heldout.
  If they transfer too, the task does not demand sharing and this probe is not yet valid.
