emerge_rewire2 -- rewiring vs add/remove (paper 2, version 2)
inner: backprop, 50 epochs, curve every 5.   outer: GA, POP=24 ELITE=4, 150 gens x 30 seeds
fitness = final accuracy - 4.000*energy    PSLIDE=0.050 PGROW=0.100 PSHARE=0.050

PROTOCOL  sensitivity placement  fitness 0.4733..0.8400 (span 0.3667)  energy 0.025000..0.025000
PROTOCOL  sensitivity width      fitness 0.3000..0.6867 (span 0.3867)  energy 0.008333..0.100000
PROTOCOL  convergence   accuracy gained over the second half of the budget: -0.0047
PROTOCOL                -> CONVERGED: endpoint summarises the learner; trajectory fitness would add only noise

  arm             shared-frac  mean-w  max-w  coverage  energy   test
RAW 0 150 1 0.8333 9.9000 10.0000 1.0000 0.083333 0.8970
RAW 0 150 2 0.7500 3.2000 9.0000 1.0000 0.075000 0.7900
RAW 0 150 3 0.8333 5.3000 10.0000 1.0000 0.083333 0.8820
RAW 0 150 4 0.8333 2.5000 10.0000 1.0000 0.083333 0.8840
RAW 0 150 5 0.7500 5.5000 9.0000 1.0000 0.075000 0.7940
RAW 0 150 6 0.8333 3.7000 10.0000 1.0000 0.083333 0.8650
RAW 0 150 7 0.8333 8.3000 10.0000 1.0000 0.083333 0.9030
RAW 0 150 8 0.8333 4.8000 10.0000 1.0000 0.083333 0.9230
RAW 0 150 9 1.0000 11.7000 12.0000 1.0000 0.100000 0.9270
RAW 0 150 10 0.6667 2.3000 8.0000 1.0000 0.066667 0.8030
RAW 0 150 11 0.8333 8.2000 10.0000 1.0000 0.083333 0.9090
RAW 0 150 12 0.9167 10.8000 11.0000 1.0000 0.091667 0.8720
RAW 0 150 13 1.0000 9.4000 12.0000 1.0000 0.100000 0.9000
RAW 0 150 14 1.0000 9.2000 12.0000 1.0000 0.100000 0.8630
RAW 0 150 15 0.8333 9.3000 10.0000 1.0000 0.083333 0.8680
RAW 0 150 16 0.8333 8.9000 10.0000 1.0000 0.083333 0.8630
RAW 0 150 17 0.0833 1.0000 1.0000 1.0000 0.008333 0.6980
RAW 0 150 18 1.0000 2.4000 12.0000 1.0000 0.100000 0.8520
RAW 0 150 19 1.0000 2.5000 12.0000 1.0000 0.100000 0.8230
RAW 0 150 20 1.0000 6.4000 12.0000 1.0000 0.100000 0.9510
RAW 0 150 21 0.8333 8.0000 10.0000 1.0000 0.083333 0.9220
RAW 0 150 22 0.6667 2.9000 8.0000 1.0000 0.066667 0.7980
RAW 0 150 23 1.0000 10.6000 12.0000 1.0000 0.100000 0.8310
RAW 0 150 24 1.0000 2.7000 12.0000 1.0000 0.100000 0.8010
RAW 0 150 25 0.8333 4.1000 10.0000 1.0000 0.083333 0.9230
RAW 0 150 26 0.9167 8.6000 11.0000 1.0000 0.091667 0.9300
RAW 0 150 27 0.5000 2.6000 6.0000 1.0000 0.050000 0.7600
RAW 0 150 28 0.9167 10.0000 11.0000 1.0000 0.091667 0.9490
RAW 0 150 29 0.8333 4.1000 10.0000 1.0000 0.083333 0.8800
RAW 0 150 30 0.9167 8.0000 11.0000 1.0000 0.091667 0.9220
  0 no-rewire      0.951       5.99    10.06   0.838    0.1048   0.866
RAW 1 150 1 0.8333 2.4000 5.0000 1.0000 0.041667 0.8920
RAW 1 150 2 0.9167 2.4000 5.0000 1.0000 0.041667 0.9310
RAW 1 150 3 0.8333 1.7000 4.0000 1.0000 0.033333 0.8910
RAW 1 150 4 0.8333 2.3000 5.0000 1.0000 0.041667 0.8710
RAW 1 150 5 0.7500 1.6000 3.0000 1.0000 0.025000 0.8130
RAW 1 150 6 0.8333 1.9000 3.0000 1.0000 0.025000 0.8590
RAW 1 150 7 0.8333 2.0000 5.0000 1.0000 0.041667 0.9070
RAW 1 150 8 0.8333 2.1000 5.0000 1.0000 0.041667 0.8290
RAW 1 150 9 0.8333 2.2000 5.0000 1.0000 0.041667 0.8660
RAW 1 150 10 0.8333 2.2000 5.0000 1.0000 0.041667 0.8850
RAW 1 150 11 0.9167 2.6000 5.0000 1.0000 0.041667 0.9050
RAW 1 150 12 0.3333 1.0000 1.0000 1.0000 0.008333 0.6980
RAW 1 150 13 0.5000 1.1000 2.0000 1.0000 0.016667 0.7700
RAW 1 150 14 1.0000 5.1000 11.0000 1.0000 0.091667 0.8880
RAW 1 150 15 0.8333 2.1000 4.0000 1.0000 0.033333 0.8590
RAW 1 150 16 0.8333 4.0000 8.0000 1.0000 0.066667 0.9180
RAW 1 150 17 0.3333 1.0000 1.0000 1.0000 0.008333 0.8210
RAW 1 150 18 0.4167 1.3000 2.0000 1.0000 0.016667 0.8450
RAW 1 150 19 1.0000 2.9000 10.0000 1.0000 0.083333 0.6800
RAW 1 150 20 1.0000 8.4000 12.0000 1.0000 0.100000 0.9420
RAW 1 150 21 0.8333 2.7000 5.0000 1.0000 0.041667 0.9050
RAW 1 150 22 0.9167 2.7000 9.0000 1.0000 0.075000 0.9310
RAW 1 150 23 1.0000 3.0000 10.0000 1.0000 0.083333 0.8410
RAW 1 150 24 0.3333 1.0000 1.0000 1.0000 0.008333 0.8230
RAW 1 150 25 0.9167 2.2000 5.0000 1.0000 0.041667 0.9140
RAW 1 150 26 0.9167 2.3000 5.0000 1.0000 0.041667 0.8820
RAW 1 150 27 0.8333 1.7000 4.0000 1.0000 0.033333 0.8760
RAW 1 150 28 0.9167 3.6000 6.0000 1.0000 0.050000 0.9400
RAW 1 150 29 0.9167 2.6000 7.0000 1.0000 0.058333 0.9350
RAW 1 150 30 0.8333 1.9000 4.0000 1.0000 0.033333 0.8800
  1 slide-1        0.953       2.37    5.27   0.768    0.0508   0.867
RAW 2 150 1 0.8333 1.3000 2.0000 1.0000 0.016667 0.9040
RAW 2 150 2 1.0000 2.0000 3.0000 1.0000 0.025000 0.8990
RAW 2 150 3 0.8333 1.4000 2.0000 1.0000 0.016667 0.9000
RAW 2 150 4 0.8333 2.4000 4.0000 1.0000 0.033333 0.8930
RAW 2 150 5 1.0000 1.8000 3.0000 1.0000 0.025000 0.9030
RAW 2 150 6 1.0000 2.0000 3.0000 1.0000 0.025000 0.9320
RAW 2 150 7 0.7500 1.0000 1.0000 1.0000 0.008333 0.8650
RAW 2 150 8 0.9167 1.7000 2.0000 1.0000 0.016667 0.8920
RAW 2 150 9 0.9167 1.4000 2.0000 1.0000 0.016667 0.9000
RAW 2 150 10 1.0000 1.9000 3.0000 1.0000 0.025000 0.9300
RAW 2 150 11 0.8333 1.0000 1.0000 1.0000 0.008333 0.9000
RAW 2 150 12 0.7500 1.0000 1.0000 1.0000 0.008333 0.8220
RAW 2 150 13 0.5833 1.0000 1.0000 1.0000 0.008333 0.8070
RAW 2 150 14 0.8333 1.5000 2.0000 1.0000 0.016667 0.8620
RAW 2 150 15 0.9167 1.6000 2.0000 1.0000 0.016667 0.8690
RAW 2 150 16 0.9167 1.7000 4.0000 1.0000 0.033333 0.9070
RAW 2 150 17 0.5833 1.0000 1.0000 1.0000 0.008333 0.8650
RAW 2 150 18 0.4167 1.0000 1.0000 1.0000 0.008333 0.8780
RAW 2 150 19 0.7500 1.0000 1.0000 1.0000 0.008333 0.8220
RAW 2 150 20 1.0000 2.1000 3.0000 1.0000 0.025000 0.8860
RAW 2 150 21 0.8333 1.5000 2.0000 1.0000 0.016667 0.9240
RAW 2 150 22 1.0000 1.8000 3.0000 1.0000 0.025000 0.8840
RAW 2 150 23 0.6667 1.0000 1.0000 1.0000 0.008333 0.8620
RAW 2 150 24 0.5000 1.0000 1.0000 1.0000 0.008333 0.8110
RAW 2 150 25 0.9167 1.3000 2.0000 1.0000 0.016667 0.9020
RAW 2 150 26 0.8333 1.3000 2.0000 1.0000 0.016667 0.8780
RAW 2 150 27 0.9167 1.5000 2.0000 1.0000 0.016667 0.9340
RAW 2 150 28 0.9167 2.5000 4.0000 1.0000 0.033333 0.9210
RAW 2 150 29 0.9167 1.3000 2.0000 1.0000 0.016667 0.9080
RAW 2 150 30 1.0000 1.7000 3.0000 1.0000 0.025000 0.9200
  2 rewire-rand    0.953       1.46    2.48   0.795    0.0253   0.886

acceptance test: with default knobs this must reproduce emerge_rewire.c (version 1)
and the archived scratch_rewire_*.out per-seed data exactly.
