emerge_transfer -- sharing is a GENE, and TRANSFER is what pays for it
N=12. motif K=3 planted at 1 of 10 positions; train on 3, select on 3, report on 4.
max-pool readout (position never reaches the output). energy = params/(21*10):
  shared = taps, unshared = taps*10. objective = heldout_acc - 8.00*energy.
30 seeds x 200 epochs. GA: pop 24, 50 gens, flips offsets AND the sharing gene.

RAW 0 1 3 1 1 0.8229 0.7717 0.6574
RAW 1 1 4 1 0 0.8229 0.8967 0.7443
RAW 2 1 3 1 0 0.8854 0.8633 0.7490
RAW 3 1 5 1 0 0.8438 0.8933 0.7029
RAW 4 1 2 1 0 0.8542 0.7383 0.6621
RAW 5 1 4 1 0 0.5729 0.5233 0.3710
RAW 0 2 3 1 1 0.7604 0.7633 0.6490
RAW 1 2 2 1 1 0.6979 0.7217 0.6455
RAW 2 2 3 1 0 0.6875 0.6850 0.5707
RAW 3 2 3 1 0 0.7604 0.5483 0.4340
RAW 4 2 2 1 0 0.8021 0.5600 0.4838
RAW 5 2 2 1 0 0.5521 0.4967 0.4205
RAW 0 3 3 1 1 0.8125 0.7533 0.6390
RAW 1 3 3 1 1 0.8438 0.7867 0.6724
RAW 2 3 3 1 1 0.8438 0.7867 0.6724
RAW 3 3 3 1 1 0.8125 0.7533 0.6390
RAW 4 3 3 1 1 0.8438 0.7867 0.6724
RAW 5 3 3 1 0 0.6250 0.5483 0.4340
RAW 0 4 3 1 1 0.6250 0.6033 0.4890
RAW 1 4 0 1 0 0.5417 0.4883 0.4883
RAW 2 4 0 1 0 0.5417 0.4883 0.4883
RAW 3 4 0 1 0 0.5417 0.4883 0.4883
RAW 4 4 0 1 0 0.5417 0.4883 0.4883
RAW 5 4 0 1 0 0.5417 0.4883 0.4883
RAW 0 5 3 1 1 0.7917 0.7633 0.6490
RAW 1 5 3 1 1 0.7917 0.7633 0.6490
RAW 2 5 3 1 1 0.7917 0.7633 0.6490
RAW 3 5 3 1 1 0.6771 0.7267 0.6124
RAW 4 5 3 1 1 0.7917 0.7733 0.6590
RAW 5 5 3 1 0 0.5521 0.5000 0.3857
RAW 0 6 3 1 1 0.8333 0.8417 0.7274
RAW 1 6 3 1 1 0.8333 0.8417 0.7274
RAW 2 6 3 1 1 0.8333 0.8417 0.7274
RAW 3 6 3 1 1 0.7396 0.7650 0.6507
RAW 4 6 3 1 1 0.8333 0.8417 0.7274
RAW 5 6 3 1 0 0.6042 0.5400 0.4257
RAW 0 7 3 1 1 0.6146 0.5667 0.4524
RAW 1 7 1 1 1 0.5312 0.5483 0.5102
RAW 2 7 0 1 0 0.5208 0.5083 0.5083
RAW 3 7 0 1 0 0.5208 0.5083 0.5083
RAW 4 7 1 1 1 0.6354 0.4983 0.4602
RAW 5 7 1 1 1 0.5208 0.5083 0.4702
RAW 0 8 3 1 1 0.9062 0.7667 0.6524
RAW 1 8 2 1 1 0.9062 0.7667 0.6905
RAW 2 8 3 1 1 0.8958 0.8750 0.7607
RAW 3 8 3 1 1 0.8958 0.8750 0.7607
RAW 4 8 3 1 1 0.9062 0.7667 0.6524
RAW 5 8 2 1 1 0.5625 0.4417 0.3655
RAW 0 9 3 1 1 0.5833 0.5667 0.4524
RAW 1 9 0 1 0 0.5521 0.4900 0.4900
RAW 2 9 0 1 0 0.5521 0.4900 0.4900
RAW 3 9 0 1 0 0.5521 0.4900 0.4900
RAW 4 9 0 1 0 0.5521 0.4900 0.4900
RAW 5 9 0 1 0 0.5521 0.4900 0.4900
RAW 0 10 3 1 1 0.7083 0.7600 0.6457
RAW 1 10 2 1 1 0.6146 0.5017 0.4255
RAW 2 10 2 1 1 0.6146 0.5017 0.4255
RAW 3 10 2 1 1 0.6146 0.5017 0.4255
RAW 4 10 2 1 1 0.6146 0.5017 0.4255
RAW 5 10 2 1 0 0.5208 0.4933 0.4171
RAW 0 11 3 1 1 0.5312 0.4917 0.3774
RAW 1 11 0 0 0 0.5312 0.4917 0.4917
RAW 2 11 0 0 0 0.5312 0.4917 0.4917
RAW 3 11 0 1 0 0.5312 0.4917 0.4917
RAW 4 11 0 1 0 0.5312 0.4917 0.4917
RAW 5 11 0 1 0 0.5312 0.4917 0.4917
RAW 0 12 3 1 1 0.5625 0.5350 0.4207
RAW 1 12 0 0 0 0.5729 0.5050 0.5050
RAW 2 12 0 1 0 0.5729 0.5050 0.5050
RAW 3 12 0 1 0 0.5729 0.5050 0.5050
RAW 4 12 0 1 0 0.5729 0.5050 0.5050
RAW 5 12 0 1 0 0.5729 0.5050 0.5050
RAW 0 13 3 1 1 0.6042 0.6233 0.5090
RAW 1 13 2 1 0 0.7292 0.6883 0.6121
RAW 2 13 2 1 0 0.7396 0.6900 0.6138
RAW 3 13 2 1 0 0.7396 0.6900 0.6138
RAW 4 13 2 1 0 0.7500 0.6050 0.5288
RAW 5 13 2 1 0 0.5417 0.4850 0.4088
RAW 0 14 3 1 1 0.5833 0.5100 0.3957
RAW 1 14 3 1 0 0.7917 0.6500 0.5357
RAW 2 14 2 1 0 0.5833 0.4717 0.3955
RAW 3 14 2 1 0 0.5833 0.4717 0.3955
RAW 4 14 2 1 0 0.5938 0.4733 0.3971
RAW 5 14 3 1 0 0.5938 0.5117 0.3974
RAW 0 15 3 1 1 0.7396 0.7967 0.6824
RAW 1 15 3 1 1 0.7396 0.7967 0.6824
RAW 2 15 3 1 1 0.7396 0.7967 0.6824
RAW 3 15 3 1 1 0.7396 0.7967 0.6824
RAW 4 15 6 1 0 0.8750 0.7883 0.5598
RAW 5 15 3 1 0 0.6771 0.4600 0.3457
RAW 0 16 3 1 1 0.7396 0.7750 0.6607
RAW 1 16 3 1 1 0.7396 0.7750 0.6607
RAW 2 16 4 1 1 0.8542 0.7733 0.6210
RAW 3 16 3 1 1 0.7604 0.8217 0.7074
RAW 4 16 4 1 0 0.7812 0.7983 0.6460
RAW 5 16 3 1 0 0.5312 0.5150 0.4007
RAW 0 17 3 1 1 0.6771 0.7033 0.5890
RAW 1 17 3 1 1 0.6771 0.7033 0.5890
RAW 2 17 3 1 0 0.5312 0.5300 0.4157
RAW 3 17 2 1 0 0.5208 0.5183 0.4421
RAW 4 17 2 1 1 0.7708 0.6667 0.5905
RAW 5 17 3 1 0 0.5208 0.5183 0.4040
RAW 0 18 3 1 1 0.8854 0.6367 0.5224
RAW 1 18 2 1 1 0.5833 0.5167 0.4405
RAW 2 18 2 1 1 0.5833 0.4883 0.4121
RAW 3 18 2 1 1 0.5833 0.4883 0.4121
RAW 4 18 4 1 0 0.8750 0.7450 0.5926
RAW 5 18 2 1 1 0.5833 0.4883 0.4121
RAW 0 19 3 1 1 0.7188 0.7367 0.6224
RAW 1 19 3 1 1 0.6354 0.8367 0.7224
RAW 2 19 4 1 0 0.5104 0.4783 0.3260
RAW 3 19 3 1 1 0.6354 0.8367 0.7224
RAW 4 19 3 1 1 0.6354 0.8367 0.7224
RAW 5 19 3 1 0 0.5729 0.5000 0.3857
RAW 0 20 3 1 1 0.8854 0.8683 0.7540
RAW 1 20 4 1 0 0.8854 0.9167 0.7643
RAW 2 20 3 1 0 0.8958 0.8867 0.7724
RAW 3 20 2 1 0 0.8854 0.8817 0.8055
RAW 4 20 2 1 0 0.8854 0.8783 0.8021
RAW 5 20 4 1 0 0.7083 0.5700 0.4176
RAW 0 21 3 1 1 0.6979 0.7850 0.6707
RAW 1 21 2 1 0 0.7396 0.8183 0.7421
RAW 2 21 2 1 0 0.7396 0.8183 0.7421
RAW 3 21 2 1 0 0.7396 0.8183 0.7421
RAW 4 21 2 1 0 0.7604 0.7250 0.6488
RAW 5 21 2 1 0 0.5521 0.5133 0.4371
RAW 0 22 3 1 1 0.7083 0.6600 0.5457
RAW 1 22 0 1 0 0.5417 0.4917 0.4917
RAW 2 22 1 1 1 0.5938 0.5450 0.5069
RAW 3 22 1 1 1 0.5938 0.5450 0.5069
RAW 4 22 2 1 1 0.7292 0.5833 0.5071
RAW 5 22 0 1 0 0.5417 0.4917 0.4917
RAW 0 23 3 1 1 0.7396 0.6333 0.5190
RAW 1 23 0 1 0 0.5625 0.4850 0.4850
RAW 2 23 3 1 0 0.7500 0.6450 0.5307
RAW 3 23 2 1 1 0.7500 0.6517 0.5755
RAW 4 23 0 0 0 0.5625 0.4850 0.4850
RAW 5 23 0 1 0 0.5625 0.4850 0.4850
RAW 0 24 3 1 1 0.6042 0.5900 0.4757
RAW 1 24 0 1 0 0.5417 0.4900 0.4900
RAW 2 24 0 1 0 0.5417 0.4900 0.4900
RAW 3 24 0 0 0 0.5417 0.4900 0.4900
RAW 4 24 0 1 0 0.5417 0.4900 0.4900
RAW 5 24 0 1 0 0.5417 0.4900 0.4900
RAW 0 25 3 1 1 0.5833 0.4750 0.3607
RAW 1 25 0 1 0 0.5000 0.4733 0.4733
RAW 2 25 0 1 0 0.5000 0.4733 0.4733
RAW 3 25 0 1 0 0.5000 0.4733 0.4733
RAW 4 25 1 1 1 0.5000 0.5067 0.4686
RAW 5 25 0 1 0 0.5000 0.4733 0.4733
RAW 0 26 3 1 1 0.5521 0.5317 0.4174
RAW 1 26 0 1 0 0.5104 0.5017 0.5017
RAW 2 26 3 1 1 0.5833 0.5567 0.4424
RAW 3 26 3 1 1 0.5833 0.5567 0.4424
RAW 4 26 3 1 1 0.6250 0.6267 0.5124
RAW 5 26 0 1 0 0.5104 0.5017 0.5017
RAW 0 27 3 1 1 0.5938 0.5350 0.4207
RAW 1 27 0 1 0 0.5312 0.5150 0.5150
RAW 2 27 1 1 1 0.5625 0.5150 0.4769
RAW 3 27 2 1 1 0.5833 0.5533 0.4771
RAW 4 27 1 1 1 0.5521 0.5350 0.4969
RAW 5 27 0 1 0 0.5312 0.5150 0.5150
RAW 0 28 3 1 1 0.5938 0.4917 0.3774
RAW 1 28 0 0 0 0.5833 0.4650 0.4650
RAW 2 28 0 0 0 0.5833 0.4650 0.4650
RAW 3 28 0 1 0 0.5833 0.4650 0.4650
RAW 4 28 0 1 0 0.5833 0.4650 0.4650
RAW 5 28 0 1 0 0.5833 0.4650 0.4650
RAW 0 29 3 1 1 0.5729 0.4950 0.3807
RAW 1 29 0 1 0 0.5729 0.4950 0.4950
RAW 2 29 0 1 0 0.5729 0.4950 0.4950
RAW 3 29 0 1 0 0.5729 0.4950 0.4950
RAW 4 29 0 1 0 0.5729 0.4950 0.4950
RAW 5 29 0 1 0 0.5729 0.4950 0.4950
RAW 0 30 3 1 1 0.6146 0.5533 0.4390
RAW 1 30 0 0 0 0.5208 0.4883 0.4883
RAW 2 30 0 1 0 0.5208 0.4883 0.4883
RAW 3 30 0 1 0 0.5208 0.4883 0.4883
RAW 4 30 0 1 0 0.5208 0.4883 0.4883
RAW 5 30 0 1 0 0.5208 0.4883 0.4883
  producer                    taps  shared contig train acc   heldout  objective
  ideal conv (shared)          3.0    1.00   1.00     0.688     0.653     0.5385
  GA flip-only                 1.5    0.87   0.40     0.654     0.630     0.5731
  GA flip+slide                1.8    0.93   0.37     0.655     0.614     0.5463
  GA flip+rewire               1.7    0.97   0.43     0.649     0.620     0.5548
  GA flip+xover                1.8    0.97   0.40     0.686     0.621     0.5538
  GA-tap-matched random        1.5    1.00   0.10     0.562     0.500     0.4426

GATE (protocol item 9, before any operator work):
  PASS if 'ideal conv (shared)' has the highest objective -- the convolution is finally the
  optimum, and the search question becomes meaningful.
  The UNSHARED rows are the mechanism check: they should fit train and collapse on heldout.
  If they transfer too, the task does not demand sharing and this probe is not yet valid.
