emerge_transfer -- sharing is a GENE, and TRANSFER is what pays for it
N=12. motif K=3 planted at 1 of 10 positions; train on 3, select on 3, report on 4.
max-pool readout (position never reaches the output). energy = params/(21*10):
  shared = taps, unshared = taps*10. objective = heldout_acc - 6.00*energy.
40 seeds x 200 epochs. GA: pop 24, 50 gens, flips offsets AND the sharing gene.

RAW 0 121 3 1 1 0.8438 0.8150 0.7293
RAW 1 121 3 1 1 0.8438 0.8150 0.7293
RAW 2 121 4 1 0 0.8438 0.8200 0.7057
RAW 3 121 3 1 1 0.8438 0.8150 0.7293
RAW 4 121 3 1 1 0.8438 0.8150 0.7293
RAW 5 121 3 1 0 0.4792 0.5167 0.4310
RAW 0 122 3 1 1 0.7396 0.6683 0.5826
RAW 1 122 3 1 1 0.7396 0.6683 0.5826
RAW 2 122 4 1 0 0.7292 0.7217 0.6074
RAW 3 122 4 1 0 0.8750 0.8700 0.7557
RAW 4 122 3 1 1 0.8333 0.8383 0.7526
RAW 5 122 3 1 0 0.6562 0.6600 0.5743
RAW 0 123 3 1 1 0.6771 0.6133 0.5276
RAW 1 123 3 1 0 0.9062 0.7633 0.6776
RAW 2 123 3 1 0 0.9062 0.7633 0.6776
RAW 3 123 3 1 0 0.9062 0.7633 0.6776
RAW 4 123 3 1 0 0.9062 0.7633 0.6776
RAW 5 123 3 1 0 0.5625 0.4883 0.4026
RAW 0 124 3 1 1 0.5312 0.4967 0.4110
RAW 1 124 2 1 1 0.5104 0.5267 0.4695
RAW 2 124 2 1 1 0.5104 0.5267 0.4695
RAW 3 124 2 1 1 0.5104 0.5267 0.4695
RAW 4 124 2 1 1 0.5104 0.5267 0.4695
RAW 5 124 2 1 0 0.5000 0.5167 0.4595
RAW 0 125 3 1 1 0.6354 0.5433 0.4576
RAW 1 125 0 1 0 0.5000 0.4700 0.4700
RAW 2 125 1 1 1 0.5625 0.5167 0.4881
RAW 3 125 0 0 0 0.5000 0.4700 0.4700
RAW 4 125 2 1 0 0.6042 0.5267 0.4695
RAW 5 125 0 1 0 0.5000 0.4700 0.4700
RAW 0 126 3 1 1 0.8646 0.8150 0.7293
RAW 1 126 3 1 1 0.8646 0.8150 0.7293
RAW 2 126 3 1 1 0.8646 0.8150 0.7293
RAW 3 126 4 1 1 0.8438 0.7717 0.6574
RAW 4 126 4 1 1 0.8438 0.6950 0.5807
RAW 5 126 3 1 0 0.5833 0.5050 0.4193
RAW 0 127 3 1 1 0.7708 0.8217 0.7360
RAW 1 127 5 1 0 0.7708 0.8233 0.6805
RAW 2 127 4 1 1 0.7812 0.8233 0.7090
RAW 3 127 5 1 0 0.7812 0.8233 0.6805
RAW 4 127 3 1 1 0.7812 0.8083 0.7226
RAW 5 127 5 1 0 0.5833 0.5233 0.3805
RAW 0 128 3 1 1 0.8229 0.7467 0.6610
RAW 1 128 3 1 0 0.8021 0.5950 0.5093
RAW 2 128 3 1 0 0.8021 0.5950 0.5093
RAW 3 128 3 1 0 0.8021 0.5950 0.5093
RAW 4 128 4 1 0 0.8438 0.6600 0.5457
RAW 5 128 3 1 0 0.6042 0.4867 0.4010
RAW 0 129 3 1 1 0.6042 0.5867 0.5010
RAW 1 129 0 1 0 0.5208 0.5283 0.5283
RAW 2 129 0 1 0 0.5208 0.5283 0.5283
RAW 3 129 1 1 1 0.6042 0.5350 0.5064
RAW 4 129 0 0 0 0.5208 0.5283 0.5283
RAW 5 129 0 1 0 0.5208 0.5283 0.5283
RAW 0 130 3 1 1 0.5312 0.5617 0.4760
RAW 1 130 0 1 0 0.5104 0.4833 0.4833
RAW 2 130 0 1 0 0.5104 0.4833 0.4833
RAW 3 130 0 0 0 0.5104 0.4833 0.4833
RAW 4 130 0 1 0 0.5104 0.4833 0.4833
RAW 5 130 0 1 0 0.5104 0.4833 0.4833
RAW 0 131 3 1 1 0.6875 0.6017 0.5160
RAW 1 131 2 1 1 0.7188 0.6183 0.5612
RAW 2 131 2 1 1 0.6875 0.6117 0.5545
RAW 3 131 0 1 0 0.5417 0.5267 0.5267
RAW 4 131 0 1 0 0.5417 0.5267 0.5267
RAW 5 131 2 1 0 0.6042 0.5250 0.4679
RAW 0 132 3 1 1 0.5729 0.5033 0.4176
RAW 1 132 1 1 1 0.6042 0.5583 0.5298
RAW 2 132 0 0 0 0.5521 0.5000 0.5000
RAW 3 132 1 1 1 0.6354 0.4967 0.4681
RAW 4 132 1 1 1 0.5521 0.5000 0.4714
RAW 5 132 1 1 1 0.5521 0.5000 0.4714
RAW 0 133 3 1 1 0.7083 0.7483 0.6626
RAW 1 133 4 1 0 0.7083 0.7767 0.6624
RAW 2 133 3 1 0 0.6875 0.7767 0.6910
RAW 3 133 4 1 0 0.6979 0.5250 0.4107
RAW 4 133 2 1 1 0.7188 0.6483 0.5912
RAW 5 133 4 1 0 0.5521 0.5067 0.3924
RAW 0 134 3 1 1 0.5833 0.5000 0.4143
RAW 1 134 6 1 0 0.7396 0.5967 0.4252
RAW 2 134 4 1 1 0.7188 0.6217 0.5074
RAW 3 134 5 1 1 0.7083 0.6333 0.4905
RAW 4 134 5 1 0 0.7188 0.6333 0.4905
RAW 5 134 6 1 0 0.6667 0.5933 0.4219
RAW 0 135 3 1 1 0.5729 0.4833 0.3976
RAW 1 135 0 1 0 0.5417 0.4767 0.4767
RAW 2 135 0 1 0 0.5417 0.4767 0.4767
RAW 3 135 0 1 0 0.5417 0.4767 0.4767
RAW 4 135 1 1 1 0.5833 0.4633 0.4348
RAW 5 135 0 1 0 0.5417 0.4767 0.4767
RAW 0 136 3 1 1 0.6042 0.5183 0.4326
RAW 1 136 0 1 0 0.6042 0.5183 0.5183
RAW 2 136 0 1 0 0.6042 0.5183 0.5183
RAW 3 136 0 1 0 0.6042 0.5183 0.5183
RAW 4 136 0 1 0 0.6042 0.5183 0.5183
RAW 5 136 0 1 0 0.6042 0.5183 0.5183
RAW 0 137 3 1 1 0.6042 0.6567 0.5710
RAW 1 137 2 1 1 0.6146 0.6450 0.5879
RAW 2 137 2 1 1 0.6146 0.6450 0.5879
RAW 3 137 2 1 1 0.6146 0.6450 0.5879
RAW 4 137 2 1 1 0.6146 0.6450 0.5879
RAW 5 137 2 1 0 0.5208 0.5250 0.4679
RAW 0 138 3 1 1 0.7292 0.6650 0.5793
RAW 1 138 2 1 1 0.7188 0.6817 0.6245
RAW 2 138 2 1 1 0.7188 0.6817 0.6245
RAW 3 138 2 1 1 0.7188 0.6817 0.6245
RAW 4 138 3 1 1 0.7292 0.7467 0.6610
RAW 5 138 2 1 0 0.5104 0.5167 0.4595
RAW 0 139 3 1 1 0.6146 0.5100 0.4243
RAW 1 139 2 1 1 0.5833 0.5133 0.4562
RAW 2 139 1 1 1 0.6562 0.5067 0.4781
RAW 3 139 2 1 1 0.5938 0.4967 0.4395
RAW 4 139 2 1 1 0.5833 0.5117 0.4545
RAW 5 139 2 1 0 0.6562 0.5083 0.4512
RAW 0 140 3 1 1 0.8333 0.7483 0.6626
RAW 1 140 3 1 1 0.8333 0.7483 0.6626
RAW 2 140 3 1 1 0.8333 0.7483 0.6626
RAW 3 140 3 1 1 0.8333 0.7483 0.6626
RAW 4 140 3 1 1 0.8333 0.7483 0.6626
RAW 5 140 3 1 0 0.6250 0.5533 0.4676
RAW 0 141 3 1 1 0.5521 0.4967 0.4110
RAW 1 141 3 1 0 0.7604 0.6517 0.5660
RAW 2 141 3 1 0 0.7604 0.6517 0.5660
RAW 3 141 0 0 0 0.5104 0.5117 0.5117
RAW 4 141 3 1 0 0.7604 0.6517 0.5660
RAW 5 141 3 1 0 0.5938 0.4983 0.4126
RAW 0 142 3 1 1 0.6771 0.6483 0.5626
RAW 1 142 3 1 1 0.6771 0.6483 0.5626
RAW 2 142 4 1 1 0.8021 0.7617 0.6474
RAW 3 142 4 1 0 0.7917 0.7483 0.6340
RAW 4 142 3 1 1 0.7188 0.6617 0.5760
RAW 5 142 3 1 0 0.5521 0.5133 0.4276
RAW 0 143 3 1 1 0.7500 0.6967 0.6110
RAW 1 143 4 1 1 0.7917 0.7400 0.6257
RAW 2 143 5 1 0 0.7604 0.6833 0.5405
RAW 3 143 4 1 1 0.7708 0.6883 0.5740
RAW 4 143 4 1 1 0.7917 0.7400 0.6257
RAW 5 143 4 1 0 0.6354 0.5283 0.4140
RAW 0 144 3 1 1 0.7604 0.7217 0.6360
RAW 1 144 5 1 0 0.8229 0.7733 0.6305
RAW 2 144 4 1 1 0.7812 0.6767 0.5624
RAW 3 144 4 1 1 0.8333 0.7733 0.6590
RAW 4 144 3 1 1 0.8542 0.6950 0.6093
RAW 5 144 5 1 0 0.6458 0.6367 0.4938
RAW 0 145 3 1 1 0.5729 0.5967 0.5110
RAW 1 145 2 1 1 0.6042 0.5983 0.5412
RAW 2 145 2 1 1 0.6250 0.5867 0.5295
RAW 3 145 2 1 1 0.6771 0.5450 0.4879
RAW 4 145 2 1 1 0.6771 0.5450 0.4879
RAW 5 145 2 1 0 0.5312 0.4983 0.4412
RAW 0 146 3 1 1 0.8542 0.6883 0.6026
RAW 1 146 4 1 1 0.8646 0.8250 0.7107
RAW 2 146 6 1 0 0.8542 0.8350 0.6636
RAW 3 146 4 1 1 0.8646 0.6933 0.5790
RAW 4 146 5 1 0 0.8646 0.6933 0.5505
RAW 5 146 4 1 0 0.6250 0.5017 0.3874
RAW 0 147 3 1 1 0.6042 0.5800 0.4943
RAW 1 147 0 1 0 0.5938 0.5267 0.5267
RAW 2 147 0 1 0 0.5938 0.5267 0.5267
RAW 3 147 0 1 0 0.5938 0.5267 0.5267
RAW 4 147 0 0 0 0.5938 0.5267 0.5267
RAW 5 147 0 1 0 0.5938 0.5267 0.5267
RAW 0 148 3 1 1 0.6146 0.4750 0.3893
RAW 1 148 4 1 0 0.5312 0.4783 0.3640
RAW 2 148 4 1 0 0.8438 0.7617 0.6474
RAW 3 148 4 1 0 0.8021 0.7483 0.6340
RAW 4 148 4 1 0 0.8438 0.7617 0.6474
RAW 5 148 4 1 0 0.6771 0.5667 0.4524
RAW 0 149 3 1 1 0.6875 0.5733 0.4876
RAW 1 149 2 1 1 0.7083 0.5600 0.5029
RAW 2 149 2 1 0 0.6042 0.5750 0.5179
RAW 3 149 3 1 0 0.5104 0.4550 0.3693
RAW 4 149 0 1 0 0.5104 0.4550 0.4550
RAW 5 149 2 1 0 0.5000 0.4517 0.3945
RAW 0 150 3 1 1 0.7188 0.7383 0.6526
RAW 1 150 3 1 1 0.6771 0.6650 0.5793
RAW 2 150 3 1 1 0.7292 0.6617 0.5760
RAW 3 150 3 1 1 0.6771 0.6650 0.5793
RAW 4 150 3 1 1 0.6771 0.6650 0.5793
RAW 5 150 3 1 0 0.6562 0.4883 0.4026
RAW 0 151 3 1 1 0.8229 0.7617 0.6760
RAW 1 151 3 1 1 0.7708 0.6867 0.6010
RAW 2 151 3 1 1 0.7708 0.6867 0.6010
RAW 3 151 3 1 1 0.7708 0.6867 0.6010
RAW 4 151 3 1 1 0.7708 0.7650 0.6793
RAW 5 151 3 1 0 0.6146 0.4817 0.3960
RAW 0 152 3 1 1 0.6875 0.6100 0.5243
RAW 1 152 2 1 0 0.6250 0.5450 0.4879
RAW 2 152 2 1 0 0.5833 0.5550 0.4979
RAW 3 152 0 1 0 0.5208 0.4717 0.4717
RAW 4 152 2 1 1 0.6771 0.6417 0.5845
RAW 5 152 2 1 0 0.5729 0.4967 0.4395
RAW 0 153 3 1 1 0.5000 0.4900 0.4043
RAW 1 153 2 1 1 0.7812 0.7133 0.6562
RAW 2 153 3 1 0 0.5104 0.4667 0.3810
RAW 3 153 2 1 1 0.7812 0.7133 0.6562
RAW 4 153 2 1 1 0.7812 0.7133 0.6562
RAW 5 153 2 1 0 0.4792 0.4833 0.4262
RAW 0 154 3 1 1 0.7917 0.8033 0.7176
RAW 1 154 4 1 0 0.6458 0.7617 0.6474
RAW 2 154 4 1 1 0.7708 0.8167 0.7024
RAW 3 154 4 1 1 0.7708 0.8167 0.7024
RAW 4 154 4 1 1 0.8125 0.8150 0.7007
RAW 5 154 4 1 0 0.5312 0.4983 0.3840
RAW 0 155 3 1 1 0.7188 0.6100 0.5243
RAW 1 155 3 1 0 0.7292 0.6633 0.5776
RAW 2 155 4 1 1 0.8021 0.7433 0.6290
RAW 3 155 4 1 1 0.8021 0.6917 0.5774
RAW 4 155 4 1 1 0.8021 0.6917 0.5774
RAW 5 155 3 1 0 0.5104 0.5000 0.4143
RAW 0 156 3 1 1 0.7604 0.7050 0.6193
RAW 1 156 3 1 1 0.7708 0.7883 0.7026
RAW 2 156 3 1 1 0.6875 0.7733 0.6876
RAW 3 156 3 1 1 0.7708 0.7883 0.7026
RAW 4 156 3 1 1 0.7604 0.7050 0.6193
RAW 5 156 3 1 0 0.5312 0.4850 0.3993
RAW 0 157 3 1 1 0.6250 0.5583 0.4726
RAW 1 157 1 1 1 0.5833 0.4917 0.4631
RAW 2 157 2 1 0 0.6979 0.5600 0.5029
RAW 3 157 1 1 1 0.7396 0.5583 0.5298
RAW 4 157 0 1 0 0.5833 0.4917 0.4917
RAW 5 157 1 1 1 0.5833 0.4917 0.4631
RAW 0 158 3 1 1 0.6458 0.4967 0.4110
RAW 1 158 0 1 0 0.5729 0.5250 0.5250
RAW 2 158 0 1 0 0.5729 0.5250 0.5250
RAW 3 158 1 0 1 0.6042 0.5800 0.5514
RAW 4 158 1 1 1 0.6042 0.5800 0.5514
RAW 5 158 0 1 0 0.5729 0.5250 0.5250
RAW 0 159 3 1 1 0.6042 0.4867 0.4010
RAW 1 159 2 1 1 0.5833 0.4683 0.4112
RAW 2 159 2 1 1 0.5938 0.4733 0.4162
RAW 3 159 2 1 1 0.5938 0.4733 0.4162
RAW 4 159 0 1 0 0.5833 0.4683 0.4683
RAW 5 159 2 1 0 0.6042 0.4667 0.4095
RAW 0 160 3 1 1 0.5417 0.4933 0.4076
RAW 1 160 1 1 1 0.5938 0.5400 0.5114
RAW 2 160 2 1 0 0.5729 0.5367 0.4795
RAW 3 160 2 1 1 0.5833 0.4850 0.4279
RAW 4 160 3 1 1 0.6458 0.6250 0.5393
RAW 5 160 1 1 1 0.6354 0.4933 0.4648
  producer                    taps  shared contig train acc   heldout  objective
  ideal conv (shared)          3.0    1.00   1.00     0.676     0.621     0.5351
  GA flip-only                 2.4    1.00   0.55     0.683     0.632     0.5639
  GA flip+slide                2.5    0.97   0.47     0.689     0.638     0.5677
  GA flip+rewire               2.4    0.90   0.60     0.691     0.626     0.5584
  GA flip+xover                2.3    0.95   0.62     0.700     0.637     0.5712
  GA-tap-matched random        2.4    1.00   0.07     0.574     0.513     0.4455

GATE (protocol item 9, before any operator work):
  PASS if 'ideal conv (shared)' has the highest objective -- the convolution is finally the
  optimum, and the search question becomes meaningful.
  The UNSHARED rows are the mechanism check: they should fit train and collapse on heldout.
  If they transfer too, the task does not demand sharing and this probe is not yet valid.
