emerge_rewire2 -- rewiring vs add/remove (paper 2, version 2)
inner: backprop, 50 epochs, curve every 5.   outer: GA, POP=24 ELITE=4, 150 gens x 30 seeds
fitness = final accuracy - 2.000*energy    PSLIDE=0.400 PGROW=0.100 PSHARE=0.050

PROTOCOL  sensitivity placement  fitness 0.5233..0.8900 (span 0.3667)  energy 0.025000..0.025000
PROTOCOL  sensitivity width      fitness 0.4167..0.7700 (span 0.3533)  energy 0.008333..0.100000
PROTOCOL  convergence   accuracy gained over the second half of the budget: -0.0047
PROTOCOL                -> CONVERGED: endpoint summarises the learner; trajectory fitness would add only noise

  arm             shared-frac  mean-w  max-w  coverage  energy   test
RAW 0 150 1 0.9167 10.3000 11.0000 1.0000 0.091667 0.9020
RAW 0 150 2 0.9167 9.2000 11.0000 1.0000 0.091667 0.8990
RAW 0 150 3 0.8333 10.0000 10.0000 1.0000 0.083333 0.8840
RAW 0 150 4 0.8333 2.5000 10.0000 1.0000 0.083333 0.8830
RAW 0 150 5 0.8333 8.9000 10.0000 1.0000 0.083333 0.8490
RAW 0 150 6 0.8333 4.4000 10.0000 1.0000 0.083333 0.8580
RAW 0 150 7 0.8333 8.3000 10.0000 1.0000 0.083333 0.9030
RAW 0 150 8 0.8333 4.8000 10.0000 1.0000 0.083333 0.9250
RAW 0 150 9 1.0000 11.7000 12.0000 1.0000 0.100000 0.9270
RAW 0 150 10 1.0000 5.2000 12.0000 1.0000 0.100000 0.9350
RAW 0 150 11 0.8333 8.2000 10.0000 1.0000 0.083333 0.9090
RAW 0 150 12 0.9167 10.8000 11.0000 1.0000 0.091667 0.8720
RAW 0 150 13 1.0000 9.4000 12.0000 1.0000 0.100000 0.9000
RAW 0 150 14 1.0000 9.2000 12.0000 1.0000 0.100000 0.8630
RAW 0 150 15 0.9167 7.8000 11.0000 1.0000 0.091667 0.8820
RAW 0 150 16 0.8333 8.6000 10.0000 1.0000 0.083333 0.8650
RAW 0 150 17 1.0000 2.4000 12.0000 1.0000 0.100000 0.8690
RAW 0 150 18 1.0000 2.4000 12.0000 1.0000 0.100000 0.8520
RAW 0 150 19 1.0000 2.4000 12.0000 1.0000 0.100000 0.8240
RAW 0 150 20 1.0000 6.1000 12.0000 1.0000 0.100000 0.9460
RAW 0 150 21 0.8333 8.4000 10.0000 1.0000 0.083333 0.9220
RAW 0 150 22 0.8333 5.6000 10.0000 1.0000 0.083333 0.8580
RAW 0 150 23 1.0000 10.6000 12.0000 1.0000 0.100000 0.8310
RAW 0 150 24 1.0000 2.7000 12.0000 1.0000 0.100000 0.8010
RAW 0 150 25 0.8333 5.4000 10.0000 1.0000 0.083333 0.9230
RAW 0 150 26 0.9167 8.6000 11.0000 1.0000 0.091667 0.9300
RAW 0 150 27 0.9167 5.2000 11.0000 1.0000 0.091667 0.9190
RAW 0 150 28 0.9167 10.0000 11.0000 1.0000 0.091667 0.9490
RAW 0 150 29 0.9167 8.6000 11.0000 1.0000 0.091667 0.8990
RAW 0 150 30 0.9167 8.0000 11.0000 1.0000 0.091667 0.9220
  0 no-rewire      0.951       6.92    10.94   0.911    0.1159   0.890
RAW 1 150 1 0.9167 2.5000 4.0000 1.0000 0.033333 0.9370
RAW 1 150 2 0.8333 1.4000 2.0000 1.0000 0.016667 0.8990
RAW 1 150 3 0.8333 1.6000 3.0000 1.0000 0.025000 0.8980
RAW 1 150 4 0.9167 1.7000 2.0000 1.0000 0.016667 0.8630
RAW 1 150 5 0.9167 1.8000 3.0000 1.0000 0.025000 0.8480
RAW 1 150 6 1.0000 2.6000 5.0000 1.0000 0.041667 0.9380
RAW 1 150 7 0.8333 1.8000 3.0000 1.0000 0.025000 0.9200
RAW 1 150 8 0.8333 1.9000 3.0000 1.0000 0.025000 0.8690
RAW 1 150 9 0.9167 1.4000 2.0000 1.0000 0.016667 0.8900
RAW 1 150 10 1.0000 1.7000 4.0000 1.0000 0.033333 0.9090
RAW 1 150 11 0.8333 2.3000 4.0000 1.0000 0.033333 0.8940
RAW 1 150 12 1.0000 3.2000 11.0000 1.0000 0.091667 0.8700
RAW 1 150 13 0.6667 1.0000 1.0000 1.0000 0.008333 0.8200
RAW 1 150 14 1.0000 2.6000 9.0000 1.0000 0.075000 0.8710
RAW 1 150 15 1.0000 2.7000 4.0000 1.0000 0.033333 0.9250
RAW 1 150 16 1.0000 4.4000 10.0000 1.0000 0.083333 0.9490
RAW 1 150 17 0.5833 1.0000 1.0000 1.0000 0.008333 0.8280
RAW 1 150 18 0.6667 1.3000 2.0000 1.0000 0.016667 0.8720
RAW 1 150 19 1.0000 4.7000 12.0000 1.0000 0.100000 0.8350
RAW 1 150 20 1.0000 2.5000 5.0000 1.0000 0.041667 0.8940
RAW 1 150 21 0.9167 2.1000 3.0000 1.0000 0.025000 0.9450
RAW 1 150 22 0.9167 2.7000 4.0000 1.0000 0.033333 0.9170
RAW 1 150 23 0.6667 1.2000 2.0000 1.0000 0.016667 0.8610
RAW 1 150 24 1.0000 3.4000 11.0000 1.0000 0.091667 0.8310
RAW 1 150 25 1.0000 2.3000 3.0000 1.0000 0.025000 0.8890
RAW 1 150 26 0.9167 1.3000 2.0000 1.0000 0.016667 0.8880
RAW 1 150 27 0.9167 1.6000 3.0000 1.0000 0.025000 0.9200
RAW 1 150 28 0.9167 2.8000 4.0000 1.0000 0.033333 0.9310
RAW 1 150 29 0.9167 2.2000 3.0000 1.0000 0.025000 0.9100
RAW 1 150 30 0.9167 2.1000 3.0000 1.0000 0.025000 0.9230
  1 slide-1        0.971       2.05    4.45   0.831    0.0410   0.891
RAW 2 150 1 0.9167 2.6000 3.0000 1.0000 0.025000 0.9450
RAW 2 150 2 0.9167 1.3000 2.0000 1.0000 0.016667 0.9170
RAW 2 150 3 1.0000 1.6000 3.0000 1.0000 0.025000 0.9250
RAW 2 150 4 0.9167 2.2000 4.0000 1.0000 0.033333 0.9150
RAW 2 150 5 1.0000 1.8000 3.0000 1.0000 0.025000 0.8750
RAW 2 150 6 1.0000 1.8000 3.0000 1.0000 0.025000 0.8990
RAW 2 150 7 0.9167 1.5000 2.0000 1.0000 0.016667 0.9210
RAW 2 150 8 0.9167 1.7000 3.0000 1.0000 0.025000 0.9010
RAW 2 150 9 0.9167 1.9000 3.0000 1.0000 0.025000 0.8950
RAW 2 150 10 1.0000 2.3000 3.0000 1.0000 0.025000 0.9290
RAW 2 150 11 0.9167 1.5000 2.0000 1.0000 0.016667 0.8840
RAW 2 150 12 1.0000 3.5000 11.0000 1.0000 0.091667 0.8770
RAW 2 150 13 0.8333 1.0000 1.0000 1.0000 0.008333 0.8410
RAW 2 150 14 1.0000 1.5000 2.0000 1.0000 0.016667 0.9070
RAW 2 150 15 0.9167 1.8000 2.0000 1.0000 0.016667 0.8590
RAW 2 150 16 1.0000 1.5000 2.0000 1.0000 0.016667 0.8710
RAW 2 150 17 0.5000 1.0000 1.0000 1.0000 0.008333 0.8640
RAW 2 150 18 0.7500 1.4000 2.0000 1.0000 0.016667 0.8810
RAW 2 150 19 0.8333 1.2000 2.0000 1.0000 0.016667 0.8520
RAW 2 150 20 1.0000 2.7000 5.0000 1.0000 0.041667 0.9220
RAW 2 150 21 0.8333 1.4000 2.0000 1.0000 0.016667 0.9150
RAW 2 150 22 1.0000 2.5000 4.0000 1.0000 0.033333 0.9180
RAW 2 150 23 0.6667 1.0000 1.0000 1.0000 0.008333 0.8530
RAW 2 150 24 0.5000 1.0000 1.0000 1.0000 0.008333 0.8100
RAW 2 150 25 1.0000 2.3000 4.0000 1.0000 0.033333 0.9290
RAW 2 150 26 1.0000 1.7000 2.0000 1.0000 0.016667 0.9090
RAW 2 150 27 0.9167 1.8000 3.0000 1.0000 0.025000 0.9020
RAW 2 150 28 0.9167 1.8000 3.0000 1.0000 0.025000 0.8960
RAW 2 150 29 0.9167 2.0000 3.0000 1.0000 0.025000 0.9320
RAW 2 150 30 1.0000 2.0000 3.0000 1.0000 0.025000 0.9100
  2 rewire-rand    0.971       1.66    3.10   0.795    0.0286   0.895

acceptance test: with default knobs this must reproduce emerge_rewire.c (version 1)
and the archived scratch_rewire_*.out per-seed data exactly.
