--- GENS=50 ---
  producer                    taps  shared contig train acc   heldout  objective
  ideal conv (shared)          3.0    1.00   1.00     0.719     0.692     0.6774
  GA flip-only                 6.0    1.00   0.15     0.744     0.628     0.5998
  GA flip+slide                6.8    1.00   0.05     0.738     0.612     0.5794
  GA flip+rewire               6.7    1.00   0.05     0.756     0.652     0.6200
  GA flip+xover                6.3    1.00   0.05     0.749     0.618     0.5882
--- GENS=200 ---
  producer                    taps  shared contig train acc   heldout  objective
  ideal conv (shared)          3.0    1.00   1.00     0.719     0.692     0.6774
  GA flip-only                 6.7    1.00   0.05     0.756     0.637     0.6047
  GA flip+slide                6.0    1.00   0.00     0.722     0.600     0.5716
  GA flip+rewire               6.8    1.00   0.05     0.721     0.592     0.5591
  GA flip+xover                6.4    1.00   0.15     0.720     0.614     0.5831
--- GENS=600 ---
  producer                    taps  shared contig train acc   heldout  objective
  ideal conv (shared)          3.0    1.00   1.00     0.719     0.692     0.6774
  GA flip-only                 7.2    1.00   0.05     0.749     0.635     0.6004
  GA flip+slide                7.0    1.00   0.15     0.746     0.639     0.6055
  GA flip+rewire               8.2    1.00   0.05     0.756     0.644     0.6051
  GA flip+xover                6.0    1.00   0.05     0.742     0.610     0.5809
