emerge_transfer -- sharing is a GENE, and TRANSFER is what pays for it
N=12. motif K=3 planted at 1 of 10 positions; train on 3, select on 3, report on 4.
max-pool readout (position never reaches the output). energy = params/(21*10):
  shared = taps, unshared = taps*10. objective = heldout_acc - 6.00*energy.
60 seeds x 200 epochs. GA: pop 24, 50 gens, flips offsets AND the sharing gene.

PERSEED  per-seed argmax over every subset of the 7-wide window at lo=7, LAMBDA=6.00
PERSEED RAW 1 0 0.6860 0.8012
PERSEED RAW 2 0 0.6776 0.6995
PERSEED RAW 3 0 0.6676 0.7179
PERSEED RAW 4 0 0.5176 0.5295
PERSEED RAW 5 0 0.6776 0.6876
PERSEED RAW 6 1 0.7560 0.7560
PERSEED RAW 7 0 0.4810 0.5295
PERSEED RAW 8 0 0.6810 0.8379
PERSEED RAW 9 0 0.4810 0.5629
PERSEED RAW 10 1 0.6743 0.6743
PERSEED RAW 11 0 0.4060 0.4893
PERSEED RAW 12 0 0.4493 0.4764
PERSEED RAW 13 0 0.5376 0.6329
PERSEED RAW 14 0 0.4243 0.6376
PERSEED RAW 15 1 0.7110 0.7110
PERSEED RAW 16 0 0.6893 0.7390
PERSEED RAW 17 0 0.6176 0.6576
PERSEED RAW 18 0 0.5510 0.6824
PERSEED RAW 19 0 0.6510 0.8129
PERSEED RAW 20 0 0.7826 0.8360
PERSEED RAW 21 0 0.6993 0.7612
PERSEED RAW 22 1 0.5743 0.5743
PERSEED RAW 23 0 0.5476 0.5945
PERSEED RAW 24 0 0.5043 0.5676
PERSEED RAW 25 0 0.3893 0.5324
PERSEED RAW 26 0 0.4460 0.5562
PERSEED RAW 27 0 0.4493 0.5079
PERSEED RAW 28 0 0.4060 0.4424
PERSEED RAW 29 0 0.4093 0.5210
PERSEED RAW 30 0 0.4676 0.5162
PERSEED RAW 31 0 0.8260 0.8529
PERSEED RAW 32 0 0.6743 0.7243
PERSEED RAW 33 0 0.4593 0.8595
PERSEED RAW 34 0 0.3676 0.6876
PERSEED RAW 35 0 0.4226 0.5610
PERSEED RAW 36 0 0.7443 0.7629
PERSEED RAW 37 0 0.5676 0.7029
PERSEED RAW 38 0 0.6060 0.7743
PERSEED RAW 39 0 0.5176 0.7995
PERSEED RAW 40 0 0.6010 0.6229
PERSEED RAW 41 0 0.5493 0.5962
PERSEED RAW 42 0 0.5193 0.5612
PERSEED RAW 43 0 0.5726 0.5843
PERSEED RAW 44 0 0.4493 0.5379
PERSEED RAW 45 0 0.3976 0.4595
PERSEED RAW 46 0 0.4060 0.5812
PERSEED RAW 47 0 0.5176 0.5326
PERSEED RAW 48 1 0.7026 0.7026
PERSEED RAW 49 0 0.4343 0.5560
PERSEED RAW 50 0 0.4426 0.6471
PERSEED RAW 51 0 0.6243 0.7312
PERSEED RAW 52 0 0.4126 0.5157
PERSEED RAW 53 0 0.4110 0.5924
PERSEED RAW 54 0 0.5510 0.5624
PERSEED RAW 55 0 0.7076 0.7324
PERSEED RAW 56 0 0.4810 0.5545
PERSEED RAW 57 0 0.4226 0.4798
PERSEED RAW 58 0 0.6876 0.7245
PERSEED RAW 59 0 0.3726 0.4757
PERSEED RAW 60 0 0.5543 0.6245
PERSEED  the planted support is the per-seed argmax on 5 of 60 seeds (8%).
PERSEED  mean signed margin to the best rival -0.0847 (negative = the planted support loses)
PERSEED  this is the CEILING on any exact-match rate: a search returning its own draw's
PERSEED  argmax cannot exceed it, so compare the measured rate against this, not 100%.
