======== fixed ========
PROVE (scaling, aggregated): directed energy GA vs RANDOM at matched evals, grouped mutation.
compact = taps->K(=3), contig->1, on-rel->1. paired GA-RANDOM per seed (same task).

  N   arm     taps          contig        on-rel        test        | paired GA-RANDOM (mean±SEM, win/tie/loss)
  12  GA      3.4±2.6     0.73±0.31    0.61±0.40    0.885±0.028  | contig +0.02±0.03  onrel +0.00±0.04  (11/28/11, n=50)
  12  RANDOM  3.3±2.7     0.71±0.32    0.60±0.42    0.880±0.032  |
  16  GA      4.9±4.2     0.68±0.29    0.52±0.38    0.882±0.030  | contig +0.06±0.04  onrel +0.06±0.04  (20/13/17, n=50)
  16  RANDOM  5.2±5.7     0.62±0.28    0.46±0.34    0.877±0.037  |
  20  GA      7.2±6.0     0.67±0.27    0.45±0.34    0.874±0.045  | contig +0.20±0.04  onrel +0.11±0.04  (33/6/11, n=50)
  20  RANDOM  7.1±7.0     0.47±0.24    0.34±0.34    0.866±0.041  |
  24  GA      10.5±8.1     0.56±0.22    0.28±0.28    0.866±0.049  | contig +0.14±0.05  onrel +0.00±0.03  (35/5/10, n=50)
  24  RANDOM  9.0±10.4     0.43±0.26    0.28±0.27    0.862±0.050  |
  28  GA      14.4±9.8     0.52±0.15    0.21±0.24    0.862±0.056  | contig +0.12±0.04  onrel +0.05±0.03  (35/5/10, n=50)
  28  RANDOM  13.0±12.6     0.40±0.26    0.17±0.21    0.853±0.053  |

======== scaled ========
PROVE (scaling, aggregated): directed energy GA vs RANDOM at matched evals, grouped mutation.
compact = taps->K(=3), contig->1, on-rel->1. paired GA-RANDOM per seed (same task).

  N   arm     taps          contig        on-rel        test        | paired GA-RANDOM (mean±SEM, win/tie/loss)
  12  GA      3.4±2.6     0.73±0.31    0.61±0.40    0.885±0.028  | contig +0.02±0.03  onrel +0.00±0.04  (11/28/11, n=50)
  12  RANDOM  3.3±2.7     0.71±0.32    0.60±0.42    0.880±0.032  |
  16  GA      4.6±3.9     0.69±0.29    0.52±0.39    0.882±0.032  | contig +0.08±0.03  onrel +0.07±0.04  (22/17/11, n=50)
  16  RANDOM  4.9±5.4     0.62±0.28    0.46±0.35    0.877±0.038  |
  20  GA      7.0±6.3     0.68±0.26    0.47±0.36    0.871±0.046  | contig +0.20±0.04  onrel +0.09±0.04  (34/9/7, n=50)
  20  RANDOM  6.3±5.9     0.48±0.25    0.37±0.32    0.864±0.047  |
  24  GA      10.0±8.0     0.60±0.22    0.35±0.30    0.868±0.048  | contig +0.16±0.03  onrel +0.05±0.03  (33/7/10, n=50)
  24  RANDOM  7.7±8.5     0.43±0.25    0.30±0.28    0.855±0.053  |
  28  GA      15.2±11.0     0.59±0.19    0.30±0.31    0.864±0.055  | contig +0.17±0.04  onrel +0.09±0.04  (36/5/9, n=50)
  28  RANDOM  11.5±11.8     0.42±0.28    0.20±0.23    0.858±0.042  |

======== denoise_r8 ========
PROVE (scaling, aggregated): directed energy GA vs RANDOM at matched evals, grouped mutation.
compact = taps->K(=3), contig->1, on-rel->1. paired GA-RANDOM per seed (same task).

  N   arm     taps          contig        on-rel        test        | paired GA-RANDOM (mean±SEM, win/tie/loss)
  12  GA      3.4±2.6     0.73±0.31    0.61±0.40    0.885±0.028  | contig +0.13±0.04  onrel +0.12±0.05  (22/18/10, n=50)
  12  RANDOM  3.8±3.3     0.61±0.28    0.48±0.38    0.875±0.042  |
  16  GA      4.9±4.2     0.68±0.29    0.52±0.38    0.882±0.030  | contig +0.19±0.04  onrel +0.18±0.04  (29/9/12, n=50)
  16  RANDOM  5.3±4.5     0.49±0.25    0.34±0.27    0.863±0.056  |
  20  GA      7.2±6.0     0.67±0.27    0.45±0.34    0.874±0.045  | contig +0.32±0.05  onrel +0.26±0.04  (42/0/8, n=50)
  20  RANDOM  7.9±7.3     0.36±0.17    0.19±0.18    0.871±0.035  |
  24  GA      10.5±8.1     0.56±0.22    0.28±0.28    0.866±0.049  | contig +0.19±0.04  onrel +0.10±0.04  (39/2/9, n=50)
  24  RANDOM  10.4±9.6     0.37±0.21    0.18±0.21    0.861±0.044  |
  28  GA      14.4±9.8     0.52±0.15    0.21±0.24    0.862±0.056  | contig +0.16±0.04  onrel +0.11±0.03  (39/3/8, n=50)
  28  RANDOM  13.6±11.2     0.36±0.20    0.11±0.13    0.853±0.051  |

