emerge_transfer -- sharing is a GENE, and TRANSFER is what pays for it
N=12. motif K=3 planted at 1 of 10 positions; train on 3, select on 3, report on 4.
max-pool readout (position never reaches the output). energy = params/(21*10):
  shared = taps, unshared = taps*10. objective = heldout_acc - 6.00*energy.
40 seeds x 200 epochs. GA: pop 24, 50 gens, flips offsets AND the sharing gene.

RAW 0 81 3 1 1 0.6458 0.5183 0.4326
RAW 1 81 0 0 0 0.6042 0.4950 0.4950
RAW 2 81 0 0 0 0.6042 0.4950 0.4950
RAW 3 81 0 1 0 0.6042 0.4950 0.4950
RAW 4 81 1 1 1 0.6042 0.4950 0.4664
RAW 5 81 0 1 0 0.6042 0.4950 0.4950
RAW 0 82 3 1 1 0.7604 0.6817 0.5960
RAW 1 82 3 1 1 0.7604 0.6817 0.5960
RAW 2 82 3 1 1 0.7604 0.6817 0.5960
RAW 3 82 3 1 1 0.7604 0.6817 0.5960
RAW 4 82 3 1 1 0.7604 0.6817 0.5960
RAW 5 82 3 1 0 0.7188 0.5917 0.5060
RAW 0 83 3 1 1 0.6458 0.7267 0.6410
RAW 1 83 3 1 1 0.6875 0.7317 0.6460
RAW 2 83 3 1 1 0.6458 0.7267 0.6410
RAW 3 83 3 1 1 0.6458 0.7267 0.6410
RAW 4 83 3 1 1 0.6458 0.7267 0.6410
RAW 5 83 3 1 0 0.5625 0.4983 0.4126
RAW 0 84 3 1 1 0.6979 0.5433 0.4576
RAW 1 84 3 1 0 0.6979 0.5767 0.4910
RAW 2 84 4 1 0 0.8542 0.7267 0.6124
RAW 3 84 2 1 1 0.6979 0.5350 0.4779
RAW 4 84 2 1 1 0.6979 0.5350 0.4779
RAW 5 84 3 1 0 0.6458 0.5450 0.4593
RAW 0 85 3 1 1 0.5312 0.5000 0.4143
RAW 1 85 1 1 1 0.5312 0.5000 0.4714
RAW 2 85 0 0 0 0.5312 0.5000 0.5000
RAW 3 85 1 1 1 0.5625 0.5017 0.4731
RAW 4 85 0 1 0 0.5312 0.5000 0.5000
RAW 5 85 1 1 1 0.5312 0.5000 0.4714
RAW 0 86 3 1 1 0.5729 0.4583 0.3726
RAW 1 86 2 1 0 0.7708 0.8233 0.7662
RAW 2 86 2 1 0 0.5417 0.5083 0.4512
RAW 3 86 3 1 0 0.7396 0.6883 0.6026
RAW 4 86 3 1 0 0.7708 0.7850 0.6993
RAW 5 86 2 1 0 0.5417 0.5083 0.4512
RAW 0 87 3 1 1 0.5208 0.4900 0.4043
RAW 1 87 6 1 1 0.6458 0.4733 0.3019
RAW 2 87 4 1 0 0.6667 0.4833 0.3690
RAW 3 87 3 1 0 0.7812 0.8317 0.7460
RAW 4 87 4 1 0 0.7917 0.5817 0.4674
RAW 5 87 6 1 0 0.7396 0.6333 0.4619
RAW 0 88 3 1 1 0.5000 0.4867 0.4010
RAW 1 88 4 1 0 0.8333 0.7150 0.6007
RAW 2 88 4 1 0 0.8854 0.6567 0.5424
RAW 3 88 5 1 0 0.8854 0.6533 0.5105
RAW 4 88 3 1 0 0.8333 0.8233 0.7376
RAW 5 88 4 1 0 0.6250 0.5433 0.4290
RAW 0 89 3 1 1 0.6979 0.6483 0.5626
RAW 1 89 5 1 0 0.8958 0.7250 0.5821
RAW 2 89 4 1 0 0.6875 0.6367 0.5224
RAW 3 89 4 1 0 0.6875 0.6467 0.5324
RAW 4 89 4 1 0 0.6979 0.7017 0.5874
RAW 5 89 5 1 0 0.6042 0.5467 0.4038
RAW 0 90 3 1 1 0.7292 0.6283 0.5426
RAW 1 90 4 1 0 0.8333 0.7067 0.5924
RAW 2 90 4 1 0 0.8021 0.6817 0.5674
RAW 3 90 2 1 1 0.6562 0.6933 0.6362
RAW 4 90 4 1 0 0.6354 0.5050 0.3907
RAW 5 90 4 1 0 0.5729 0.5100 0.3957
RAW 0 91 3 1 1 0.6250 0.6100 0.5243
RAW 1 91 3 1 0 0.8125 0.7800 0.6943
RAW 2 91 3 1 0 0.8021 0.7767 0.6910
RAW 3 91 3 1 0 0.8125 0.7800 0.6943
RAW 4 91 3 1 0 0.8125 0.7800 0.6943
RAW 5 91 3 1 0 0.5312 0.5017 0.4160
RAW 0 92 3 1 1 0.5938 0.5050 0.4193
RAW 1 92 1 1 1 0.5938 0.4933 0.4648
RAW 2 92 2 1 1 0.5938 0.5917 0.5345
RAW 3 92 0 1 0 0.5938 0.5167 0.5167
RAW 4 92 2 1 1 0.5938 0.5567 0.4995
RAW 5 92 1 1 1 0.5729 0.5083 0.4798
RAW 0 93 3 1 1 0.6771 0.5117 0.4260
RAW 1 93 0 1 0 0.6771 0.5117 0.5117
RAW 2 93 0 1 0 0.6771 0.5117 0.5117
RAW 3 93 0 1 0 0.6771 0.5117 0.5117
RAW 4 93 0 1 0 0.6771 0.5117 0.5117
RAW 5 93 0 1 0 0.6771 0.5117 0.5117
RAW 0 94 3 1 1 0.7917 0.8067 0.7210
RAW 1 94 3 1 0 0.8021 0.7483 0.6626
RAW 2 94 5 1 0 0.8333 0.6667 0.5238
RAW 3 94 2 1 0 0.8750 0.6867 0.6295
RAW 4 94 4 1 0 0.8958 0.6383 0.5240
RAW 5 94 3 1 0 0.5521 0.5417 0.4560
RAW 0 95 3 1 1 0.8333 0.7733 0.6876
RAW 1 95 3 1 1 0.8125 0.7233 0.6376
RAW 2 95 3 1 1 0.8125 0.7233 0.6376
RAW 3 95 4 1 0 0.8125 0.7217 0.6074
RAW 4 95 3 1 1 0.8125 0.7233 0.6376
RAW 5 95 3 1 0 0.6146 0.4733 0.3876
RAW 0 96 3 1 1 0.5833 0.5150 0.4293
RAW 1 96 0 1 0 0.5833 0.5150 0.5150
RAW 2 96 0 1 0 0.5833 0.5150 0.5150
RAW 3 96 0 1 0 0.5833 0.5150 0.5150
RAW 4 96 0 1 0 0.5833 0.5150 0.5150
RAW 5 96 0 1 0 0.5833 0.5150 0.5150
RAW 0 97 3 1 1 0.5729 0.5250 0.4393
RAW 1 97 0 1 0 0.5729 0.5250 0.5250
RAW 2 97 0 1 0 0.5729 0.5250 0.5250
RAW 3 97 0 1 0 0.5729 0.5250 0.5250
RAW 4 97 2 1 0 0.6042 0.5633 0.5062
RAW 5 97 0 1 0 0.5729 0.5250 0.5250
RAW 0 98 3 1 1 0.7396 0.7000 0.6143
RAW 1 98 4 1 0 0.7396 0.7017 0.5874
RAW 2 98 4 1 1 0.8542 0.7900 0.6757
RAW 3 98 4 1 0 0.7396 0.7017 0.5874
RAW 4 98 4 1 0 0.8438 0.8217 0.7074
RAW 5 98 4 1 0 0.8125 0.5200 0.4057
RAW 0 99 3 1 1 0.7500 0.5117 0.4260
RAW 1 99 0 0 0 0.6250 0.4833 0.4833
RAW 2 99 0 1 0 0.6250 0.4833 0.4833
RAW 3 99 1 1 1 0.6250 0.5517 0.5231
RAW 4 99 1 1 1 0.6250 0.5517 0.5231
RAW 5 99 0 1 0 0.6250 0.4833 0.4833
RAW 0 100 3 1 1 0.5312 0.5117 0.4260
RAW 1 100 3 1 0 0.5521 0.4967 0.4110
RAW 2 100 2 1 0 0.5208 0.5100 0.4529
RAW 3 100 3 1 0 0.5312 0.5117 0.4260
RAW 4 100 2 1 0 0.6771 0.6833 0.6262
RAW 5 100 3 1 0 0.5312 0.5117 0.4260
RAW 0 101 3 1 1 0.5208 0.4783 0.3926
RAW 1 101 2 1 0 0.5104 0.4800 0.4229
RAW 2 101 2 1 0 0.5104 0.4800 0.4229
RAW 3 101 2 1 0 0.5104 0.4800 0.4229
RAW 4 101 2 1 0 0.5104 0.4800 0.4229
RAW 5 101 2 1 0 0.6458 0.5133 0.4562
RAW 0 102 3 1 1 0.5625 0.4933 0.4076
RAW 1 102 0 1 0 0.5625 0.4933 0.4933
RAW 2 102 0 1 0 0.5625 0.4933 0.4933
RAW 3 102 0 1 0 0.5625 0.4933 0.4933
RAW 4 102 0 1 0 0.5625 0.4933 0.4933
RAW 5 102 0 1 0 0.5625 0.4933 0.4933
RAW 0 103 3 1 1 0.7500 0.6600 0.5743
RAW 1 103 4 1 0 0.7708 0.6717 0.5574
RAW 2 103 3 1 0 0.7604 0.7150 0.6293
RAW 3 103 3 1 0 0.6875 0.5917 0.5060
RAW 4 103 3 1 0 0.7604 0.7150 0.6293
RAW 5 103 4 1 0 0.5833 0.4883 0.3740
RAW 0 104 3 1 1 0.5208 0.5150 0.4293
RAW 1 104 1 1 1 0.5208 0.5217 0.4931
RAW 2 104 0 1 0 0.5208 0.5217 0.5217
RAW 3 104 2 1 1 0.6354 0.6517 0.5945
RAW 4 104 0 0 0 0.5208 0.5217 0.5217
RAW 5 104 1 1 1 0.5312 0.5033 0.4748
RAW 0 105 3 1 1 0.8125 0.7167 0.6310
RAW 1 105 2 1 1 0.7188 0.5750 0.5179
RAW 2 105 3 1 0 0.8542 0.8283 0.7426
RAW 3 105 3 1 0 0.8542 0.8283 0.7426
RAW 4 105 3 1 0 0.8542 0.8283 0.7426
RAW 5 105 2 1 0 0.5000 0.5033 0.4462
RAW 0 106 3 1 1 0.6250 0.6600 0.5743
RAW 1 106 3 1 1 0.7396 0.7183 0.6326
RAW 2 106 2 1 0 0.7812 0.7700 0.7129
RAW 3 106 5 1 0 0.7708 0.7017 0.5588
RAW 4 106 2 1 0 0.7812 0.7700 0.7129
RAW 5 106 3 1 0 0.6042 0.4917 0.4060
RAW 0 107 3 1 1 0.6562 0.5433 0.4576
RAW 1 107 2 1 1 0.6667 0.6300 0.5729
RAW 2 107 4 1 0 0.6458 0.6617 0.5474
RAW 3 107 2 1 1 0.6667 0.6867 0.6295
RAW 4 107 2 1 1 0.6667 0.6300 0.5729
RAW 5 107 2 1 0 0.5417 0.5000 0.4429
RAW 0 108 3 1 1 0.7188 0.6500 0.5643
RAW 1 108 3 1 1 0.7500 0.5800 0.4943
RAW 2 108 3 1 1 0.7500 0.5800 0.4943
RAW 3 108 3 1 1 0.7500 0.6367 0.5510
RAW 4 108 3 1 1 0.7500 0.6367 0.5510
RAW 5 108 3 1 0 0.6042 0.4767 0.3910
RAW 0 109 3 1 1 0.8542 0.8600 0.7743
RAW 1 109 4 1 0 0.8646 0.7250 0.6107
RAW 2 109 4 1 0 0.8646 0.7250 0.6107
RAW 3 109 4 1 0 0.8542 0.8183 0.7040
RAW 4 109 3 1 0 0.8958 0.6600 0.5743
RAW 5 109 4 1 0 0.6979 0.5150 0.4007
RAW 0 110 3 1 1 0.5104 0.5717 0.4860
RAW 1 110 2 1 1 0.7708 0.6850 0.6279
RAW 2 110 4 1 0 0.7396 0.7167 0.6024
RAW 3 110 2 1 1 0.5521 0.5850 0.5279
RAW 4 110 2 1 1 0.5521 0.5850 0.5279
RAW 5 110 2 1 0 0.6250 0.5133 0.4562
RAW 0 111 3 1 1 0.8750 0.8300 0.7443
RAW 1 111 2 1 0 0.8854 0.8317 0.7745
RAW 2 111 2 1 0 0.8854 0.8317 0.7745
RAW 3 111 2 1 0 0.8854 0.8317 0.7745
RAW 4 111 2 1 0 0.8854 0.8317 0.7745
RAW 5 111 2 1 0 0.5625 0.5500 0.4929
RAW 0 112 3 1 1 0.7500 0.6233 0.5376
RAW 1 112 4 1 0 0.6667 0.7067 0.5924
RAW 2 112 5 1 0 0.7188 0.6967 0.5538
RAW 3 112 3 1 1 0.6771 0.7150 0.6293
RAW 4 112 4 1 0 0.5521 0.5067 0.3924
RAW 5 112 4 1 0 0.6042 0.5933 0.4790
RAW 0 113 3 1 1 0.8333 0.6750 0.5893
RAW 1 113 0 1 0 0.5833 0.4883 0.4883
RAW 2 113 2 1 1 0.7917 0.6850 0.6279
RAW 3 113 2 1 1 0.7917 0.6850 0.6279
RAW 4 113 0 0 0 0.5833 0.4883 0.4883
RAW 5 113 0 1 0 0.5833 0.4883 0.4883
RAW 0 114 3 1 1 0.5312 0.5250 0.4393
RAW 1 114 0 1 0 0.5104 0.4800 0.4800
RAW 2 114 1 1 1 0.5521 0.4900 0.4614
RAW 3 114 0 1 0 0.5104 0.4800 0.4800
RAW 4 114 0 1 0 0.5104 0.4800 0.4800
RAW 5 114 0 1 0 0.5104 0.4800 0.4800
RAW 0 115 3 1 1 0.5625 0.4967 0.4110
RAW 1 115 0 1 0 0.5625 0.4950 0.4950
RAW 2 115 0 1 0 0.5625 0.4950 0.4950
RAW 3 115 0 1 0 0.5625 0.4950 0.4950
RAW 4 115 0 1 0 0.5625 0.4950 0.4950
RAW 5 115 0 1 0 0.5625 0.4950 0.4950
RAW 0 116 3 1 1 0.7604 0.7800 0.6943
RAW 1 116 2 1 1 0.6354 0.6467 0.5895
RAW 2 116 3 1 0 0.7812 0.7733 0.6876
RAW 3 116 2 1 1 0.6354 0.6467 0.5895
RAW 4 116 2 1 1 0.7188 0.6600 0.6029
RAW 5 116 2 1 1 0.6667 0.5467 0.4895
RAW 0 117 3 1 1 0.6562 0.5967 0.5110
RAW 1 117 2 1 0 0.7396 0.6683 0.6112
RAW 2 117 2 1 0 0.7396 0.6683 0.6112
RAW 3 117 2 1 0 0.7396 0.6583 0.6012
RAW 4 117 2 1 0 0.7292 0.6600 0.6029
RAW 5 117 2 1 1 0.5729 0.5150 0.4579
RAW 0 118 3 1 1 0.5938 0.4400 0.3543
RAW 1 118 4 1 0 0.7812 0.6883 0.5740
RAW 2 118 5 1 0 0.7708 0.7317 0.5888
RAW 3 118 2 1 0 0.5729 0.5000 0.4429
RAW 4 118 2 1 0 0.5729 0.5000 0.4429
RAW 5 118 4 1 0 0.6458 0.5167 0.4024
RAW 0 119 3 1 1 0.5833 0.4967 0.4110
RAW 1 119 2 1 1 0.5625 0.5383 0.4812
RAW 2 119 2 1 1 0.5833 0.4967 0.4395
RAW 3 119 0 0 0 0.5417 0.5117 0.5117
RAW 4 119 0 1 0 0.5417 0.5117 0.5117
RAW 5 119 2 1 0 0.5938 0.5050 0.4479
RAW 0 120 3 1 1 0.6562 0.5350 0.4493
RAW 1 120 0 1 0 0.5208 0.5133 0.5133
RAW 2 120 0 1 0 0.5208 0.5133 0.5133
RAW 3 120 1 1 1 0.5312 0.5250 0.4964
RAW 4 120 2 1 1 0.6042 0.5400 0.4829
RAW 5 120 0 1 0 0.5208 0.5133 0.5133
  producer                    taps  shared contig train acc   heldout  objective
  ideal conv (shared)          3.0    1.00   1.00     0.658     0.595     0.5092
  GA flip-only                 2.2    0.95   0.35     0.684     0.614     0.5514
  GA flip+slide                2.4    0.95   0.23     0.694     0.627     0.5594
  GA flip+rewire               2.1    0.97   0.35     0.678     0.625     0.5656
  GA flip+xover                2.0    0.95   0.30     0.680     0.617     0.5583
  GA-tap-matched random        2.2    1.00   0.12     0.598     0.517     0.4545

GATE (protocol item 9, before any operator work):
  PASS if 'ideal conv (shared)' has the highest objective -- the convolution is finally the
  optimum, and the search question becomes meaningful.
  The UNSHARED rows are the mechanism check: they should fit train and collapse on heldout.
  If they transfer too, the task does not demand sharing and this probe is not yet valid.
