emerge_transfer -- sharing is a GENE, and TRANSFER is what pays for it
N=12. motif K=3 planted at 1 of 10 positions; train on 3, select on 3, report on 4.
max-pool readout (position never reaches the output). energy = params/(21*10):
  shared = taps, unshared = taps*10. objective = heldout_acc - 1.00*energy.
60 seeds x 200 epochs. GA: pop 24, 50 gens, flips offsets AND the sharing gene.

RAW 0 1 3 1 1 0.8229 0.7717 0.7574
RAW 1 1 4 1 0 0.7812 0.8400 0.8210
RAW 2 1 5 1 0 0.8125 0.9017 0.8779
RAW 3 1 5 1 0 0.7604 0.5283 0.5045
RAW 4 1 7 1 0 0.8958 0.8700 0.8367
RAW 5 1 4 1 0 0.5729 0.5083 0.4893
RAW 0 2 3 1 1 0.7604 0.7633 0.7490
RAW 1 2 8 1 0 0.6667 0.5133 0.4752
RAW 2 2 5 1 0 0.7917 0.5600 0.5362
RAW 3 2 11 1 0 0.6875 0.5133 0.4610
RAW 4 2 6 1 0 0.8438 0.5850 0.5564
RAW 5 2 8 1 0 0.6458 0.5117 0.4736
RAW 0 3 3 1 1 0.8125 0.7533 0.7390
RAW 1 3 8 1 0 0.7917 0.8017 0.7636
RAW 2 3 6 1 0 0.8438 0.6650 0.6364
RAW 3 3 8 1 0 0.7917 0.6567 0.6186
RAW 4 3 11 1 0 0.8750 0.8217 0.7693
RAW 5 3 8 1 0 0.8229 0.5067 0.4686
RAW 0 4 3 1 1 0.6250 0.6033 0.5890
RAW 1 4 2 1 0 0.6875 0.5867 0.5771
RAW 2 4 7 1 0 0.7500 0.5317 0.4983
RAW 3 4 5 1 0 0.5312 0.4817 0.4579
RAW 4 4 5 1 0 0.6146 0.5517 0.5279
RAW 5 4 2 1 0 0.5417 0.4900 0.4805
RAW 0 5 3 1 1 0.7917 0.7633 0.7490
RAW 1 5 11 1 0 0.7812 0.7083 0.6560
RAW 2 5 5 1 0 0.6771 0.4783 0.4545
RAW 3 5 11 1 0 0.8958 0.5483 0.4960
RAW 4 5 7 1 0 0.8125 0.5283 0.4950
RAW 5 5 11 1 0 0.7604 0.7117 0.6593
RAW 0 6 3 1 1 0.8333 0.8417 0.8274
RAW 1 6 6 1 0 0.8542 0.6817 0.6531
RAW 2 6 5 1 0 0.8542 0.7217 0.6979
RAW 3 6 4 1 0 0.8438 0.8400 0.8210
RAW 4 6 3 1 1 0.8333 0.6950 0.6807
RAW 5 6 6 1 0 0.6458 0.4917 0.4631
RAW 0 7 3 1 1 0.6146 0.5667 0.5524
RAW 1 7 9 1 0 0.6562 0.5267 0.4838
RAW 2 7 8 1 0 0.7500 0.6367 0.5986
RAW 3 7 7 1 0 0.5938 0.5433 0.5100
RAW 4 7 6 1 0 0.6875 0.5250 0.4964
RAW 5 7 9 1 0 0.6875 0.5500 0.5071
RAW 0 8 3 1 1 0.9062 0.7667 0.7524
RAW 1 8 4 1 0 0.9062 0.8750 0.8560
RAW 2 8 10 1 0 0.8333 0.7617 0.7140
RAW 3 8 5 1 0 0.8854 0.8700 0.8462
RAW 4 8 2 1 1 0.9062 0.8750 0.8655
RAW 5 8 4 1 0 0.6667 0.4267 0.4076
RAW 0 9 3 1 1 0.5833 0.5667 0.5524
RAW 1 9 7 1 0 0.5833 0.4617 0.4283
RAW 2 9 11 1 0 0.7188 0.4733 0.4210
RAW 3 9 9 1 0 0.5625 0.4500 0.4071
RAW 4 9 10 1 0 0.7396 0.4833 0.4357
RAW 5 9 7 1 0 0.6146 0.4850 0.4517
RAW 0 10 3 1 1 0.7083 0.7600 0.7457
RAW 1 10 4 1 0 0.7292 0.6467 0.6276
RAW 2 10 3 1 0 0.6458 0.4933 0.4790
RAW 3 10 5 1 0 0.7083 0.7633 0.7395
RAW 4 10 4 1 0 0.7604 0.6867 0.6676
RAW 5 10 4 1 0 0.6354 0.5600 0.5410
RAW 0 11 3 1 1 0.5312 0.4917 0.4774
RAW 1 11 8 1 0 0.7708 0.4833 0.4452
RAW 2 11 7 1 0 0.8021 0.5367 0.5033
RAW 3 11 12 1 0 0.8438 0.5167 0.4595
RAW 4 11 7 1 0 0.8021 0.5383 0.5050
RAW 5 11 8 1 0 0.6458 0.5350 0.4969
RAW 0 12 3 1 1 0.5625 0.5350 0.5207
RAW 1 12 7 1 0 0.6562 0.5150 0.4817
RAW 2 12 8 1 0 0.7292 0.5017 0.4636
RAW 3 12 6 1 0 0.6146 0.5233 0.4948
RAW 4 12 7 1 0 0.6771 0.5583 0.5250
RAW 5 12 7 1 0 0.5729 0.4817 0.4483
RAW 0 13 3 1 1 0.6042 0.6233 0.6090
RAW 1 13 8 1 0 0.6771 0.6000 0.5619
RAW 2 13 5 1 1 0.8125 0.6283 0.6045
RAW 3 13 5 1 0 0.7292 0.6667 0.6429
RAW 4 13 5 1 1 0.8125 0.6283 0.6045
RAW 5 13 8 1 0 0.5833 0.4783 0.4402
RAW 0 14 3 1 1 0.5833 0.5100 0.4957
RAW 1 14 9 1 0 0.6458 0.4983 0.4555
RAW 2 14 10 1 0 0.7396 0.6050 0.5574
RAW 3 14 10 1 0 0.7812 0.7117 0.6640
RAW 4 14 9 1 0 0.7292 0.6000 0.5571
RAW 5 14 9 1 0 0.7292 0.5067 0.4638
RAW 0 15 3 1 1 0.7396 0.7967 0.7824
RAW 1 15 7 1 0 0.8854 0.7767 0.7433
RAW 2 15 7 1 0 0.8958 0.8367 0.8033
RAW 3 15 8 1 0 0.8750 0.8233 0.7852
RAW 4 15 9 1 0 0.7500 0.7733 0.7305
RAW 5 15 7 1 0 0.5833 0.5783 0.5450
RAW 0 16 3 1 1 0.7396 0.7750 0.7607
RAW 1 16 8 1 0 0.8646 0.5617 0.5236
RAW 2 16 11 1 0 0.8125 0.7483 0.6960
RAW 3 16 12 1 0 0.8021 0.5833 0.5262
RAW 4 16 10 1 0 0.8750 0.8317 0.7840
RAW 5 16 8 1 0 0.6667 0.6250 0.5869
RAW 0 17 3 1 1 0.6771 0.7033 0.6890
RAW 1 17 8 1 0 0.7188 0.5550 0.5169
RAW 2 17 9 1 0 0.7396 0.5883 0.5455
RAW 3 17 7 1 0 0.7604 0.6283 0.5950
RAW 4 17 5 1 0 0.7708 0.7133 0.6895
RAW 5 17 8 1 0 0.7292 0.6500 0.6119
RAW 0 18 3 1 1 0.8854 0.6367 0.6224
RAW 1 18 4 1 0 0.7917 0.4967 0.4776
RAW 2 18 7 1 0 0.6458 0.5417 0.5083
RAW 3 18 7 1 0 0.5833 0.4883 0.4550
RAW 4 18 6 1 0 0.8646 0.6583 0.6298
RAW 5 18 4 1 0 0.7083 0.6467 0.6276
RAW 0 19 3 1 1 0.7188 0.7367 0.7224
RAW 1 19 8 1 0 0.7188 0.8417 0.8036
RAW 2 19 6 1 0 0.6667 0.7117 0.6831
RAW 3 19 8 1 0 0.6667 0.7217 0.6836
RAW 4 19 8 1 0 0.7500 0.8117 0.7736
RAW 5 19 8 1 0 0.7500 0.5733 0.5352
RAW 0 20 3 1 1 0.8854 0.8683 0.8540
RAW 1 20 3 1 0 0.7708 0.7217 0.7074
RAW 2 20 5 1 0 0.8854 0.9167 0.8929
RAW 3 20 2 1 0 0.7292 0.8167 0.8071
RAW 4 20 4 1 0 0.5312 0.5133 0.4943
RAW 5 20 3 1 0 0.5312 0.5133 0.4990
RAW 0 21 3 1 1 0.6979 0.7850 0.7707
RAW 1 21 2 1 0 0.7604 0.7250 0.7155
RAW 2 21 3 1 0 0.7604 0.7233 0.7090
RAW 3 21 4 1 0 0.7500 0.8200 0.8010
RAW 4 21 10 1 0 0.7708 0.6350 0.5874
RAW 5 21 2 1 0 0.5521 0.5133 0.5038
RAW 0 22 3 1 1 0.7083 0.6600 0.6457
RAW 1 22 12 1 0 0.5938 0.5350 0.4779
RAW 2 22 11 1 0 0.5208 0.4867 0.4343
RAW 3 22 10 1 0 0.6562 0.5717 0.5240
RAW 4 22 8 1 0 0.6250 0.6350 0.5969
RAW 5 22 12 1 0 0.6979 0.5167 0.4595
RAW 0 23 3 1 1 0.7396 0.6333 0.6190
RAW 1 23 12 1 0 0.6979 0.4633 0.4062
RAW 2 23 8 1 0 0.7500 0.6767 0.6386
RAW 3 23 11 1 0 0.7083 0.4750 0.4226
RAW 4 23 7 1 0 0.8229 0.5183 0.4850
RAW 5 23 12 1 0 0.7500 0.6383 0.5812
RAW 0 24 3 1 1 0.6042 0.5900 0.5757
RAW 1 24 8 1 0 0.5729 0.4600 0.4219
RAW 2 24 7 1 0 0.5938 0.4683 0.4350
RAW 3 24 12 1 0 0.6979 0.5683 0.5112
RAW 4 24 3 1 0 0.5833 0.5433 0.5290
RAW 5 24 8 1 0 0.5729 0.5117 0.4736
RAW 0 25 3 1 1 0.5833 0.4750 0.4607
RAW 1 25 7 1 0 0.6771 0.5150 0.4817
RAW 2 25 8 1 0 0.6458 0.5433 0.5052
RAW 3 25 9 1 0 0.6771 0.5000 0.4571
RAW 4 25 7 1 0 0.5833 0.5400 0.5067
RAW 5 25 7 1 0 0.6875 0.4617 0.4283
RAW 0 26 3 1 1 0.5521 0.5317 0.5174
RAW 1 26 10 1 0 0.8021 0.6433 0.5957
RAW 2 26 10 1 0 0.7292 0.5883 0.5407
RAW 3 26 8 1 0 0.6458 0.6400 0.6019
RAW 4 26 10 1 0 0.8333 0.6667 0.6190
RAW 5 26 10 1 0 0.7500 0.6350 0.5874
RAW 0 27 3 1 1 0.5938 0.5350 0.5207
RAW 1 27 7 1 0 0.5938 0.5467 0.5133
RAW 2 27 10 1 0 0.6458 0.6117 0.5640
RAW 3 27 4 1 0 0.5521 0.5367 0.5176
RAW 4 27 7 1 0 0.6250 0.5083 0.4750
RAW 5 27 7 1 0 0.6146 0.5200 0.4867
RAW 0 28 3 1 1 0.5938 0.4917 0.4774
RAW 1 28 6 1 0 0.6458 0.4983 0.4698
RAW 2 28 10 1 0 0.6979 0.5350 0.4874
RAW 3 28 5 1 0 0.5938 0.4667 0.4429
RAW 4 28 3 1 0 0.5833 0.4733 0.4590
RAW 5 28 6 1 0 0.5729 0.4800 0.4514
RAW 0 29 3 1 1 0.5729 0.4950 0.4807
RAW 1 29 11 1 0 0.6667 0.5350 0.4826
RAW 2 29 6 1 0 0.6042 0.4617 0.4331
RAW 3 29 8 1 0 0.6250 0.4600 0.4219
RAW 4 29 6 1 0 0.5833 0.4867 0.4581
RAW 5 29 11 1 0 0.6979 0.5183 0.4660
RAW 0 30 3 1 1 0.6146 0.5533 0.5390
RAW 1 30 7 1 0 0.7500 0.5133 0.4800
RAW 2 30 8 1 0 0.5521 0.4817 0.4436
RAW 3 30 7 1 0 0.6875 0.4300 0.3967
RAW 4 30 6 1 0 0.5938 0.5117 0.4831
RAW 5 30 7 1 0 0.6979 0.4917 0.4583
RAW 0 31 3 1 1 0.9062 0.9117 0.8974
RAW 1 31 5 1 0 0.6042 0.4417 0.4179
RAW 2 31 9 1 0 0.8854 0.9033 0.8605
RAW 3 31 10 1 0 0.6562 0.5667 0.5190
RAW 4 31 6 1 0 0.6667 0.5683 0.5398
RAW 5 31 5 1 0 0.5417 0.2983 0.2745
RAW 0 32 3 1 1 0.7604 0.7600 0.7457
RAW 1 32 9 1 0 0.7396 0.5900 0.5471
RAW 2 32 8 1 0 0.7292 0.5333 0.4952
RAW 3 32 7 1 0 0.8438 0.8183 0.7850
RAW 4 32 10 1 0 0.7500 0.6283 0.5807
RAW 5 32 9 1 0 0.7604 0.6333 0.5905
RAW 0 33 3 1 1 0.4896 0.5450 0.5307
RAW 1 33 6 1 0 0.9167 0.9250 0.8964
RAW 2 33 8 1 0 0.6250 0.5617 0.5236
RAW 3 33 3 1 0 0.9167 0.9150 0.9007
RAW 4 33 4 1 0 0.9375 0.9267 0.9076
RAW 5 33 6 1 0 0.7292 0.6583 0.6298
RAW 0 34 3 1 1 0.5729 0.4533 0.4390
RAW 1 34 8 1 0 0.7500 0.6617 0.6236
RAW 2 34 6 1 0 0.7708 0.5733 0.5448
RAW 3 34 7 1 0 0.7604 0.5533 0.5200
RAW 4 34 8 1 0 0.8958 0.7067 0.6686
RAW 5 34 8 1 0 0.7708 0.5733 0.5352
RAW 0 35 3 1 1 0.6146 0.5083 0.4940
RAW 1 35 7 1 0 0.5521 0.6033 0.5700
RAW 2 35 9 1 0 0.5938 0.5383 0.4955
RAW 3 35 14 1 0 0.6667 0.5167 0.4500
RAW 4 35 10 1 0 0.6562 0.5400 0.4924
RAW 5 35 7 1 0 0.5938 0.5217 0.4883
RAW 0 36 3 1 1 0.9062 0.8300 0.8157
RAW 1 36 9 1 0 0.6979 0.6083 0.5655
RAW 2 36 8 1 0 0.8958 0.6950 0.6569
RAW 3 36 8 1 0 0.8333 0.5783 0.5402
RAW 4 36 2 1 0 0.8854 0.8200 0.8105
RAW 5 36 9 1 0 0.7708 0.6050 0.5621
RAW 0 37 3 1 1 0.6667 0.6533 0.6390
RAW 1 37 3 1 0 0.5729 0.5283 0.5140
RAW 2 37 4 1 0 0.7500 0.7367 0.7176
RAW 3 37 3 1 0 0.5729 0.5283 0.5140
RAW 4 37 2 1 1 0.5625 0.5783 0.5688
RAW 5 37 3 1 0 0.4896 0.6117 0.5974
RAW 0 38 3 1 1 0.8333 0.6917 0.6774
RAW 1 38 3 1 0 0.7708 0.7200 0.7057
RAW 2 38 2 1 1 0.6354 0.6350 0.6255
RAW 3 38 5 1 0 0.8229 0.7267 0.7029
RAW 4 38 2 1 1 0.6354 0.6350 0.6255
RAW 5 38 3 1 0 0.5521 0.4983 0.4840
RAW 0 39 3 1 1 0.5521 0.6033 0.5890
RAW 1 39 7 1 0 0.8750 0.6033 0.5700
RAW 2 39 6 1 0 0.8854 0.8317 0.8031
RAW 3 39 9 1 0 0.8229 0.5167 0.4738
RAW 4 39 3 1 0 0.5104 0.4883 0.4740
RAW 5 39 7 1 0 0.7083 0.6000 0.5667
RAW 0 40 3 1 1 0.7188 0.6867 0.6724
RAW 1 40 7 1 0 0.7083 0.4983 0.4650
RAW 2 40 12 1 0 0.7708 0.5017 0.4445
RAW 3 40 8 1 0 0.7500 0.5233 0.4852
RAW 4 40 8 1 0 0.7292 0.4517 0.4136
RAW 5 40 7 1 0 0.6354 0.4917 0.4583
RAW 0 41 3 1 1 0.7396 0.6350 0.6207
RAW 1 41 8 1 0 0.8125 0.5550 0.5169
RAW 2 41 10 1 0 0.7604 0.6133 0.5657
RAW 3 41 8 1 0 0.7708 0.6567 0.6186
RAW 4 41 8 1 0 0.8542 0.6300 0.5919
RAW 5 41 8 1 0 0.7917 0.4950 0.4569
RAW 0 42 3 1 1 0.6562 0.6050 0.5907
RAW 1 42 3 1 1 0.6354 0.5167 0.5024
RAW 2 42 6 1 0 0.6042 0.5183 0.4898
RAW 3 42 6 1 0 0.5625 0.5383 0.5098
RAW 4 42 9 1 0 0.6875 0.4850 0.4421
RAW 5 42 3 1 0 0.6354 0.4767 0.4624
RAW 0 43 3 1 1 0.6667 0.6583 0.6440
RAW 1 43 4 1 0 0.6562 0.5867 0.5676
RAW 2 43 5 1 0 0.5938 0.5017 0.4779
RAW 3 43 5 1 0 0.6771 0.6533 0.6295
RAW 4 43 4 1 1 0.6562 0.6600 0.6410
RAW 5 43 4 1 0 0.5521 0.5100 0.4910
RAW 0 44 3 1 1 0.6562 0.5350 0.5207
RAW 1 44 11 1 0 0.5729 0.4817 0.4293
RAW 2 44 8 1 0 0.7396 0.5450 0.5069
RAW 3 44 7 1 0 0.7396 0.5267 0.4933
RAW 4 44 7 1 0 0.6979 0.6067 0.5733
RAW 5 44 11 1 0 0.7604 0.5950 0.5426
RAW 0 45 3 1 1 0.5625 0.4833 0.4690
RAW 1 45 5 1 0 0.6771 0.4967 0.4729
RAW 2 45 10 1 0 0.6875 0.4933 0.4457
RAW 3 45 9 1 0 0.7812 0.4650 0.4221
RAW 4 45 5 1 0 0.7604 0.4667 0.4429
RAW 5 45 5 1 0 0.6667 0.5067 0.4829
RAW 0 46 3 1 1 0.5312 0.4917 0.4774
RAW 1 46 4 1 0 0.7188 0.6150 0.5960
RAW 2 46 4 1 1 0.6979 0.5983 0.5793
RAW 3 46 7 1 0 0.7604 0.5267 0.4933
RAW 4 46 2 1 1 0.7188 0.6383 0.6288
RAW 5 46 4 1 0 0.6979 0.5383 0.5193
RAW 0 47 3 1 1 0.6979 0.6033 0.5890
RAW 1 47 6 1 0 0.6771 0.4950 0.4664
RAW 2 47 6 1 0 0.5625 0.4633 0.4348
RAW 3 47 7 1 0 0.6771 0.4933 0.4600
RAW 4 47 3 1 0 0.5521 0.4917 0.4774
RAW 5 47 6 1 0 0.6458 0.5283 0.4998
RAW 0 48 3 1 1 0.8125 0.7883 0.7740
RAW 1 48 7 1 0 0.6250 0.5600 0.5267
RAW 2 48 4 1 0 0.8542 0.7850 0.7660
RAW 3 48 3 1 1 0.8333 0.7817 0.7674
RAW 4 48 6 1 0 0.5521 0.5500 0.5214
RAW 5 48 7 1 0 0.5938 0.4833 0.4500
RAW 0 49 3 1 1 0.5312 0.5200 0.5057
RAW 1 49 7 1 0 0.7083 0.6433 0.6100
RAW 2 49 10 1 0 0.6562 0.5150 0.4674
RAW 3 49 8 1 0 0.6562 0.6600 0.6219
RAW 4 49 6 1 0 0.6458 0.6500 0.6214
RAW 5 49 7 1 0 0.6354 0.6050 0.5717
RAW 0 50 3 1 1 0.6458 0.5283 0.5140
RAW 1 50 5 1 0 0.6354 0.5000 0.4762
RAW 2 50 8 1 0 0.8750 0.6767 0.6386
RAW 3 50 7 1 0 0.7083 0.4300 0.3967
RAW 4 50 6 1 0 0.7083 0.4200 0.3914
RAW 5 50 5 1 0 0.6354 0.4267 0.4029
RAW 0 51 3 1 1 0.7812 0.7100 0.6957
RAW 1 51 7 1 0 0.8646 0.6650 0.6317
RAW 2 51 10 1 0 0.8958 0.5867 0.5390
RAW 3 51 10 1 0 0.9062 0.5867 0.5390
RAW 4 51 9 1 0 0.8958 0.6000 0.5571
RAW 5 51 7 1 0 0.6562 0.4750 0.4417
RAW 0 52 3 1 1 0.5104 0.4983 0.4840
RAW 1 52 7 1 0 0.5729 0.5450 0.5117
RAW 2 52 14 1 0 0.6250 0.5017 0.4350
RAW 3 52 11 1 0 0.5521 0.5117 0.4593
RAW 4 52 10 1 0 0.6042 0.5817 0.5340
RAW 5 52 7 1 0 0.5833 0.4883 0.4550
RAW 0 53 3 1 1 0.5208 0.4967 0.4824
RAW 1 53 8 1 0 0.6771 0.5500 0.5119
RAW 2 53 5 1 0 0.7083 0.6683 0.6445
RAW 3 53 7 1 0 0.6979 0.5667 0.5333
RAW 4 53 5 1 0 0.7396 0.6433 0.6195
RAW 5 53 8 1 0 0.6875 0.4583 0.4202
RAW 0 54 3 1 1 0.5417 0.6367 0.6224
RAW 1 54 5 1 0 0.6354 0.5650 0.5412
RAW 2 54 4 1 0 0.6250 0.5750 0.5560
RAW 3 54 7 1 0 0.6146 0.4950 0.4617
RAW 4 54 4 1 0 0.6875 0.5667 0.5476
RAW 5 54 5 1 0 0.5729 0.5067 0.4829
RAW 0 55 3 1 1 0.8438 0.7933 0.7790
RAW 1 55 13 1 0 0.8750 0.8317 0.7698
RAW 2 55 7 1 0 0.5417 0.5133 0.4800
RAW 3 55 6 1 0 0.6562 0.7683 0.7398
RAW 4 55 12 1 0 0.8229 0.8267 0.7695
RAW 5 55 13 1 0 0.7188 0.6333 0.5714
RAW 0 56 3 1 1 0.5625 0.5667 0.5524
RAW 1 56 10 1 0 0.6875 0.5967 0.5490
RAW 2 56 13 1 0 0.6146 0.5233 0.4614
RAW 3 56 7 1 0 0.6771 0.5017 0.4683
RAW 4 56 11 1 0 0.7188 0.5883 0.5360
RAW 5 56 10 1 0 0.7500 0.5133 0.4657
RAW 0 57 3 1 1 0.6042 0.5083 0.4940
RAW 1 57 7 1 0 0.6146 0.5117 0.4783
RAW 2 57 8 1 0 0.5521 0.4600 0.4219
RAW 3 57 10 1 0 0.6042 0.5050 0.4574
RAW 4 57 9 1 0 0.6250 0.5317 0.4888
RAW 5 57 7 1 0 0.6042 0.5050 0.4717
RAW 0 58 3 1 1 0.8542 0.7733 0.7590
RAW 1 58 11 1 0 0.8854 0.8367 0.7843
RAW 2 58 7 1 0 0.8333 0.7733 0.7400
RAW 3 58 9 1 0 0.8646 0.8517 0.8088
RAW 4 58 11 1 0 0.8438 0.6917 0.6393
RAW 5 58 11 1 0 0.7292 0.6317 0.5793
RAW 0 59 3 1 1 0.6562 0.4583 0.4440
RAW 1 59 7 1 0 0.6354 0.4667 0.4333
RAW 2 59 9 1 0 0.7188 0.5400 0.4971
RAW 3 59 7 1 0 0.6458 0.4667 0.4333
RAW 4 59 5 1 0 0.6458 0.4667 0.4429
RAW 5 59 7 1 0 0.7292 0.6617 0.6283
RAW 0 60 3 1 1 0.7292 0.6400 0.6257
RAW 1 60 9 1 0 0.6979 0.5167 0.4738
RAW 2 60 5 1 0 0.7188 0.5933 0.5695
RAW 3 60 7 1 0 0.6979 0.5883 0.5550
RAW 4 60 2 1 1 0.7396 0.6150 0.6055
RAW 5 60 9 1 0 0.6875 0.5083 0.4655
  producer                    taps  shared contig train acc   heldout  objective
  ideal conv (shared)          3.0    1.00   1.00     0.680     0.636     0.6217
  GA flip-only                 7.0    1.00   0.02     0.713     0.597     0.5638
  GA flip+slide                7.4    1.00   0.05     0.722     0.606     0.5708
  GA flip+rewire               7.5    1.00   0.02     0.716     0.599     0.5639
  GA flip+xover                6.5    1.00   0.13     0.725     0.614     0.5830
  GA-tap-matched random        7.0    1.00   0.00     0.660     0.536     0.5023

GATE (protocol item 9, before any operator work):
  PASS if 'ideal conv (shared)' has the highest objective -- the convolution is finally the
  optimum, and the search question becomes meaningful.
  The UNSHARED rows are the mechanism check: they should fit train and collapse on heldout.
  If they transfer too, the task does not demand sharing and this probe is not yet valid.
