emerge_transfer -- sharing is a GENE, and TRANSFER is what pays for it
N=12. motif K=3 planted at 1 of 10 positions; train on 3, select on 3, report on 4.
max-pool readout (position never reaches the output). energy = params/(21*10):
  shared = taps, unshared = taps*10. objective = heldout_acc - 8.00*energy.
30 seeds x 200 epochs. GA: pop 24, 50 gens, flips offsets AND the sharing gene.

RAW 0 31 3 1 1 0.9062 0.9117 0.7974
RAW 1 31 2 1 0 0.8854 0.8717 0.7955
RAW 2 31 2 1 0 0.8854 0.8717 0.7955
RAW 3 31 2 1 0 0.8854 0.8717 0.7955
RAW 4 31 2 1 0 0.8854 0.8717 0.7955
RAW 5 31 2 1 0 0.5208 0.5050 0.4288
RAW 0 32 3 1 1 0.7604 0.7600 0.6457
RAW 1 32 2 1 1 0.7604 0.7400 0.6638
RAW 2 32 2 1 1 0.7604 0.7400 0.6638
RAW 3 32 2 1 1 0.8125 0.6533 0.5771
RAW 4 32 2 1 1 0.7604 0.7400 0.6638
RAW 5 32 2 1 0 0.6146 0.5100 0.4338
RAW 0 33 3 1 1 0.4896 0.5450 0.4307
RAW 1 33 4 1 0 0.6667 0.8817 0.7293
RAW 2 33 2 1 0 0.9062 0.9167 0.8405
RAW 3 33 2 1 0 0.9062 0.9167 0.8405
RAW 4 33 4 1 0 0.6667 0.8817 0.7293
RAW 5 33 4 1 0 0.5625 0.5350 0.3826
RAW 0 34 3 1 1 0.5729 0.4533 0.3390
RAW 1 34 4 1 0 0.8854 0.7767 0.6243
RAW 2 34 5 1 0 0.9062 0.8317 0.6412
RAW 3 34 3 1 0 0.7604 0.5450 0.4307
RAW 4 34 3 1 0 0.7604 0.5450 0.4307
RAW 5 34 4 1 0 0.7708 0.6717 0.5193
RAW 0 35 3 1 1 0.6146 0.5083 0.3940
RAW 1 35 2 1 1 0.6042 0.6100 0.5338
RAW 2 35 0 0 0 0.5104 0.5367 0.5367
RAW 3 35 2 1 1 0.5625 0.6233 0.5471
RAW 4 35 2 1 1 0.5625 0.6233 0.5471
RAW 5 35 2 1 1 0.5521 0.4883 0.4121
RAW 0 36 3 1 1 0.9062 0.8300 0.7157
RAW 1 36 3 1 0 0.8438 0.8200 0.7057
RAW 2 36 3 1 0 0.8438 0.8200 0.7057
RAW 3 36 3 1 0 0.8438 0.8200 0.7057
RAW 4 36 3 1 0 0.8438 0.8200 0.7057
RAW 5 36 3 1 0 0.5521 0.5517 0.4374
RAW 0 37 3 1 1 0.6667 0.6533 0.5390
RAW 1 37 3 1 1 0.6667 0.6533 0.5390
RAW 2 37 3 1 1 0.6667 0.6533 0.5390
RAW 3 37 3 1 1 0.6667 0.6533 0.5390
RAW 4 37 3 1 1 0.6667 0.6533 0.5390
RAW 5 37 3 1 0 0.7708 0.5000 0.3857
RAW 0 38 3 1 1 0.8333 0.6917 0.5774
RAW 1 38 3 1 1 0.8333 0.6917 0.5774
RAW 2 38 2 1 1 0.6875 0.5633 0.4871
RAW 3 38 3 1 1 0.8229 0.7267 0.6124
RAW 4 38 3 1 1 0.8333 0.6917 0.5774
RAW 5 38 3 1 0 0.5729 0.6383 0.5240
RAW 0 39 3 1 1 0.5521 0.6033 0.4890
RAW 1 39 4 1 0 0.8542 0.8233 0.6710
RAW 2 39 2 1 0 0.8646 0.8517 0.7755
RAW 3 39 2 1 0 0.8646 0.8517 0.7755
RAW 4 39 2 1 0 0.8646 0.8517 0.7755
RAW 5 39 4 1 0 0.5625 0.5633 0.4110
RAW 0 40 3 1 1 0.7188 0.6867 0.5724
RAW 1 40 2 1 1 0.5938 0.6800 0.6038
RAW 2 40 0 1 0 0.5104 0.4950 0.4950
RAW 3 40 2 1 1 0.5729 0.5383 0.4621
RAW 4 40 2 1 0 0.5833 0.6300 0.5538
RAW 5 40 2 1 0 0.5104 0.4950 0.4188
RAW 0 41 3 1 1 0.7396 0.6350 0.5207
RAW 1 41 2 1 1 0.7708 0.6533 0.5771
RAW 2 41 1 1 1 0.6458 0.4967 0.4586
RAW 3 41 0 1 0 0.6250 0.4967 0.4967
RAW 4 41 0 1 0 0.6250 0.4967 0.4967
RAW 5 41 2 1 0 0.6250 0.4967 0.4205
RAW 0 42 3 1 1 0.6562 0.6050 0.4907
RAW 1 42 0 1 0 0.5208 0.4967 0.4967
RAW 2 42 0 1 0 0.5208 0.4967 0.4967
RAW 3 42 0 1 0 0.5208 0.4967 0.4967
RAW 4 42 0 1 0 0.5208 0.4967 0.4967
RAW 5 42 0 1 0 0.5208 0.4967 0.4967
RAW 0 43 3 1 1 0.6667 0.6583 0.5440
RAW 1 43 2 1 1 0.5833 0.4700 0.3938
RAW 2 43 0 0 0 0.5208 0.4917 0.4917
RAW 3 43 2 1 1 0.5833 0.4700 0.3938
RAW 4 43 2 1 1 0.5833 0.4700 0.3938
RAW 5 43 2 1 0 0.5208 0.4917 0.4155
RAW 0 44 3 1 1 0.6562 0.5350 0.4207
RAW 1 44 2 1 1 0.6771 0.5967 0.5205
RAW 2 44 2 1 1 0.6979 0.5950 0.5188
RAW 3 44 1 1 1 0.5521 0.4933 0.4552
RAW 4 44 2 1 1 0.6979 0.5950 0.5188
RAW 5 44 2 1 0 0.5729 0.4867 0.4105
RAW 0 45 3 1 1 0.5625 0.4833 0.3690
RAW 1 45 1 1 1 0.5625 0.5350 0.4969
RAW 2 45 0 1 0 0.5312 0.4717 0.4717
RAW 3 45 0 1 0 0.5312 0.4717 0.4717
RAW 4 45 1 1 1 0.5625 0.5350 0.4969
RAW 5 45 1 1 1 0.5417 0.5150 0.4769
RAW 0 46 3 1 1 0.5312 0.4917 0.3774
RAW 1 46 2 1 1 0.7292 0.6250 0.5488
RAW 2 46 2 1 1 0.7292 0.6250 0.5488
RAW 3 46 3 1 0 0.7292 0.6300 0.5157
RAW 4 46 2 1 1 0.7292 0.6250 0.5488
RAW 5 46 2 1 0 0.5833 0.5433 0.4671
RAW 0 47 3 1 1 0.6979 0.6033 0.4890
RAW 1 47 0 1 0 0.5521 0.4917 0.4917
RAW 2 47 0 1 0 0.5521 0.4917 0.4917
RAW 3 47 0 0 0 0.5521 0.4917 0.4917
RAW 4 47 2 1 1 0.5521 0.4917 0.4155
RAW 5 47 0 1 0 0.5521 0.4917 0.4917
RAW 0 48 3 1 1 0.8125 0.7883 0.6740
RAW 1 48 3 1 1 0.8333 0.7817 0.6674
RAW 2 48 4 1 0 0.8750 0.7667 0.6143
RAW 3 48 4 1 0 0.8750 0.7667 0.6143
RAW 4 48 3 1 1 0.8333 0.7817 0.6674
RAW 5 48 3 1 0 0.5521 0.4500 0.3357
RAW 0 49 3 1 1 0.5312 0.5200 0.4057
RAW 1 49 2 1 1 0.5521 0.4967 0.4205
RAW 2 49 2 1 1 0.5625 0.4967 0.4205
RAW 3 49 2 1 1 0.5521 0.4967 0.4205
RAW 4 49 2 1 1 0.5625 0.4967 0.4205
RAW 5 49 2 1 0 0.5208 0.4850 0.4088
RAW 0 50 3 1 1 0.6458 0.5283 0.4140
RAW 1 50 5 1 0 0.8958 0.8267 0.6362
RAW 2 50 2 1 1 0.5833 0.4867 0.4105
RAW 3 50 2 1 1 0.5833 0.4867 0.4105
RAW 4 50 3 1 1 0.7188 0.5483 0.4340
RAW 5 50 5 1 0 0.6146 0.5300 0.3395
RAW 0 51 3 1 1 0.7812 0.7100 0.5957
RAW 1 51 5 1 0 0.8333 0.7600 0.5695
RAW 2 51 3 1 1 0.8021 0.7233 0.6090
RAW 3 51 3 1 1 0.7500 0.7550 0.6407
RAW 4 51 3 1 1 0.7812 0.7100 0.5957
RAW 5 51 5 1 0 0.7917 0.7633 0.5729
RAW 0 52 3 1 1 0.5104 0.4983 0.3840
RAW 1 52 0 0 0 0.5104 0.4983 0.4983
RAW 2 52 0 1 0 0.5104 0.4983 0.4983
RAW 3 52 0 1 0 0.5104 0.4983 0.4983
RAW 4 52 0 1 0 0.5104 0.4983 0.4983
RAW 5 52 0 1 0 0.5104 0.4983 0.4983
RAW 0 53 3 1 1 0.5208 0.4967 0.3824
RAW 1 53 1 1 1 0.6042 0.5800 0.5419
RAW 2 53 1 1 1 0.6042 0.5800 0.5419
RAW 3 53 2 1 0 0.5312 0.4967 0.4205
RAW 4 53 0 1 0 0.5208 0.4967 0.4967
RAW 5 53 1 1 1 0.5208 0.4967 0.4586
RAW 0 54 3 1 1 0.5417 0.6367 0.5224
RAW 1 54 3 1 1 0.6979 0.5650 0.4507
RAW 2 54 2 1 1 0.6458 0.6067 0.5305
RAW 3 54 2 1 1 0.6458 0.6067 0.5305
RAW 4 54 2 1 1 0.6458 0.6067 0.5305
RAW 5 54 3 1 0 0.6562 0.5133 0.3990
RAW 0 55 3 1 1 0.8438 0.7933 0.6790
RAW 1 55 3 1 1 0.8438 0.7933 0.6790
RAW 2 55 3 1 1 0.8438 0.7933 0.6790
RAW 3 55 3 1 1 0.8438 0.7933 0.6790
RAW 4 55 2 1 1 0.6667 0.6900 0.6138
RAW 5 55 3 1 0 0.5208 0.5067 0.3924
RAW 0 56 3 1 1 0.5625 0.5667 0.4524
RAW 1 56 0 0 0 0.5104 0.5217 0.5217
RAW 2 56 2 1 1 0.5312 0.5717 0.4955
RAW 3 56 0 1 0 0.5104 0.5217 0.5217
RAW 4 56 0 1 0 0.5104 0.5217 0.5217
RAW 5 56 0 1 0 0.5104 0.5217 0.5217
RAW 0 57 3 1 1 0.6042 0.5083 0.3940
RAW 1 57 0 1 0 0.6042 0.5083 0.5083
RAW 2 57 0 1 0 0.6042 0.5083 0.5083
RAW 3 57 0 1 0 0.6042 0.5083 0.5083
RAW 4 57 0 1 0 0.6042 0.5083 0.5083
RAW 5 57 0 1 0 0.6042 0.5083 0.5083
RAW 0 58 3 1 1 0.8542 0.7733 0.6590
RAW 1 58 3 1 1 0.8542 0.6600 0.5457
RAW 2 58 3 1 1 0.8542 0.7733 0.6590
RAW 3 58 3 1 1 0.8646 0.7700 0.6557
RAW 4 58 4 1 1 0.8542 0.7817 0.6293
RAW 5 58 3 1 0 0.6146 0.4550 0.3407
RAW 0 59 3 1 1 0.6562 0.4583 0.3440
RAW 1 59 0 1 0 0.6458 0.4667 0.4667
RAW 2 59 2 1 0 0.6458 0.5417 0.4655
RAW 3 59 1 1 1 0.6250 0.5567 0.5186
RAW 4 59 2 1 0 0.6458 0.6550 0.5788
RAW 5 59 0 1 0 0.6458 0.4667 0.4667
RAW 0 60 3 1 1 0.7292 0.6400 0.5257
RAW 1 60 2 1 1 0.7396 0.6150 0.5388
RAW 2 60 2 1 1 0.6979 0.6817 0.6055
RAW 3 60 2 1 1 0.6979 0.6817 0.6055
RAW 4 60 2 1 1 0.7396 0.6150 0.5388
RAW 5 60 2 1 0 0.5729 0.4733 0.3971
  producer                    taps  shared contig train acc   heldout  objective
  ideal conv (shared)          3.0    1.00   1.00     0.671     0.619     0.5048
  GA flip-only                 2.2    0.93   0.57     0.704     0.650     0.5671
  GA flip+slide                1.7    0.93   0.50     0.683     0.633     0.5665
  GA flip+rewire               1.8    0.97   0.50     0.680     0.623     0.5544
  GA flip+xover                1.9    1.00   0.57     0.676     0.631     0.5573
  GA-tap-matched random        2.2    1.00   0.10     0.585     0.522     0.4391

GATE (protocol item 9, before any operator work):
  PASS if 'ideal conv (shared)' has the highest objective -- the convolution is finally the
  optimum, and the search question becomes meaningful.
  The UNSHARED rows are the mechanism check: they should fit train and collapse on heldout.
  If they transfer too, the task does not demand sharing and this probe is not yet valid.
