TWO-OPERATION task: fine motif (+,-,+, needs dilation 1) AND far spike at distance s
(cheap with dilation 3). No single reused block serves both roles. Equal compute.
N=24 K=3, dilations {1,2,3}, up to L=6, 24 seeds, target 0.85

  s  | uni-d1 (solve,E) | uni-d3 (solve,E) | REUSE best | FREE/recomb best   | verdict
RAW 8 1 0 0 0 1
RAW 8 2 0 0 0 1
RAW 8 3 1 0 1 1
RAW 8 4 0 0 0 1
RAW 8 5 1 0 1 1
RAW 8 6 0 0 0 1
RAW 8 7 1 0 1 1
RAW 8 8 0 0 0 1
RAW 8 9 0 0 0 1
RAW 8 10 1 0 1 1
RAW 8 11 1 0 1 1
RAW 8 12 0 0 0 1
RAW 8 13 1 0 1 1
RAW 8 14 1 0 1 1
RAW 8 15 0 0 0 1
RAW 8 16 1 0 1 1
RAW 8 17 1 0 1 1
RAW 8 18 1 0 1 1
RAW 8 19 1 0 1 1
RAW 8 20 1 0 1 1
RAW 8 21 0 0 0 1
RAW 8 22 0 0 0 1
RAW 8 23 0 0 0 1
RAW 8 24 1 0 1 1
  8  | 13/24 L=4.8   | 0/24  -     | 13/24 L=4.8  | 24/24 L=2.2  | FREE solves more
       example FREE arch: [1 3]
RAW 12 1 0 0 1 1
RAW 12 2 0 0 0 0
RAW 12 3 0 0 0 1
RAW 12 4 0 0 0 0
RAW 12 5 0 0 0 1
RAW 12 6 0 0 0 0
RAW 12 7 0 0 0 1
RAW 12 8 0 0 0 1
RAW 12 9 0 0 0 0
RAW 12 10 1 0 1 1
RAW 12 11 0 0 0 1
RAW 12 12 0 0 1 1
RAW 12 13 0 0 1 1
RAW 12 14 0 0 0 1
RAW 12 15 0 0 0 1
RAW 12 16 0 0 0 0
RAW 12 17 0 0 0 1
RAW 12 18 0 0 0 1
RAW 12 19 0 0 0 1
RAW 12 20 0 0 0 1
RAW 12 21 0 0 0 1
RAW 12 22 0 0 1 1
RAW 12 23 0 0 0 1
RAW 12 24 0 0 0 1
  12 | 1/24 L=6.0   | 0/24  -     | 5/24 L=4.4  | 19/24 L=3.3  | FREE solves more
       example FREE arch: [1 3 2]

reuse BREAKS if uniform-d3 fails (blind to fine motif) and FREE finds a cheaper MIX than
uniform-d1 -- i.e. two different ops force heterogeneity, and cloning one block costs energy.
