emerge_transfer -- sharing is a GENE, and TRANSFER is what pays for it
N=12. motif K=3 planted at 1 of 10 positions; train on 3, select on 3, report on 4.
max-pool readout (position never reaches the output). energy = params/(21*10):
  shared = taps, unshared = taps*10. objective = heldout_acc - 4.00*energy.
30 seeds x 200 epochs. GA: pop 24, 50 gens, flips offsets AND the sharing gene.

RAW 0 1 3 1 1 0.8229 0.7717 0.7145
RAW 1 1 6 1 0 0.9271 0.8083 0.6940
RAW 2 1 6 1 0 0.8229 0.8533 0.7390
RAW 3 1 5 1 0 0.8125 0.9017 0.8064
RAW 4 1 5 1 0 0.8125 0.9017 0.8064
RAW 5 1 6 1 0 0.8542 0.4167 0.3024
RAW 0 2 3 1 1 0.7604 0.7633 0.7062
RAW 1 2 7 1 0 0.8333 0.5433 0.4100
RAW 2 2 4 1 0 0.7396 0.6833 0.6071
RAW 3 2 3 1 0 0.7396 0.5350 0.4779
RAW 4 2 4 1 0 0.7083 0.7367 0.6605
RAW 5 2 7 1 0 0.7083 0.5083 0.3750
RAW 0 3 3 1 1 0.8125 0.7533 0.6962
RAW 1 3 5 1 1 0.7917 0.7700 0.6748
RAW 2 3 5 1 0 0.8438 0.7567 0.6614
RAW 3 3 3 1 1 0.8438 0.7867 0.7295
RAW 4 3 4 1 0 0.7812 0.7483 0.6721
RAW 5 3 5 1 0 0.6667 0.5567 0.4614
RAW 0 4 3 1 1 0.6250 0.6033 0.5462
RAW 1 4 0 1 0 0.5417 0.4883 0.4883
RAW 2 4 1 1 1 0.5417 0.4883 0.4693
RAW 3 4 0 1 0 0.5417 0.4883 0.4883
RAW 4 4 2 1 0 0.6875 0.5867 0.5486
RAW 5 4 0 1 0 0.5417 0.4883 0.4883
RAW 0 5 3 1 1 0.7917 0.7633 0.7062
RAW 1 5 3 1 1 0.7917 0.7633 0.7062
RAW 2 5 3 1 1 0.7917 0.7633 0.7062
RAW 3 5 3 1 1 0.7917 0.7633 0.7062
RAW 4 5 3 1 1 0.7917 0.7633 0.7062
RAW 5 5 3 1 0 0.5521 0.5000 0.4429
RAW 0 6 3 1 1 0.8333 0.8417 0.7845
RAW 1 6 4 1 0 0.7917 0.6233 0.5471
RAW 2 6 3 1 1 0.7396 0.7650 0.7079
RAW 3 6 3 1 1 0.8333 0.8417 0.7845
RAW 4 6 3 1 1 0.8333 0.8417 0.7845
RAW 5 6 4 1 0 0.5729 0.5133 0.4371
RAW 0 7 3 1 1 0.6146 0.5667 0.5095
RAW 1 7 3 1 0 0.7708 0.5517 0.4945
RAW 2 7 1 1 1 0.5312 0.5483 0.5293
RAW 3 7 2 1 1 0.6771 0.5433 0.5052
RAW 4 7 3 1 0 0.5938 0.5150 0.4579
RAW 5 7 3 1 0 0.5625 0.5300 0.4729
RAW 0 8 3 1 1 0.9062 0.7667 0.7095
RAW 1 8 6 1 1 0.8958 0.8667 0.7524
RAW 2 8 5 1 0 0.5938 0.5083 0.4131
RAW 3 8 5 1 0 0.8750 0.8733 0.7781
RAW 4 8 3 1 1 0.8958 0.8750 0.8179
RAW 5 8 6 1 0 0.6979 0.4583 0.3440
RAW 0 9 3 1 1 0.5833 0.5667 0.5095
RAW 1 9 0 1 0 0.5521 0.4900 0.4900
RAW 2 9 0 1 0 0.5521 0.4900 0.4900
RAW 3 9 0 1 0 0.5521 0.4900 0.4900
RAW 4 9 0 0 0 0.5521 0.4900 0.4900
RAW 5 9 0 1 0 0.5521 0.4900 0.4900
RAW 0 10 3 1 1 0.7083 0.7600 0.7029
RAW 1 10 3 1 1 0.7083 0.7600 0.7029
RAW 2 10 3 1 1 0.7083 0.7600 0.7029
RAW 3 10 2 1 1 0.6146 0.5017 0.4636
RAW 4 10 2 1 1 0.6146 0.5017 0.4636
RAW 5 10 3 1 0 0.5208 0.4933 0.4362
RAW 0 11 3 1 1 0.5312 0.4917 0.4345
RAW 1 11 2 1 0 0.5625 0.4950 0.4569
RAW 2 11 3 1 0 0.5417 0.4933 0.4362
RAW 3 11 2 1 0 0.5312 0.4933 0.4552
RAW 4 11 1 1 1 0.5625 0.4650 0.4460
RAW 5 11 2 1 0 0.5312 0.4650 0.4269
RAW 0 12 3 1 1 0.5625 0.5350 0.4779
RAW 1 12 0 1 0 0.5729 0.5050 0.5050
RAW 2 12 0 1 0 0.5729 0.5050 0.5050
RAW 3 12 2 1 0 0.6875 0.4917 0.4536
RAW 4 12 0 1 0 0.5729 0.5050 0.5050
RAW 5 12 0 1 0 0.5729 0.5050 0.5050
RAW 0 13 3 1 1 0.6042 0.6233 0.5662
RAW 1 13 2 1 0 0.7396 0.6900 0.6519
RAW 2 13 4 1 1 0.7812 0.7300 0.6538
RAW 3 13 2 1 0 0.7396 0.6900 0.6519
RAW 4 13 4 1 1 0.7812 0.7300 0.6538
RAW 5 13 2 1 0 0.5417 0.4850 0.4469
RAW 0 14 3 1 1 0.5833 0.5100 0.4529
RAW 1 14 3 1 0 0.7917 0.6500 0.5929
RAW 2 14 3 1 0 0.7917 0.6500 0.5929
RAW 3 14 3 1 0 0.7917 0.6500 0.5929
RAW 4 14 2 1 0 0.5833 0.4717 0.4336
RAW 5 14 3 1 0 0.5938 0.5117 0.4545
RAW 0 15 3 1 1 0.7396 0.7967 0.7395
RAW 1 15 6 1 0 0.8750 0.7883 0.6740
RAW 2 15 6 1 0 0.8750 0.7883 0.6740
RAW 3 15 4 1 1 0.9167 0.8217 0.7455
RAW 4 15 6 1 0 0.8333 0.8067 0.6924
RAW 5 15 6 1 0 0.6042 0.5850 0.4707
RAW 0 16 3 1 1 0.7396 0.7750 0.7179
RAW 1 16 4 1 0 0.7812 0.7983 0.7221
RAW 2 16 6 1 0 0.8021 0.7667 0.6524
RAW 3 16 6 1 0 0.8021 0.7667 0.6524
RAW 4 16 6 1 1 0.8854 0.8567 0.7424
RAW 5 16 4 1 0 0.6458 0.5433 0.4671
RAW 0 17 3 1 1 0.6771 0.7033 0.6462
RAW 1 17 4 1 0 0.7396 0.7200 0.6438
RAW 2 17 6 1 0 0.7604 0.7033 0.5890
RAW 3 17 4 1 0 0.8021 0.6700 0.5938
RAW 4 17 2 1 1 0.7708 0.6667 0.6286
RAW 5 17 4 1 0 0.7188 0.5200 0.4438
RAW 0 18 3 1 1 0.8854 0.6367 0.5795
RAW 1 18 2 1 1 0.6354 0.5850 0.5469
RAW 2 18 2 1 1 0.5833 0.5167 0.4786
RAW 3 18 2 1 1 0.5833 0.4883 0.4502
RAW 4 18 2 1 1 0.5833 0.5167 0.4786
RAW 5 18 2 1 1 0.5833 0.4883 0.4502
RAW 0 19 3 1 1 0.7188 0.7367 0.6795
RAW 1 19 3 1 1 0.6354 0.8367 0.7795
RAW 2 19 3 1 1 0.6354 0.8367 0.7795
RAW 3 19 5 1 0 0.7396 0.7383 0.6431
RAW 4 19 5 1 1 0.7083 0.8450 0.7498
RAW 5 19 3 1 0 0.5729 0.5000 0.4429
RAW 0 20 3 1 1 0.8854 0.8683 0.8112
RAW 1 20 6 1 0 0.8958 0.8717 0.7574
RAW 2 20 2 1 0 0.8854 0.8783 0.8402
RAW 3 20 2 1 0 0.8854 0.8783 0.8402
RAW 4 20 2 1 0 0.8854 0.8783 0.8402
RAW 5 20 6 1 0 0.9167 0.8783 0.7640
RAW 0 21 3 1 1 0.6979 0.7850 0.7279
RAW 1 21 2 1 0 0.7604 0.7250 0.6869
RAW 2 21 5 1 0 0.6458 0.6500 0.5548
RAW 3 21 2 1 0 0.7396 0.8183 0.7802
RAW 4 21 2 1 0 0.7396 0.8183 0.7802
RAW 5 21 2 1 0 0.5521 0.5133 0.4752
RAW 0 22 3 1 1 0.7083 0.6600 0.6029
RAW 1 22 3 1 1 0.7292 0.5883 0.5312
RAW 2 22 3 1 0 0.6042 0.5217 0.4645
RAW 3 22 3 1 0 0.6042 0.5217 0.4645
RAW 4 22 2 1 1 0.7292 0.5833 0.5452
RAW 5 22 3 1 0 0.5208 0.4983 0.4412
RAW 0 23 3 1 1 0.7396 0.6333 0.5762
RAW 1 23 7 1 0 0.8125 0.7583 0.6250
RAW 2 23 4 1 0 0.8229 0.7633 0.6871
RAW 3 23 5 1 0 0.8333 0.7533 0.6581
RAW 4 23 3 1 0 0.7500 0.6450 0.5879
RAW 5 23 7 1 0 0.6771 0.4300 0.2967
RAW 0 24 3 1 1 0.6042 0.5900 0.5329
RAW 1 24 0 1 0 0.5417 0.4900 0.4900
RAW 2 24 0 1 0 0.5417 0.4900 0.4900
RAW 3 24 0 1 0 0.5417 0.4900 0.4900
RAW 4 24 0 1 0 0.5417 0.4900 0.4900
RAW 5 24 0 1 0 0.5417 0.4900 0.4900
RAW 0 25 3 1 1 0.5833 0.4750 0.4179
RAW 1 25 2 1 0 0.5938 0.5167 0.4786
RAW 2 25 2 1 0 0.5938 0.5167 0.4786
RAW 3 25 2 1 0 0.5938 0.5167 0.4786
RAW 4 25 2 1 0 0.5938 0.5167 0.4786
RAW 5 25 2 1 0 0.5000 0.5067 0.4686
RAW 0 26 3 1 1 0.5521 0.5317 0.4745
RAW 1 26 4 1 0 0.5104 0.4967 0.4205
RAW 2 26 3 1 1 0.5833 0.5567 0.4995
RAW 3 26 5 1 0 0.5312 0.5250 0.4298
RAW 4 26 4 1 0 0.5104 0.4967 0.4205
RAW 5 26 4 1 0 0.5104 0.5017 0.4255
RAW 0 27 3 1 1 0.5938 0.5350 0.4779
RAW 1 27 2 1 1 0.5833 0.5533 0.5152
RAW 2 27 2 1 1 0.5833 0.5533 0.5152
RAW 3 27 2 1 1 0.5833 0.5533 0.5152
RAW 4 27 2 1 1 0.5729 0.5650 0.5269
RAW 5 27 2 1 1 0.5312 0.5150 0.4769
RAW 0 28 3 1 1 0.5938 0.4917 0.4345
RAW 1 28 2 1 0 0.5833 0.4867 0.4486
RAW 2 28 0 1 0 0.5833 0.4650 0.4650
RAW 3 28 0 1 0 0.5833 0.4650 0.4650
RAW 4 28 2 1 0 0.5833 0.4650 0.4269
RAW 5 28 2 1 0 0.5833 0.4650 0.4269
RAW 0 29 3 1 1 0.5729 0.4950 0.4379
RAW 1 29 3 1 0 0.5312 0.4967 0.4395
RAW 2 29 1 1 1 0.5729 0.4867 0.4676
RAW 3 29 2 1 1 0.5833 0.4867 0.4486
RAW 4 29 2 1 1 0.5833 0.4867 0.4486
RAW 5 29 3 1 0 0.5625 0.5050 0.4479
RAW 0 30 3 1 1 0.6146 0.5533 0.4962
RAW 1 30 1 0 1 0.6562 0.5167 0.4976
RAW 2 30 3 1 0 0.6562 0.5733 0.5162
RAW 3 30 2 1 1 0.5521 0.5433 0.5052
RAW 4 30 2 1 1 0.6562 0.5733 0.5352
RAW 5 30 1 1 1 0.6146 0.4283 0.4093
  producer                    taps  shared contig train acc   heldout  objective
  ideal conv (shared)          3.0    1.00   1.00     0.688     0.653     0.5956
  GA flip-only                 3.2    0.97   0.30     0.705     0.641     0.5808
  GA flip+slide                3.0    1.00   0.37     0.676     0.635     0.5789
  GA flip+rewire               2.7    1.00   0.33     0.697     0.636     0.5848
  GA flip+xover                2.7    0.97   0.47     0.690     0.645     0.5939
  GA-tap-matched random        3.2    1.00   0.10     0.603     0.510     0.4493

GATE (protocol item 9, before any operator work):
  PASS if 'ideal conv (shared)' has the highest objective -- the convolution is finally the
  optimum, and the search question becomes meaningful.
  The UNSHARED rows are the mechanism check: they should fit train and collapse on heldout.
  If they transfer too, the task does not demand sharing and this probe is not yet valid.
