emerge_transfer -- sharing is a GENE, and TRANSFER is what pays for it
N=12. motif K=3 planted at 1 of 10 positions; train on 3, select on 3, report on 4.
max-pool readout (position never reaches the output). energy = params/(21*10):
  shared = taps, unshared = taps*10. objective = heldout_acc - 1.00*energy.
20 seeds x 200 epochs. GA: pop 24, 50 gens, flips offsets AND the sharing gene.

RAW 0 1 3 1 1 0.8229 0.7717 0.7574
RAW 1 1 8 1 0 0.8750 0.7850 0.7469
RAW 2 1 6 1 0 0.8333 0.8433 0.8148
RAW 3 1 8 1 0 0.8854 0.5917 0.5536
RAW 4 1 9 1 0 0.8125 0.7500 0.7071
RAW 5 1 8 1 0 0.9062 0.6700 0.6319
RAW 0 2 3 1 1 0.7604 0.7633 0.7490
RAW 1 2 6 1 0 0.7812 0.7883 0.7598
RAW 2 2 6 1 0 0.7708 0.7850 0.7564
RAW 3 2 7 1 0 0.7188 0.7633 0.7300
RAW 4 2 5 1 0 0.7708 0.7833 0.7595
RAW 5 2 6 1 0 0.6979 0.7617 0.7331
RAW 0 3 3 1 1 0.8125 0.7533 0.7390
RAW 1 3 7 1 0 0.8854 0.7783 0.7450
RAW 2 3 6 1 0 0.8438 0.6650 0.6364
RAW 3 3 8 1 0 0.8750 0.8133 0.7752
RAW 4 3 6 1 0 0.8958 0.8383 0.8098
RAW 5 3 7 1 0 0.6979 0.4983 0.4650
RAW 0 4 3 1 1 0.6250 0.6033 0.5890
RAW 1 4 4 1 1 0.6562 0.5250 0.5060
RAW 2 4 5 1 0 0.6562 0.4983 0.4745
RAW 3 4 3 1 1 0.6354 0.5283 0.5140
RAW 4 4 3 1 1 0.8438 0.5167 0.5024
RAW 5 4 4 1 0 0.5417 0.4883 0.4693
RAW 0 5 3 1 1 0.7917 0.7633 0.7490
RAW 1 5 6 1 0 0.8021 0.5300 0.5014
RAW 2 5 6 1 0 0.8021 0.5300 0.5014
RAW 3 5 6 1 0 0.8021 0.5300 0.5014
RAW 4 5 6 1 0 0.8542 0.5233 0.4948
RAW 5 5 6 1 0 0.6562 0.5667 0.5381
RAW 0 6 3 1 1 0.8333 0.8417 0.8274
RAW 1 6 4 1 0 0.8333 0.8417 0.8226
RAW 2 6 3 1 1 0.8333 0.6950 0.6807
RAW 3 6 7 1 0 0.7917 0.6400 0.6067
RAW 4 6 4 1 0 0.8021 0.5683 0.5493
RAW 5 6 4 1 0 0.6042 0.4717 0.4526
RAW 0 7 3 1 1 0.6146 0.5667 0.5524
RAW 1 7 3 1 0 0.6146 0.5650 0.5507
RAW 2 7 4 1 0 0.5833 0.5283 0.5093
RAW 3 7 5 1 0 0.6042 0.5483 0.5245
RAW 4 7 1 1 1 0.6354 0.4983 0.4936
RAW 5 7 3 1 0 0.6250 0.5367 0.5224
RAW 0 8 3 1 1 0.9062 0.7667 0.7524
RAW 1 8 7 1 0 0.8958 0.8667 0.8333
RAW 2 8 7 1 0 0.6667 0.6283 0.5950
RAW 3 8 7 1 0 0.6354 0.6367 0.6033
RAW 4 8 5 1 0 0.9062 0.7700 0.7462
RAW 5 8 7 1 0 0.7812 0.6800 0.6467
RAW 0 9 3 1 1 0.5833 0.5667 0.5524
RAW 1 9 5 1 0 0.5938 0.5717 0.5479
RAW 2 9 6 1 0 0.5625 0.4900 0.4614
RAW 3 9 5 1 0 0.5521 0.4900 0.4662
RAW 4 9 3 1 0 0.5521 0.4867 0.4724
RAW 5 9 5 1 0 0.5521 0.4900 0.4662
RAW 0 10 3 1 1 0.7083 0.7600 0.7457
RAW 1 10 4 1 0 0.7500 0.6833 0.6643
RAW 2 10 3 1 1 0.7083 0.7600 0.7457
RAW 3 10 9 1 0 0.6979 0.6967 0.6538
RAW 4 10 6 1 0 0.6354 0.4667 0.4381
RAW 5 10 4 1 0 0.6354 0.5600 0.5410
RAW 0 11 3 1 1 0.5312 0.4917 0.4774
RAW 1 11 7 1 0 0.8021 0.5267 0.4933
RAW 2 11 6 1 0 0.8021 0.5417 0.5131
RAW 3 11 7 1 0 0.8229 0.5433 0.5100
RAW 4 11 8 1 0 0.8229 0.5433 0.5052
RAW 5 11 7 1 0 0.5938 0.5217 0.4883
RAW 0 12 3 1 1 0.5625 0.5350 0.5207
RAW 1 12 2 1 0 0.5938 0.5133 0.5038
RAW 2 12 4 1 0 0.5729 0.5150 0.4960
RAW 3 12 3 1 0 0.6250 0.5167 0.5024
RAW 4 12 3 1 0 0.5938 0.5067 0.4924
RAW 5 12 2 1 0 0.5833 0.4983 0.4888
RAW 0 13 3 1 1 0.6042 0.6233 0.6090
RAW 1 13 5 1 0 0.7292 0.6167 0.5929
RAW 2 13 4 1 1 0.7812 0.7033 0.6843
RAW 3 13 4 1 1 0.7812 0.7033 0.6843
RAW 4 13 4 1 1 0.7812 0.7033 0.6843
RAW 5 13 5 1 0 0.5417 0.4750 0.4512
RAW 0 14 3 1 1 0.5833 0.5100 0.4957
RAW 1 14 8 1 0 0.6771 0.5833 0.5452
RAW 2 14 10 1 0 0.7917 0.6883 0.6407
RAW 3 14 13 1 0 0.7188 0.6667 0.6048
RAW 4 14 3 1 0 0.7917 0.6500 0.6357
RAW 5 14 8 1 0 0.6771 0.5367 0.4986
RAW 0 15 3 1 1 0.7396 0.7967 0.7824
RAW 1 15 6 1 0 0.9271 0.6467 0.6181
RAW 2 15 6 1 0 0.9271 0.6467 0.6181
RAW 3 15 7 1 0 0.9271 0.6483 0.6150
RAW 4 15 5 1 0 0.8229 0.5950 0.5712
RAW 5 15 6 1 0 0.6354 0.5383 0.5098
RAW 0 16 3 1 1 0.7396 0.7750 0.7607
RAW 1 16 9 1 0 0.8125 0.8233 0.7805
RAW 2 16 7 1 0 0.7917 0.7617 0.7283
RAW 3 16 7 1 0 0.8646 0.8367 0.8033
RAW 4 16 9 1 0 0.8542 0.8567 0.8138
RAW 5 16 9 1 0 0.7083 0.6400 0.5971
RAW 0 17 3 1 1 0.6771 0.7033 0.6890
RAW 1 17 8 1 0 0.6979 0.6233 0.5852
RAW 2 17 10 1 0 0.8125 0.6667 0.6190
RAW 3 17 7 1 0 0.7708 0.6717 0.6383
RAW 4 17 6 1 0 0.6979 0.7417 0.7131
RAW 5 17 8 1 0 0.7292 0.6500 0.6119
RAW 0 18 3 1 1 0.8854 0.6367 0.6224
RAW 1 18 4 1 0 0.8854 0.6683 0.6493
RAW 2 18 7 1 0 0.8750 0.6600 0.6267
RAW 3 18 5 1 0 0.6667 0.5433 0.5195
RAW 4 18 5 1 0 0.8750 0.6650 0.6412
RAW 5 18 4 1 0 0.7083 0.6467 0.6276
RAW 0 19 3 1 1 0.7188 0.7367 0.7224
RAW 1 19 7 1 0 0.7188 0.8417 0.8083
RAW 2 19 7 1 1 0.8125 0.7300 0.6967
RAW 3 19 10 1 0 0.8333 0.7650 0.7174
RAW 4 19 6 1 1 0.8333 0.6967 0.6681
RAW 5 19 7 1 0 0.6771 0.5683 0.5350
RAW 0 20 3 1 1 0.8854 0.8683 0.8540
RAW 1 20 4 1 0 0.8854 0.8767 0.8576
RAW 2 20 8 1 0 0.8958 0.8817 0.8436
RAW 3 20 3 1 0 0.8958 0.8817 0.8674
RAW 4 20 3 1 0 0.8958 0.8817 0.8674
RAW 5 20 4 1 0 0.5729 0.5767 0.5576
  producer                    taps  shared contig train acc   heldout  objective
  ideal conv (shared)          3.0    1.00   1.00     0.719     0.692     0.6774
  GA flip-only                 5.7    1.00   0.05     0.771     0.683     0.6556
  GA flip+slide                6.0    1.00   0.20     0.766     0.661     0.6321
  GA flip+rewire               6.5    1.00   0.10     0.755     0.651     0.6196
  GA flip+xover                5.0    1.00   0.20     0.784     0.652     0.6283
  GA-tap-matched random        5.7    1.00   0.00     0.656     0.569     0.5416

GATE (protocol item 9, before any operator work):
  PASS if 'ideal conv (shared)' has the highest objective -- the convolution is finally the
  optimum, and the search question becomes meaningful.
  The UNSHARED rows are the mechanism check: they should fit train and collapse on heldout.
  If they transfer too, the task does not demand sharing and this probe is not yet valid.
