emerge_transfer -- sharing is a GENE, and TRANSFER is what pays for it
N=12. motif K=3 planted at 1 of 10 positions; train on 3, select on 3, report on 4.
max-pool readout (position never reaches the output). energy = params/(21*10):
  shared = taps, unshared = taps*10. objective = heldout_acc - 6.00*energy.
40 seeds x 200 epochs. GA: pop 24, 50 gens, flips offsets AND the sharing gene.

RAW 0 41 3 1 1 0.7396 0.6350 0.5493
RAW 1 41 3 1 1 0.7396 0.5517 0.4660
RAW 2 41 4 1 0 0.7500 0.6350 0.5207
RAW 3 41 3 1 1 0.7396 0.5517 0.4660
RAW 4 41 0 1 0 0.6250 0.4967 0.4967
RAW 5 41 3 1 0 0.6250 0.4967 0.4110
RAW 0 42 3 1 1 0.6562 0.6050 0.5193
RAW 1 42 0 1 0 0.5208 0.4967 0.4967
RAW 2 42 0 1 0 0.5208 0.4967 0.4967
RAW 3 42 0 1 0 0.5208 0.4967 0.4967
RAW 4 42 0 0 0 0.5208 0.4967 0.4967
RAW 5 42 0 1 0 0.5208 0.4967 0.4967
RAW 0 43 3 1 1 0.6667 0.6583 0.5726
RAW 1 43 2 1 1 0.5833 0.4700 0.4129
RAW 2 43 2 1 1 0.5833 0.4700 0.4129
RAW 3 43 2 1 1 0.5833 0.4700 0.4129
RAW 4 43 2 1 1 0.5208 0.4917 0.4345
RAW 5 43 2 1 0 0.5208 0.4917 0.4345
RAW 0 44 3 1 1 0.6562 0.5350 0.4493
RAW 1 44 3 1 0 0.6667 0.5867 0.5010
RAW 2 44 2 1 1 0.6979 0.5950 0.5379
RAW 3 44 2 1 1 0.6979 0.5950 0.5379
RAW 4 44 2 1 1 0.6979 0.5950 0.5379
RAW 5 44 3 1 0 0.5729 0.4867 0.4010
RAW 0 45 3 1 1 0.5625 0.4833 0.3976
RAW 1 45 1 1 1 0.5625 0.5350 0.5064
RAW 2 45 0 1 0 0.5312 0.4717 0.4717
RAW 3 45 0 1 0 0.5312 0.4717 0.4717
RAW 4 45 1 1 1 0.5625 0.5350 0.5064
RAW 5 45 1 1 1 0.5417 0.5150 0.4864
RAW 0 46 3 1 1 0.5312 0.4917 0.4060
RAW 1 46 2 1 1 0.7292 0.6250 0.5679
RAW 2 46 2 1 1 0.7292 0.6250 0.5679
RAW 3 46 3 1 0 0.7292 0.6300 0.5443
RAW 4 46 2 1 1 0.7292 0.6250 0.5679
RAW 5 46 2 1 0 0.5833 0.5433 0.4862
RAW 0 47 3 1 1 0.6979 0.6033 0.5176
RAW 1 47 0 1 0 0.5521 0.4917 0.4917
RAW 2 47 2 1 1 0.5521 0.4917 0.4345
RAW 3 47 2 1 1 0.6562 0.5833 0.5262
RAW 4 47 2 1 1 0.5521 0.4917 0.4345
RAW 5 47 0 1 0 0.5521 0.4917 0.4917
RAW 0 48 3 1 1 0.8125 0.7883 0.7026
RAW 1 48 3 1 1 0.8333 0.7817 0.6960
RAW 2 48 3 1 1 0.8333 0.7817 0.6960
RAW 3 48 3 1 1 0.8333 0.7817 0.6960
RAW 4 48 3 1 1 0.8333 0.7817 0.6960
RAW 5 48 3 1 0 0.5521 0.4500 0.3643
RAW 0 49 3 1 1 0.5312 0.5200 0.4343
RAW 1 49 2 1 1 0.5521 0.4967 0.4395
RAW 2 49 2 1 1 0.5521 0.4967 0.4395
RAW 3 49 2 1 1 0.5521 0.4967 0.4395
RAW 4 49 2 1 1 0.5521 0.4967 0.4395
RAW 5 49 2 1 0 0.5208 0.4850 0.4279
RAW 0 50 3 1 1 0.6458 0.5283 0.4426
RAW 1 50 3 1 1 0.7188 0.5483 0.4626
RAW 2 50 3 1 1 0.7188 0.5483 0.4626
RAW 3 50 2 1 1 0.5833 0.4867 0.4295
RAW 4 50 2 1 1 0.5833 0.4867 0.4295
RAW 5 50 3 1 0 0.5938 0.5250 0.4393
RAW 0 51 3 1 1 0.7812 0.7100 0.6243
RAW 1 51 7 1 0 0.8750 0.7667 0.5667
RAW 2 51 5 1 1 0.8333 0.7767 0.6338
RAW 3 51 3 1 1 0.7812 0.7100 0.6243
RAW 4 51 3 1 1 0.7812 0.7100 0.6243
RAW 5 51 7 1 0 0.7604 0.7567 0.5567
RAW 0 52 3 1 1 0.5104 0.4983 0.4126
RAW 1 52 2 1 1 0.5729 0.5333 0.4762
RAW 2 52 0 1 0 0.5104 0.4983 0.4983
RAW 3 52 0 1 0 0.5104 0.4983 0.4983
RAW 4 52 0 1 0 0.5104 0.4983 0.4983
RAW 5 52 2 1 0 0.5104 0.4983 0.4412
RAW 0 53 3 1 1 0.5208 0.4967 0.4110
RAW 1 53 2 1 0 0.5208 0.4967 0.4395
RAW 2 53 1 1 1 0.6042 0.5800 0.5514
RAW 3 53 2 1 1 0.5208 0.4967 0.4395
RAW 4 53 2 1 0 0.5208 0.4967 0.4395
RAW 5 53 2 1 0 0.5312 0.5117 0.4545
RAW 0 54 3 1 1 0.5417 0.6367 0.5510
RAW 1 54 3 1 1 0.6979 0.5650 0.4793
RAW 2 54 2 1 1 0.6458 0.6067 0.5495
RAW 3 54 3 1 1 0.5833 0.6033 0.5176
RAW 4 54 3 1 1 0.6979 0.5650 0.4793
RAW 5 54 3 1 0 0.6562 0.5133 0.4276
RAW 0 55 3 1 1 0.8438 0.7933 0.7076
RAW 1 55 3 1 1 0.8438 0.7933 0.7076
RAW 2 55 3 1 1 0.8438 0.7933 0.7076
RAW 3 55 3 1 1 0.8438 0.8017 0.7160
RAW 4 55 3 1 1 0.8438 0.7933 0.7076
RAW 5 55 3 1 0 0.5208 0.5067 0.4210
RAW 0 56 3 1 1 0.5625 0.5667 0.4810
RAW 1 56 0 1 0 0.5104 0.5217 0.5217
RAW 2 56 3 1 1 0.5625 0.5467 0.4610
RAW 3 56 3 1 0 0.5417 0.6117 0.5260
RAW 4 56 3 1 1 0.5625 0.5467 0.4610
RAW 5 56 0 1 0 0.5104 0.5217 0.5217
RAW 0 57 3 1 1 0.6042 0.5083 0.4226
RAW 1 57 0 1 0 0.6042 0.5083 0.5083
RAW 2 57 0 1 0 0.6042 0.5083 0.5083
RAW 3 57 0 1 0 0.6042 0.5083 0.5083
RAW 4 57 0 1 0 0.6042 0.5083 0.5083
RAW 5 57 0 1 0 0.6042 0.5083 0.5083
RAW 0 58 3 1 1 0.8542 0.7733 0.6876
RAW 1 58 4 1 0 0.8438 0.7817 0.6674
RAW 2 58 4 1 0 0.8438 0.7817 0.6674
RAW 3 58 3 1 1 0.8542 0.6600 0.5743
RAW 4 58 4 1 0 0.8438 0.7817 0.6674
RAW 5 58 4 1 0 0.6250 0.4967 0.3824
RAW 0 59 3 1 1 0.6562 0.4583 0.3726
RAW 1 59 1 1 1 0.6458 0.4667 0.4381
RAW 2 59 1 1 1 0.6250 0.5567 0.5281
RAW 3 59 0 1 0 0.6458 0.4667 0.4667
RAW 4 59 1 1 1 0.6250 0.5567 0.5281
RAW 5 59 1 1 1 0.6458 0.4667 0.4381
RAW 0 60 3 1 1 0.7292 0.6400 0.5543
RAW 1 60 2 1 1 0.7396 0.6150 0.5579
RAW 2 60 4 1 0 0.7292 0.5733 0.4590
RAW 3 60 2 1 1 0.6979 0.6817 0.6245
RAW 4 60 2 1 1 0.7396 0.6150 0.5579
RAW 5 60 2 1 0 0.5729 0.4733 0.4162
RAW 0 61 3 1 1 0.5417 0.5483 0.4626
RAW 1 61 2 1 1 0.5833 0.4933 0.4362
RAW 2 61 2 1 1 0.5521 0.5183 0.4612
RAW 3 61 1 1 1 0.5938 0.5400 0.5114
RAW 4 61 0 1 0 0.5208 0.4817 0.4817
RAW 5 61 2 1 0 0.5938 0.5050 0.4479
RAW 0 62 3 1 1 0.5833 0.4750 0.3893
RAW 1 62 0 1 0 0.5521 0.4950 0.4950
RAW 2 62 0 1 0 0.5521 0.4950 0.4950
RAW 3 62 0 1 0 0.5521 0.4950 0.4950
RAW 4 62 0 0 0 0.5521 0.4950 0.4950
RAW 5 62 0 1 0 0.5521 0.4950 0.4950
RAW 0 63 3 1 1 0.5833 0.5617 0.4760
RAW 1 63 2 1 1 0.6042 0.6133 0.5562
RAW 2 63 2 1 1 0.6042 0.6133 0.5562
RAW 3 63 2 1 1 0.6042 0.5933 0.5362
RAW 4 63 2 1 1 0.6042 0.5933 0.5362
RAW 5 63 2 1 0 0.5312 0.4750 0.4179
RAW 0 64 3 1 1 0.6771 0.6950 0.6093
RAW 1 64 4 1 0 0.6771 0.6917 0.5774
RAW 2 64 3 1 1 0.6562 0.6867 0.6010
RAW 3 64 2 1 1 0.6771 0.7000 0.6429
RAW 4 64 0 1 0 0.5312 0.5033 0.5033
RAW 5 64 4 1 0 0.5521 0.4967 0.3824
RAW 0 65 3 1 1 0.5625 0.5117 0.4260
RAW 1 65 1 1 1 0.5417 0.5983 0.5698
RAW 2 65 1 1 1 0.5312 0.5450 0.5164
RAW 3 65 1 1 1 0.5417 0.5983 0.5698
RAW 4 65 0 0 0 0.5104 0.4967 0.4967
RAW 5 65 1 1 1 0.5729 0.5100 0.4814
RAW 0 66 3 1 1 0.6458 0.5733 0.4876
RAW 1 66 4 1 0 0.6875 0.7517 0.6374
RAW 2 66 3 1 1 0.6458 0.5733 0.4876
RAW 3 66 4 1 0 0.7083 0.8033 0.6890
RAW 4 66 4 1 1 0.7083 0.6617 0.5474
RAW 5 66 4 1 0 0.5417 0.5250 0.4107
RAW 0 67 3 1 1 0.5312 0.5017 0.4160
RAW 1 67 0 1 0 0.5312 0.5017 0.5017
RAW 2 67 0 1 0 0.5312 0.5017 0.5017
RAW 3 67 0 0 0 0.5312 0.5017 0.5017
RAW 4 67 0 1 0 0.5312 0.5017 0.5017
RAW 5 67 0 1 0 0.5312 0.5017 0.5017
RAW 0 68 3 1 1 0.6146 0.5500 0.4643
RAW 1 68 2 1 0 0.5625 0.4850 0.4279
RAW 2 68 2 1 0 0.5625 0.4850 0.4279
RAW 3 68 2 1 0 0.6875 0.4967 0.4395
RAW 4 68 2 1 0 0.6875 0.4967 0.4395
RAW 5 68 2 1 0 0.6146 0.5033 0.4462
RAW 0 69 3 1 1 0.6354 0.5750 0.4893
RAW 1 69 3 1 1 0.6354 0.5750 0.4893
RAW 2 69 4 1 0 0.6458 0.5900 0.4757
RAW 3 69 3 1 1 0.6354 0.5750 0.4893
RAW 4 69 3 1 1 0.6354 0.5533 0.4676
RAW 5 69 3 1 0 0.5625 0.5350 0.4493
RAW 0 70 3 1 1 0.5000 0.5550 0.4693
RAW 1 70 2 1 1 0.4896 0.5317 0.4745
RAW 2 70 2 1 1 0.5521 0.5183 0.4612
RAW 3 70 2 1 1 0.5417 0.5133 0.4562
RAW 4 70 2 1 1 0.4896 0.5317 0.4745
RAW 5 70 2 1 0 0.5104 0.4967 0.4395
RAW 0 71 3 1 1 0.6979 0.5800 0.4943
RAW 1 71 3 1 1 0.7083 0.6533 0.5676
RAW 2 71 3 1 1 0.7083 0.6533 0.5676
RAW 3 71 3 1 1 0.6979 0.5800 0.4943
RAW 4 71 3 1 1 0.7083 0.6533 0.5676
RAW 5 71 3 1 0 0.6562 0.5117 0.4260
RAW 0 72 3 1 1 0.8646 0.7967 0.7110
RAW 1 72 3 1 1 0.8646 0.7967 0.7110
RAW 2 72 3 1 1 0.8646 0.7967 0.7110
RAW 3 72 3 1 1 0.8646 0.7967 0.7110
RAW 4 72 3 1 1 0.8750 0.7200 0.6343
RAW 5 72 3 1 1 0.6458 0.4983 0.4126
RAW 0 73 3 1 1 0.6875 0.6033 0.5176
RAW 1 73 1 1 1 0.5625 0.5117 0.4831
RAW 2 73 3 1 0 0.5521 0.5083 0.4226
RAW 3 73 3 1 0 0.7083 0.6317 0.5460
RAW 4 73 1 1 1 0.5729 0.4983 0.4698
RAW 5 73 1 1 1 0.5625 0.5117 0.4831
RAW 0 74 3 1 1 0.6667 0.6667 0.5810
RAW 1 74 3 1 0 0.7292 0.6767 0.5910
RAW 2 74 4 1 1 0.8750 0.7600 0.6457
RAW 3 74 4 1 1 0.8750 0.7600 0.6457
RAW 4 74 4 1 1 0.8750 0.7600 0.6457
RAW 5 74 3 1 0 0.7188 0.6750 0.5893
RAW 0 75 3 1 1 0.8438 0.6650 0.5793
RAW 1 75 3 1 1 0.8438 0.7400 0.6543
RAW 2 75 3 1 1 0.8438 0.7400 0.6543
RAW 3 75 4 1 0 0.8750 0.6967 0.5824
RAW 4 75 3 1 0 0.8750 0.7750 0.6893
RAW 5 75 3 1 0 0.6771 0.5000 0.4143
RAW 0 76 3 1 1 0.9062 0.9100 0.8243
RAW 1 76 3 1 0 0.9062 0.7967 0.7110
RAW 2 76 5 1 0 0.8750 0.8867 0.7438
RAW 3 76 3 1 0 0.8958 0.9133 0.8276
RAW 4 76 4 1 0 0.8646 0.9033 0.7890
RAW 5 76 3 1 0 0.7292 0.6050 0.5193
RAW 0 77 3 1 1 0.5625 0.5550 0.4693
RAW 1 77 1 1 1 0.6250 0.5133 0.4848
RAW 2 77 0 1 0 0.5625 0.5017 0.5017
RAW 3 77 0 1 0 0.5625 0.5017 0.5017
RAW 4 77 0 0 0 0.5625 0.5017 0.5017
RAW 5 77 1 1 1 0.5625 0.5017 0.4731
RAW 0 78 3 1 1 0.5312 0.4700 0.3843
RAW 1 78 0 1 0 0.5312 0.4800 0.4800
RAW 2 78 0 1 0 0.5312 0.4800 0.4800
RAW 3 78 2 1 0 0.6354 0.5917 0.5345
RAW 4 78 0 1 0 0.5312 0.4800 0.4800
RAW 5 78 0 1 0 0.5312 0.4800 0.4800
RAW 0 79 3 1 1 0.5833 0.5367 0.4510
RAW 1 79 2 1 0 0.6562 0.5583 0.5012
RAW 2 79 0 0 0 0.5938 0.5200 0.5200
RAW 3 79 0 1 0 0.5938 0.5200 0.5200
RAW 4 79 0 1 0 0.5938 0.5200 0.5200
RAW 5 79 2 1 0 0.5938 0.5200 0.4629
RAW 0 80 3 1 1 0.6250 0.4867 0.4010
RAW 1 80 0 1 0 0.5417 0.5033 0.5033
RAW 2 80 2 1 0 0.6562 0.5267 0.4695
RAW 3 80 0 1 0 0.5417 0.5033 0.5033
RAW 4 80 2 1 0 0.6562 0.5267 0.4695
RAW 5 80 0 1 0 0.5417 0.5033 0.5033
  producer                    taps  shared contig train acc   heldout  objective
  ideal conv (shared)          3.0    1.00   1.00     0.649     0.594     0.5080
  GA flip-only                 2.0    1.00   0.55     0.654     0.590     0.5314
  GA flip+slide                2.1    0.97   0.57     0.654     0.593     0.5326
  GA flip+rewire               1.9    0.97   0.55     0.658     0.598     0.5428
  GA flip+xover                1.8    0.90   0.55     0.645     0.581     0.5305
  GA-tap-matched random        2.0    1.00   0.15     0.583     0.515     0.4561

GATE (protocol item 9, before any operator work):
  PASS if 'ideal conv (shared)' has the highest objective -- the convolution is finally the
  optimum, and the search question becomes meaningful.
  The UNSHARED rows are the mechanism check: they should fit train and collapse on heldout.
  If they transfer too, the task does not demand sharing and this probe is not yet valid.
