emerge_transfer -- sharing is a GENE, and TRANSFER is what pays for it
motif K=3 planted at 1 of 10 positions; train on 3 positions, test on the other 7.
max-pool readout (position never reaches the output). energy = params/(21*10):
  shared = taps, unshared = taps*10. objective = heldout_acc - 1.00*energy.
20 seeds x 200 epochs. GA: pop 24, 50 gens, flips offsets AND the sharing gene.

RAW 0 1 3 1 1 0.8229 0.7717 0.7574
RAW 1 1 5 1 0 0.8438 0.8483 0.8245
RAW 2 1 9 1 0 0.8958 0.8083 0.7655
RAW 3 1 7 1 0 0.8854 0.8067 0.7733
RAW 4 1 7 1 0 0.8021 0.5350 0.5017
RAW 5 1 5 1 0 0.7500 0.5133 0.4895
RAW 0 2 3 1 1 0.7604 0.7633 0.7490
RAW 1 2 8 1 0 0.7292 0.4833 0.4452
RAW 2 2 2 1 0 0.8021 0.5600 0.5505
RAW 3 2 6 1 0 0.7083 0.5767 0.5481
RAW 4 2 2 1 0 0.8021 0.5600 0.5505
RAW 5 2 8 1 0 0.7083 0.5550 0.5169
RAW 0 3 3 1 1 0.8125 0.7533 0.7390
RAW 1 3 9 1 0 0.8021 0.6833 0.6405
RAW 2 3 5 1 0 0.8542 0.6650 0.6412
RAW 3 3 7 1 0 0.8333 0.7200 0.6867
RAW 4 3 10 1 0 0.7812 0.6283 0.5807
RAW 5 3 9 1 0 0.6771 0.4967 0.4538
RAW 0 4 3 1 1 0.6250 0.6033 0.5890
RAW 1 4 4 1 0 0.6562 0.5000 0.4810
RAW 2 4 5 1 0 0.7292 0.5250 0.5012
RAW 3 4 4 1 0 0.6771 0.5867 0.5676
RAW 4 4 3 1 0 0.7292 0.5233 0.5090
RAW 5 4 4 1 0 0.7083 0.5183 0.4993
RAW 0 5 3 1 1 0.7917 0.7633 0.7490
RAW 1 5 7 1 0 0.8333 0.5150 0.4817
RAW 2 5 6 1 0 0.7604 0.5833 0.5548
RAW 3 5 7 1 0 0.8438 0.6217 0.5883
RAW 4 5 7 1 0 0.8021 0.5117 0.4783
RAW 5 5 7 1 0 0.8229 0.4750 0.4417
RAW 0 6 3 1 1 0.8333 0.8417 0.8274
RAW 1 6 3 1 1 0.8333 0.8417 0.8274
RAW 2 6 4 1 0 0.6875 0.5433 0.5243
RAW 3 6 4 1 0 0.8646 0.6400 0.6210
RAW 4 6 3 1 0 0.6250 0.5267 0.5124
RAW 5 6 3 1 0 0.5417 0.5183 0.5040
RAW 0 7 3 1 1 0.6146 0.5667 0.5524
RAW 1 7 7 1 0 0.6146 0.5250 0.4917
RAW 2 7 12 1 0 0.6042 0.5300 0.4729
RAW 3 7 6 1 0 0.5833 0.5833 0.5548
RAW 4 7 7 1 0 0.6458 0.5583 0.5250
RAW 5 7 7 1 0 0.6250 0.5567 0.5233
RAW 0 8 3 1 1 0.9062 0.7667 0.7524
RAW 1 8 4 1 0 0.6146 0.5300 0.5110
RAW 2 8 6 1 0 0.6250 0.6417 0.6131
RAW 3 8 6 1 0 0.9062 0.7667 0.7381
RAW 4 8 6 1 0 0.6875 0.6183 0.5898
RAW 5 8 4 1 0 0.5833 0.4917 0.4726
RAW 0 9 3 1 1 0.5833 0.5667 0.5524
RAW 1 9 6 1 0 0.5417 0.4333 0.4048
RAW 2 9 7 1 0 0.5625 0.4700 0.4367
RAW 3 9 9 1 0 0.6667 0.4967 0.4538
RAW 4 9 5 1 0 0.5729 0.5683 0.5445
RAW 5 9 6 1 0 0.5521 0.4900 0.4614
RAW 0 10 3 1 1 0.7083 0.7600 0.7457
RAW 1 10 2 1 1 0.6146 0.5017 0.4921
RAW 2 10 3 1 1 0.7500 0.6800 0.6657
RAW 3 10 4 1 0 0.7500 0.6733 0.6543
RAW 4 10 5 1 0 0.7083 0.6783 0.6545
RAW 5 10 2 1 0 0.5312 0.4900 0.4805
RAW 0 11 3 1 1 0.5312 0.4917 0.4774
RAW 1 11 6 1 0 0.7188 0.5300 0.5014
RAW 2 11 10 1 0 0.8229 0.5567 0.5090
RAW 3 11 10 1 0 0.7917 0.5417 0.4940
RAW 4 11 11 1 0 0.7604 0.4783 0.4260
RAW 5 11 6 1 0 0.5208 0.5150 0.4864
RAW 0 12 3 1 1 0.5625 0.5350 0.5207
RAW 1 12 6 1 0 0.6250 0.5167 0.4881
RAW 2 12 6 1 0 0.5729 0.5100 0.4814
RAW 3 12 4 1 0 0.6667 0.5800 0.5610
RAW 4 12 6 1 0 0.6875 0.5450 0.5164
RAW 5 12 6 1 0 0.5521 0.5117 0.4831
RAW 0 13 3 1 1 0.6042 0.6233 0.6090
RAW 1 13 4 1 1 0.7812 0.7033 0.6843
RAW 2 13 8 1 0 0.6875 0.5467 0.5086
RAW 3 13 4 1 1 0.7812 0.7033 0.6843
RAW 4 13 5 1 1 0.7500 0.7000 0.6762
RAW 5 13 4 1 0 0.5208 0.4633 0.4443
RAW 0 14 3 1 1 0.5833 0.5100 0.4957
RAW 1 14 12 1 0 0.8542 0.6000 0.5429
RAW 2 14 9 1 0 0.7083 0.6167 0.5738
RAW 3 14 9 1 0 0.6458 0.5433 0.5005
RAW 4 14 11 1 0 0.7812 0.5750 0.5226
RAW 5 14 12 1 0 0.7812 0.5750 0.5179
RAW 0 15 3 1 1 0.7396 0.7967 0.7824
RAW 1 15 9 1 0 0.8958 0.5917 0.5488
RAW 2 15 9 1 0 0.7396 0.6467 0.6038
RAW 3 15 9 1 0 0.8958 0.7500 0.7071
RAW 4 15 7 1 0 0.8646 0.7967 0.7633
RAW 5 15 9 1 0 0.7708 0.7017 0.6588
RAW 0 16 3 1 1 0.7396 0.7750 0.7607
RAW 1 16 7 1 0 0.8125 0.7267 0.6933
RAW 2 16 9 1 0 0.8958 0.8450 0.8021
RAW 3 16 11 1 0 0.9062 0.6667 0.6143
RAW 4 16 11 1 0 0.8333 0.7750 0.7226
RAW 5 16 7 1 0 0.6771 0.5467 0.5133
RAW 0 17 3 1 1 0.6771 0.7033 0.6890
RAW 1 17 3 1 0 0.6562 0.6450 0.6307
RAW 2 17 5 1 0 0.6667 0.5633 0.5395
RAW 3 17 5 1 0 0.5833 0.5617 0.5379
RAW 4 17 5 1 0 0.7396 0.6033 0.5795
RAW 5 17 3 1 0 0.5208 0.5183 0.5040
RAW 0 18 3 1 1 0.8854 0.6367 0.6224
RAW 1 18 5 1 0 0.8229 0.6567 0.6329
RAW 2 18 9 1 0 0.8333 0.5500 0.5071
RAW 3 18 7 1 0 0.6771 0.6033 0.5700
RAW 4 18 6 1 0 0.8438 0.5733 0.5448
RAW 5 18 5 1 0 0.5417 0.4700 0.4462
RAW 0 19 3 1 1 0.7188 0.7367 0.7224
RAW 1 19 8 1 0 0.7396 0.8300 0.7919
RAW 2 19 9 1 0 0.6771 0.4750 0.4321
RAW 3 19 12 1 0 0.7188 0.7950 0.7379
RAW 4 19 5 1 0 0.6771 0.7100 0.6862
RAW 5 19 8 1 0 0.5521 0.4400 0.4019
RAW 0 20 3 1 1 0.8854 0.8683 0.8540
RAW 1 20 4 1 0 0.8958 0.9017 0.8826
RAW 2 20 4 1 0 0.8854 0.9233 0.9043
RAW 3 20 2 1 0 0.7292 0.8167 0.8071
RAW 4 20 5 1 0 0.8958 0.9033 0.8795
RAW 5 20 4 1 0 0.6354 0.6233 0.6043
  producer                    taps  shared contig train acc   heldout  objective
  ideal conv (shared)          3.0    1.00   1.00     0.719     0.692     0.6774
  GA flip-only                 6.0    1.00   0.15     0.744     0.628     0.5998
  GA flip+slide                6.8    1.00   0.05     0.738     0.612     0.5794
  GA flip+rewire               6.7    1.00   0.05     0.756     0.652     0.6200
  GA flip+xover                6.3    1.00   0.05     0.749     0.618     0.5882
  GA-tap-matched random        6.0    1.00   0.00     0.629     0.523     0.4952

GATE (protocol item 9, before any operator work):
  PASS if 'ideal conv (shared)' has the highest objective -- the convolution is finally the
  optimum, and the search question becomes meaningful.
  The UNSHARED rows are the mechanism check: they should fit train and collapse on heldout.
  If they transfer too, the task does not demand sharing and this probe is not yet valid.
