emerge_rewire2 -- rewiring vs add/remove (paper 2, version 2)
inner: backprop, 50 epochs, curve every 5.   outer: GA, POP=24 ELITE=8, 150 gens x 30 seeds
fitness = final accuracy - 1.000*energy    PSLIDE=0.150 PGROW=0.100 PSHARE=0.050

PROTOCOL  sensitivity placement  fitness 0.5483..0.9150 (span 0.3667)  energy 0.025000..0.025000
PROTOCOL  sensitivity width      fitness 0.4250..0.8567 (span 0.4317)  energy 0.008333..0.100000
PROTOCOL  convergence   accuracy gained over the second half of the budget: -0.0047
PROTOCOL                -> CONVERGED: endpoint summarises the learner; trajectory fitness would add only noise

  arm             shared-frac  mean-w  max-w  coverage  energy   test  diversity
RAW 0 150 1 0.9167 4.5000 11.0000 1.0000 0.091667 0.9040
RAW 0 150 2 1.0000 5.5000 12.0000 1.0000 0.100000 0.9080
RAW 0 150 3 0.8333 5.7000 10.0000 1.0000 0.083333 0.8800
RAW 0 150 4 1.0000 8.8000 12.0000 1.0000 0.100000 0.9010
RAW 0 150 5 0.8333 8.3000 10.0000 1.0000 0.083333 0.8530
RAW 0 150 6 0.8333 3.9000 10.0000 1.0000 0.083333 0.8640
RAW 0 150 7 0.8333 3.9000 10.0000 1.0000 0.083333 0.9020
RAW 0 150 8 0.9167 4.9000 11.0000 1.0000 0.091667 0.9240
RAW 0 150 9 1.0000 11.6000 12.0000 1.0000 0.100000 0.9240
RAW 0 150 10 1.0000 3.9000 12.0000 1.0000 0.100000 0.9350
RAW 0 150 11 0.8333 3.4000 10.0000 1.0000 0.083333 0.8960
RAW 0 150 12 0.9167 10.5000 11.0000 1.0000 0.091667 0.8680
RAW 0 150 13 1.0000 9.3000 12.0000 1.0000 0.100000 0.9000
RAW 0 150 14 1.0000 8.0000 12.0000 1.0000 0.100000 0.8660
RAW 0 150 15 0.9167 9.2000 11.0000 1.0000 0.091667 0.8850
RAW 0 150 16 1.0000 8.9000 12.0000 1.0000 0.100000 0.8970
RAW 0 150 17 1.0000 3.1000 12.0000 1.0000 0.100000 0.8760
RAW 0 150 18 1.0000 2.4000 12.0000 1.0000 0.100000 0.7980
RAW 0 150 19 1.0000 3.4000 12.0000 1.0000 0.100000 0.8250
RAW 0 150 20 1.0000 6.7000 12.0000 1.0000 0.100000 0.9490
RAW 0 150 21 0.8333 5.7000 10.0000 1.0000 0.083333 0.9230
RAW 0 150 22 0.8333 5.9000 10.0000 1.0000 0.083333 0.8560
RAW 0 150 23 1.0000 6.2000 12.0000 1.0000 0.100000 0.8070
RAW 0 150 24 1.0000 2.7000 12.0000 1.0000 0.100000 0.8030
RAW 0 150 25 1.0000 10.8000 12.0000 1.0000 0.100000 0.9390
RAW 0 150 26 0.9167 8.3000 11.0000 1.0000 0.091667 0.9300
RAW 0 150 27 0.9167 5.8000 11.0000 1.0000 0.091667 0.9190
RAW 0 150 28 0.9167 10.6000 11.0000 1.0000 0.091667 0.9510
RAW 0 150 29 0.9167 8.2000 11.0000 1.0000 0.091667 0.8990
RAW 0 150 30 0.9167 7.4000 11.0000 1.0000 0.091667 0.9210
  0 no-rewire      0.982       6.38    11.22   0.935    0.1008   0.890    0.0368
RAW 1 150 1 1.0000 6.1000 9.0000 1.0000 0.075000 0.9550
RAW 1 150 2 0.9167 4.3000 8.0000 1.0000 0.066667 0.9240
RAW 1 150 3 0.9167 2.3000 5.0000 1.0000 0.041667 0.9190
RAW 1 150 4 1.0000 6.1000 10.0000 1.0000 0.083333 0.9070
RAW 1 150 5 1.0000 3.7000 8.0000 1.0000 0.066667 0.9250
RAW 1 150 6 1.0000 4.9000 8.0000 1.0000 0.066667 0.9470
RAW 1 150 7 0.9167 7.5000 10.0000 1.0000 0.083333 0.9030
RAW 1 150 8 0.8333 3.9000 9.0000 1.0000 0.075000 0.9240
RAW 1 150 9 1.0000 5.4000 9.0000 1.0000 0.075000 0.9210
RAW 1 150 10 1.0000 6.7000 10.0000 1.0000 0.083333 0.9520
RAW 1 150 11 0.8333 5.5000 9.0000 1.0000 0.075000 0.8950
RAW 1 150 12 1.0000 5.4000 11.0000 1.0000 0.091667 0.8750
RAW 1 150 13 1.0000 3.7000 12.0000 1.0000 0.100000 0.9010
RAW 1 150 14 1.0000 8.0000 12.0000 1.0000 0.100000 0.8800
RAW 1 150 15 1.0000 3.8000 8.0000 1.0000 0.066667 0.9270
RAW 1 150 16 1.0000 5.7000 10.0000 1.0000 0.083333 0.9510
RAW 1 150 17 1.0000 3.0000 10.0000 1.0000 0.083333 0.8380
RAW 1 150 18 1.0000 1.9000 9.0000 1.0000 0.075000 0.7930
RAW 1 150 19 1.0000 6.0000 12.0000 1.0000 0.100000 0.8210
RAW 1 150 20 1.0000 8.6000 12.0000 1.0000 0.100000 0.9450
RAW 1 150 21 0.9167 4.2000 9.0000 1.0000 0.075000 0.9640
RAW 1 150 22 1.0000 3.8000 10.0000 1.0000 0.083333 0.9320
RAW 1 150 23 1.0000 2.9000 11.0000 1.0000 0.091667 0.8610
RAW 1 150 24 1.0000 4.6000 11.0000 1.0000 0.091667 0.8390
RAW 1 150 25 1.0000 4.6000 8.0000 1.0000 0.066667 0.9610
RAW 1 150 26 1.0000 7.0000 9.0000 1.0000 0.075000 0.9480
RAW 1 150 27 0.9167 3.2000 7.0000 1.0000 0.058333 0.9400
RAW 1 150 28 0.9167 5.1000 10.0000 1.0000 0.083333 0.9550
RAW 1 150 29 0.9167 3.5000 10.0000 1.0000 0.083333 0.9590
RAW 1 150 30 1.0000 4.4000 8.0000 1.0000 0.066667 0.9500
  1 slide-1        0.957       4.59    9.24   0.943    0.0904   0.914    0.0520
RAW 2 150 1 1.0000 3.3000 5.0000 1.0000 0.041667 0.9480
RAW 2 150 2 0.9167 2.7000 4.0000 1.0000 0.033333 0.9300
RAW 2 150 3 1.0000 2.9000 4.0000 1.0000 0.033333 0.9430
RAW 2 150 4 1.0000 2.8000 8.0000 1.0000 0.066667 0.9060
RAW 2 150 5 1.0000 2.6000 4.0000 1.0000 0.033333 0.9030
RAW 2 150 6 1.0000 5.9000 8.0000 1.0000 0.066667 0.9340
RAW 2 150 7 0.9167 2.6000 4.0000 1.0000 0.033333 0.8920
RAW 2 150 8 0.9167 2.0000 3.0000 1.0000 0.025000 0.9160
RAW 2 150 9 1.0000 3.0000 6.0000 1.0000 0.050000 0.9160
RAW 2 150 10 1.0000 2.9000 5.0000 1.0000 0.041667 0.9560
RAW 2 150 11 0.9167 2.6000 4.0000 1.0000 0.033333 0.8870
RAW 2 150 12 1.0000 7.0000 11.0000 1.0000 0.091667 0.8820
RAW 2 150 13 1.0000 2.3000 5.0000 1.0000 0.041667 0.8880
RAW 2 150 14 1.0000 5.4000 12.0000 1.0000 0.100000 0.8570
RAW 2 150 15 0.9167 2.6000 5.0000 1.0000 0.041667 0.9000
RAW 2 150 16 1.0000 7.0000 10.0000 1.0000 0.083333 0.9470
RAW 2 150 17 0.5833 1.4000 2.0000 1.0000 0.016667 0.8670
RAW 2 150 18 0.5833 1.3000 2.0000 1.0000 0.016667 0.8960
RAW 2 150 19 1.0000 2.5000 12.0000 1.0000 0.100000 0.8320
RAW 2 150 20 1.0000 9.2000 12.0000 1.0000 0.100000 0.9440
RAW 2 150 21 0.9167 3.0000 5.0000 1.0000 0.041667 0.9350
RAW 2 150 22 0.9167 2.5000 4.0000 1.0000 0.033333 0.8970
RAW 2 150 23 0.8333 1.3000 2.0000 1.0000 0.016667 0.8630
RAW 2 150 24 1.0000 2.4000 6.0000 1.0000 0.050000 0.8410
RAW 2 150 25 1.0000 3.3000 5.0000 1.0000 0.041667 0.9470
RAW 2 150 26 1.0000 2.2000 4.0000 1.0000 0.033333 0.8830
RAW 2 150 27 0.9167 1.8000 3.0000 1.0000 0.025000 0.9310
RAW 2 150 28 0.9167 7.2000 10.0000 1.0000 0.083333 0.9620
RAW 2 150 29 0.9167 2.9000 5.0000 1.0000 0.041667 0.9340
RAW 2 150 30 1.0000 3.2000 5.0000 1.0000 0.041667 0.9350
  2 rewire-rand    0.957       3.28    6.12   0.919    0.0599   0.909    0.0922
RAW 3 150 1 1.0000 3.1000 4.0000 1.0000 0.033333 0.9550
RAW 3 150 2 0.9167 2.6000 4.0000 1.0000 0.033333 0.9010
RAW 3 150 3 1.0000 3.1000 4.0000 1.0000 0.033333 0.9350
RAW 3 150 4 1.0000 4.4000 8.0000 1.0000 0.066667 0.8910
RAW 3 150 5 1.0000 3.4000 5.0000 1.0000 0.041667 0.9140
RAW 3 150 6 1.0000 4.1000 8.0000 1.0000 0.066667 0.9480
RAW 3 150 7 0.9167 2.7000 5.0000 1.0000 0.041667 0.8750
RAW 3 150 8 0.8333 1.7000 2.0000 1.0000 0.016667 0.9140
RAW 3 150 9 1.0000 8.2000 10.0000 1.0000 0.083333 0.9620
RAW 3 150 10 1.0000 5.8000 10.0000 1.0000 0.083333 0.9560
RAW 3 150 11 0.8333 1.6000 2.0000 1.0000 0.016667 0.8860
RAW 3 150 12 1.0000 8.6000 11.0000 1.0000 0.091667 0.8890
RAW 3 150 13 1.0000 1.7000 2.0000 1.0000 0.016667 0.8900
RAW 3 150 14 1.0000 8.4000 12.0000 1.0000 0.100000 0.8730
RAW 3 150 15 1.0000 2.9000 5.0000 1.0000 0.041667 0.9200
RAW 3 150 16 1.0000 6.5000 10.0000 1.0000 0.083333 0.9520
RAW 3 150 17 0.5833 1.3000 2.0000 1.0000 0.016667 0.8780
RAW 3 150 18 0.6667 1.4000 3.0000 1.0000 0.025000 0.8800
RAW 3 150 19 0.7500 1.2000 2.0000 1.0000 0.016667 0.8510
RAW 3 150 20 1.0000 6.1000 10.0000 1.0000 0.083333 0.9460
RAW 3 150 21 1.0000 3.2000 5.0000 1.0000 0.041667 0.9360
RAW 3 150 22 1.0000 4.3000 5.0000 1.0000 0.041667 0.8810
RAW 3 150 23 0.5833 1.0000 1.0000 1.0000 0.008333 0.8600
RAW 3 150 24 0.7500 1.3000 2.0000 1.0000 0.016667 0.8580
RAW 3 150 25 1.0000 5.3000 8.0000 1.0000 0.066667 0.9650
RAW 3 150 26 1.0000 6.7000 9.0000 1.0000 0.075000 0.9410
RAW 3 150 27 1.0000 2.5000 3.0000 1.0000 0.025000 0.9290
RAW 3 150 28 0.9167 5.6000 8.0000 1.0000 0.066667 0.9600
RAW 3 150 29 0.9167 3.1000 4.0000 1.0000 0.033333 0.9290
RAW 3 150 30 1.0000 8.0000 10.0000 1.0000 0.083333 0.9570
  3 xover-canon    0.957       3.90    6.00   0.889    0.0611   0.914    0.0892
RAW 4 150 1 1.0000 3.0000 4.0000 1.0000 0.033333 0.9590
RAW 4 150 2 1.0000 2.0000 4.0000 1.0000 0.033333 0.9170
RAW 4 150 3 0.9167 2.9000 4.0000 1.0000 0.033333 0.9380
RAW 4 150 4 0.9167 4.8000 7.0000 1.0000 0.058333 0.8910
RAW 4 150 5 1.0000 2.8000 4.0000 1.0000 0.033333 0.9230
RAW 4 150 6 1.0000 4.1000 7.0000 1.0000 0.058333 0.9360
RAW 4 150 7 0.9167 7.6000 10.0000 1.0000 0.083333 0.9050
RAW 4 150 8 0.9167 3.7000 9.0000 1.0000 0.075000 0.9430
RAW 4 150 9 1.0000 5.6000 10.0000 1.0000 0.083333 0.9540
RAW 4 150 10 1.0000 2.7000 5.0000 1.0000 0.041667 0.9310
RAW 4 150 11 0.8333 1.7000 2.0000 1.0000 0.016667 0.8950
RAW 4 150 12 1.0000 7.2000 11.0000 1.0000 0.091667 0.8700
RAW 4 150 13 1.0000 1.6000 3.0000 1.0000 0.025000 0.8700
RAW 4 150 14 1.0000 4.2000 10.0000 1.0000 0.083333 0.8850
RAW 4 150 15 1.0000 3.3000 5.0000 1.0000 0.041667 0.9240
RAW 4 150 16 1.0000 4.9000 10.0000 1.0000 0.083333 0.9510
RAW 4 150 17 0.6667 1.4000 2.0000 1.0000 0.016667 0.8730
RAW 4 150 18 0.5833 1.5000 2.0000 1.0000 0.016667 0.8800
RAW 4 150 19 1.0000 5.3000 12.0000 1.0000 0.100000 0.8390
RAW 4 150 20 1.0000 2.8000 5.0000 1.0000 0.041667 0.9010
RAW 4 150 21 0.9167 3.9000 6.0000 1.0000 0.050000 0.9490
RAW 4 150 22 1.0000 4.0000 6.0000 1.0000 0.050000 0.9270
RAW 4 150 23 0.7500 1.2000 2.0000 1.0000 0.016667 0.8590
RAW 4 150 24 0.6667 1.3000 2.0000 1.0000 0.016667 0.8410
RAW 4 150 25 1.0000 5.7000 8.0000 1.0000 0.066667 0.9610
RAW 4 150 26 1.0000 7.0000 8.0000 1.0000 0.066667 0.9260
RAW 4 150 27 0.9167 2.3000 5.0000 1.0000 0.041667 0.9250
RAW 4 150 28 0.9167 5.7000 9.0000 1.0000 0.075000 0.9600
RAW 4 150 29 0.9167 3.4000 5.0000 1.0000 0.041667 0.9430
RAW 4 150 30 1.0000 3.6000 6.0000 1.0000 0.050000 0.9350
  4 xover-raw      0.957       3.56    6.18   0.905    0.0617   0.914    0.0959
RAW 5 150 1 1.0000 6.2000 8.0000 1.0000 0.066667 0.9500
RAW 5 150 2 0.9167 3.0000 4.0000 1.0000 0.033333 0.9470
RAW 5 150 3 1.0000 4.1000 5.0000 1.0000 0.041667 0.9390
RAW 5 150 4 0.9167 2.9000 6.0000 1.0000 0.050000 0.8910
RAW 5 150 5 1.0000 2.5000 4.0000 1.0000 0.033333 0.9290
RAW 5 150 6 1.0000 2.2000 4.0000 1.0000 0.033333 0.9150
RAW 5 150 7 1.0000 3.9000 5.0000 1.0000 0.041667 0.9120
RAW 5 150 8 0.9167 3.3000 6.0000 1.0000 0.050000 0.9310
RAW 5 150 9 1.0000 6.5000 10.0000 1.0000 0.083333 0.9580
RAW 5 150 10 1.0000 3.2000 5.0000 1.0000 0.041667 0.9330
RAW 5 150 11 0.9167 2.7000 5.0000 1.0000 0.041667 0.8910
RAW 5 150 12 0.9167 1.4000 2.0000 1.0000 0.016667 0.8170
RAW 5 150 13 1.0000 2.1000 5.0000 1.0000 0.041667 0.8910
RAW 5 150 14 1.0000 8.0000 12.0000 1.0000 0.100000 0.8760
RAW 5 150 15 1.0000 2.9000 4.0000 1.0000 0.033333 0.9020
RAW 5 150 16 1.0000 4.7000 10.0000 1.0000 0.083333 0.9520
RAW 5 150 17 0.5000 1.2000 2.0000 1.0000 0.016667 0.8690
RAW 5 150 18 0.6667 1.5000 2.0000 1.0000 0.016667 0.8710
RAW 5 150 19 1.0000 7.5000 11.0000 1.0000 0.091667 0.8410
RAW 5 150 20 1.0000 8.7000 12.0000 1.0000 0.100000 0.9490
RAW 5 150 21 1.0000 4.9000 8.0000 1.0000 0.066667 0.9700
RAW 5 150 22 1.0000 3.6000 5.0000 1.0000 0.041667 0.9230
RAW 5 150 23 0.5000 1.1000 2.0000 1.0000 0.016667 0.8620
RAW 5 150 24 0.5000 1.0000 1.0000 1.0000 0.008333 0.8130
RAW 5 150 25 1.0000 4.0000 6.0000 1.0000 0.050000 0.9320
RAW 5 150 26 1.0000 7.5000 10.0000 1.0000 0.083333 0.9500
RAW 5 150 27 0.9167 2.1000 3.0000 1.0000 0.025000 0.9130
RAW 5 150 28 0.9167 8.0000 10.0000 1.0000 0.083333 0.9600
RAW 5 150 29 1.0000 2.9000 4.0000 1.0000 0.033333 0.9420
RAW 5 150 30 0.9167 2.4000 4.0000 1.0000 0.033333 0.9360
  5 xover-block    0.958       3.70    5.97   0.893    0.0603   0.912    0.0941

acceptance test: with default knobs this must reproduce emerge_rewire.c (version 1)
and the archived scratch_rewire_*.out per-seed data exactly.
