emerge_transfer -- sharing is a GENE, and TRANSFER is what pays for it
N=12. motif K=3 planted at 1 of 10 positions; train on 3, select on 3, report on 4.
max-pool readout (position never reaches the output). energy = params/(21*10):
  shared = taps, unshared = taps*10. objective = heldout_acc - 6.00*energy.
60 seeds x 200 epochs. GA: pop 24, 50 gens, flips offsets AND the sharing gene.

RAW 0 1 3 1 1 0.8229 0.7717 0.6860
RAW 1 1 2 1 0 0.8542 0.7383 0.6812
RAW 2 1 3 1 0 0.8438 0.7733 0.6876
RAW 3 1 3 1 0 0.8438 0.7733 0.6876
RAW 4 1 3 1 0 0.8438 0.7733 0.6876
RAW 5 1 2 1 0 0.5729 0.5017 0.4445
RAW 0 2 3 1 1 0.7604 0.7633 0.6776
RAW 1 2 4 1 0 0.7396 0.6833 0.5690
RAW 2 2 4 1 0 0.6354 0.6667 0.5524
RAW 3 2 3 1 0 0.7396 0.5350 0.4493
RAW 4 2 4 1 0 0.7396 0.6833 0.5690
RAW 5 2 4 1 0 0.5833 0.4817 0.3674
RAW 0 3 3 1 1 0.8125 0.7533 0.6676
RAW 1 3 3 1 1 0.8125 0.7533 0.6676
RAW 2 3 3 1 1 0.8438 0.7867 0.7010
RAW 3 3 4 1 1 0.7708 0.7850 0.6707
RAW 4 3 3 1 1 0.8438 0.7867 0.7010
RAW 5 3 3 1 0 0.6250 0.5483 0.4626
RAW 0 4 3 1 1 0.6250 0.6033 0.5176
RAW 1 4 0 1 0 0.5417 0.4883 0.4883
RAW 2 4 0 1 0 0.5417 0.4883 0.4883
RAW 3 4 0 1 0 0.5417 0.4883 0.4883
RAW 4 4 0 1 0 0.5417 0.4883 0.4883
RAW 5 4 0 1 0 0.5417 0.4883 0.4883
RAW 0 5 3 1 1 0.7917 0.7633 0.6776
RAW 1 5 3 1 1 0.7917 0.7633 0.6776
RAW 2 5 3 1 1 0.7917 0.7633 0.6776
RAW 3 5 3 1 1 0.7917 0.7633 0.6776
RAW 4 5 3 1 1 0.7917 0.7633 0.6776
RAW 5 5 3 1 0 0.5521 0.5000 0.4143
RAW 0 6 3 1 1 0.8333 0.8417 0.7560
RAW 1 6 3 1 1 0.8333 0.8417 0.7560
RAW 2 6 3 1 1 0.8333 0.8417 0.7560
RAW 3 6 3 1 1 0.7396 0.7650 0.6793
RAW 4 6 3 1 1 0.8333 0.8417 0.7560
RAW 5 6 3 1 0 0.6042 0.5400 0.4543
RAW 0 7 3 1 1 0.6146 0.5667 0.4810
RAW 1 7 1 1 1 0.6042 0.5167 0.4881
RAW 2 7 1 1 1 0.5312 0.5483 0.5198
RAW 3 7 1 1 1 0.6146 0.5283 0.4998
RAW 4 7 1 1 1 0.6354 0.4983 0.4698
RAW 5 7 1 1 1 0.5208 0.5083 0.4798
RAW 0 8 3 1 1 0.9062 0.7667 0.6810
RAW 1 8 6 1 1 0.9062 0.8667 0.6952
RAW 2 8 4 1 0 0.9062 0.8733 0.7590
RAW 3 8 5 1 0 0.6458 0.5717 0.4288
RAW 4 8 3 1 1 0.8958 0.8750 0.7893
RAW 5 8 6 1 0 0.6979 0.4583 0.2869
RAW 0 9 3 1 1 0.5833 0.5667 0.4810
RAW 1 9 0 0 0 0.5521 0.4900 0.4900
RAW 2 9 0 0 0 0.5521 0.4900 0.4900
RAW 3 9 0 1 0 0.5521 0.4900 0.4900
RAW 4 9 1 1 1 0.5625 0.4967 0.4681
RAW 5 9 0 1 0 0.5521 0.4900 0.4900
RAW 0 10 3 1 1 0.7083 0.7600 0.6743
RAW 1 10 2 1 1 0.6146 0.5017 0.4445
RAW 2 10 3 1 1 0.7083 0.7600 0.6743
RAW 3 10 3 1 1 0.7083 0.7600 0.6743
RAW 4 10 2 1 1 0.6146 0.5017 0.4445
RAW 5 10 2 1 0 0.5208 0.4933 0.4362
RAW 0 11 3 1 1 0.5312 0.4917 0.4060
RAW 1 11 3 1 0 0.5417 0.5267 0.4410
RAW 2 11 2 1 0 0.6042 0.5350 0.4779
RAW 3 11 1 1 1 0.5417 0.5300 0.5014
RAW 4 11 0 0 0 0.5312 0.4917 0.4917
RAW 5 11 3 1 0 0.5625 0.5233 0.4376
RAW 0 12 3 1 1 0.5625 0.5350 0.4493
RAW 1 12 0 1 0 0.5729 0.5050 0.5050
RAW 2 12 0 1 0 0.5729 0.5050 0.5050
RAW 3 12 0 1 0 0.5729 0.5050 0.5050
RAW 4 12 0 1 0 0.5729 0.5050 0.5050
RAW 5 12 0 1 0 0.5729 0.5050 0.5050
RAW 0 13 3 1 1 0.6042 0.6233 0.5376
RAW 1 13 2 1 0 0.7396 0.6900 0.6329
RAW 2 13 4 1 1 0.8021 0.6433 0.5290
RAW 3 13 2 1 0 0.7396 0.6900 0.6329
RAW 4 13 2 1 0 0.7500 0.6483 0.5912
RAW 5 13 2 1 0 0.5417 0.4850 0.4279
RAW 0 14 3 1 1 0.5833 0.5100 0.4243
RAW 1 14 2 1 0 0.5938 0.4733 0.4162
RAW 2 14 2 1 0 0.5833 0.4717 0.4145
RAW 3 14 2 1 0 0.5833 0.4717 0.4145
RAW 4 14 4 1 0 0.7396 0.6267 0.5124
RAW 5 14 2 1 1 0.6875 0.5683 0.5112
RAW 0 15 3 1 1 0.7396 0.7967 0.7110
RAW 1 15 6 1 0 0.8229 0.8017 0.6302
RAW 2 15 6 1 0 0.8750 0.7883 0.6169
RAW 3 15 4 1 1 0.9167 0.8217 0.7074
RAW 4 15 6 1 0 0.9062 0.8083 0.6369
RAW 5 15 6 1 0 0.6042 0.5850 0.4136
RAW 0 16 3 1 1 0.7396 0.7750 0.6893
RAW 1 16 3 1 1 0.7396 0.7750 0.6893
RAW 2 16 6 1 0 0.8021 0.7667 0.5952
RAW 3 16 4 1 0 0.7812 0.7983 0.6840
RAW 4 16 3 1 1 0.7396 0.7750 0.6893
RAW 5 16 3 1 0 0.5312 0.5150 0.4293
RAW 0 17 3 1 1 0.6771 0.7033 0.6176
RAW 1 17 2 1 0 0.5208 0.5183 0.4612
RAW 2 17 3 1 0 0.5312 0.4333 0.3476
RAW 3 17 2 1 0 0.5208 0.5183 0.4612
RAW 4 17 4 1 0 0.7396 0.7200 0.6057
RAW 5 17 2 1 1 0.6250 0.5267 0.4695
RAW 0 18 3 1 1 0.8854 0.6367 0.5510
RAW 1 18 2 1 1 0.5833 0.5167 0.4595
RAW 2 18 2 1 1 0.5833 0.4883 0.4312
RAW 3 18 2 1 1 0.5833 0.4883 0.4312
RAW 4 18 2 1 1 0.5833 0.5167 0.4595
RAW 5 18 2 1 1 0.5833 0.4883 0.4312
RAW 0 19 3 1 1 0.7188 0.7367 0.6510
RAW 1 19 3 1 1 0.6354 0.8367 0.7510
RAW 2 19 4 1 0 0.5104 0.4950 0.3807
RAW 3 19 4 1 0 0.5104 0.4950 0.3807
RAW 4 19 3 1 1 0.6354 0.8367 0.7510
RAW 5 19 3 1 0 0.5729 0.5000 0.4143
RAW 0 20 3 1 1 0.8854 0.8683 0.7826
RAW 1 20 3 1 0 0.8958 0.8867 0.8010
RAW 2 20 2 1 0 0.8854 0.8783 0.8212
RAW 3 20 2 1 0 0.8854 0.8783 0.8212
RAW 4 20 2 1 0 0.8854 0.8783 0.8212
RAW 5 20 3 1 0 0.7083 0.5717 0.4860
RAW 0 21 3 1 1 0.6979 0.7850 0.6993
RAW 1 21 2 1 0 0.7604 0.7250 0.6679
RAW 2 21 2 1 0 0.7604 0.7250 0.6679
RAW 3 21 2 1 0 0.7604 0.7250 0.6679
RAW 4 21 2 1 0 0.7604 0.7250 0.6679
RAW 5 21 2 1 0 0.5521 0.5133 0.4562
RAW 0 22 3 1 1 0.7083 0.6600 0.5743
RAW 1 22 2 1 1 0.7292 0.5833 0.5262
RAW 2 22 0 1 0 0.5417 0.4917 0.4917
RAW 3 22 3 1 1 0.6562 0.5000 0.4143
RAW 4 22 2 1 1 0.7292 0.5833 0.5262
RAW 5 22 2 1 0 0.6875 0.5033 0.4462
RAW 0 23 3 1 1 0.7396 0.6333 0.5476
RAW 1 23 1 1 1 0.6458 0.5350 0.5064
RAW 2 23 3 1 0 0.7500 0.6400 0.5543
RAW 3 23 3 1 0 0.7500 0.6450 0.5593
RAW 4 23 2 1 1 0.7500 0.6517 0.5945
RAW 5 23 1 1 1 0.5625 0.4850 0.4564
RAW 0 24 3 1 1 0.6042 0.5900 0.5043
RAW 1 24 0 1 0 0.5417 0.4900 0.4900
RAW 2 24 0 1 0 0.5417 0.4900 0.4900
RAW 3 24 0 1 0 0.5417 0.4900 0.4900
RAW 4 24 0 1 0 0.5417 0.4900 0.4900
RAW 5 24 0 1 0 0.5417 0.4900 0.4900
RAW 0 25 3 1 1 0.5833 0.4750 0.3893
RAW 1 25 1 1 1 0.5729 0.4933 0.4648
RAW 2 25 0 1 0 0.5000 0.4733 0.4733
RAW 3 25 0 0 0 0.5000 0.4733 0.4733
RAW 4 25 1 1 1 0.5000 0.5067 0.4781
RAW 5 25 1 1 1 0.5000 0.5067 0.4781
RAW 0 26 3 1 1 0.5521 0.5317 0.4460
RAW 1 26 3 1 1 0.5833 0.5567 0.4710
RAW 2 26 3 1 1 0.5833 0.5567 0.4710
RAW 3 26 4 1 0 0.5104 0.4967 0.3824
RAW 4 26 3 1 1 0.5521 0.5383 0.4526
RAW 5 26 3 1 0 0.5104 0.5017 0.4160
RAW 0 27 3 1 1 0.5938 0.5350 0.4493
RAW 1 27 2 1 1 0.5833 0.5533 0.4962
RAW 2 27 0 1 0 0.5312 0.5150 0.5150
RAW 3 27 0 1 0 0.5312 0.5150 0.5150
RAW 4 27 2 1 1 0.5729 0.5650 0.5079
RAW 5 27 2 1 1 0.5312 0.5150 0.4579
RAW 0 28 3 1 1 0.5938 0.4917 0.4060
RAW 1 28 2 1 0 0.5833 0.4867 0.4295
RAW 2 28 2 1 0 0.5833 0.4867 0.4295
RAW 3 28 0 1 0 0.5833 0.4650 0.4650
RAW 4 28 0 1 0 0.5833 0.4650 0.4650
RAW 5 28 2 1 0 0.5833 0.4650 0.4079
RAW 0 29 3 1 1 0.5729 0.4950 0.4093
RAW 1 29 0 1 0 0.5729 0.4950 0.4950
RAW 2 29 0 1 0 0.5729 0.4950 0.4950
RAW 3 29 0 0 0 0.5729 0.4950 0.4950
RAW 4 29 0 1 0 0.5729 0.4950 0.4950
RAW 5 29 0 1 0 0.5729 0.4950 0.4950
RAW 0 30 3 1 1 0.6146 0.5533 0.4676
RAW 1 30 2 1 1 0.7396 0.5067 0.4495
RAW 2 30 1 1 1 0.5521 0.5033 0.4748
RAW 3 30 0 1 0 0.5208 0.4883 0.4883
RAW 4 30 2 1 1 0.6562 0.5733 0.5162
RAW 5 30 2 1 0 0.5938 0.4250 0.3679
RAW 0 31 3 1 1 0.9062 0.9117 0.8260
RAW 1 31 3 1 0 0.9062 0.8983 0.8126
RAW 2 31 2 1 0 0.8021 0.9100 0.8529
RAW 3 31 2 1 0 0.8854 0.8717 0.8145
RAW 4 31 2 1 0 0.8854 0.8717 0.8145
RAW 5 31 3 1 0 0.5417 0.5567 0.4710
RAW 0 32 3 1 1 0.7604 0.7600 0.6743
RAW 1 32 5 1 0 0.7812 0.7083 0.5655
RAW 2 32 4 1 0 0.8333 0.8483 0.7340
RAW 3 32 3 1 1 0.7500 0.6617 0.5760
RAW 4 32 3 1 1 0.8542 0.7700 0.6843
RAW 5 32 5 1 0 0.6250 0.5000 0.3571
RAW 0 33 3 1 1 0.4896 0.5450 0.4593
RAW 1 33 4 1 0 0.6667 0.8817 0.7674
RAW 2 33 2 1 0 0.9062 0.9167 0.8595
RAW 3 33 4 1 0 0.6667 0.8817 0.7674
RAW 4 33 4 1 0 0.6667 0.8817 0.7674
RAW 5 33 4 1 0 0.5625 0.5350 0.4207
RAW 0 34 3 1 1 0.5729 0.4533 0.3676
RAW 1 34 4 1 0 0.8646 0.7417 0.6274
RAW 2 34 6 1 0 0.5729 0.4883 0.3169
RAW 3 34 5 1 0 0.8854 0.7817 0.6388
RAW 4 34 4 1 0 0.9062 0.7750 0.6607
RAW 5 34 4 1 0 0.7708 0.6717 0.5574
RAW 0 35 3 1 1 0.6146 0.5083 0.4226
RAW 1 35 2 1 1 0.5625 0.6233 0.5662
RAW 2 35 2 1 1 0.5625 0.6233 0.5662
RAW 3 35 3 1 1 0.6354 0.7183 0.6326
RAW 4 35 0 1 0 0.5104 0.5367 0.5367
RAW 5 35 2 1 1 0.5521 0.4883 0.4312
RAW 0 36 3 1 1 0.9062 0.8300 0.7443
RAW 1 36 3 1 0 0.8438 0.8200 0.7343
RAW 2 36 3 1 1 0.8854 0.8117 0.7260
RAW 3 36 3 1 0 0.8438 0.8200 0.7343
RAW 4 36 3 1 0 0.8438 0.8200 0.7343
RAW 5 36 3 1 0 0.5521 0.5517 0.4660
RAW 0 37 3 1 1 0.6667 0.6533 0.5676
RAW 1 37 3 1 1 0.7396 0.7250 0.6393
RAW 2 37 3 1 1 0.6667 0.6533 0.5676
RAW 3 37 3 1 1 0.7396 0.7250 0.6393
RAW 4 37 3 1 1 0.6667 0.6533 0.5676
RAW 5 37 3 1 0 0.7708 0.5000 0.4143
RAW 0 38 3 1 1 0.8333 0.6917 0.6060
RAW 1 38 3 1 1 0.8333 0.6917 0.6060
RAW 2 38 4 1 1 0.8125 0.8450 0.7307
RAW 3 38 3 1 1 0.8333 0.6917 0.6060
RAW 4 38 4 1 1 0.8333 0.7183 0.6040
RAW 5 38 3 1 0 0.5729 0.6383 0.5526
RAW 0 39 3 1 1 0.5521 0.6033 0.5176
RAW 1 39 6 1 0 0.7083 0.6550 0.4836
RAW 2 39 3 1 0 0.8438 0.8367 0.7510
RAW 3 39 4 1 0 0.8646 0.8367 0.7224
RAW 4 39 2 1 0 0.8646 0.8517 0.7945
RAW 5 39 6 1 0 0.5417 0.5850 0.4136
RAW 0 40 3 1 1 0.7188 0.6867 0.6010
RAW 1 40 2 1 1 0.6667 0.6700 0.6129
RAW 2 40 2 1 1 0.6667 0.6700 0.6129
RAW 3 40 2 1 1 0.6667 0.6700 0.6129
RAW 4 40 2 1 1 0.5729 0.6233 0.5662
RAW 5 40 2 1 0 0.5104 0.4950 0.4379
RAW 0 41 3 1 1 0.7396 0.6350 0.5493
RAW 1 41 3 1 1 0.7396 0.5517 0.4660
RAW 2 41 4 1 0 0.7500 0.6350 0.5207
RAW 3 41 3 1 1 0.7396 0.5517 0.4660
RAW 4 41 0 1 0 0.6250 0.4967 0.4967
RAW 5 41 3 1 0 0.6250 0.4967 0.4110
RAW 0 42 3 1 1 0.6562 0.6050 0.5193
RAW 1 42 0 1 0 0.5208 0.4967 0.4967
RAW 2 42 0 1 0 0.5208 0.4967 0.4967
RAW 3 42 0 1 0 0.5208 0.4967 0.4967
RAW 4 42 0 0 0 0.5208 0.4967 0.4967
RAW 5 42 0 1 0 0.5208 0.4967 0.4967
RAW 0 43 3 1 1 0.6667 0.6583 0.5726
RAW 1 43 2 1 1 0.5833 0.4700 0.4129
RAW 2 43 2 1 1 0.5833 0.4700 0.4129
RAW 3 43 2 1 1 0.5833 0.4700 0.4129
RAW 4 43 2 1 1 0.5208 0.4917 0.4345
RAW 5 43 2 1 0 0.5208 0.4917 0.4345
RAW 0 44 3 1 1 0.6562 0.5350 0.4493
RAW 1 44 3 1 0 0.6667 0.5867 0.5010
RAW 2 44 2 1 1 0.6979 0.5950 0.5379
RAW 3 44 2 1 1 0.6979 0.5950 0.5379
RAW 4 44 2 1 1 0.6979 0.5950 0.5379
RAW 5 44 3 1 0 0.5729 0.4867 0.4010
RAW 0 45 3 1 1 0.5625 0.4833 0.3976
RAW 1 45 1 1 1 0.5625 0.5350 0.5064
RAW 2 45 0 1 0 0.5312 0.4717 0.4717
RAW 3 45 0 1 0 0.5312 0.4717 0.4717
RAW 4 45 1 1 1 0.5625 0.5350 0.5064
RAW 5 45 1 1 1 0.5417 0.5150 0.4864
RAW 0 46 3 1 1 0.5312 0.4917 0.4060
RAW 1 46 2 1 1 0.7292 0.6250 0.5679
RAW 2 46 2 1 1 0.7292 0.6250 0.5679
RAW 3 46 3 1 0 0.7292 0.6300 0.5443
RAW 4 46 2 1 1 0.7292 0.6250 0.5679
RAW 5 46 2 1 0 0.5833 0.5433 0.4862
RAW 0 47 3 1 1 0.6979 0.6033 0.5176
RAW 1 47 0 1 0 0.5521 0.4917 0.4917
RAW 2 47 2 1 1 0.5521 0.4917 0.4345
RAW 3 47 2 1 1 0.6562 0.5833 0.5262
RAW 4 47 2 1 1 0.5521 0.4917 0.4345
RAW 5 47 0 1 0 0.5521 0.4917 0.4917
RAW 0 48 3 1 1 0.8125 0.7883 0.7026
RAW 1 48 3 1 1 0.8333 0.7817 0.6960
RAW 2 48 3 1 1 0.8333 0.7817 0.6960
RAW 3 48 3 1 1 0.8333 0.7817 0.6960
RAW 4 48 3 1 1 0.8333 0.7817 0.6960
RAW 5 48 3 1 0 0.5521 0.4500 0.3643
RAW 0 49 3 1 1 0.5312 0.5200 0.4343
RAW 1 49 2 1 1 0.5521 0.4967 0.4395
RAW 2 49 2 1 1 0.5521 0.4967 0.4395
RAW 3 49 2 1 1 0.5521 0.4967 0.4395
RAW 4 49 2 1 1 0.5521 0.4967 0.4395
RAW 5 49 2 1 0 0.5208 0.4850 0.4279
RAW 0 50 3 1 1 0.6458 0.5283 0.4426
RAW 1 50 3 1 1 0.7188 0.5483 0.4626
RAW 2 50 3 1 1 0.7188 0.5483 0.4626
RAW 3 50 2 1 1 0.5833 0.4867 0.4295
RAW 4 50 2 1 1 0.5833 0.4867 0.4295
RAW 5 50 3 1 0 0.5938 0.5250 0.4393
RAW 0 51 3 1 1 0.7812 0.7100 0.6243
RAW 1 51 7 1 0 0.8750 0.7667 0.5667
RAW 2 51 5 1 1 0.8333 0.7767 0.6338
RAW 3 51 3 1 1 0.7812 0.7100 0.6243
RAW 4 51 3 1 1 0.7812 0.7100 0.6243
RAW 5 51 7 1 0 0.7604 0.7567 0.5567
RAW 0 52 3 1 1 0.5104 0.4983 0.4126
RAW 1 52 2 1 1 0.5729 0.5333 0.4762
RAW 2 52 0 1 0 0.5104 0.4983 0.4983
RAW 3 52 0 1 0 0.5104 0.4983 0.4983
RAW 4 52 0 1 0 0.5104 0.4983 0.4983
RAW 5 52 2 1 0 0.5104 0.4983 0.4412
RAW 0 53 3 1 1 0.5208 0.4967 0.4110
RAW 1 53 2 1 0 0.5208 0.4967 0.4395
RAW 2 53 1 1 1 0.6042 0.5800 0.5514
RAW 3 53 2 1 1 0.5208 0.4967 0.4395
RAW 4 53 2 1 0 0.5208 0.4967 0.4395
RAW 5 53 2 1 0 0.5312 0.5117 0.4545
RAW 0 54 3 1 1 0.5417 0.6367 0.5510
RAW 1 54 3 1 1 0.6979 0.5650 0.4793
RAW 2 54 2 1 1 0.6458 0.6067 0.5495
RAW 3 54 3 1 1 0.5833 0.6033 0.5176
RAW 4 54 3 1 1 0.6979 0.5650 0.4793
RAW 5 54 3 1 0 0.6562 0.5133 0.4276
RAW 0 55 3 1 1 0.8438 0.7933 0.7076
RAW 1 55 3 1 1 0.8438 0.7933 0.7076
RAW 2 55 3 1 1 0.8438 0.7933 0.7076
RAW 3 55 3 1 1 0.8438 0.8017 0.7160
RAW 4 55 3 1 1 0.8438 0.7933 0.7076
RAW 5 55 3 1 0 0.5208 0.5067 0.4210
RAW 0 56 3 1 1 0.5625 0.5667 0.4810
RAW 1 56 0 1 0 0.5104 0.5217 0.5217
RAW 2 56 3 1 1 0.5625 0.5467 0.4610
RAW 3 56 3 1 0 0.5417 0.6117 0.5260
RAW 4 56 3 1 1 0.5625 0.5467 0.4610
RAW 5 56 0 1 0 0.5104 0.5217 0.5217
RAW 0 57 3 1 1 0.6042 0.5083 0.4226
RAW 1 57 0 1 0 0.6042 0.5083 0.5083
RAW 2 57 0 1 0 0.6042 0.5083 0.5083
RAW 3 57 0 1 0 0.6042 0.5083 0.5083
RAW 4 57 0 1 0 0.6042 0.5083 0.5083
RAW 5 57 0 1 0 0.6042 0.5083 0.5083
RAW 0 58 3 1 1 0.8542 0.7733 0.6876
RAW 1 58 4 1 0 0.8438 0.7817 0.6674
RAW 2 58 4 1 0 0.8438 0.7817 0.6674
RAW 3 58 3 1 1 0.8542 0.6600 0.5743
RAW 4 58 4 1 0 0.8438 0.7817 0.6674
RAW 5 58 4 1 0 0.6250 0.4967 0.3824
RAW 0 59 3 1 1 0.6562 0.4583 0.3726
RAW 1 59 1 1 1 0.6458 0.4667 0.4381
RAW 2 59 1 1 1 0.6250 0.5567 0.5281
RAW 3 59 0 1 0 0.6458 0.4667 0.4667
RAW 4 59 1 1 1 0.6250 0.5567 0.5281
RAW 5 59 1 1 1 0.6458 0.4667 0.4381
RAW 0 60 3 1 1 0.7292 0.6400 0.5543
RAW 1 60 2 1 1 0.7396 0.6150 0.5579
RAW 2 60 4 1 0 0.7292 0.5733 0.4590
RAW 3 60 2 1 1 0.6979 0.6817 0.6245
RAW 4 60 2 1 1 0.7396 0.6150 0.5579
RAW 5 60 2 1 0 0.5729 0.4733 0.4162
  producer                    taps  shared contig train acc   heldout  objective
  ideal conv (shared)          3.0    1.00   1.00     0.680     0.636     0.5502
  GA flip-only                 2.4    0.98   0.52     0.685     0.627     0.5593
  GA flip+slide                2.3    0.98   0.45     0.678     0.630     0.5635
  GA flip+rewire               2.2    0.97   0.45     0.672     0.620     0.5583
  GA flip+xover                2.1    0.97   0.57     0.685     0.636     0.5758
  GA-tap-matched random        2.4    1.00   0.17     0.582     0.516     0.4475

GATE (protocol item 9, before any operator work):
  PASS if 'ideal conv (shared)' has the highest objective -- the convolution is finally the
  optimum, and the search question becomes meaningful.
  The UNSHARED rows are the mechanism check: they should fit train and collapse on heldout.
  If they transfer too, the task does not demand sharing and this probe is not yet valid.
